

================================================================
== Vitis HLS Report for 'dense_resource_rf_gt_nin_rem0_ap_fixed_ap_fixed_16_6_5_3_0_config27_mult_s'
================================================================
* Date:           Tue Oct  6 15:38:12 2026

* Version:        2026.1 (Build 6493734 on Jun 16 2026)
* Project:        myproject_prj
* Solution:       solution1
* Product family: artix7
* Target device:  xc7a35t-ftg256-1


================================================================
== Performance Estimates
================================================================
+ Timing: 
    * Summary: 
    +--------+---------+-----------+------------+
    |  Clock |  Target | Estimated | Uncertainty|
    +--------+---------+-----------+------------+
    |ap_clk  |  5.00 ns|  10.198 ns|     1.35 ns|
    +--------+---------+-----------+------------+

+ Latency: 
    * Summary: 
    +---------+---------+----------+----------+-----+-----+------------------------------------+
    |  Latency (cycles) |  Latency (absolute) |  Interval |              Pipeline              |
    |   min   |   max   |    min   |    max   | min | max |                Type                |
    +---------+---------+----------+----------+-----+-----+------------------------------------+
    |       38|       39|  0.190 us|  0.195 us|   36|   36|  loop rewind stp (delay=0 cycle(s))|
    +---------+---------+----------+----------+-----+-----+------------------------------------+

    + Detail: 
        * Instance: 
        N/A

        * Loop: 
        +-------------+---------+---------+----------+-----------+-----------+------+----------+
        |             |  Latency (cycles) | Iteration|  Initiation Interval  | Trip |          |
        |  Loop Name  |   min   |   max   |  Latency |  achieved |   target  | Count| Pipelined|
        +-------------+---------+---------+----------+-----------+-----------+------+----------+
        |- ReuseLoop  |       38|       38|         4|          1|          1|    36|       yes|
        +-------------+---------+---------+----------+-----------+-----------+------+----------+

============================================================
+ Verbose Summary: Synthesis Manager
============================================================
InlineROM: 1
ExposeGlobal: 0
============================================================
+ Verbose Summary: CDFG Model
============================================================
IsTopModel: 0
ResetActiveHigh: 1
IsCombinational: 0
IsDatapathOnly: 0
HasWiredReturn: 1
HasMFsm: 2
HasVarLatency: 1
IsPipeline: 0
IsRtlPipelined: 0
IsInstanceOverlapped: 0
IsDontTouch: 0
HasImplIP: 0
IsGatedGlobalClock: 0

+ Individual pipeline summary: 
  * Pipeline-0: initiation interval (II) = 1, depth = 4


============================================================
+ Verbose Summary: Schedule
============================================================
* Number of FSM states : 5
* Pipeline : 1
  Pipeline-0 : II = 1, D = 4, States = { 2 3 4 5 }
* Dataflow Pipeline: 0

* FSM state transitions: 
1 --> 2 
2 --> 3 
3 --> 4 
4 --> 5 
5 --> 2 

* FSM state operations: 

State 1 <SV = 0> <Delay = 1.61>
ST_1 : Operation 6 [1/1] (1.61ns)   --->   "%br_ln135 = br void %rewind_header" [firmware/nnet_utils/nnet_dense_resource.h:135]   --->   Operation 6 'br' 'br_ln135' <Predicate = true> <Delay = 1.61>

State 2 <SV = 1> <Delay = 6.20>
ST_2 : Operation 7 [1/1] (0.00ns)   --->   "%do_init = phi i1 1, void %entry, i1 0, void %MultLoop.split.i_ifconv, i1 1, void %dense_resource_rf_gt_nin_rem0<ap_fixed<16, 6, 5, 3, 0>, ap_fixed<16, 6, 5, 3, 0>, config27_mult>.exit"   --->   Operation 7 'phi' 'do_init' <Predicate = true> <Delay = 0.00>
ST_2 : Operation 8 [1/1] (0.00ns)   --->   "%void_compute_output_buffer_2d_array_const_ap_shift_reg_n_chan_stream_weig_79 = phi i16 0, void %entry, i16 %void_compute_output_buffer_2d_array_const_ap_shift_reg_n_chan_stream_weig_61, void %MultLoop.split.i_ifconv, i16 0, void %dense_resource_rf_gt_nin_rem0<ap_fixed<16, 6, 5, 3, 0>, ap_fixed<16, 6, 5, 3, 0>, config27_mult>.exit"   --->   Operation 8 'phi' 'void_compute_output_buffer_2d_array_const_ap_shift_reg_n_chan_stream_weig_79' <Predicate = true> <Delay = 0.00>
ST_2 : Operation 9 [1/1] (0.00ns)   --->   "%void_compute_output_buffer_2d_array_const_ap_shift_reg_n_chan_stream_weig_80 = phi i16 0, void %entry, i16 %void_compute_output_buffer_2d_array_const_ap_shift_reg_n_chan_stream_weig_62, void %MultLoop.split.i_ifconv, i16 0, void %dense_resource_rf_gt_nin_rem0<ap_fixed<16, 6, 5, 3, 0>, ap_fixed<16, 6, 5, 3, 0>, config27_mult>.exit"   --->   Operation 9 'phi' 'void_compute_output_buffer_2d_array_const_ap_shift_reg_n_chan_stream_weig_80' <Predicate = true> <Delay = 0.00>
ST_2 : Operation 10 [1/1] (0.00ns)   --->   "%void_compute_output_buffer_2d_array_const_ap_shift_reg_n_chan_stream_weig_81 = phi i16 0, void %entry, i16 %void_compute_output_buffer_2d_array_const_ap_shift_reg_n_chan_stream_weig_63, void %MultLoop.split.i_ifconv, i16 0, void %dense_resource_rf_gt_nin_rem0<ap_fixed<16, 6, 5, 3, 0>, ap_fixed<16, 6, 5, 3, 0>, config27_mult>.exit"   --->   Operation 10 'phi' 'void_compute_output_buffer_2d_array_const_ap_shift_reg_n_chan_stream_weig_81' <Predicate = true> <Delay = 0.00>
ST_2 : Operation 11 [1/1] (0.00ns)   --->   "%void_compute_output_buffer_2d_array_const_ap_shift_reg_n_chan_stream_weig_82 = phi i16 0, void %entry, i16 %void_compute_output_buffer_2d_array_const_ap_shift_reg_n_chan_stream_weig_64, void %MultLoop.split.i_ifconv, i16 0, void %dense_resource_rf_gt_nin_rem0<ap_fixed<16, 6, 5, 3, 0>, ap_fixed<16, 6, 5, 3, 0>, config27_mult>.exit"   --->   Operation 11 'phi' 'void_compute_output_buffer_2d_array_const_ap_shift_reg_n_chan_stream_weig_82' <Predicate = true> <Delay = 0.00>
ST_2 : Operation 12 [1/1] (0.00ns)   --->   "%void_compute_output_buffer_2d_array_const_ap_shift_reg_n_chan_stream_weig_83 = phi i16 0, void %entry, i16 %void_compute_output_buffer_2d_array_const_ap_shift_reg_n_chan_stream_weig_65, void %MultLoop.split.i_ifconv, i16 0, void %dense_resource_rf_gt_nin_rem0<ap_fixed<16, 6, 5, 3, 0>, ap_fixed<16, 6, 5, 3, 0>, config27_mult>.exit"   --->   Operation 12 'phi' 'void_compute_output_buffer_2d_array_const_ap_shift_reg_n_chan_stream_weig_83' <Predicate = true> <Delay = 0.00>
ST_2 : Operation 13 [1/1] (0.00ns)   --->   "%void_compute_output_buffer_2d_array_const_ap_shift_reg_n_chan_stream_weig_84 = phi i16 0, void %entry, i16 %void_compute_output_buffer_2d_array_const_ap_shift_reg_n_chan_stream_weig_66, void %MultLoop.split.i_ifconv, i16 0, void %dense_resource_rf_gt_nin_rem0<ap_fixed<16, 6, 5, 3, 0>, ap_fixed<16, 6, 5, 3, 0>, config27_mult>.exit"   --->   Operation 13 'phi' 'void_compute_output_buffer_2d_array_const_ap_shift_reg_n_chan_stream_weig_84' <Predicate = true> <Delay = 0.00>
ST_2 : Operation 14 [1/1] (0.00ns)   --->   "%void_compute_output_buffer_2d_array_const_ap_shift_reg_n_chan_stream_weig_85 = phi i16 0, void %entry, i16 %void_compute_output_buffer_2d_array_const_ap_shift_reg_n_chan_stream_weig_67, void %MultLoop.split.i_ifconv, i16 0, void %dense_resource_rf_gt_nin_rem0<ap_fixed<16, 6, 5, 3, 0>, ap_fixed<16, 6, 5, 3, 0>, config27_mult>.exit"   --->   Operation 14 'phi' 'void_compute_output_buffer_2d_array_const_ap_shift_reg_n_chan_stream_weig_85' <Predicate = true> <Delay = 0.00>
ST_2 : Operation 15 [1/1] (0.00ns)   --->   "%void_compute_output_buffer_2d_array_const_ap_shift_reg_n_chan_stream_weig_86 = phi i16 0, void %entry, i16 %void_compute_output_buffer_2d_array_const_ap_shift_reg_n_chan_stream_weig_68, void %MultLoop.split.i_ifconv, i16 0, void %dense_resource_rf_gt_nin_rem0<ap_fixed<16, 6, 5, 3, 0>, ap_fixed<16, 6, 5, 3, 0>, config27_mult>.exit"   --->   Operation 15 'phi' 'void_compute_output_buffer_2d_array_const_ap_shift_reg_n_chan_stream_weig_86' <Predicate = true> <Delay = 0.00>
ST_2 : Operation 16 [1/1] (0.00ns)   --->   "%void_compute_output_buffer_2d_array_const_ap_shift_reg_n_chan_stream_weig_87 = phi i16 0, void %entry, i16 %void_compute_output_buffer_2d_array_const_ap_shift_reg_n_chan_stream_weig_69, void %MultLoop.split.i_ifconv, i16 0, void %dense_resource_rf_gt_nin_rem0<ap_fixed<16, 6, 5, 3, 0>, ap_fixed<16, 6, 5, 3, 0>, config27_mult>.exit"   --->   Operation 16 'phi' 'void_compute_output_buffer_2d_array_const_ap_shift_reg_n_chan_stream_weig_87' <Predicate = true> <Delay = 0.00>
ST_2 : Operation 17 [1/1] (0.00ns)   --->   "%in_index = phi i32 0, void %entry, i32 %in_index_6, void %MultLoop.split.i_ifconv, i32 0, void %dense_resource_rf_gt_nin_rem0<ap_fixed<16, 6, 5, 3, 0>, ap_fixed<16, 6, 5, 3, 0>, config27_mult>.exit"   --->   Operation 17 'phi' 'in_index' <Predicate = true> <Delay = 0.00>
ST_2 : Operation 18 [1/1] (0.00ns)   --->   "%ir = phi i6 0, void %entry, i6 %w_index, void %MultLoop.split.i_ifconv, i6 0, void %dense_resource_rf_gt_nin_rem0<ap_fixed<16, 6, 5, 3, 0>, ap_fixed<16, 6, 5, 3, 0>, config27_mult>.exit"   --->   Operation 18 'phi' 'ir' <Predicate = true> <Delay = 0.00>
ST_2 : Operation 19 [1/1] (1.61ns)   --->   "%br_ln0 = br i1 %do_init, void %MultLoop.split.i_ifconv, void %rewind_init"   --->   Operation 19 'br' 'br_ln0' <Predicate = true> <Delay = 1.61>
ST_2 : Operation 20 [1/1] (0.00ns)   --->   "%specmemcore_ln0 = specmemcore void @_ssdm_op_SpecMemCore, i12 %w27, i64 666, i64 38, i64 18446744073709551615, i1 0"   --->   Operation 20 'specmemcore' 'specmemcore_ln0' <Predicate = (do_init)> <Delay = 0.00>
ST_2 : Operation 21 [1/1] (0.00ns)   --->   "%void_compute_output_buffer_2d_array_const_ap_shift_reg_n_chan_stream_weig_70 = load i16 %void_compute_output_buffer_2d_array_const_ap_shift_reg_n_chan_stream_weig_18"   --->   Operation 21 'load' 'void_compute_output_buffer_2d_array_const_ap_shift_reg_n_chan_stream_weig_70' <Predicate = (do_init)> <Delay = 0.00>
ST_2 : Operation 22 [1/1] (0.00ns)   --->   "%void_compute_output_buffer_2d_array_const_ap_shift_reg_n_chan_stream_weig_71 = load i16 %void_compute_output_buffer_2d_array_const_ap_shift_reg_n_chan_stream_weig_17"   --->   Operation 22 'load' 'void_compute_output_buffer_2d_array_const_ap_shift_reg_n_chan_stream_weig_71' <Predicate = (do_init)> <Delay = 0.00>
ST_2 : Operation 23 [1/1] (0.00ns)   --->   "%void_compute_output_buffer_2d_array_const_ap_shift_reg_n_chan_stream_weig_72 = load i16 %void_compute_output_buffer_2d_array_const_ap_shift_reg_n_chan_stream_weig_16"   --->   Operation 23 'load' 'void_compute_output_buffer_2d_array_const_ap_shift_reg_n_chan_stream_weig_72' <Predicate = (do_init)> <Delay = 0.00>
ST_2 : Operation 24 [1/1] (0.00ns)   --->   "%void_compute_output_buffer_2d_array_const_ap_shift_reg_n_chan_stream_weig_73 = load i16 %void_compute_output_buffer_2d_array_const_ap_shift_reg_n_chan_stream_weig_15"   --->   Operation 24 'load' 'void_compute_output_buffer_2d_array_const_ap_shift_reg_n_chan_stream_weig_73' <Predicate = (do_init)> <Delay = 0.00>
ST_2 : Operation 25 [1/1] (0.00ns)   --->   "%void_compute_output_buffer_2d_array_const_ap_shift_reg_n_chan_stream_weig_74 = load i16 %void_compute_output_buffer_2d_array_const_ap_shift_reg_n_chan_stream_weig_14"   --->   Operation 25 'load' 'void_compute_output_buffer_2d_array_const_ap_shift_reg_n_chan_stream_weig_74' <Predicate = (do_init)> <Delay = 0.00>
ST_2 : Operation 26 [1/1] (0.00ns)   --->   "%void_compute_output_buffer_2d_array_const_ap_shift_reg_n_chan_stream_weig_75 = load i16 %void_compute_output_buffer_2d_array_const_ap_shift_reg_n_chan_stream_weig_13"   --->   Operation 26 'load' 'void_compute_output_buffer_2d_array_const_ap_shift_reg_n_chan_stream_weig_75' <Predicate = (do_init)> <Delay = 0.00>
ST_2 : Operation 27 [1/1] (0.00ns)   --->   "%void_compute_output_buffer_2d_array_const_ap_shift_reg_n_chan_stream_weig_76 = load i16 %void_compute_output_buffer_2d_array_const_ap_shift_reg_n_chan_stream_weig_12"   --->   Operation 27 'load' 'void_compute_output_buffer_2d_array_const_ap_shift_reg_n_chan_stream_weig_76' <Predicate = (do_init)> <Delay = 0.00>
ST_2 : Operation 28 [1/1] (0.00ns)   --->   "%void_compute_output_buffer_2d_array_const_ap_shift_reg_n_chan_stream_weig_77 = load i16 %void_compute_output_buffer_2d_array_const_ap_shift_reg_n_chan_stream_weig_11"   --->   Operation 28 'load' 'void_compute_output_buffer_2d_array_const_ap_shift_reg_n_chan_stream_weig_77' <Predicate = (do_init)> <Delay = 0.00>
ST_2 : Operation 29 [1/1] (0.00ns)   --->   "%void_compute_output_buffer_2d_array_const_ap_shift_reg_n_chan_stream_weig_78 = load i16 %void_compute_output_buffer_2d_array_const_ap_shift_reg_n_chan_stream_weig_10"   --->   Operation 29 'load' 'void_compute_output_buffer_2d_array_const_ap_shift_reg_n_chan_stream_weig_78' <Predicate = (do_init)> <Delay = 0.00>
ST_2 : Operation 30 [1/1] (1.61ns)   --->   "%br_ln135 = br void %MultLoop.split.i_ifconv" [firmware/nnet_utils/nnet_dense_resource.h:135]   --->   Operation 30 'br' 'br_ln135' <Predicate = (do_init)> <Delay = 1.61>
ST_2 : Operation 31 [1/1] (0.00ns)   --->   "%void_compute_output_buffer_2d_array_const_ap_shift_reg_n_chan_stream_weig_61 = phi i16 %void_compute_output_buffer_2d_array_const_ap_shift_reg_n_chan_stream_weig_78, void %rewind_init, i16 %void_compute_output_buffer_2d_array_const_ap_shift_reg_n_chan_stream_weig_79, void %rewind_header"   --->   Operation 31 'phi' 'void_compute_output_buffer_2d_array_const_ap_shift_reg_n_chan_stream_weig_61' <Predicate = true> <Delay = 0.00>
ST_2 : Operation 32 [1/1] (0.00ns)   --->   "%void_compute_output_buffer_2d_array_const_ap_shift_reg_n_chan_stream_weig_62 = phi i16 %void_compute_output_buffer_2d_array_const_ap_shift_reg_n_chan_stream_weig_77, void %rewind_init, i16 %void_compute_output_buffer_2d_array_const_ap_shift_reg_n_chan_stream_weig_80, void %rewind_header"   --->   Operation 32 'phi' 'void_compute_output_buffer_2d_array_const_ap_shift_reg_n_chan_stream_weig_62' <Predicate = true> <Delay = 0.00>
ST_2 : Operation 33 [1/1] (0.00ns)   --->   "%void_compute_output_buffer_2d_array_const_ap_shift_reg_n_chan_stream_weig_63 = phi i16 %void_compute_output_buffer_2d_array_const_ap_shift_reg_n_chan_stream_weig_76, void %rewind_init, i16 %void_compute_output_buffer_2d_array_const_ap_shift_reg_n_chan_stream_weig_81, void %rewind_header"   --->   Operation 33 'phi' 'void_compute_output_buffer_2d_array_const_ap_shift_reg_n_chan_stream_weig_63' <Predicate = true> <Delay = 0.00>
ST_2 : Operation 34 [1/1] (0.00ns)   --->   "%void_compute_output_buffer_2d_array_const_ap_shift_reg_n_chan_stream_weig_64 = phi i16 %void_compute_output_buffer_2d_array_const_ap_shift_reg_n_chan_stream_weig_75, void %rewind_init, i16 %void_compute_output_buffer_2d_array_const_ap_shift_reg_n_chan_stream_weig_82, void %rewind_header"   --->   Operation 34 'phi' 'void_compute_output_buffer_2d_array_const_ap_shift_reg_n_chan_stream_weig_64' <Predicate = true> <Delay = 0.00>
ST_2 : Operation 35 [1/1] (0.00ns)   --->   "%void_compute_output_buffer_2d_array_const_ap_shift_reg_n_chan_stream_weig_65 = phi i16 %void_compute_output_buffer_2d_array_const_ap_shift_reg_n_chan_stream_weig_74, void %rewind_init, i16 %void_compute_output_buffer_2d_array_const_ap_shift_reg_n_chan_stream_weig_83, void %rewind_header"   --->   Operation 35 'phi' 'void_compute_output_buffer_2d_array_const_ap_shift_reg_n_chan_stream_weig_65' <Predicate = true> <Delay = 0.00>
ST_2 : Operation 36 [1/1] (0.00ns)   --->   "%void_compute_output_buffer_2d_array_const_ap_shift_reg_n_chan_stream_weig_66 = phi i16 %void_compute_output_buffer_2d_array_const_ap_shift_reg_n_chan_stream_weig_73, void %rewind_init, i16 %void_compute_output_buffer_2d_array_const_ap_shift_reg_n_chan_stream_weig_84, void %rewind_header"   --->   Operation 36 'phi' 'void_compute_output_buffer_2d_array_const_ap_shift_reg_n_chan_stream_weig_66' <Predicate = true> <Delay = 0.00>
ST_2 : Operation 37 [1/1] (0.00ns)   --->   "%void_compute_output_buffer_2d_array_const_ap_shift_reg_n_chan_stream_weig_67 = phi i16 %void_compute_output_buffer_2d_array_const_ap_shift_reg_n_chan_stream_weig_72, void %rewind_init, i16 %void_compute_output_buffer_2d_array_const_ap_shift_reg_n_chan_stream_weig_85, void %rewind_header"   --->   Operation 37 'phi' 'void_compute_output_buffer_2d_array_const_ap_shift_reg_n_chan_stream_weig_67' <Predicate = true> <Delay = 0.00>
ST_2 : Operation 38 [1/1] (0.00ns)   --->   "%void_compute_output_buffer_2d_array_const_ap_shift_reg_n_chan_stream_weig_68 = phi i16 %void_compute_output_buffer_2d_array_const_ap_shift_reg_n_chan_stream_weig_71, void %rewind_init, i16 %void_compute_output_buffer_2d_array_const_ap_shift_reg_n_chan_stream_weig_86, void %rewind_header"   --->   Operation 38 'phi' 'void_compute_output_buffer_2d_array_const_ap_shift_reg_n_chan_stream_weig_68' <Predicate = true> <Delay = 0.00>
ST_2 : Operation 39 [1/1] (0.00ns)   --->   "%void_compute_output_buffer_2d_array_const_ap_shift_reg_n_chan_stream_weig_69 = phi i16 %void_compute_output_buffer_2d_array_const_ap_shift_reg_n_chan_stream_weig_70, void %rewind_init, i16 %void_compute_output_buffer_2d_array_const_ap_shift_reg_n_chan_stream_weig_87, void %rewind_header"   --->   Operation 39 'phi' 'void_compute_output_buffer_2d_array_const_ap_shift_reg_n_chan_stream_weig_69' <Predicate = true> <Delay = 0.00>
ST_2 : Operation 40 [1/1] (0.00ns)   --->   "%zext_ln135 = zext i6 %ir" [firmware/nnet_utils/nnet_dense_resource.h:135]   --->   Operation 40 'zext' 'zext_ln135' <Predicate = true> <Delay = 0.00>
ST_2 : Operation 41 [1/1] (0.00ns)   --->   "%trunc_ln135 = trunc i32 %in_index" [firmware/nnet_utils/nnet_dense_resource.h:135]   --->   Operation 41 'trunc' 'trunc_ln135' <Predicate = true> <Delay = 0.00>
ST_2 : Operation 42 [1/1] (0.00ns)   --->   "%outidx_addr = getelementptr i2 %outidx, i64 0, i64 %zext_ln135" [firmware/nnet_utils/nnet_dense_resource.h:139]   --->   Operation 42 'getelementptr' 'outidx_addr' <Predicate = true> <Delay = 0.00>
ST_2 : Operation 43 [2/2] (2.15ns)   --->   "%out_index = load i6 %outidx_addr" [firmware/nnet_utils/nnet_dense_resource.h:139]   --->   Operation 43 'load' 'out_index' <Predicate = true> <Delay = 2.15> <CoreInst = "ROM">   --->   Core 94 'ROM' <Latency = 1> <II = 1> <Delay = 2.15> <Storage> <Opcode : 'load'> <Ports = 0> <Width = 2> <Depth = 36> <ROM>
ST_2 : Operation 44 [1/1] (1.83ns)   --->   "%a = sparsemux i16 @_ssdm_op_SparseMux.ap_auto.9i16.i16.i4, i4 0, i16 %void_compute_output_buffer_2d_array_const_ap_shift_reg_n_chan_stream_weig_69, i4 1, i16 %void_compute_output_buffer_2d_array_const_ap_shift_reg_n_chan_stream_weig_68, i4 2, i16 %void_compute_output_buffer_2d_array_const_ap_shift_reg_n_chan_stream_weig_67, i4 3, i16 %void_compute_output_buffer_2d_array_const_ap_shift_reg_n_chan_stream_weig_66, i4 4, i16 %void_compute_output_buffer_2d_array_const_ap_shift_reg_n_chan_stream_weig_65, i4 5, i16 %void_compute_output_buffer_2d_array_const_ap_shift_reg_n_chan_stream_weig_64, i4 6, i16 %void_compute_output_buffer_2d_array_const_ap_shift_reg_n_chan_stream_weig_63, i4 7, i16 %void_compute_output_buffer_2d_array_const_ap_shift_reg_n_chan_stream_weig_62, i4 8, i16 %void_compute_output_buffer_2d_array_const_ap_shift_reg_n_chan_stream_weig_61, i16 0, i4 %trunc_ln135" [firmware/nnet_utils/nnet_dense_resource.h:135]   --->   Operation 44 'sparsemux' 'a' <Predicate = true> <Delay = 1.83> <CoreInst = "BinarySparseMux_DontCare">   --->   Core 137 'BinarySparseMux_DontCare' <Latency = 0> <II = 1> <Delay = 1.83> <FuncUnit> <Opcode : 'sparsemux'> <InPorts = 2> <OutPorts = 1>
ST_2 : Operation 45 [1/1] (0.00ns)   --->   "%w27_addr = getelementptr i12 %w27, i64 0, i64 %zext_ln135" [firmware/nnet_utils/nnet_dense_resource.h:145]   --->   Operation 45 'getelementptr' 'w27_addr' <Predicate = true> <Delay = 0.00>
ST_2 : Operation 46 [2/2] (3.25ns)   --->   "%w = load i6 %w27_addr" [firmware/nnet_utils/nnet_dense_resource.h:145]   --->   Operation 46 'load' 'w' <Predicate = true> <Delay = 3.25> <CoreInst = "ROM_nP_BRAM">   --->   Core 102 'ROM_nP_BRAM' <Latency = 1> <II = 1> <Delay = 3.25> <Storage> <Opcode : 'load'> <Ports = 0> <Width = 12> <Depth = 36> <ROM>
ST_2 : Operation 47 [1/1] (2.70ns)   --->   "%in_index_5 = add i32 %in_index, i32 1" [firmware/nnet_utils/nnet_dense_resource.h:153]   --->   Operation 47 'add' 'in_index_5' <Predicate = true> <Delay = 2.70> <CoreInst = "Adder">   --->   Core 1 'Adder' <Latency = 0> <II = 1> <Delay = 2.70> <FuncUnit> <Opcode : 'add' 'sub'> <InPorts = 2> <OutPorts = 1>
ST_2 : Operation 48 [1/1] (2.70ns)   --->   "%icmp_ln154 = icmp_sgt  i32 %in_index_5, i32 8" [firmware/nnet_utils/nnet_dense_resource.h:154]   --->   Operation 48 'icmp' 'icmp_ln154' <Predicate = true> <Delay = 2.70> <CoreInst = "Cmp">   --->   Core 9 'Cmp' <Latency = 0> <II = 1> <Delay = 2.70> <FuncUnit> <Opcode : 'seteq' 'setne' 'setle' 'setge' 'setlt' 'setgt'> <InPorts = 2> <OutPorts = 1>
ST_2 : Operation 49 [1/1] (0.79ns)   --->   "%in_index_6 = select i1 %icmp_ln154, i32 0, i32 %in_index_5" [firmware/nnet_utils/nnet_dense_resource.h:154]   --->   Operation 49 'select' 'in_index_6' <Predicate = true> <Delay = 0.79> <CoreInst = "Sel">   --->   Core 73 'Sel' <Latency = 0> <II = 1> <Delay = 0.79> <FuncUnit> <Opcode : 'select'> <InPorts = 3> <OutPorts = 1>
ST_2 : Operation 50 [1/1] (1.94ns)   --->   "%w_index = add i6 %ir, i6 1" [firmware/nnet_utils/nnet_dense_resource.h:135]   --->   Operation 50 'add' 'w_index' <Predicate = true> <Delay = 1.94> <CoreInst = "Adder">   --->   Core 1 'Adder' <Latency = 0> <II = 1> <Delay = 1.94> <FuncUnit> <Opcode : 'add' 'sub'> <InPorts = 2> <OutPorts = 1>
ST_2 : Operation 51 [1/1] (1.94ns)   --->   "%icmp_ln135 = icmp_eq  i6 %ir, i6 35" [firmware/nnet_utils/nnet_dense_resource.h:135]   --->   Operation 51 'icmp' 'icmp_ln135' <Predicate = true> <Delay = 1.94> <CoreInst = "Cmp">   --->   Core 9 'Cmp' <Latency = 0> <II = 1> <Delay = 1.94> <FuncUnit> <Opcode : 'seteq' 'setne' 'setle' 'setge' 'setlt' 'setgt'> <InPorts = 2> <OutPorts = 1>
ST_2 : Operation 52 [1/1] (0.00ns)   --->   "%br_ln135 = br i1 %icmp_ln135, void %rewind_header, void %dense_resource_rf_gt_nin_rem0<ap_fixed<16, 6, 5, 3, 0>, ap_fixed<16, 6, 5, 3, 0>, config27_mult>.exit" [firmware/nnet_utils/nnet_dense_resource.h:135]   --->   Operation 52 'br' 'br_ln135' <Predicate = true> <Delay = 0.00>
ST_2 : Operation 53 [1/1] (0.00ns)   --->   "%br_ln0 = br void %rewind_header"   --->   Operation 53 'br' 'br_ln0' <Predicate = (icmp_ln135)> <Delay = 0.00>

State 3 <SV = 2> <Delay = 6.60>
ST_3 : Operation 54 [1/2] ( I:2.15ns O:2.15ns )   --->   "%out_index = load i6 %outidx_addr" [firmware/nnet_utils/nnet_dense_resource.h:139]   --->   Operation 54 'load' 'out_index' <Predicate = true> <Delay = 2.15> <CoreInst = "ROM">   --->   Core 94 'ROM' <Latency = 1> <II = 1> <Delay = 2.15> <Storage> <Opcode : 'load'> <Ports = 0> <Width = 2> <Depth = 36> <ROM>
ST_3 : Operation 55 [1/1] (0.00ns)   --->   "%sext_ln144 = sext i16 %a" [firmware/nnet_utils/nnet_dense_resource.h:144]   --->   Operation 55 'sext' 'sext_ln144' <Predicate = true> <Delay = 0.00>
ST_3 : Operation 56 [1/2] ( I:3.25ns O:3.25ns )   --->   "%w = load i6 %w27_addr" [firmware/nnet_utils/nnet_dense_resource.h:145]   --->   Operation 56 'load' 'w' <Predicate = true> <Delay = 3.25> <CoreInst = "ROM_nP_BRAM">   --->   Core 102 'ROM_nP_BRAM' <Latency = 1> <II = 1> <Delay = 3.25> <Storage> <Opcode : 'load'> <Ports = 0> <Width = 12> <Depth = 36> <ROM>
ST_3 : Operation 57 [1/1] (0.00ns)   --->   "%sext_ln144_4 = sext i12 %w" [firmware/nnet_utils/nnet_dense_resource.h:144]   --->   Operation 57 'sext' 'sext_ln144_4' <Predicate = true> <Delay = 0.00>
ST_3 : Operation 58 [2/2] (3.35ns)   --->   "%mul_ln144 = mul i26 %sext_ln144, i26 %sext_ln144_4" [firmware/nnet_utils/nnet_dense_resource.h:144]   --->   Operation 58 'mul' 'mul_ln144' <Predicate = true> <Delay = 3.35> <CoreInst = "Multiplier">   --->   Core 3 'Multiplier' <Latency = 1> <II = 1> <Delay = 3.35> <FuncUnit> <Opcode : 'mul'> <InPorts = 2> <OutPorts = 1>

State 4 <SV = 3> <Delay = 6.79>
ST_4 : Operation 59 [1/1] (0.00ns)   --->   "%acc15 = phi i16 65458, void %entry, i16 %acc_20, void %MultLoop.split.i_ifconv, i16 65458, void %dense_resource_rf_gt_nin_rem0<ap_fixed<16, 6, 5, 3, 0>, ap_fixed<16, 6, 5, 3, 0>, config27_mult>.exit"   --->   Operation 59 'phi' 'acc15' <Predicate = true> <Delay = 0.00>
ST_4 : Operation 60 [1/1] (0.00ns)   --->   "%acc_19 = phi i16 57, void %entry, i16 %acc_25, void %MultLoop.split.i_ifconv, i16 57, void %dense_resource_rf_gt_nin_rem0<ap_fixed<16, 6, 5, 3, 0>, ap_fixed<16, 6, 5, 3, 0>, config27_mult>.exit"   --->   Operation 60 'phi' 'acc_19' <Predicate = true> <Delay = 0.00>
ST_4 : Operation 61 [1/1] (0.00ns)   --->   "%acc_18 = phi i16 186, void %entry, i16 %acc_24, void %MultLoop.split.i_ifconv, i16 186, void %dense_resource_rf_gt_nin_rem0<ap_fixed<16, 6, 5, 3, 0>, ap_fixed<16, 6, 5, 3, 0>, config27_mult>.exit"   --->   Operation 61 'phi' 'acc_18' <Predicate = true> <Delay = 0.00>
ST_4 : Operation 62 [1/1] (0.00ns)   --->   "%acc = phi i16 153, void %entry, i16 %acc_23, void %MultLoop.split.i_ifconv, i16 153, void %dense_resource_rf_gt_nin_rem0<ap_fixed<16, 6, 5, 3, 0>, ap_fixed<16, 6, 5, 3, 0>, config27_mult>.exit"   --->   Operation 62 'phi' 'acc' <Predicate = true> <Delay = 0.00>
ST_4 : Operation 63 [1/2] (3.35ns)   --->   "%mul_ln144 = mul i26 %sext_ln144, i26 %sext_ln144_4" [firmware/nnet_utils/nnet_dense_resource.h:144]   --->   Operation 63 'mul' 'mul_ln144' <Predicate = true> <Delay = 3.35> <CoreInst = "Multiplier">   --->   Core 3 'Multiplier' <Latency = 1> <II = 1> <Delay = 3.35> <FuncUnit> <Opcode : 'mul'> <InPorts = 2> <OutPorts = 1>
ST_4 : Operation 64 [1/1] (0.00ns)   --->   "%trunc_ln5 = partselect i16 @_ssdm_op_PartSelect.i16.i26.i32.i32, i26 %mul_ln144, i32 10, i32 25" [firmware/nnet_utils/nnet_dense_resource.h:144]   --->   Operation 64 'partselect' 'trunc_ln5' <Predicate = true> <Delay = 0.00>
ST_4 : Operation 65 [1/1] (1.67ns)   --->   "%tmp_i = sparsemux i16 @_ssdm_op_SparseMux.ap_auto.4i16.i16.i2, i2 0, i16 %acc15, i2 1, i16 %acc_19, i2 2, i16 %acc_18, i2 3, i16 %acc, i16 0, i2 %out_index" [firmware/nnet_utils/nnet_dense_resource.h:144]   --->   Operation 65 'sparsemux' 'tmp_i' <Predicate = true> <Delay = 1.67> <CoreInst = "BinarySparseMux_DontCare">   --->   Core 137 'BinarySparseMux_DontCare' <Latency = 0> <II = 1> <Delay = 1.67> <FuncUnit> <Opcode : 'sparsemux'> <InPorts = 2> <OutPorts = 1>
ST_4 : Operation 66 [1/1] (0.00ns)   --->   "%sext_ln144_5 = sext i16 %tmp_i" [firmware/nnet_utils/nnet_dense_resource.h:144]   --->   Operation 66 'sext' 'sext_ln144_5' <Predicate = true> <Delay = 0.00>
ST_4 : Operation 67 [1/1] (0.00ns)   --->   "%sext_ln144_6 = sext i16 %trunc_ln5" [firmware/nnet_utils/nnet_dense_resource.h:144]   --->   Operation 67 'sext' 'sext_ln144_6' <Predicate = true> <Delay = 0.00>
ST_4 : Operation 68 [1/1] (2.14ns)   --->   "%acc_26 = add i16 %trunc_ln5, i16 %tmp_i" [firmware/nnet_utils/nnet_dense_resource.h:144]   --->   Operation 68 'add' 'acc_26' <Predicate = true> <Delay = 2.14> <CoreInst = "Adder">   --->   Core 1 'Adder' <Latency = 0> <II = 1> <Delay = 2.14> <FuncUnit> <Opcode : 'add' 'sub'> <InPorts = 2> <OutPorts = 1>
ST_4 : Operation 69 [1/1] (2.14ns)   --->   "%sub_ln144 = sub i17 0, i17 %sext_ln144_5" [firmware/nnet_utils/nnet_dense_resource.h:144]   --->   Operation 69 'sub' 'sub_ln144' <Predicate = true> <Delay = 2.14> <CoreInst = "Adder">   --->   Core 1 'Adder' <Latency = 0> <II = 1> <Delay = 2.14> <FuncUnit> <Opcode : 'add' 'sub'> <InPorts = 2> <OutPorts = 1>
ST_4 : Operation 70 [1/1] (1.58ns)   --->   "%icmp_ln144 = icmp_eq  i2 %out_index, i2 0" [firmware/nnet_utils/nnet_dense_resource.h:144]   --->   Operation 70 'icmp' 'icmp_ln144' <Predicate = true> <Delay = 1.58> <CoreInst = "Cmp">   --->   Core 9 'Cmp' <Latency = 0> <II = 1> <Delay = 1.58> <FuncUnit> <Opcode : 'seteq' 'setne' 'setle' 'setge' 'setlt' 'setgt'> <InPorts = 2> <OutPorts = 1>
ST_4 : Operation 71 [1/1] (1.58ns)   --->   "%icmp_ln144_8 = icmp_eq  i2 %out_index, i2 1" [firmware/nnet_utils/nnet_dense_resource.h:144]   --->   Operation 71 'icmp' 'icmp_ln144_8' <Predicate = true> <Delay = 1.58> <CoreInst = "Cmp">   --->   Core 9 'Cmp' <Latency = 0> <II = 1> <Delay = 1.58> <FuncUnit> <Opcode : 'seteq' 'setne' 'setle' 'setge' 'setlt' 'setgt'> <InPorts = 2> <OutPorts = 1>
ST_4 : Operation 72 [1/1] (1.58ns)   --->   "%icmp_ln144_9 = icmp_eq  i2 %out_index, i2 2" [firmware/nnet_utils/nnet_dense_resource.h:144]   --->   Operation 72 'icmp' 'icmp_ln144_9' <Predicate = true> <Delay = 1.58> <CoreInst = "Cmp">   --->   Core 9 'Cmp' <Latency = 0> <II = 1> <Delay = 1.58> <FuncUnit> <Opcode : 'seteq' 'setne' 'setle' 'setge' 'setlt' 'setgt'> <InPorts = 2> <OutPorts = 1>
ST_4 : Operation 73 [1/1] (2.18ns)   --->   "%icmp_ln144_10 = icmp_ne  i17 %sext_ln144_6, i17 %sub_ln144" [firmware/nnet_utils/nnet_dense_resource.h:144]   --->   Operation 73 'icmp' 'icmp_ln144_10' <Predicate = true> <Delay = 2.18> <CoreInst = "Cmp">   --->   Core 9 'Cmp' <Latency = 0> <II = 1> <Delay = 2.18> <FuncUnit> <Opcode : 'seteq' 'setne' 'setle' 'setge' 'setlt' 'setgt'> <InPorts = 2> <OutPorts = 1>
ST_4 : Operation 74 [1/1] (0.97ns)   --->   "%or_ln144_9 = or i1 %icmp_ln144_8, i1 %icmp_ln144_9" [firmware/nnet_utils/nnet_dense_resource.h:144]   --->   Operation 74 'or' 'or_ln144_9' <Predicate = true> <Delay = 0.97> <CoreInst = "LogicGate">   --->   Core 74 'LogicGate' <Latency = 0> <II = 1> <Delay = 0.97> <FuncUnit> <Opcode : 'and' 'or' 'xor'> <InPorts = 2> <OutPorts = 1>
ST_4 : Operation 75 [1/1] (1.29ns)   --->   "%acc_24 = select i1 %icmp_ln144_9, i16 %acc_26, i16 %acc_18" [firmware/nnet_utils/nnet_dense_resource.h:144]   --->   Operation 75 'select' 'acc_24' <Predicate = true> <Delay = 1.29> <CoreInst = "Sel">   --->   Core 73 'Sel' <Latency = 0> <II = 1> <Delay = 1.29> <FuncUnit> <Opcode : 'select'> <InPorts = 3> <OutPorts = 1>
ST_4 : Operation 76 [1/1] (1.29ns)   --->   "%acc_25 = select i1 %icmp_ln144_8, i16 %acc_26, i16 %acc_19" [firmware/nnet_utils/nnet_dense_resource.h:144]   --->   Operation 76 'select' 'acc_25' <Predicate = true> <Delay = 1.29> <CoreInst = "Sel">   --->   Core 73 'Sel' <Latency = 0> <II = 1> <Delay = 1.29> <FuncUnit> <Opcode : 'select'> <InPorts = 3> <OutPorts = 1>
ST_4 : Operation 77 [1/1] (1.29ns)   --->   "%acc_20 = select i1 %icmp_ln144, i16 %acc_26, i16 %acc15" [firmware/nnet_utils/nnet_dense_resource.h:144]   --->   Operation 77 'select' 'acc_20' <Predicate = true> <Delay = 1.29> <CoreInst = "Sel">   --->   Core 73 'Sel' <Latency = 0> <II = 1> <Delay = 1.29> <FuncUnit> <Opcode : 'select'> <InPorts = 3> <OutPorts = 1>

State 5 <SV = 4> <Delay = 10.1>
ST_5 : Operation 78 [1/1] (0.00ns)   --->   "%specpipeline_ln136 = specpipeline void @_ssdm_op_SpecPipeline, i32 1, i32 0, i32 0, i32 1, i32 4294967295, void @empty_7" [firmware/nnet_utils/nnet_dense_resource.h:136]   --->   Operation 78 'specpipeline' 'specpipeline_ln136' <Predicate = true> <Delay = 0.00>
ST_5 : Operation 79 [1/1] (0.00ns)   --->   "%speclooptripcount_ln110 = speclooptripcount void @_ssdm_op_SpecLoopTripCount, i64 36, i64 36, i64 36" [firmware/nnet_utils/nnet_dense_resource.h:110]   --->   Operation 79 'speclooptripcount' 'speclooptripcount_ln110' <Predicate = true> <Delay = 0.00>
ST_5 : Operation 80 [1/1] (0.00ns)   --->   "%specloopname_ln135 = specloopname void @_ssdm_op_SpecLoopName, void @empty_5" [firmware/nnet_utils/nnet_dense_resource.h:135]   --->   Operation 80 'specloopname' 'specloopname_ln135' <Predicate = true> <Delay = 0.00>
ST_5 : Operation 81 [1/1] (0.00ns) (grouped into LUT with out node acc_21)   --->   "%or_ln144 = or i1 %icmp_ln144, i1 %icmp_ln144_10" [firmware/nnet_utils/nnet_dense_resource.h:144]   --->   Operation 81 'or' 'or_ln144' <Predicate = true> <Delay = 0.00> <CoreInst = "LogicGate">   --->   Core 74 'LogicGate' <Latency = 0> <II = 1> <Delay = 0.97> <FuncUnit> <Opcode : 'and' 'or' 'xor'> <InPorts = 2> <OutPorts = 1>
ST_5 : Operation 82 [1/1] (0.00ns) (grouped into LUT with out node acc_21)   --->   "%or_ln144_10 = or i1 %or_ln144_9, i1 %or_ln144" [firmware/nnet_utils/nnet_dense_resource.h:144]   --->   Operation 82 'or' 'or_ln144_10' <Predicate = true> <Delay = 0.00> <CoreInst = "LogicGate">   --->   Core 74 'LogicGate' <Latency = 0> <II = 1> <Delay = 0.97> <FuncUnit> <Opcode : 'and' 'or' 'xor'> <InPorts = 2> <OutPorts = 1>
ST_5 : Operation 83 [1/1] (1.29ns) (out node of the LUT)   --->   "%acc_21 = select i1 %or_ln144_10, i16 %acc, i16 0" [firmware/nnet_utils/nnet_dense_resource.h:144]   --->   Operation 83 'select' 'acc_21' <Predicate = true> <Delay = 1.29> <CoreInst = "Sel">   --->   Core 73 'Sel' <Latency = 0> <II = 1> <Delay = 1.29> <FuncUnit> <Opcode : 'select'> <InPorts = 3> <OutPorts = 1>
ST_5 : Operation 84 [1/1] (0.00ns) (grouped into LUT with out node acc_23)   --->   "%or_ln144_11 = or i1 %or_ln144_9, i1 %icmp_ln144" [firmware/nnet_utils/nnet_dense_resource.h:144]   --->   Operation 84 'or' 'or_ln144_11' <Predicate = true> <Delay = 0.00> <CoreInst = "LogicGate">   --->   Core 74 'LogicGate' <Latency = 0> <II = 1> <Delay = 0.97> <FuncUnit> <Opcode : 'and' 'or' 'xor'> <InPorts = 2> <OutPorts = 1>
ST_5 : Operation 85 [1/1] (1.29ns) (out node of the LUT)   --->   "%acc_23 = select i1 %or_ln144_11, i16 %acc_21, i16 %acc_26" [firmware/nnet_utils/nnet_dense_resource.h:144]   --->   Operation 85 'select' 'acc_23' <Predicate = true> <Delay = 1.29> <CoreInst = "Sel">   --->   Core 73 'Sel' <Latency = 0> <II = 1> <Delay = 1.29> <FuncUnit> <Opcode : 'select'> <InPorts = 3> <OutPorts = 1>
ST_5 : Operation 86 [1/1] (0.00ns)   --->   "%mrv_i = insertvalue i64 <undef>, i16 %acc_20" [firmware/nnet_utils/nnet_dense_resource.h:166]   --->   Operation 86 'insertvalue' 'mrv_i' <Predicate = (icmp_ln135)> <Delay = 0.00>
ST_5 : Operation 87 [1/1] (0.00ns)   --->   "%mrv_1_i = insertvalue i64 %mrv_i, i16 %acc_25" [firmware/nnet_utils/nnet_dense_resource.h:166]   --->   Operation 87 'insertvalue' 'mrv_1_i' <Predicate = (icmp_ln135)> <Delay = 0.00>
ST_5 : Operation 88 [1/1] (0.00ns)   --->   "%mrv_2_i = insertvalue i64 %mrv_1_i, i16 %acc_24" [firmware/nnet_utils/nnet_dense_resource.h:166]   --->   Operation 88 'insertvalue' 'mrv_2_i' <Predicate = (icmp_ln135)> <Delay = 0.00>
ST_5 : Operation 89 [1/1] (0.00ns)   --->   "%mrv_3_i = insertvalue i64 %mrv_2_i, i16 %acc_23" [firmware/nnet_utils/nnet_dense_resource.h:166]   --->   Operation 89 'insertvalue' 'mrv_3_i' <Predicate = (icmp_ln135)> <Delay = 0.00>
ST_5 : Operation 90 [1/1] (0.00ns)   --->   "%return_ln166 = return void @_ssdm_op_Return, i64 %mrv_3_i" [firmware/nnet_utils/nnet_dense_resource.h:166]   --->   Operation 90 'return' 'return_ln166' <Predicate = (icmp_ln135)> <Delay = 0.00>


============================================================
+ Verbose Summary: Timing violations
============================================================
Target clock period: 5.000ns, clock uncertainty: 1.350ns.

 <State 1>: 1.610ns
The critical path consists of the following:
	multiplexor before 'phi' operation 1 bit ('do_init') [14]  (1.610 ns)
	'br' operation ('br_ln135', firmware/nnet_utils/nnet_dense_resource.h:135) [12]  (1.610 ns)

 <State 2>: 6.200ns
The critical path consists of the following:
	'phi' operation 32 bit ('in_index') with incoming values : ('in_index_6', firmware/nnet_utils/nnet_dense_resource.h:154) [24]  (0.000 ns)
	'add' operation 32 bit ('in_index', firmware/nnet_utils/nnet_dense_resource.h:153) [85]  (2.702 ns)
	'icmp' operation 1 bit ('icmp_ln154', firmware/nnet_utils/nnet_dense_resource.h:154) [86]  (2.702 ns)
	'select' operation 32 bit ('in_index_6', firmware/nnet_utils/nnet_dense_resource.h:154) [87]  (0.796 ns)

 <State 3>: 6.609ns
The critical path consists of the following:
	'load' operation 12 bit ('w', firmware/nnet_utils/nnet_dense_resource.h:145) on array 'w27' [63]  (3.257 ns)
	'mul' operation 26 bit ('mul_ln144', firmware/nnet_utils/nnet_dense_resource.h:144) [65]  (3.352 ns)

 <State 4>: 6.791ns
The critical path consists of the following:
	'mul' operation 26 bit ('mul_ln144', firmware/nnet_utils/nnet_dense_resource.h:144) [65]  (3.352 ns)
	'add' operation 16 bit ('acc', firmware/nnet_utils/nnet_dense_resource.h:144) [70]  (2.146 ns)
	'select' operation 16 bit ('acc', firmware/nnet_utils/nnet_dense_resource.h:144) [82]  (1.293 ns)

 <State 5>: 10.198ns
The critical path consists of the following:
	'or' operation 1 bit ('or_ln144', firmware/nnet_utils/nnet_dense_resource.h:144) [76]  (0.000 ns)
	'or' operation 1 bit ('or_ln144_10', firmware/nnet_utils/nnet_dense_resource.h:144) [78]  (0.000 ns)
	'select' operation 16 bit ('acc', firmware/nnet_utils/nnet_dense_resource.h:144) [79]  (1.293 ns)
	'select' operation 16 bit ('acc', firmware/nnet_utils/nnet_dense_resource.h:144) [81]  (1.293 ns)
	multiplexor before 'phi' operation 16 bit ('acc') with incoming values : ('acc', firmware/nnet_utils/nnet_dense_resource.h:144) [29]  (1.610 ns)
	'phi' operation 16 bit ('acc') with incoming values : ('acc', firmware/nnet_utils/nnet_dense_resource.h:144) [29]  (0.000 ns)
	'sparsemux' operation 16 bit ('tmp_i', firmware/nnet_utils/nnet_dense_resource.h:144) [67]  (1.675 ns)
	'sub' operation 17 bit ('sub_ln144', firmware/nnet_utils/nnet_dense_resource.h:144) [71]  (2.146 ns)
	'icmp' operation 1 bit ('icmp_ln144_10', firmware/nnet_utils/nnet_dense_resource.h:144) [75]  (2.181 ns)


============================================================
+ Verbose Summary: Binding
============================================================
N/A
* FSMD analyzer results:
  - Output states:
 - Input state : 
  - Chain level:
	State 1
	State 2
	State 3
	State 4
	State 5


============================================================
+ Verbose Summary: Datapath Resource usage 
============================================================
N/A
