

================================================================
== Vitis HLS Report for 'dense_array_ap_fixed_8u_array_ap_fixed_16_6_5_3_0_24u_config25_s'
================================================================
* Date:           Tue Oct  6 15:38:24 2026

* Version:        2026.1 (Build 6493734 on Jun 16 2026)
* Project:        myproject_prj
* Solution:       solution1
* Product family: artix7
* Target device:  xc7a35t-ftg256-1


================================================================
== Performance Estimates
================================================================
+ Timing: 
    * Summary: 
    +--------+---------+-----------+------------+
    |  Clock |  Target | Estimated | Uncertainty|
    +--------+---------+-----------+------------+
    |ap_clk  |  5.00 ns|  12.439 ns|     1.35 ns|
    +--------+---------+-----------+------------+

+ Latency: 
    * Summary: 
    +---------+---------+-----------+-----------+------+------+---------+
    |  Latency (cycles) |   Latency (absolute)  |   Interval  | Pipeline|
    |   min   |   max   |    min    |    max    |  min |  max |   Type  |
    +---------+---------+-----------+-----------+------+------+---------+
    |     4833|     4834|  24.165 us|  24.170 us|  4833|  4834|       no|
    +---------+---------+-----------+-----------+------+------+---------+

    + Detail: 
        * Instance: 
        N/A

        * Loop: 
        N/A

============================================================
+ Verbose Summary: Synthesis Manager
============================================================
InlineROM: 1
ExposeGlobal: 0
============================================================
+ Verbose Summary: CDFG Model
============================================================
IsTopModel: 0
ResetActiveHigh: 1
IsCombinational: 2
IsDatapathOnly: 0
HasWiredReturn: 1
HasMFsm: 0
HasVarLatency: 1
IsPipeline: 0
IsRtlPipelined: 0
IsInstanceOverlapped: 0
IsDontTouch: 0
HasImplIP: 0
IsGatedGlobalClock: 0


============================================================
+ Verbose Summary: Schedule
============================================================
* Number of FSM states : 5
* Pipeline : 0
* Dataflow Pipeline: 0

* FSM state transitions: 
1 --> 2 
2 --> 3 
3 --> 4 
4 --> 5 
5 --> 

* FSM state operations: 

State 1 <SV = 0> <Delay = 0.00>
ST_1 : Operation 6 [1/1] (0.00ns)   --->   "%data_loc = alloca i64 1"   --->   Operation 6 'alloca' 'data_loc' <Predicate = true> <Delay = 0.00>
ST_1 : Operation 7 [1/1] (0.00ns)   --->   "%data_1_loc = alloca i64 1"   --->   Operation 7 'alloca' 'data_1_loc' <Predicate = true> <Delay = 0.00>
ST_1 : Operation 8 [1/1] (0.00ns)   --->   "%data_2_loc = alloca i64 1"   --->   Operation 8 'alloca' 'data_2_loc' <Predicate = true> <Delay = 0.00>
ST_1 : Operation 9 [1/1] (0.00ns)   --->   "%data_3_loc = alloca i64 1"   --->   Operation 9 'alloca' 'data_3_loc' <Predicate = true> <Delay = 0.00>
ST_1 : Operation 10 [1/1] (0.00ns)   --->   "%data_4_loc = alloca i64 1"   --->   Operation 10 'alloca' 'data_4_loc' <Predicate = true> <Delay = 0.00>
ST_1 : Operation 11 [1/1] (0.00ns)   --->   "%data_5_loc = alloca i64 1"   --->   Operation 11 'alloca' 'data_5_loc' <Predicate = true> <Delay = 0.00>
ST_1 : Operation 12 [1/1] (0.00ns)   --->   "%data_6_loc = alloca i64 1"   --->   Operation 12 'alloca' 'data_6_loc' <Predicate = true> <Delay = 0.00>
ST_1 : Operation 13 [1/1] (0.00ns)   --->   "%data_7_loc = alloca i64 1"   --->   Operation 13 'alloca' 'data_7_loc' <Predicate = true> <Delay = 0.00>
ST_1 : Operation 14 [1/1] (0.00ns)   --->   "%data_8_loc = alloca i64 1"   --->   Operation 14 'alloca' 'data_8_loc' <Predicate = true> <Delay = 0.00>
ST_1 : Operation 15 [1/1] (0.00ns)   --->   "%data_9_loc = alloca i64 1"   --->   Operation 15 'alloca' 'data_9_loc' <Predicate = true> <Delay = 0.00>
ST_1 : Operation 16 [1/1] (0.00ns)   --->   "%data_10_loc = alloca i64 1"   --->   Operation 16 'alloca' 'data_10_loc' <Predicate = true> <Delay = 0.00>
ST_1 : Operation 17 [1/1] (0.00ns)   --->   "%data_11_loc = alloca i64 1"   --->   Operation 17 'alloca' 'data_11_loc' <Predicate = true> <Delay = 0.00>
ST_1 : Operation 18 [1/1] (0.00ns)   --->   "%data_12_loc = alloca i64 1"   --->   Operation 18 'alloca' 'data_12_loc' <Predicate = true> <Delay = 0.00>
ST_1 : Operation 19 [1/1] (0.00ns)   --->   "%data_13_loc = alloca i64 1"   --->   Operation 19 'alloca' 'data_13_loc' <Predicate = true> <Delay = 0.00>
ST_1 : Operation 20 [1/1] (0.00ns)   --->   "%data_14_loc = alloca i64 1"   --->   Operation 20 'alloca' 'data_14_loc' <Predicate = true> <Delay = 0.00>
ST_1 : Operation 21 [1/1] (0.00ns)   --->   "%data_15_loc = alloca i64 1"   --->   Operation 21 'alloca' 'data_15_loc' <Predicate = true> <Delay = 0.00>
ST_1 : Operation 22 [1/1] (0.00ns)   --->   "%data_16_loc = alloca i64 1"   --->   Operation 22 'alloca' 'data_16_loc' <Predicate = true> <Delay = 0.00>
ST_1 : Operation 23 [1/1] (0.00ns)   --->   "%data_17_loc = alloca i64 1"   --->   Operation 23 'alloca' 'data_17_loc' <Predicate = true> <Delay = 0.00>
ST_1 : Operation 24 [1/1] (0.00ns)   --->   "%data_18_loc = alloca i64 1"   --->   Operation 24 'alloca' 'data_18_loc' <Predicate = true> <Delay = 0.00>
ST_1 : Operation 25 [1/1] (0.00ns)   --->   "%data_19_loc = alloca i64 1"   --->   Operation 25 'alloca' 'data_19_loc' <Predicate = true> <Delay = 0.00>
ST_1 : Operation 26 [1/1] (0.00ns)   --->   "%data_20_loc = alloca i64 1"   --->   Operation 26 'alloca' 'data_20_loc' <Predicate = true> <Delay = 0.00>
ST_1 : Operation 27 [1/1] (0.00ns)   --->   "%data_21_loc = alloca i64 1"   --->   Operation 27 'alloca' 'data_21_loc' <Predicate = true> <Delay = 0.00>
ST_1 : Operation 28 [1/1] (0.00ns)   --->   "%data_22_loc = alloca i64 1"   --->   Operation 28 'alloca' 'data_22_loc' <Predicate = true> <Delay = 0.00>
ST_1 : Operation 29 [1/1] (0.00ns)   --->   "%data_23_loc = alloca i64 1"   --->   Operation 29 'alloca' 'data_23_loc' <Predicate = true> <Delay = 0.00>
ST_1 : Operation 30 [1/1] (0.00ns)   --->   "%data_24_loc = alloca i64 1"   --->   Operation 30 'alloca' 'data_24_loc' <Predicate = true> <Delay = 0.00>
ST_1 : Operation 31 [1/1] (0.00ns)   --->   "%data_25_loc = alloca i64 1"   --->   Operation 31 'alloca' 'data_25_loc' <Predicate = true> <Delay = 0.00>
ST_1 : Operation 32 [1/1] (0.00ns)   --->   "%data_26_loc = alloca i64 1"   --->   Operation 32 'alloca' 'data_26_loc' <Predicate = true> <Delay = 0.00>
ST_1 : Operation 33 [1/1] (0.00ns)   --->   "%data_27_loc = alloca i64 1"   --->   Operation 33 'alloca' 'data_27_loc' <Predicate = true> <Delay = 0.00>
ST_1 : Operation 34 [1/1] (0.00ns)   --->   "%data_28_loc = alloca i64 1"   --->   Operation 34 'alloca' 'data_28_loc' <Predicate = true> <Delay = 0.00>
ST_1 : Operation 35 [1/1] (0.00ns)   --->   "%data_29_loc = alloca i64 1"   --->   Operation 35 'alloca' 'data_29_loc' <Predicate = true> <Delay = 0.00>
ST_1 : Operation 36 [1/1] (0.00ns)   --->   "%data_30_loc = alloca i64 1"   --->   Operation 36 'alloca' 'data_30_loc' <Predicate = true> <Delay = 0.00>
ST_1 : Operation 37 [1/1] (0.00ns)   --->   "%data_31_loc = alloca i64 1"   --->   Operation 37 'alloca' 'data_31_loc' <Predicate = true> <Delay = 0.00>
ST_1 : Operation 38 [1/1] (0.00ns)   --->   "%data_32_loc = alloca i64 1"   --->   Operation 38 'alloca' 'data_32_loc' <Predicate = true> <Delay = 0.00>
ST_1 : Operation 39 [1/1] (0.00ns)   --->   "%data_33_loc = alloca i64 1"   --->   Operation 39 'alloca' 'data_33_loc' <Predicate = true> <Delay = 0.00>
ST_1 : Operation 40 [1/1] (0.00ns)   --->   "%data_34_loc = alloca i64 1"   --->   Operation 40 'alloca' 'data_34_loc' <Predicate = true> <Delay = 0.00>
ST_1 : Operation 41 [1/1] (0.00ns)   --->   "%data_35_loc = alloca i64 1"   --->   Operation 41 'alloca' 'data_35_loc' <Predicate = true> <Delay = 0.00>
ST_1 : Operation 42 [1/1] (0.00ns)   --->   "%data_36_loc = alloca i64 1"   --->   Operation 42 'alloca' 'data_36_loc' <Predicate = true> <Delay = 0.00>
ST_1 : Operation 43 [1/1] (0.00ns)   --->   "%data_37_loc = alloca i64 1"   --->   Operation 43 'alloca' 'data_37_loc' <Predicate = true> <Delay = 0.00>
ST_1 : Operation 44 [1/1] (0.00ns)   --->   "%data_38_loc = alloca i64 1"   --->   Operation 44 'alloca' 'data_38_loc' <Predicate = true> <Delay = 0.00>
ST_1 : Operation 45 [1/1] (0.00ns)   --->   "%data_39_loc = alloca i64 1"   --->   Operation 45 'alloca' 'data_39_loc' <Predicate = true> <Delay = 0.00>
ST_1 : Operation 46 [1/1] (0.00ns)   --->   "%data_40_loc = alloca i64 1"   --->   Operation 46 'alloca' 'data_40_loc' <Predicate = true> <Delay = 0.00>
ST_1 : Operation 47 [1/1] (0.00ns)   --->   "%data_41_loc = alloca i64 1"   --->   Operation 47 'alloca' 'data_41_loc' <Predicate = true> <Delay = 0.00>
ST_1 : Operation 48 [1/1] (0.00ns)   --->   "%data_42_loc = alloca i64 1"   --->   Operation 48 'alloca' 'data_42_loc' <Predicate = true> <Delay = 0.00>
ST_1 : Operation 49 [1/1] (0.00ns)   --->   "%data_43_loc = alloca i64 1"   --->   Operation 49 'alloca' 'data_43_loc' <Predicate = true> <Delay = 0.00>
ST_1 : Operation 50 [1/1] (0.00ns)   --->   "%data_44_loc = alloca i64 1"   --->   Operation 50 'alloca' 'data_44_loc' <Predicate = true> <Delay = 0.00>
ST_1 : Operation 51 [1/1] (0.00ns)   --->   "%data_45_loc = alloca i64 1"   --->   Operation 51 'alloca' 'data_45_loc' <Predicate = true> <Delay = 0.00>
ST_1 : Operation 52 [1/1] (0.00ns)   --->   "%data_46_loc = alloca i64 1"   --->   Operation 52 'alloca' 'data_46_loc' <Predicate = true> <Delay = 0.00>
ST_1 : Operation 53 [1/1] (0.00ns)   --->   "%data_47_loc = alloca i64 1"   --->   Operation 53 'alloca' 'data_47_loc' <Predicate = true> <Delay = 0.00>
ST_1 : Operation 54 [1/1] (0.00ns)   --->   "%data_48_loc = alloca i64 1"   --->   Operation 54 'alloca' 'data_48_loc' <Predicate = true> <Delay = 0.00>
ST_1 : Operation 55 [1/1] (0.00ns)   --->   "%data_49_loc = alloca i64 1"   --->   Operation 55 'alloca' 'data_49_loc' <Predicate = true> <Delay = 0.00>
ST_1 : Operation 56 [1/1] (0.00ns)   --->   "%data_50_loc = alloca i64 1"   --->   Operation 56 'alloca' 'data_50_loc' <Predicate = true> <Delay = 0.00>
ST_1 : Operation 57 [1/1] (0.00ns)   --->   "%data_51_loc = alloca i64 1"   --->   Operation 57 'alloca' 'data_51_loc' <Predicate = true> <Delay = 0.00>
ST_1 : Operation 58 [1/1] (0.00ns)   --->   "%data_52_loc = alloca i64 1"   --->   Operation 58 'alloca' 'data_52_loc' <Predicate = true> <Delay = 0.00>
ST_1 : Operation 59 [1/1] (0.00ns)   --->   "%data_53_loc = alloca i64 1"   --->   Operation 59 'alloca' 'data_53_loc' <Predicate = true> <Delay = 0.00>
ST_1 : Operation 60 [1/1] (0.00ns)   --->   "%data_54_loc = alloca i64 1"   --->   Operation 60 'alloca' 'data_54_loc' <Predicate = true> <Delay = 0.00>
ST_1 : Operation 61 [1/1] (0.00ns)   --->   "%data_55_loc = alloca i64 1"   --->   Operation 61 'alloca' 'data_55_loc' <Predicate = true> <Delay = 0.00>
ST_1 : Operation 62 [1/1] (0.00ns)   --->   "%data_56_loc = alloca i64 1"   --->   Operation 62 'alloca' 'data_56_loc' <Predicate = true> <Delay = 0.00>
ST_1 : Operation 63 [1/1] (0.00ns)   --->   "%data_57_loc = alloca i64 1"   --->   Operation 63 'alloca' 'data_57_loc' <Predicate = true> <Delay = 0.00>
ST_1 : Operation 64 [1/1] (0.00ns)   --->   "%data_58_loc = alloca i64 1"   --->   Operation 64 'alloca' 'data_58_loc' <Predicate = true> <Delay = 0.00>
ST_1 : Operation 65 [1/1] (0.00ns)   --->   "%data_59_loc = alloca i64 1"   --->   Operation 65 'alloca' 'data_59_loc' <Predicate = true> <Delay = 0.00>
ST_1 : Operation 66 [1/1] (0.00ns)   --->   "%data_60_loc = alloca i64 1"   --->   Operation 66 'alloca' 'data_60_loc' <Predicate = true> <Delay = 0.00>
ST_1 : Operation 67 [1/1] (0.00ns)   --->   "%data_61_loc = alloca i64 1"   --->   Operation 67 'alloca' 'data_61_loc' <Predicate = true> <Delay = 0.00>
ST_1 : Operation 68 [1/1] (0.00ns)   --->   "%data_62_loc = alloca i64 1"   --->   Operation 68 'alloca' 'data_62_loc' <Predicate = true> <Delay = 0.00>
ST_1 : Operation 69 [1/1] (0.00ns)   --->   "%data_63_loc = alloca i64 1"   --->   Operation 69 'alloca' 'data_63_loc' <Predicate = true> <Delay = 0.00>
ST_1 : Operation 70 [1/1] (0.00ns)   --->   "%data_64_loc = alloca i64 1"   --->   Operation 70 'alloca' 'data_64_loc' <Predicate = true> <Delay = 0.00>
ST_1 : Operation 71 [1/1] (0.00ns)   --->   "%data_65_loc = alloca i64 1"   --->   Operation 71 'alloca' 'data_65_loc' <Predicate = true> <Delay = 0.00>
ST_1 : Operation 72 [1/1] (0.00ns)   --->   "%data_66_loc = alloca i64 1"   --->   Operation 72 'alloca' 'data_66_loc' <Predicate = true> <Delay = 0.00>
ST_1 : Operation 73 [1/1] (0.00ns)   --->   "%data_67_loc = alloca i64 1"   --->   Operation 73 'alloca' 'data_67_loc' <Predicate = true> <Delay = 0.00>
ST_1 : Operation 74 [1/1] (0.00ns)   --->   "%data_68_loc = alloca i64 1"   --->   Operation 74 'alloca' 'data_68_loc' <Predicate = true> <Delay = 0.00>
ST_1 : Operation 75 [1/1] (0.00ns)   --->   "%data_69_loc = alloca i64 1"   --->   Operation 75 'alloca' 'data_69_loc' <Predicate = true> <Delay = 0.00>
ST_1 : Operation 76 [1/1] (0.00ns)   --->   "%data_70_loc = alloca i64 1"   --->   Operation 76 'alloca' 'data_70_loc' <Predicate = true> <Delay = 0.00>
ST_1 : Operation 77 [1/1] (0.00ns)   --->   "%data_71_loc = alloca i64 1"   --->   Operation 77 'alloca' 'data_71_loc' <Predicate = true> <Delay = 0.00>
ST_1 : Operation 78 [1/1] (0.00ns)   --->   "%data_72_loc = alloca i64 1"   --->   Operation 78 'alloca' 'data_72_loc' <Predicate = true> <Delay = 0.00>
ST_1 : Operation 79 [1/1] (0.00ns)   --->   "%data_73_loc = alloca i64 1"   --->   Operation 79 'alloca' 'data_73_loc' <Predicate = true> <Delay = 0.00>
ST_1 : Operation 80 [1/1] (0.00ns)   --->   "%data_74_loc = alloca i64 1"   --->   Operation 80 'alloca' 'data_74_loc' <Predicate = true> <Delay = 0.00>
ST_1 : Operation 81 [1/1] (0.00ns)   --->   "%data_75_loc = alloca i64 1"   --->   Operation 81 'alloca' 'data_75_loc' <Predicate = true> <Delay = 0.00>
ST_1 : Operation 82 [1/1] (0.00ns)   --->   "%data_76_loc = alloca i64 1"   --->   Operation 82 'alloca' 'data_76_loc' <Predicate = true> <Delay = 0.00>
ST_1 : Operation 83 [1/1] (0.00ns)   --->   "%data_77_loc = alloca i64 1"   --->   Operation 83 'alloca' 'data_77_loc' <Predicate = true> <Delay = 0.00>
ST_1 : Operation 84 [1/1] (0.00ns)   --->   "%data_78_loc = alloca i64 1"   --->   Operation 84 'alloca' 'data_78_loc' <Predicate = true> <Delay = 0.00>
ST_1 : Operation 85 [1/1] (0.00ns)   --->   "%data_79_loc = alloca i64 1"   --->   Operation 85 'alloca' 'data_79_loc' <Predicate = true> <Delay = 0.00>
ST_1 : Operation 86 [1/1] (0.00ns)   --->   "%data_80_loc = alloca i64 1"   --->   Operation 86 'alloca' 'data_80_loc' <Predicate = true> <Delay = 0.00>
ST_1 : Operation 87 [1/1] (0.00ns)   --->   "%data_81_loc = alloca i64 1"   --->   Operation 87 'alloca' 'data_81_loc' <Predicate = true> <Delay = 0.00>
ST_1 : Operation 88 [1/1] (0.00ns)   --->   "%data_82_loc = alloca i64 1"   --->   Operation 88 'alloca' 'data_82_loc' <Predicate = true> <Delay = 0.00>
ST_1 : Operation 89 [1/1] (0.00ns)   --->   "%data_83_loc = alloca i64 1"   --->   Operation 89 'alloca' 'data_83_loc' <Predicate = true> <Delay = 0.00>
ST_1 : Operation 90 [1/1] (0.00ns)   --->   "%data_84_loc = alloca i64 1"   --->   Operation 90 'alloca' 'data_84_loc' <Predicate = true> <Delay = 0.00>
ST_1 : Operation 91 [1/1] (0.00ns)   --->   "%data_85_loc = alloca i64 1"   --->   Operation 91 'alloca' 'data_85_loc' <Predicate = true> <Delay = 0.00>
ST_1 : Operation 92 [1/1] (0.00ns)   --->   "%data_86_loc = alloca i64 1"   --->   Operation 92 'alloca' 'data_86_loc' <Predicate = true> <Delay = 0.00>
ST_1 : Operation 93 [1/1] (0.00ns)   --->   "%data_87_loc = alloca i64 1"   --->   Operation 93 'alloca' 'data_87_loc' <Predicate = true> <Delay = 0.00>
ST_1 : Operation 94 [1/1] (0.00ns)   --->   "%data_88_loc = alloca i64 1"   --->   Operation 94 'alloca' 'data_88_loc' <Predicate = true> <Delay = 0.00>
ST_1 : Operation 95 [1/1] (0.00ns)   --->   "%data_89_loc = alloca i64 1"   --->   Operation 95 'alloca' 'data_89_loc' <Predicate = true> <Delay = 0.00>
ST_1 : Operation 96 [1/1] (0.00ns)   --->   "%data_90_loc = alloca i64 1"   --->   Operation 96 'alloca' 'data_90_loc' <Predicate = true> <Delay = 0.00>
ST_1 : Operation 97 [1/1] (0.00ns)   --->   "%data_91_loc = alloca i64 1"   --->   Operation 97 'alloca' 'data_91_loc' <Predicate = true> <Delay = 0.00>
ST_1 : Operation 98 [1/1] (0.00ns)   --->   "%data_92_loc = alloca i64 1"   --->   Operation 98 'alloca' 'data_92_loc' <Predicate = true> <Delay = 0.00>
ST_1 : Operation 99 [1/1] (0.00ns)   --->   "%data_93_loc = alloca i64 1"   --->   Operation 99 'alloca' 'data_93_loc' <Predicate = true> <Delay = 0.00>
ST_1 : Operation 100 [1/1] (0.00ns)   --->   "%data_94_loc = alloca i64 1"   --->   Operation 100 'alloca' 'data_94_loc' <Predicate = true> <Delay = 0.00>
ST_1 : Operation 101 [1/1] (0.00ns)   --->   "%data_95_loc = alloca i64 1"   --->   Operation 101 'alloca' 'data_95_loc' <Predicate = true> <Delay = 0.00>
ST_1 : Operation 102 [1/1] (0.00ns)   --->   "%data_96_loc = alloca i64 1"   --->   Operation 102 'alloca' 'data_96_loc' <Predicate = true> <Delay = 0.00>
ST_1 : Operation 103 [1/1] (0.00ns)   --->   "%data_97_loc = alloca i64 1"   --->   Operation 103 'alloca' 'data_97_loc' <Predicate = true> <Delay = 0.00>
ST_1 : Operation 104 [1/1] (0.00ns)   --->   "%data_98_loc = alloca i64 1"   --->   Operation 104 'alloca' 'data_98_loc' <Predicate = true> <Delay = 0.00>
ST_1 : Operation 105 [1/1] (0.00ns)   --->   "%data_99_loc = alloca i64 1"   --->   Operation 105 'alloca' 'data_99_loc' <Predicate = true> <Delay = 0.00>
ST_1 : Operation 106 [1/1] (0.00ns)   --->   "%data_100_loc = alloca i64 1"   --->   Operation 106 'alloca' 'data_100_loc' <Predicate = true> <Delay = 0.00>
ST_1 : Operation 107 [1/1] (0.00ns)   --->   "%data_101_loc = alloca i64 1"   --->   Operation 107 'alloca' 'data_101_loc' <Predicate = true> <Delay = 0.00>
ST_1 : Operation 108 [1/1] (0.00ns)   --->   "%data_102_loc = alloca i64 1"   --->   Operation 108 'alloca' 'data_102_loc' <Predicate = true> <Delay = 0.00>
ST_1 : Operation 109 [1/1] (0.00ns)   --->   "%data_103_loc = alloca i64 1"   --->   Operation 109 'alloca' 'data_103_loc' <Predicate = true> <Delay = 0.00>
ST_1 : Operation 110 [1/1] (0.00ns)   --->   "%data_104_loc = alloca i64 1"   --->   Operation 110 'alloca' 'data_104_loc' <Predicate = true> <Delay = 0.00>
ST_1 : Operation 111 [1/1] (0.00ns)   --->   "%data_105_loc = alloca i64 1"   --->   Operation 111 'alloca' 'data_105_loc' <Predicate = true> <Delay = 0.00>
ST_1 : Operation 112 [1/1] (0.00ns)   --->   "%data_106_loc = alloca i64 1"   --->   Operation 112 'alloca' 'data_106_loc' <Predicate = true> <Delay = 0.00>
ST_1 : Operation 113 [1/1] (0.00ns)   --->   "%data_107_loc = alloca i64 1"   --->   Operation 113 'alloca' 'data_107_loc' <Predicate = true> <Delay = 0.00>
ST_1 : Operation 114 [1/1] (0.00ns)   --->   "%data_108_loc = alloca i64 1"   --->   Operation 114 'alloca' 'data_108_loc' <Predicate = true> <Delay = 0.00>
ST_1 : Operation 115 [1/1] (0.00ns)   --->   "%data_109_loc = alloca i64 1"   --->   Operation 115 'alloca' 'data_109_loc' <Predicate = true> <Delay = 0.00>
ST_1 : Operation 116 [1/1] (0.00ns)   --->   "%data_110_loc = alloca i64 1"   --->   Operation 116 'alloca' 'data_110_loc' <Predicate = true> <Delay = 0.00>
ST_1 : Operation 117 [1/1] (0.00ns)   --->   "%data_111_loc = alloca i64 1"   --->   Operation 117 'alloca' 'data_111_loc' <Predicate = true> <Delay = 0.00>
ST_1 : Operation 118 [1/1] (0.00ns)   --->   "%data_112_loc = alloca i64 1"   --->   Operation 118 'alloca' 'data_112_loc' <Predicate = true> <Delay = 0.00>
ST_1 : Operation 119 [1/1] (0.00ns)   --->   "%data_113_loc = alloca i64 1"   --->   Operation 119 'alloca' 'data_113_loc' <Predicate = true> <Delay = 0.00>
ST_1 : Operation 120 [1/1] (0.00ns)   --->   "%data_114_loc = alloca i64 1"   --->   Operation 120 'alloca' 'data_114_loc' <Predicate = true> <Delay = 0.00>
ST_1 : Operation 121 [1/1] (0.00ns)   --->   "%data_115_loc = alloca i64 1"   --->   Operation 121 'alloca' 'data_115_loc' <Predicate = true> <Delay = 0.00>
ST_1 : Operation 122 [1/1] (0.00ns)   --->   "%data_116_loc = alloca i64 1"   --->   Operation 122 'alloca' 'data_116_loc' <Predicate = true> <Delay = 0.00>
ST_1 : Operation 123 [1/1] (0.00ns)   --->   "%data_117_loc = alloca i64 1"   --->   Operation 123 'alloca' 'data_117_loc' <Predicate = true> <Delay = 0.00>
ST_1 : Operation 124 [1/1] (0.00ns)   --->   "%data_118_loc = alloca i64 1"   --->   Operation 124 'alloca' 'data_118_loc' <Predicate = true> <Delay = 0.00>
ST_1 : Operation 125 [1/1] (0.00ns)   --->   "%data_119_loc = alloca i64 1"   --->   Operation 125 'alloca' 'data_119_loc' <Predicate = true> <Delay = 0.00>
ST_1 : Operation 126 [1/1] (0.00ns)   --->   "%data_120_loc = alloca i64 1"   --->   Operation 126 'alloca' 'data_120_loc' <Predicate = true> <Delay = 0.00>
ST_1 : Operation 127 [1/1] (0.00ns)   --->   "%data_121_loc = alloca i64 1"   --->   Operation 127 'alloca' 'data_121_loc' <Predicate = true> <Delay = 0.00>
ST_1 : Operation 128 [1/1] (0.00ns)   --->   "%data_122_loc = alloca i64 1"   --->   Operation 128 'alloca' 'data_122_loc' <Predicate = true> <Delay = 0.00>
ST_1 : Operation 129 [1/1] (0.00ns)   --->   "%data_123_loc = alloca i64 1"   --->   Operation 129 'alloca' 'data_123_loc' <Predicate = true> <Delay = 0.00>
ST_1 : Operation 130 [1/1] (0.00ns)   --->   "%data_124_loc = alloca i64 1"   --->   Operation 130 'alloca' 'data_124_loc' <Predicate = true> <Delay = 0.00>
ST_1 : Operation 131 [1/1] (0.00ns)   --->   "%data_125_loc = alloca i64 1"   --->   Operation 131 'alloca' 'data_125_loc' <Predicate = true> <Delay = 0.00>
ST_1 : Operation 132 [1/1] (0.00ns)   --->   "%data_126_loc = alloca i64 1"   --->   Operation 132 'alloca' 'data_126_loc' <Predicate = true> <Delay = 0.00>
ST_1 : Operation 133 [1/1] (0.00ns)   --->   "%data_127_loc = alloca i64 1"   --->   Operation 133 'alloca' 'data_127_loc' <Predicate = true> <Delay = 0.00>
ST_1 : Operation 134 [1/1] (0.00ns)   --->   "%data_128_loc = alloca i64 1"   --->   Operation 134 'alloca' 'data_128_loc' <Predicate = true> <Delay = 0.00>
ST_1 : Operation 135 [1/1] (0.00ns)   --->   "%data_129_loc = alloca i64 1"   --->   Operation 135 'alloca' 'data_129_loc' <Predicate = true> <Delay = 0.00>
ST_1 : Operation 136 [1/1] (0.00ns)   --->   "%data_130_loc = alloca i64 1"   --->   Operation 136 'alloca' 'data_130_loc' <Predicate = true> <Delay = 0.00>
ST_1 : Operation 137 [1/1] (0.00ns)   --->   "%data_131_loc = alloca i64 1"   --->   Operation 137 'alloca' 'data_131_loc' <Predicate = true> <Delay = 0.00>
ST_1 : Operation 138 [1/1] (0.00ns)   --->   "%data_132_loc = alloca i64 1"   --->   Operation 138 'alloca' 'data_132_loc' <Predicate = true> <Delay = 0.00>
ST_1 : Operation 139 [1/1] (0.00ns)   --->   "%data_133_loc = alloca i64 1"   --->   Operation 139 'alloca' 'data_133_loc' <Predicate = true> <Delay = 0.00>
ST_1 : Operation 140 [1/1] (0.00ns)   --->   "%data_134_loc = alloca i64 1"   --->   Operation 140 'alloca' 'data_134_loc' <Predicate = true> <Delay = 0.00>
ST_1 : Operation 141 [1/1] (0.00ns)   --->   "%data_135_loc = alloca i64 1"   --->   Operation 141 'alloca' 'data_135_loc' <Predicate = true> <Delay = 0.00>
ST_1 : Operation 142 [1/1] (0.00ns)   --->   "%data_136_loc = alloca i64 1"   --->   Operation 142 'alloca' 'data_136_loc' <Predicate = true> <Delay = 0.00>
ST_1 : Operation 143 [1/1] (0.00ns)   --->   "%data_137_loc = alloca i64 1"   --->   Operation 143 'alloca' 'data_137_loc' <Predicate = true> <Delay = 0.00>
ST_1 : Operation 144 [1/1] (0.00ns)   --->   "%data_138_loc = alloca i64 1"   --->   Operation 144 'alloca' 'data_138_loc' <Predicate = true> <Delay = 0.00>
ST_1 : Operation 145 [1/1] (0.00ns)   --->   "%data_139_loc = alloca i64 1"   --->   Operation 145 'alloca' 'data_139_loc' <Predicate = true> <Delay = 0.00>
ST_1 : Operation 146 [1/1] (0.00ns)   --->   "%data_140_loc = alloca i64 1"   --->   Operation 146 'alloca' 'data_140_loc' <Predicate = true> <Delay = 0.00>
ST_1 : Operation 147 [1/1] (0.00ns)   --->   "%data_141_loc = alloca i64 1"   --->   Operation 147 'alloca' 'data_141_loc' <Predicate = true> <Delay = 0.00>
ST_1 : Operation 148 [1/1] (0.00ns)   --->   "%data_142_loc = alloca i64 1"   --->   Operation 148 'alloca' 'data_142_loc' <Predicate = true> <Delay = 0.00>
ST_1 : Operation 149 [1/1] (0.00ns)   --->   "%data_143_loc = alloca i64 1"   --->   Operation 149 'alloca' 'data_143_loc' <Predicate = true> <Delay = 0.00>
ST_1 : Operation 150 [1/1] (0.00ns)   --->   "%data_144_loc = alloca i64 1"   --->   Operation 150 'alloca' 'data_144_loc' <Predicate = true> <Delay = 0.00>
ST_1 : Operation 151 [1/1] (0.00ns)   --->   "%data_145_loc = alloca i64 1"   --->   Operation 151 'alloca' 'data_145_loc' <Predicate = true> <Delay = 0.00>
ST_1 : Operation 152 [1/1] (0.00ns)   --->   "%data_146_loc = alloca i64 1"   --->   Operation 152 'alloca' 'data_146_loc' <Predicate = true> <Delay = 0.00>
ST_1 : Operation 153 [1/1] (0.00ns)   --->   "%data_147_loc = alloca i64 1"   --->   Operation 153 'alloca' 'data_147_loc' <Predicate = true> <Delay = 0.00>
ST_1 : Operation 154 [1/1] (0.00ns)   --->   "%data_148_loc = alloca i64 1"   --->   Operation 154 'alloca' 'data_148_loc' <Predicate = true> <Delay = 0.00>
ST_1 : Operation 155 [1/1] (0.00ns)   --->   "%data_149_loc = alloca i64 1"   --->   Operation 155 'alloca' 'data_149_loc' <Predicate = true> <Delay = 0.00>
ST_1 : Operation 156 [1/1] (0.00ns)   --->   "%data_150_loc = alloca i64 1"   --->   Operation 156 'alloca' 'data_150_loc' <Predicate = true> <Delay = 0.00>
ST_1 : Operation 157 [1/1] (0.00ns)   --->   "%data_151_loc = alloca i64 1"   --->   Operation 157 'alloca' 'data_151_loc' <Predicate = true> <Delay = 0.00>
ST_1 : Operation 158 [1/1] (0.00ns)   --->   "%data_152_loc = alloca i64 1"   --->   Operation 158 'alloca' 'data_152_loc' <Predicate = true> <Delay = 0.00>
ST_1 : Operation 159 [1/1] (0.00ns)   --->   "%data_153_loc = alloca i64 1"   --->   Operation 159 'alloca' 'data_153_loc' <Predicate = true> <Delay = 0.00>
ST_1 : Operation 160 [1/1] (0.00ns)   --->   "%data_154_loc = alloca i64 1"   --->   Operation 160 'alloca' 'data_154_loc' <Predicate = true> <Delay = 0.00>
ST_1 : Operation 161 [1/1] (0.00ns)   --->   "%data_155_loc = alloca i64 1"   --->   Operation 161 'alloca' 'data_155_loc' <Predicate = true> <Delay = 0.00>
ST_1 : Operation 162 [1/1] (0.00ns)   --->   "%data_156_loc = alloca i64 1"   --->   Operation 162 'alloca' 'data_156_loc' <Predicate = true> <Delay = 0.00>
ST_1 : Operation 163 [1/1] (0.00ns)   --->   "%data_157_loc = alloca i64 1"   --->   Operation 163 'alloca' 'data_157_loc' <Predicate = true> <Delay = 0.00>
ST_1 : Operation 164 [1/1] (0.00ns)   --->   "%data_158_loc = alloca i64 1"   --->   Operation 164 'alloca' 'data_158_loc' <Predicate = true> <Delay = 0.00>
ST_1 : Operation 165 [1/1] (0.00ns)   --->   "%data_159_loc = alloca i64 1"   --->   Operation 165 'alloca' 'data_159_loc' <Predicate = true> <Delay = 0.00>
ST_1 : Operation 166 [1/1] (0.00ns)   --->   "%data_160_loc = alloca i64 1"   --->   Operation 166 'alloca' 'data_160_loc' <Predicate = true> <Delay = 0.00>
ST_1 : Operation 167 [1/1] (0.00ns)   --->   "%data_161_loc = alloca i64 1"   --->   Operation 167 'alloca' 'data_161_loc' <Predicate = true> <Delay = 0.00>
ST_1 : Operation 168 [1/1] (0.00ns)   --->   "%data_162_loc = alloca i64 1"   --->   Operation 168 'alloca' 'data_162_loc' <Predicate = true> <Delay = 0.00>
ST_1 : Operation 169 [1/1] (0.00ns)   --->   "%data_163_loc = alloca i64 1"   --->   Operation 169 'alloca' 'data_163_loc' <Predicate = true> <Delay = 0.00>
ST_1 : Operation 170 [1/1] (0.00ns)   --->   "%data_164_loc = alloca i64 1"   --->   Operation 170 'alloca' 'data_164_loc' <Predicate = true> <Delay = 0.00>
ST_1 : Operation 171 [1/1] (0.00ns)   --->   "%data_165_loc = alloca i64 1"   --->   Operation 171 'alloca' 'data_165_loc' <Predicate = true> <Delay = 0.00>
ST_1 : Operation 172 [1/1] (0.00ns)   --->   "%data_166_loc = alloca i64 1"   --->   Operation 172 'alloca' 'data_166_loc' <Predicate = true> <Delay = 0.00>
ST_1 : Operation 173 [1/1] (0.00ns)   --->   "%data_167_loc = alloca i64 1"   --->   Operation 173 'alloca' 'data_167_loc' <Predicate = true> <Delay = 0.00>
ST_1 : Operation 174 [1/1] (0.00ns)   --->   "%data_168_loc = alloca i64 1"   --->   Operation 174 'alloca' 'data_168_loc' <Predicate = true> <Delay = 0.00>
ST_1 : Operation 175 [1/1] (0.00ns)   --->   "%data_169_loc = alloca i64 1"   --->   Operation 175 'alloca' 'data_169_loc' <Predicate = true> <Delay = 0.00>
ST_1 : Operation 176 [1/1] (0.00ns)   --->   "%data_170_loc = alloca i64 1"   --->   Operation 176 'alloca' 'data_170_loc' <Predicate = true> <Delay = 0.00>
ST_1 : Operation 177 [1/1] (0.00ns)   --->   "%data_171_loc = alloca i64 1"   --->   Operation 177 'alloca' 'data_171_loc' <Predicate = true> <Delay = 0.00>
ST_1 : Operation 178 [1/1] (0.00ns)   --->   "%data_172_loc = alloca i64 1"   --->   Operation 178 'alloca' 'data_172_loc' <Predicate = true> <Delay = 0.00>
ST_1 : Operation 179 [1/1] (0.00ns)   --->   "%data_173_loc = alloca i64 1"   --->   Operation 179 'alloca' 'data_173_loc' <Predicate = true> <Delay = 0.00>
ST_1 : Operation 180 [1/1] (0.00ns)   --->   "%data_174_loc = alloca i64 1"   --->   Operation 180 'alloca' 'data_174_loc' <Predicate = true> <Delay = 0.00>
ST_1 : Operation 181 [1/1] (0.00ns)   --->   "%data_175_loc = alloca i64 1"   --->   Operation 181 'alloca' 'data_175_loc' <Predicate = true> <Delay = 0.00>
ST_1 : Operation 182 [1/1] (0.00ns)   --->   "%data_176_loc = alloca i64 1"   --->   Operation 182 'alloca' 'data_176_loc' <Predicate = true> <Delay = 0.00>
ST_1 : Operation 183 [1/1] (0.00ns)   --->   "%data_177_loc = alloca i64 1"   --->   Operation 183 'alloca' 'data_177_loc' <Predicate = true> <Delay = 0.00>
ST_1 : Operation 184 [1/1] (0.00ns)   --->   "%data_178_loc = alloca i64 1"   --->   Operation 184 'alloca' 'data_178_loc' <Predicate = true> <Delay = 0.00>
ST_1 : Operation 185 [1/1] (0.00ns)   --->   "%data_179_loc = alloca i64 1"   --->   Operation 185 'alloca' 'data_179_loc' <Predicate = true> <Delay = 0.00>
ST_1 : Operation 186 [1/1] (0.00ns)   --->   "%data_180_loc = alloca i64 1"   --->   Operation 186 'alloca' 'data_180_loc' <Predicate = true> <Delay = 0.00>
ST_1 : Operation 187 [1/1] (0.00ns)   --->   "%data_181_loc = alloca i64 1"   --->   Operation 187 'alloca' 'data_181_loc' <Predicate = true> <Delay = 0.00>
ST_1 : Operation 188 [1/1] (0.00ns)   --->   "%data_182_loc = alloca i64 1"   --->   Operation 188 'alloca' 'data_182_loc' <Predicate = true> <Delay = 0.00>
ST_1 : Operation 189 [1/1] (0.00ns)   --->   "%data_183_loc = alloca i64 1"   --->   Operation 189 'alloca' 'data_183_loc' <Predicate = true> <Delay = 0.00>
ST_1 : Operation 190 [1/1] (0.00ns)   --->   "%data_184_loc = alloca i64 1"   --->   Operation 190 'alloca' 'data_184_loc' <Predicate = true> <Delay = 0.00>
ST_1 : Operation 191 [1/1] (0.00ns)   --->   "%data_185_loc = alloca i64 1"   --->   Operation 191 'alloca' 'data_185_loc' <Predicate = true> <Delay = 0.00>
ST_1 : Operation 192 [1/1] (0.00ns)   --->   "%data_186_loc = alloca i64 1"   --->   Operation 192 'alloca' 'data_186_loc' <Predicate = true> <Delay = 0.00>
ST_1 : Operation 193 [1/1] (0.00ns)   --->   "%data_187_loc = alloca i64 1"   --->   Operation 193 'alloca' 'data_187_loc' <Predicate = true> <Delay = 0.00>
ST_1 : Operation 194 [1/1] (0.00ns)   --->   "%data_188_loc = alloca i64 1"   --->   Operation 194 'alloca' 'data_188_loc' <Predicate = true> <Delay = 0.00>
ST_1 : Operation 195 [1/1] (0.00ns)   --->   "%data_189_loc = alloca i64 1"   --->   Operation 195 'alloca' 'data_189_loc' <Predicate = true> <Delay = 0.00>
ST_1 : Operation 196 [1/1] (0.00ns)   --->   "%data_190_loc = alloca i64 1"   --->   Operation 196 'alloca' 'data_190_loc' <Predicate = true> <Delay = 0.00>
ST_1 : Operation 197 [1/1] (0.00ns)   --->   "%data_191_loc = alloca i64 1"   --->   Operation 197 'alloca' 'data_191_loc' <Predicate = true> <Delay = 0.00>
ST_1 : Operation 198 [1/1] (0.00ns)   --->   "%data_192_loc = alloca i64 1"   --->   Operation 198 'alloca' 'data_192_loc' <Predicate = true> <Delay = 0.00>
ST_1 : Operation 199 [1/1] (0.00ns)   --->   "%data_193_loc = alloca i64 1"   --->   Operation 199 'alloca' 'data_193_loc' <Predicate = true> <Delay = 0.00>
ST_1 : Operation 200 [1/1] (0.00ns)   --->   "%data_194_loc = alloca i64 1"   --->   Operation 200 'alloca' 'data_194_loc' <Predicate = true> <Delay = 0.00>
ST_1 : Operation 201 [1/1] (0.00ns)   --->   "%data_195_loc = alloca i64 1"   --->   Operation 201 'alloca' 'data_195_loc' <Predicate = true> <Delay = 0.00>
ST_1 : Operation 202 [1/1] (0.00ns)   --->   "%data_196_loc = alloca i64 1"   --->   Operation 202 'alloca' 'data_196_loc' <Predicate = true> <Delay = 0.00>
ST_1 : Operation 203 [1/1] (0.00ns)   --->   "%data_197_loc = alloca i64 1"   --->   Operation 203 'alloca' 'data_197_loc' <Predicate = true> <Delay = 0.00>
ST_1 : Operation 204 [1/1] (0.00ns)   --->   "%data_198_loc = alloca i64 1"   --->   Operation 204 'alloca' 'data_198_loc' <Predicate = true> <Delay = 0.00>
ST_1 : Operation 205 [1/1] (0.00ns)   --->   "%data_199_loc = alloca i64 1"   --->   Operation 205 'alloca' 'data_199_loc' <Predicate = true> <Delay = 0.00>
ST_1 : Operation 206 [2/2] (0.00ns)   --->   "%call_ln0 = call void @dense<array,array<ap_fixed<16,6,5,3,0>,24u>,config25>_Pipeline_DataPrepare, i128 %layer16_out, i16 %data_199_loc, i16 %data_198_loc, i16 %data_197_loc, i16 %data_196_loc, i16 %data_195_loc, i16 %data_194_loc, i16 %data_193_loc, i16 %data_192_loc, i16 %data_191_loc, i16 %data_190_loc, i16 %data_189_loc, i16 %data_188_loc, i16 %data_187_loc, i16 %data_186_loc, i16 %data_185_loc, i16 %data_184_loc, i16 %data_183_loc, i16 %data_182_loc, i16 %data_181_loc, i16 %data_180_loc, i16 %data_179_loc, i16 %data_178_loc, i16 %data_177_loc, i16 %data_176_loc, i16 %data_175_loc, i16 %data_174_loc, i16 %data_173_loc, i16 %data_172_loc, i16 %data_171_loc, i16 %data_170_loc, i16 %data_169_loc, i16 %data_168_loc, i16 %data_167_loc, i16 %data_166_loc, i16 %data_165_loc, i16 %data_164_loc, i16 %data_163_loc, i16 %data_162_loc, i16 %data_161_loc, i16 %data_160_loc, i16 %data_159_loc, i16 %data_158_loc, i16 %data_157_loc, i16 %data_156_loc, i16 %data_155_loc, i16 %data_154_loc, i16 %data_153_loc, i16 %data_152_loc, i16 %data_151_loc, i16 %data_150_loc, i16 %data_149_loc, i16 %data_148_loc, i16 %data_147_loc, i16 %data_146_loc, i16 %data_145_loc, i16 %data_144_loc, i16 %data_143_loc, i16 %data_142_loc, i16 %data_141_loc, i16 %data_140_loc, i16 %data_139_loc, i16 %data_138_loc, i16 %data_137_loc, i16 %data_136_loc, i16 %data_135_loc, i16 %data_134_loc, i16 %data_133_loc, i16 %data_132_loc, i16 %data_131_loc, i16 %data_130_loc, i16 %data_129_loc, i16 %data_128_loc, i16 %data_127_loc, i16 %data_126_loc, i16 %data_125_loc, i16 %data_124_loc, i16 %data_123_loc, i16 %data_122_loc, i16 %data_121_loc, i16 %data_120_loc, i16 %data_119_loc, i16 %data_118_loc, i16 %data_117_loc, i16 %data_116_loc, i16 %data_115_loc, i16 %data_114_loc, i16 %data_113_loc, i16 %data_112_loc, i16 %data_111_loc, i16 %data_110_loc, i16 %data_109_loc, i16 %data_108_loc, i16 %data_107_loc, i16 %data_106_loc, i16 %data_105_loc, i16 %data_104_loc, i16 %data_103_loc, i16 %data_102_loc, i16 %data_101_loc, i16 %data_100_loc, i16 %data_99_loc, i16 %data_98_loc, i16 %data_97_loc, i16 %data_96_loc, i16 %data_95_loc, i16 %data_94_loc, i16 %data_93_loc, i16 %data_92_loc, i16 %data_91_loc, i16 %data_90_loc, i16 %data_89_loc, i16 %data_88_loc, i16 %data_87_loc, i16 %data_86_loc, i16 %data_85_loc, i16 %data_84_loc, i16 %data_83_loc, i16 %data_82_loc, i16 %data_81_loc, i16 %data_80_loc, i16 %data_79_loc, i16 %data_78_loc, i16 %data_77_loc, i16 %data_76_loc, i16 %data_75_loc, i16 %data_74_loc, i16 %data_73_loc, i16 %data_72_loc, i16 %data_71_loc, i16 %data_70_loc, i16 %data_69_loc, i16 %data_68_loc, i16 %data_67_loc, i16 %data_66_loc, i16 %data_65_loc, i16 %data_64_loc, i16 %data_63_loc, i16 %data_62_loc, i16 %data_61_loc, i16 %data_60_loc, i16 %data_59_loc, i16 %data_58_loc, i16 %data_57_loc, i16 %data_56_loc, i16 %data_55_loc, i16 %data_54_loc, i16 %data_53_loc, i16 %data_52_loc, i16 %data_51_loc, i16 %data_50_loc, i16 %data_49_loc, i16 %data_48_loc, i16 %data_47_loc, i16 %data_46_loc, i16 %data_45_loc, i16 %data_44_loc, i16 %data_43_loc, i16 %data_42_loc, i16 %data_41_loc, i16 %data_40_loc, i16 %data_39_loc, i16 %data_38_loc, i16 %data_37_loc, i16 %data_36_loc, i16 %data_35_loc, i16 %data_34_loc, i16 %data_33_loc, i16 %data_32_loc, i16 %data_31_loc, i16 %data_30_loc, i16 %data_29_loc, i16 %data_28_loc, i16 %data_27_loc, i16 %data_26_loc, i16 %data_25_loc, i16 %data_24_loc, i16 %data_23_loc, i16 %data_22_loc, i16 %data_21_loc, i16 %data_20_loc, i16 %data_19_loc, i16 %data_18_loc, i16 %data_17_loc, i16 %data_16_loc, i16 %data_15_loc, i16 %data_14_loc, i16 %data_13_loc, i16 %data_12_loc, i16 %data_11_loc, i16 %data_10_loc, i16 %data_9_loc, i16 %data_8_loc, i16 %data_7_loc, i16 %data_6_loc, i16 %data_5_loc, i16 %data_4_loc, i16 %data_3_loc, i16 %data_2_loc, i16 %data_1_loc, i16 %data_loc"   --->   Operation 206 'call' 'call_ln0' <Predicate = true> <Delay = 0.00> <CoreType = "Generic">   --->   Generic Core

State 2 <SV = 1> <Delay = 3.47>
ST_2 : Operation 207 [1/2] (3.47ns)   --->   "%call_ln0 = call void @dense<array,array<ap_fixed<16,6,5,3,0>,24u>,config25>_Pipeline_DataPrepare, i128 %layer16_out, i16 %data_199_loc, i16 %data_198_loc, i16 %data_197_loc, i16 %data_196_loc, i16 %data_195_loc, i16 %data_194_loc, i16 %data_193_loc, i16 %data_192_loc, i16 %data_191_loc, i16 %data_190_loc, i16 %data_189_loc, i16 %data_188_loc, i16 %data_187_loc, i16 %data_186_loc, i16 %data_185_loc, i16 %data_184_loc, i16 %data_183_loc, i16 %data_182_loc, i16 %data_181_loc, i16 %data_180_loc, i16 %data_179_loc, i16 %data_178_loc, i16 %data_177_loc, i16 %data_176_loc, i16 %data_175_loc, i16 %data_174_loc, i16 %data_173_loc, i16 %data_172_loc, i16 %data_171_loc, i16 %data_170_loc, i16 %data_169_loc, i16 %data_168_loc, i16 %data_167_loc, i16 %data_166_loc, i16 %data_165_loc, i16 %data_164_loc, i16 %data_163_loc, i16 %data_162_loc, i16 %data_161_loc, i16 %data_160_loc, i16 %data_159_loc, i16 %data_158_loc, i16 %data_157_loc, i16 %data_156_loc, i16 %data_155_loc, i16 %data_154_loc, i16 %data_153_loc, i16 %data_152_loc, i16 %data_151_loc, i16 %data_150_loc, i16 %data_149_loc, i16 %data_148_loc, i16 %data_147_loc, i16 %data_146_loc, i16 %data_145_loc, i16 %data_144_loc, i16 %data_143_loc, i16 %data_142_loc, i16 %data_141_loc, i16 %data_140_loc, i16 %data_139_loc, i16 %data_138_loc, i16 %data_137_loc, i16 %data_136_loc, i16 %data_135_loc, i16 %data_134_loc, i16 %data_133_loc, i16 %data_132_loc, i16 %data_131_loc, i16 %data_130_loc, i16 %data_129_loc, i16 %data_128_loc, i16 %data_127_loc, i16 %data_126_loc, i16 %data_125_loc, i16 %data_124_loc, i16 %data_123_loc, i16 %data_122_loc, i16 %data_121_loc, i16 %data_120_loc, i16 %data_119_loc, i16 %data_118_loc, i16 %data_117_loc, i16 %data_116_loc, i16 %data_115_loc, i16 %data_114_loc, i16 %data_113_loc, i16 %data_112_loc, i16 %data_111_loc, i16 %data_110_loc, i16 %data_109_loc, i16 %data_108_loc, i16 %data_107_loc, i16 %data_106_loc, i16 %data_105_loc, i16 %data_104_loc, i16 %data_103_loc, i16 %data_102_loc, i16 %data_101_loc, i16 %data_100_loc, i16 %data_99_loc, i16 %data_98_loc, i16 %data_97_loc, i16 %data_96_loc, i16 %data_95_loc, i16 %data_94_loc, i16 %data_93_loc, i16 %data_92_loc, i16 %data_91_loc, i16 %data_90_loc, i16 %data_89_loc, i16 %data_88_loc, i16 %data_87_loc, i16 %data_86_loc, i16 %data_85_loc, i16 %data_84_loc, i16 %data_83_loc, i16 %data_82_loc, i16 %data_81_loc, i16 %data_80_loc, i16 %data_79_loc, i16 %data_78_loc, i16 %data_77_loc, i16 %data_76_loc, i16 %data_75_loc, i16 %data_74_loc, i16 %data_73_loc, i16 %data_72_loc, i16 %data_71_loc, i16 %data_70_loc, i16 %data_69_loc, i16 %data_68_loc, i16 %data_67_loc, i16 %data_66_loc, i16 %data_65_loc, i16 %data_64_loc, i16 %data_63_loc, i16 %data_62_loc, i16 %data_61_loc, i16 %data_60_loc, i16 %data_59_loc, i16 %data_58_loc, i16 %data_57_loc, i16 %data_56_loc, i16 %data_55_loc, i16 %data_54_loc, i16 %data_53_loc, i16 %data_52_loc, i16 %data_51_loc, i16 %data_50_loc, i16 %data_49_loc, i16 %data_48_loc, i16 %data_47_loc, i16 %data_46_loc, i16 %data_45_loc, i16 %data_44_loc, i16 %data_43_loc, i16 %data_42_loc, i16 %data_41_loc, i16 %data_40_loc, i16 %data_39_loc, i16 %data_38_loc, i16 %data_37_loc, i16 %data_36_loc, i16 %data_35_loc, i16 %data_34_loc, i16 %data_33_loc, i16 %data_32_loc, i16 %data_31_loc, i16 %data_30_loc, i16 %data_29_loc, i16 %data_28_loc, i16 %data_27_loc, i16 %data_26_loc, i16 %data_25_loc, i16 %data_24_loc, i16 %data_23_loc, i16 %data_22_loc, i16 %data_21_loc, i16 %data_20_loc, i16 %data_19_loc, i16 %data_18_loc, i16 %data_17_loc, i16 %data_16_loc, i16 %data_15_loc, i16 %data_14_loc, i16 %data_13_loc, i16 %data_12_loc, i16 %data_11_loc, i16 %data_10_loc, i16 %data_9_loc, i16 %data_8_loc, i16 %data_7_loc, i16 %data_6_loc, i16 %data_5_loc, i16 %data_4_loc, i16 %data_3_loc, i16 %data_2_loc, i16 %data_1_loc, i16 %data_loc"   --->   Operation 207 'call' 'call_ln0' <Predicate = true> <Delay = 3.47> <CoreType = "Generic">   --->   Generic Core

State 3 <SV = 2> <Delay = 7.55>
ST_3 : Operation 208 [1/1] (0.00ns)   --->   "%fence_ln87 = fence void @_ssdm_op_Fence, i128 %layer16_out, i32 4294967295, i384 %layer25_out, i32 0" [firmware/nnet_utils/nnet_dense_stream.h:87]   --->   Operation 208 'fence' 'fence_ln87' <Predicate = true> <Delay = 0.00>
ST_3 : Operation 209 [1/1] (0.00ns)   --->   "%data_199_loc_load = load i16 %data_199_loc"   --->   Operation 209 'load' 'data_199_loc_load' <Predicate = true> <Delay = 0.00>
ST_3 : Operation 210 [1/1] (0.00ns)   --->   "%data_198_loc_load = load i16 %data_198_loc"   --->   Operation 210 'load' 'data_198_loc_load' <Predicate = true> <Delay = 0.00>
ST_3 : Operation 211 [1/1] (0.00ns)   --->   "%data_197_loc_load = load i16 %data_197_loc"   --->   Operation 211 'load' 'data_197_loc_load' <Predicate = true> <Delay = 0.00>
ST_3 : Operation 212 [1/1] (0.00ns)   --->   "%data_196_loc_load = load i16 %data_196_loc"   --->   Operation 212 'load' 'data_196_loc_load' <Predicate = true> <Delay = 0.00>
ST_3 : Operation 213 [1/1] (0.00ns)   --->   "%data_195_loc_load = load i16 %data_195_loc"   --->   Operation 213 'load' 'data_195_loc_load' <Predicate = true> <Delay = 0.00>
ST_3 : Operation 214 [1/1] (0.00ns)   --->   "%data_194_loc_load = load i16 %data_194_loc"   --->   Operation 214 'load' 'data_194_loc_load' <Predicate = true> <Delay = 0.00>
ST_3 : Operation 215 [1/1] (0.00ns)   --->   "%data_193_loc_load = load i16 %data_193_loc"   --->   Operation 215 'load' 'data_193_loc_load' <Predicate = true> <Delay = 0.00>
ST_3 : Operation 216 [1/1] (0.00ns)   --->   "%data_192_loc_load = load i16 %data_192_loc"   --->   Operation 216 'load' 'data_192_loc_load' <Predicate = true> <Delay = 0.00>
ST_3 : Operation 217 [1/1] (0.00ns)   --->   "%data_191_loc_load = load i16 %data_191_loc"   --->   Operation 217 'load' 'data_191_loc_load' <Predicate = true> <Delay = 0.00>
ST_3 : Operation 218 [1/1] (0.00ns)   --->   "%data_190_loc_load = load i16 %data_190_loc"   --->   Operation 218 'load' 'data_190_loc_load' <Predicate = true> <Delay = 0.00>
ST_3 : Operation 219 [1/1] (0.00ns)   --->   "%data_189_loc_load = load i16 %data_189_loc"   --->   Operation 219 'load' 'data_189_loc_load' <Predicate = true> <Delay = 0.00>
ST_3 : Operation 220 [1/1] (0.00ns)   --->   "%data_188_loc_load = load i16 %data_188_loc"   --->   Operation 220 'load' 'data_188_loc_load' <Predicate = true> <Delay = 0.00>
ST_3 : Operation 221 [1/1] (0.00ns)   --->   "%data_187_loc_load = load i16 %data_187_loc"   --->   Operation 221 'load' 'data_187_loc_load' <Predicate = true> <Delay = 0.00>
ST_3 : Operation 222 [1/1] (0.00ns)   --->   "%data_186_loc_load = load i16 %data_186_loc"   --->   Operation 222 'load' 'data_186_loc_load' <Predicate = true> <Delay = 0.00>
ST_3 : Operation 223 [1/1] (0.00ns)   --->   "%data_185_loc_load = load i16 %data_185_loc"   --->   Operation 223 'load' 'data_185_loc_load' <Predicate = true> <Delay = 0.00>
ST_3 : Operation 224 [1/1] (0.00ns)   --->   "%data_184_loc_load = load i16 %data_184_loc"   --->   Operation 224 'load' 'data_184_loc_load' <Predicate = true> <Delay = 0.00>
ST_3 : Operation 225 [1/1] (0.00ns)   --->   "%data_183_loc_load = load i16 %data_183_loc"   --->   Operation 225 'load' 'data_183_loc_load' <Predicate = true> <Delay = 0.00>
ST_3 : Operation 226 [1/1] (0.00ns)   --->   "%data_182_loc_load = load i16 %data_182_loc"   --->   Operation 226 'load' 'data_182_loc_load' <Predicate = true> <Delay = 0.00>
ST_3 : Operation 227 [1/1] (0.00ns)   --->   "%data_181_loc_load = load i16 %data_181_loc"   --->   Operation 227 'load' 'data_181_loc_load' <Predicate = true> <Delay = 0.00>
ST_3 : Operation 228 [1/1] (0.00ns)   --->   "%data_180_loc_load = load i16 %data_180_loc"   --->   Operation 228 'load' 'data_180_loc_load' <Predicate = true> <Delay = 0.00>
ST_3 : Operation 229 [1/1] (0.00ns)   --->   "%data_179_loc_load = load i16 %data_179_loc"   --->   Operation 229 'load' 'data_179_loc_load' <Predicate = true> <Delay = 0.00>
ST_3 : Operation 230 [1/1] (0.00ns)   --->   "%data_178_loc_load = load i16 %data_178_loc"   --->   Operation 230 'load' 'data_178_loc_load' <Predicate = true> <Delay = 0.00>
ST_3 : Operation 231 [1/1] (0.00ns)   --->   "%data_177_loc_load = load i16 %data_177_loc"   --->   Operation 231 'load' 'data_177_loc_load' <Predicate = true> <Delay = 0.00>
ST_3 : Operation 232 [1/1] (0.00ns)   --->   "%data_176_loc_load = load i16 %data_176_loc"   --->   Operation 232 'load' 'data_176_loc_load' <Predicate = true> <Delay = 0.00>
ST_3 : Operation 233 [1/1] (0.00ns)   --->   "%data_175_loc_load = load i16 %data_175_loc"   --->   Operation 233 'load' 'data_175_loc_load' <Predicate = true> <Delay = 0.00>
ST_3 : Operation 234 [1/1] (0.00ns)   --->   "%data_174_loc_load = load i16 %data_174_loc"   --->   Operation 234 'load' 'data_174_loc_load' <Predicate = true> <Delay = 0.00>
ST_3 : Operation 235 [1/1] (0.00ns)   --->   "%data_173_loc_load = load i16 %data_173_loc"   --->   Operation 235 'load' 'data_173_loc_load' <Predicate = true> <Delay = 0.00>
ST_3 : Operation 236 [1/1] (0.00ns)   --->   "%data_172_loc_load = load i16 %data_172_loc"   --->   Operation 236 'load' 'data_172_loc_load' <Predicate = true> <Delay = 0.00>
ST_3 : Operation 237 [1/1] (0.00ns)   --->   "%data_171_loc_load = load i16 %data_171_loc"   --->   Operation 237 'load' 'data_171_loc_load' <Predicate = true> <Delay = 0.00>
ST_3 : Operation 238 [1/1] (0.00ns)   --->   "%data_170_loc_load = load i16 %data_170_loc"   --->   Operation 238 'load' 'data_170_loc_load' <Predicate = true> <Delay = 0.00>
ST_3 : Operation 239 [1/1] (0.00ns)   --->   "%data_169_loc_load = load i16 %data_169_loc"   --->   Operation 239 'load' 'data_169_loc_load' <Predicate = true> <Delay = 0.00>
ST_3 : Operation 240 [1/1] (0.00ns)   --->   "%data_168_loc_load = load i16 %data_168_loc"   --->   Operation 240 'load' 'data_168_loc_load' <Predicate = true> <Delay = 0.00>
ST_3 : Operation 241 [1/1] (0.00ns)   --->   "%data_167_loc_load = load i16 %data_167_loc"   --->   Operation 241 'load' 'data_167_loc_load' <Predicate = true> <Delay = 0.00>
ST_3 : Operation 242 [1/1] (0.00ns)   --->   "%data_166_loc_load = load i16 %data_166_loc"   --->   Operation 242 'load' 'data_166_loc_load' <Predicate = true> <Delay = 0.00>
ST_3 : Operation 243 [1/1] (0.00ns)   --->   "%data_165_loc_load = load i16 %data_165_loc"   --->   Operation 243 'load' 'data_165_loc_load' <Predicate = true> <Delay = 0.00>
ST_3 : Operation 244 [1/1] (0.00ns)   --->   "%data_164_loc_load = load i16 %data_164_loc"   --->   Operation 244 'load' 'data_164_loc_load' <Predicate = true> <Delay = 0.00>
ST_3 : Operation 245 [1/1] (0.00ns)   --->   "%data_163_loc_load = load i16 %data_163_loc"   --->   Operation 245 'load' 'data_163_loc_load' <Predicate = true> <Delay = 0.00>
ST_3 : Operation 246 [1/1] (0.00ns)   --->   "%data_162_loc_load = load i16 %data_162_loc"   --->   Operation 246 'load' 'data_162_loc_load' <Predicate = true> <Delay = 0.00>
ST_3 : Operation 247 [1/1] (0.00ns)   --->   "%data_161_loc_load = load i16 %data_161_loc"   --->   Operation 247 'load' 'data_161_loc_load' <Predicate = true> <Delay = 0.00>
ST_3 : Operation 248 [1/1] (0.00ns)   --->   "%data_160_loc_load = load i16 %data_160_loc"   --->   Operation 248 'load' 'data_160_loc_load' <Predicate = true> <Delay = 0.00>
ST_3 : Operation 249 [1/1] (0.00ns)   --->   "%data_159_loc_load = load i16 %data_159_loc"   --->   Operation 249 'load' 'data_159_loc_load' <Predicate = true> <Delay = 0.00>
ST_3 : Operation 250 [1/1] (0.00ns)   --->   "%data_158_loc_load = load i16 %data_158_loc"   --->   Operation 250 'load' 'data_158_loc_load' <Predicate = true> <Delay = 0.00>
ST_3 : Operation 251 [1/1] (0.00ns)   --->   "%data_157_loc_load = load i16 %data_157_loc"   --->   Operation 251 'load' 'data_157_loc_load' <Predicate = true> <Delay = 0.00>
ST_3 : Operation 252 [1/1] (0.00ns)   --->   "%data_156_loc_load = load i16 %data_156_loc"   --->   Operation 252 'load' 'data_156_loc_load' <Predicate = true> <Delay = 0.00>
ST_3 : Operation 253 [1/1] (0.00ns)   --->   "%data_155_loc_load = load i16 %data_155_loc"   --->   Operation 253 'load' 'data_155_loc_load' <Predicate = true> <Delay = 0.00>
ST_3 : Operation 254 [1/1] (0.00ns)   --->   "%data_154_loc_load = load i16 %data_154_loc"   --->   Operation 254 'load' 'data_154_loc_load' <Predicate = true> <Delay = 0.00>
ST_3 : Operation 255 [1/1] (0.00ns)   --->   "%data_153_loc_load = load i16 %data_153_loc"   --->   Operation 255 'load' 'data_153_loc_load' <Predicate = true> <Delay = 0.00>
ST_3 : Operation 256 [1/1] (0.00ns)   --->   "%data_152_loc_load = load i16 %data_152_loc"   --->   Operation 256 'load' 'data_152_loc_load' <Predicate = true> <Delay = 0.00>
ST_3 : Operation 257 [1/1] (0.00ns)   --->   "%data_151_loc_load = load i16 %data_151_loc"   --->   Operation 257 'load' 'data_151_loc_load' <Predicate = true> <Delay = 0.00>
ST_3 : Operation 258 [1/1] (0.00ns)   --->   "%data_150_loc_load = load i16 %data_150_loc"   --->   Operation 258 'load' 'data_150_loc_load' <Predicate = true> <Delay = 0.00>
ST_3 : Operation 259 [1/1] (0.00ns)   --->   "%data_149_loc_load = load i16 %data_149_loc"   --->   Operation 259 'load' 'data_149_loc_load' <Predicate = true> <Delay = 0.00>
ST_3 : Operation 260 [1/1] (0.00ns)   --->   "%data_148_loc_load = load i16 %data_148_loc"   --->   Operation 260 'load' 'data_148_loc_load' <Predicate = true> <Delay = 0.00>
ST_3 : Operation 261 [1/1] (0.00ns)   --->   "%data_147_loc_load = load i16 %data_147_loc"   --->   Operation 261 'load' 'data_147_loc_load' <Predicate = true> <Delay = 0.00>
ST_3 : Operation 262 [1/1] (0.00ns)   --->   "%data_146_loc_load = load i16 %data_146_loc"   --->   Operation 262 'load' 'data_146_loc_load' <Predicate = true> <Delay = 0.00>
ST_3 : Operation 263 [1/1] (0.00ns)   --->   "%data_145_loc_load = load i16 %data_145_loc"   --->   Operation 263 'load' 'data_145_loc_load' <Predicate = true> <Delay = 0.00>
ST_3 : Operation 264 [1/1] (0.00ns)   --->   "%data_144_loc_load = load i16 %data_144_loc"   --->   Operation 264 'load' 'data_144_loc_load' <Predicate = true> <Delay = 0.00>
ST_3 : Operation 265 [1/1] (0.00ns)   --->   "%data_143_loc_load = load i16 %data_143_loc"   --->   Operation 265 'load' 'data_143_loc_load' <Predicate = true> <Delay = 0.00>
ST_3 : Operation 266 [1/1] (0.00ns)   --->   "%data_142_loc_load = load i16 %data_142_loc"   --->   Operation 266 'load' 'data_142_loc_load' <Predicate = true> <Delay = 0.00>
ST_3 : Operation 267 [1/1] (0.00ns)   --->   "%data_141_loc_load = load i16 %data_141_loc"   --->   Operation 267 'load' 'data_141_loc_load' <Predicate = true> <Delay = 0.00>
ST_3 : Operation 268 [1/1] (0.00ns)   --->   "%data_140_loc_load = load i16 %data_140_loc"   --->   Operation 268 'load' 'data_140_loc_load' <Predicate = true> <Delay = 0.00>
ST_3 : Operation 269 [1/1] (0.00ns)   --->   "%data_139_loc_load = load i16 %data_139_loc"   --->   Operation 269 'load' 'data_139_loc_load' <Predicate = true> <Delay = 0.00>
ST_3 : Operation 270 [1/1] (0.00ns)   --->   "%data_138_loc_load = load i16 %data_138_loc"   --->   Operation 270 'load' 'data_138_loc_load' <Predicate = true> <Delay = 0.00>
ST_3 : Operation 271 [1/1] (0.00ns)   --->   "%data_137_loc_load = load i16 %data_137_loc"   --->   Operation 271 'load' 'data_137_loc_load' <Predicate = true> <Delay = 0.00>
ST_3 : Operation 272 [1/1] (0.00ns)   --->   "%data_136_loc_load = load i16 %data_136_loc"   --->   Operation 272 'load' 'data_136_loc_load' <Predicate = true> <Delay = 0.00>
ST_3 : Operation 273 [1/1] (0.00ns)   --->   "%data_135_loc_load = load i16 %data_135_loc"   --->   Operation 273 'load' 'data_135_loc_load' <Predicate = true> <Delay = 0.00>
ST_3 : Operation 274 [1/1] (0.00ns)   --->   "%data_134_loc_load = load i16 %data_134_loc"   --->   Operation 274 'load' 'data_134_loc_load' <Predicate = true> <Delay = 0.00>
ST_3 : Operation 275 [1/1] (0.00ns)   --->   "%data_133_loc_load = load i16 %data_133_loc"   --->   Operation 275 'load' 'data_133_loc_load' <Predicate = true> <Delay = 0.00>
ST_3 : Operation 276 [1/1] (0.00ns)   --->   "%data_132_loc_load = load i16 %data_132_loc"   --->   Operation 276 'load' 'data_132_loc_load' <Predicate = true> <Delay = 0.00>
ST_3 : Operation 277 [1/1] (0.00ns)   --->   "%data_131_loc_load = load i16 %data_131_loc"   --->   Operation 277 'load' 'data_131_loc_load' <Predicate = true> <Delay = 0.00>
ST_3 : Operation 278 [1/1] (0.00ns)   --->   "%data_130_loc_load = load i16 %data_130_loc"   --->   Operation 278 'load' 'data_130_loc_load' <Predicate = true> <Delay = 0.00>
ST_3 : Operation 279 [1/1] (0.00ns)   --->   "%data_129_loc_load = load i16 %data_129_loc"   --->   Operation 279 'load' 'data_129_loc_load' <Predicate = true> <Delay = 0.00>
ST_3 : Operation 280 [1/1] (0.00ns)   --->   "%data_128_loc_load = load i16 %data_128_loc"   --->   Operation 280 'load' 'data_128_loc_load' <Predicate = true> <Delay = 0.00>
ST_3 : Operation 281 [1/1] (0.00ns)   --->   "%data_127_loc_load = load i16 %data_127_loc"   --->   Operation 281 'load' 'data_127_loc_load' <Predicate = true> <Delay = 0.00>
ST_3 : Operation 282 [1/1] (0.00ns)   --->   "%data_126_loc_load = load i16 %data_126_loc"   --->   Operation 282 'load' 'data_126_loc_load' <Predicate = true> <Delay = 0.00>
ST_3 : Operation 283 [1/1] (0.00ns)   --->   "%data_125_loc_load = load i16 %data_125_loc"   --->   Operation 283 'load' 'data_125_loc_load' <Predicate = true> <Delay = 0.00>
ST_3 : Operation 284 [1/1] (0.00ns)   --->   "%data_124_loc_load = load i16 %data_124_loc"   --->   Operation 284 'load' 'data_124_loc_load' <Predicate = true> <Delay = 0.00>
ST_3 : Operation 285 [1/1] (0.00ns)   --->   "%data_123_loc_load = load i16 %data_123_loc"   --->   Operation 285 'load' 'data_123_loc_load' <Predicate = true> <Delay = 0.00>
ST_3 : Operation 286 [1/1] (0.00ns)   --->   "%data_122_loc_load = load i16 %data_122_loc"   --->   Operation 286 'load' 'data_122_loc_load' <Predicate = true> <Delay = 0.00>
ST_3 : Operation 287 [1/1] (0.00ns)   --->   "%data_121_loc_load = load i16 %data_121_loc"   --->   Operation 287 'load' 'data_121_loc_load' <Predicate = true> <Delay = 0.00>
ST_3 : Operation 288 [1/1] (0.00ns)   --->   "%data_120_loc_load = load i16 %data_120_loc"   --->   Operation 288 'load' 'data_120_loc_load' <Predicate = true> <Delay = 0.00>
ST_3 : Operation 289 [1/1] (0.00ns)   --->   "%data_119_loc_load = load i16 %data_119_loc"   --->   Operation 289 'load' 'data_119_loc_load' <Predicate = true> <Delay = 0.00>
ST_3 : Operation 290 [1/1] (0.00ns)   --->   "%data_118_loc_load = load i16 %data_118_loc"   --->   Operation 290 'load' 'data_118_loc_load' <Predicate = true> <Delay = 0.00>
ST_3 : Operation 291 [1/1] (0.00ns)   --->   "%data_117_loc_load = load i16 %data_117_loc"   --->   Operation 291 'load' 'data_117_loc_load' <Predicate = true> <Delay = 0.00>
ST_3 : Operation 292 [1/1] (0.00ns)   --->   "%data_116_loc_load = load i16 %data_116_loc"   --->   Operation 292 'load' 'data_116_loc_load' <Predicate = true> <Delay = 0.00>
ST_3 : Operation 293 [1/1] (0.00ns)   --->   "%data_115_loc_load = load i16 %data_115_loc"   --->   Operation 293 'load' 'data_115_loc_load' <Predicate = true> <Delay = 0.00>
ST_3 : Operation 294 [1/1] (0.00ns)   --->   "%data_114_loc_load = load i16 %data_114_loc"   --->   Operation 294 'load' 'data_114_loc_load' <Predicate = true> <Delay = 0.00>
ST_3 : Operation 295 [1/1] (0.00ns)   --->   "%data_113_loc_load = load i16 %data_113_loc"   --->   Operation 295 'load' 'data_113_loc_load' <Predicate = true> <Delay = 0.00>
ST_3 : Operation 296 [1/1] (0.00ns)   --->   "%data_112_loc_load = load i16 %data_112_loc"   --->   Operation 296 'load' 'data_112_loc_load' <Predicate = true> <Delay = 0.00>
ST_3 : Operation 297 [1/1] (0.00ns)   --->   "%data_111_loc_load = load i16 %data_111_loc"   --->   Operation 297 'load' 'data_111_loc_load' <Predicate = true> <Delay = 0.00>
ST_3 : Operation 298 [1/1] (0.00ns)   --->   "%data_110_loc_load = load i16 %data_110_loc"   --->   Operation 298 'load' 'data_110_loc_load' <Predicate = true> <Delay = 0.00>
ST_3 : Operation 299 [1/1] (0.00ns)   --->   "%data_109_loc_load = load i16 %data_109_loc"   --->   Operation 299 'load' 'data_109_loc_load' <Predicate = true> <Delay = 0.00>
ST_3 : Operation 300 [1/1] (0.00ns)   --->   "%data_108_loc_load = load i16 %data_108_loc"   --->   Operation 300 'load' 'data_108_loc_load' <Predicate = true> <Delay = 0.00>
ST_3 : Operation 301 [1/1] (0.00ns)   --->   "%data_107_loc_load = load i16 %data_107_loc"   --->   Operation 301 'load' 'data_107_loc_load' <Predicate = true> <Delay = 0.00>
ST_3 : Operation 302 [1/1] (0.00ns)   --->   "%data_106_loc_load = load i16 %data_106_loc"   --->   Operation 302 'load' 'data_106_loc_load' <Predicate = true> <Delay = 0.00>
ST_3 : Operation 303 [1/1] (0.00ns)   --->   "%data_105_loc_load = load i16 %data_105_loc"   --->   Operation 303 'load' 'data_105_loc_load' <Predicate = true> <Delay = 0.00>
ST_3 : Operation 304 [1/1] (0.00ns)   --->   "%data_104_loc_load = load i16 %data_104_loc"   --->   Operation 304 'load' 'data_104_loc_load' <Predicate = true> <Delay = 0.00>
ST_3 : Operation 305 [1/1] (0.00ns)   --->   "%data_103_loc_load = load i16 %data_103_loc"   --->   Operation 305 'load' 'data_103_loc_load' <Predicate = true> <Delay = 0.00>
ST_3 : Operation 306 [1/1] (0.00ns)   --->   "%data_102_loc_load = load i16 %data_102_loc"   --->   Operation 306 'load' 'data_102_loc_load' <Predicate = true> <Delay = 0.00>
ST_3 : Operation 307 [1/1] (0.00ns)   --->   "%data_101_loc_load = load i16 %data_101_loc"   --->   Operation 307 'load' 'data_101_loc_load' <Predicate = true> <Delay = 0.00>
ST_3 : Operation 308 [1/1] (0.00ns)   --->   "%data_100_loc_load = load i16 %data_100_loc"   --->   Operation 308 'load' 'data_100_loc_load' <Predicate = true> <Delay = 0.00>
ST_3 : Operation 309 [1/1] (0.00ns)   --->   "%data_99_loc_load = load i16 %data_99_loc"   --->   Operation 309 'load' 'data_99_loc_load' <Predicate = true> <Delay = 0.00>
ST_3 : Operation 310 [1/1] (0.00ns)   --->   "%data_98_loc_load = load i16 %data_98_loc"   --->   Operation 310 'load' 'data_98_loc_load' <Predicate = true> <Delay = 0.00>
ST_3 : Operation 311 [1/1] (0.00ns)   --->   "%data_97_loc_load = load i16 %data_97_loc"   --->   Operation 311 'load' 'data_97_loc_load' <Predicate = true> <Delay = 0.00>
ST_3 : Operation 312 [1/1] (0.00ns)   --->   "%data_96_loc_load = load i16 %data_96_loc"   --->   Operation 312 'load' 'data_96_loc_load' <Predicate = true> <Delay = 0.00>
ST_3 : Operation 313 [1/1] (0.00ns)   --->   "%data_95_loc_load = load i16 %data_95_loc"   --->   Operation 313 'load' 'data_95_loc_load' <Predicate = true> <Delay = 0.00>
ST_3 : Operation 314 [1/1] (0.00ns)   --->   "%data_94_loc_load = load i16 %data_94_loc"   --->   Operation 314 'load' 'data_94_loc_load' <Predicate = true> <Delay = 0.00>
ST_3 : Operation 315 [1/1] (0.00ns)   --->   "%data_93_loc_load = load i16 %data_93_loc"   --->   Operation 315 'load' 'data_93_loc_load' <Predicate = true> <Delay = 0.00>
ST_3 : Operation 316 [1/1] (0.00ns)   --->   "%data_92_loc_load = load i16 %data_92_loc"   --->   Operation 316 'load' 'data_92_loc_load' <Predicate = true> <Delay = 0.00>
ST_3 : Operation 317 [1/1] (0.00ns)   --->   "%data_91_loc_load = load i16 %data_91_loc"   --->   Operation 317 'load' 'data_91_loc_load' <Predicate = true> <Delay = 0.00>
ST_3 : Operation 318 [1/1] (0.00ns)   --->   "%data_90_loc_load = load i16 %data_90_loc"   --->   Operation 318 'load' 'data_90_loc_load' <Predicate = true> <Delay = 0.00>
ST_3 : Operation 319 [1/1] (0.00ns)   --->   "%data_89_loc_load = load i16 %data_89_loc"   --->   Operation 319 'load' 'data_89_loc_load' <Predicate = true> <Delay = 0.00>
ST_3 : Operation 320 [1/1] (0.00ns)   --->   "%data_88_loc_load = load i16 %data_88_loc"   --->   Operation 320 'load' 'data_88_loc_load' <Predicate = true> <Delay = 0.00>
ST_3 : Operation 321 [1/1] (0.00ns)   --->   "%data_87_loc_load = load i16 %data_87_loc"   --->   Operation 321 'load' 'data_87_loc_load' <Predicate = true> <Delay = 0.00>
ST_3 : Operation 322 [1/1] (0.00ns)   --->   "%data_86_loc_load = load i16 %data_86_loc"   --->   Operation 322 'load' 'data_86_loc_load' <Predicate = true> <Delay = 0.00>
ST_3 : Operation 323 [1/1] (0.00ns)   --->   "%data_85_loc_load = load i16 %data_85_loc"   --->   Operation 323 'load' 'data_85_loc_load' <Predicate = true> <Delay = 0.00>
ST_3 : Operation 324 [1/1] (0.00ns)   --->   "%data_84_loc_load = load i16 %data_84_loc"   --->   Operation 324 'load' 'data_84_loc_load' <Predicate = true> <Delay = 0.00>
ST_3 : Operation 325 [1/1] (0.00ns)   --->   "%data_83_loc_load = load i16 %data_83_loc"   --->   Operation 325 'load' 'data_83_loc_load' <Predicate = true> <Delay = 0.00>
ST_3 : Operation 326 [1/1] (0.00ns)   --->   "%data_82_loc_load = load i16 %data_82_loc"   --->   Operation 326 'load' 'data_82_loc_load' <Predicate = true> <Delay = 0.00>
ST_3 : Operation 327 [1/1] (0.00ns)   --->   "%data_81_loc_load = load i16 %data_81_loc"   --->   Operation 327 'load' 'data_81_loc_load' <Predicate = true> <Delay = 0.00>
ST_3 : Operation 328 [1/1] (0.00ns)   --->   "%data_80_loc_load = load i16 %data_80_loc"   --->   Operation 328 'load' 'data_80_loc_load' <Predicate = true> <Delay = 0.00>
ST_3 : Operation 329 [1/1] (0.00ns)   --->   "%data_79_loc_load = load i16 %data_79_loc"   --->   Operation 329 'load' 'data_79_loc_load' <Predicate = true> <Delay = 0.00>
ST_3 : Operation 330 [1/1] (0.00ns)   --->   "%data_78_loc_load = load i16 %data_78_loc"   --->   Operation 330 'load' 'data_78_loc_load' <Predicate = true> <Delay = 0.00>
ST_3 : Operation 331 [1/1] (0.00ns)   --->   "%data_77_loc_load = load i16 %data_77_loc"   --->   Operation 331 'load' 'data_77_loc_load' <Predicate = true> <Delay = 0.00>
ST_3 : Operation 332 [1/1] (0.00ns)   --->   "%data_76_loc_load = load i16 %data_76_loc"   --->   Operation 332 'load' 'data_76_loc_load' <Predicate = true> <Delay = 0.00>
ST_3 : Operation 333 [1/1] (0.00ns)   --->   "%data_75_loc_load = load i16 %data_75_loc"   --->   Operation 333 'load' 'data_75_loc_load' <Predicate = true> <Delay = 0.00>
ST_3 : Operation 334 [1/1] (0.00ns)   --->   "%data_74_loc_load = load i16 %data_74_loc"   --->   Operation 334 'load' 'data_74_loc_load' <Predicate = true> <Delay = 0.00>
ST_3 : Operation 335 [1/1] (0.00ns)   --->   "%data_73_loc_load = load i16 %data_73_loc"   --->   Operation 335 'load' 'data_73_loc_load' <Predicate = true> <Delay = 0.00>
ST_3 : Operation 336 [1/1] (0.00ns)   --->   "%data_72_loc_load = load i16 %data_72_loc"   --->   Operation 336 'load' 'data_72_loc_load' <Predicate = true> <Delay = 0.00>
ST_3 : Operation 337 [1/1] (0.00ns)   --->   "%data_71_loc_load = load i16 %data_71_loc"   --->   Operation 337 'load' 'data_71_loc_load' <Predicate = true> <Delay = 0.00>
ST_3 : Operation 338 [1/1] (0.00ns)   --->   "%data_70_loc_load = load i16 %data_70_loc"   --->   Operation 338 'load' 'data_70_loc_load' <Predicate = true> <Delay = 0.00>
ST_3 : Operation 339 [1/1] (0.00ns)   --->   "%data_69_loc_load = load i16 %data_69_loc"   --->   Operation 339 'load' 'data_69_loc_load' <Predicate = true> <Delay = 0.00>
ST_3 : Operation 340 [1/1] (0.00ns)   --->   "%data_68_loc_load = load i16 %data_68_loc"   --->   Operation 340 'load' 'data_68_loc_load' <Predicate = true> <Delay = 0.00>
ST_3 : Operation 341 [1/1] (0.00ns)   --->   "%data_67_loc_load = load i16 %data_67_loc"   --->   Operation 341 'load' 'data_67_loc_load' <Predicate = true> <Delay = 0.00>
ST_3 : Operation 342 [1/1] (0.00ns)   --->   "%data_66_loc_load = load i16 %data_66_loc"   --->   Operation 342 'load' 'data_66_loc_load' <Predicate = true> <Delay = 0.00>
ST_3 : Operation 343 [1/1] (0.00ns)   --->   "%data_65_loc_load = load i16 %data_65_loc"   --->   Operation 343 'load' 'data_65_loc_load' <Predicate = true> <Delay = 0.00>
ST_3 : Operation 344 [1/1] (0.00ns)   --->   "%data_64_loc_load = load i16 %data_64_loc"   --->   Operation 344 'load' 'data_64_loc_load' <Predicate = true> <Delay = 0.00>
ST_3 : Operation 345 [1/1] (0.00ns)   --->   "%data_63_loc_load = load i16 %data_63_loc"   --->   Operation 345 'load' 'data_63_loc_load' <Predicate = true> <Delay = 0.00>
ST_3 : Operation 346 [1/1] (0.00ns)   --->   "%data_62_loc_load = load i16 %data_62_loc"   --->   Operation 346 'load' 'data_62_loc_load' <Predicate = true> <Delay = 0.00>
ST_3 : Operation 347 [1/1] (0.00ns)   --->   "%data_61_loc_load = load i16 %data_61_loc"   --->   Operation 347 'load' 'data_61_loc_load' <Predicate = true> <Delay = 0.00>
ST_3 : Operation 348 [1/1] (0.00ns)   --->   "%data_60_loc_load = load i16 %data_60_loc"   --->   Operation 348 'load' 'data_60_loc_load' <Predicate = true> <Delay = 0.00>
ST_3 : Operation 349 [1/1] (0.00ns)   --->   "%data_59_loc_load = load i16 %data_59_loc"   --->   Operation 349 'load' 'data_59_loc_load' <Predicate = true> <Delay = 0.00>
ST_3 : Operation 350 [1/1] (0.00ns)   --->   "%data_58_loc_load = load i16 %data_58_loc"   --->   Operation 350 'load' 'data_58_loc_load' <Predicate = true> <Delay = 0.00>
ST_3 : Operation 351 [1/1] (0.00ns)   --->   "%data_57_loc_load = load i16 %data_57_loc"   --->   Operation 351 'load' 'data_57_loc_load' <Predicate = true> <Delay = 0.00>
ST_3 : Operation 352 [1/1] (0.00ns)   --->   "%data_56_loc_load = load i16 %data_56_loc"   --->   Operation 352 'load' 'data_56_loc_load' <Predicate = true> <Delay = 0.00>
ST_3 : Operation 353 [1/1] (0.00ns)   --->   "%data_55_loc_load = load i16 %data_55_loc"   --->   Operation 353 'load' 'data_55_loc_load' <Predicate = true> <Delay = 0.00>
ST_3 : Operation 354 [1/1] (0.00ns)   --->   "%data_54_loc_load = load i16 %data_54_loc"   --->   Operation 354 'load' 'data_54_loc_load' <Predicate = true> <Delay = 0.00>
ST_3 : Operation 355 [1/1] (0.00ns)   --->   "%data_53_loc_load = load i16 %data_53_loc"   --->   Operation 355 'load' 'data_53_loc_load' <Predicate = true> <Delay = 0.00>
ST_3 : Operation 356 [1/1] (0.00ns)   --->   "%data_52_loc_load = load i16 %data_52_loc"   --->   Operation 356 'load' 'data_52_loc_load' <Predicate = true> <Delay = 0.00>
ST_3 : Operation 357 [1/1] (0.00ns)   --->   "%data_51_loc_load = load i16 %data_51_loc"   --->   Operation 357 'load' 'data_51_loc_load' <Predicate = true> <Delay = 0.00>
ST_3 : Operation 358 [1/1] (0.00ns)   --->   "%data_50_loc_load = load i16 %data_50_loc"   --->   Operation 358 'load' 'data_50_loc_load' <Predicate = true> <Delay = 0.00>
ST_3 : Operation 359 [1/1] (0.00ns)   --->   "%data_49_loc_load = load i16 %data_49_loc"   --->   Operation 359 'load' 'data_49_loc_load' <Predicate = true> <Delay = 0.00>
ST_3 : Operation 360 [1/1] (0.00ns)   --->   "%data_48_loc_load = load i16 %data_48_loc"   --->   Operation 360 'load' 'data_48_loc_load' <Predicate = true> <Delay = 0.00>
ST_3 : Operation 361 [1/1] (0.00ns)   --->   "%data_47_loc_load = load i16 %data_47_loc"   --->   Operation 361 'load' 'data_47_loc_load' <Predicate = true> <Delay = 0.00>
ST_3 : Operation 362 [1/1] (0.00ns)   --->   "%data_46_loc_load = load i16 %data_46_loc"   --->   Operation 362 'load' 'data_46_loc_load' <Predicate = true> <Delay = 0.00>
ST_3 : Operation 363 [1/1] (0.00ns)   --->   "%data_45_loc_load = load i16 %data_45_loc"   --->   Operation 363 'load' 'data_45_loc_load' <Predicate = true> <Delay = 0.00>
ST_3 : Operation 364 [1/1] (0.00ns)   --->   "%data_44_loc_load = load i16 %data_44_loc"   --->   Operation 364 'load' 'data_44_loc_load' <Predicate = true> <Delay = 0.00>
ST_3 : Operation 365 [1/1] (0.00ns)   --->   "%data_43_loc_load = load i16 %data_43_loc"   --->   Operation 365 'load' 'data_43_loc_load' <Predicate = true> <Delay = 0.00>
ST_3 : Operation 366 [1/1] (0.00ns)   --->   "%data_42_loc_load = load i16 %data_42_loc"   --->   Operation 366 'load' 'data_42_loc_load' <Predicate = true> <Delay = 0.00>
ST_3 : Operation 367 [1/1] (0.00ns)   --->   "%data_41_loc_load = load i16 %data_41_loc"   --->   Operation 367 'load' 'data_41_loc_load' <Predicate = true> <Delay = 0.00>
ST_3 : Operation 368 [1/1] (0.00ns)   --->   "%data_40_loc_load = load i16 %data_40_loc"   --->   Operation 368 'load' 'data_40_loc_load' <Predicate = true> <Delay = 0.00>
ST_3 : Operation 369 [1/1] (0.00ns)   --->   "%data_39_loc_load = load i16 %data_39_loc"   --->   Operation 369 'load' 'data_39_loc_load' <Predicate = true> <Delay = 0.00>
ST_3 : Operation 370 [1/1] (0.00ns)   --->   "%data_38_loc_load = load i16 %data_38_loc"   --->   Operation 370 'load' 'data_38_loc_load' <Predicate = true> <Delay = 0.00>
ST_3 : Operation 371 [1/1] (0.00ns)   --->   "%data_37_loc_load = load i16 %data_37_loc"   --->   Operation 371 'load' 'data_37_loc_load' <Predicate = true> <Delay = 0.00>
ST_3 : Operation 372 [1/1] (0.00ns)   --->   "%data_36_loc_load = load i16 %data_36_loc"   --->   Operation 372 'load' 'data_36_loc_load' <Predicate = true> <Delay = 0.00>
ST_3 : Operation 373 [1/1] (0.00ns)   --->   "%data_35_loc_load = load i16 %data_35_loc"   --->   Operation 373 'load' 'data_35_loc_load' <Predicate = true> <Delay = 0.00>
ST_3 : Operation 374 [1/1] (0.00ns)   --->   "%data_34_loc_load = load i16 %data_34_loc"   --->   Operation 374 'load' 'data_34_loc_load' <Predicate = true> <Delay = 0.00>
ST_3 : Operation 375 [1/1] (0.00ns)   --->   "%data_33_loc_load = load i16 %data_33_loc"   --->   Operation 375 'load' 'data_33_loc_load' <Predicate = true> <Delay = 0.00>
ST_3 : Operation 376 [1/1] (0.00ns)   --->   "%data_32_loc_load = load i16 %data_32_loc"   --->   Operation 376 'load' 'data_32_loc_load' <Predicate = true> <Delay = 0.00>
ST_3 : Operation 377 [1/1] (0.00ns)   --->   "%data_31_loc_load = load i16 %data_31_loc"   --->   Operation 377 'load' 'data_31_loc_load' <Predicate = true> <Delay = 0.00>
ST_3 : Operation 378 [1/1] (0.00ns)   --->   "%data_30_loc_load = load i16 %data_30_loc"   --->   Operation 378 'load' 'data_30_loc_load' <Predicate = true> <Delay = 0.00>
ST_3 : Operation 379 [1/1] (0.00ns)   --->   "%data_29_loc_load = load i16 %data_29_loc"   --->   Operation 379 'load' 'data_29_loc_load' <Predicate = true> <Delay = 0.00>
ST_3 : Operation 380 [1/1] (0.00ns)   --->   "%data_28_loc_load = load i16 %data_28_loc"   --->   Operation 380 'load' 'data_28_loc_load' <Predicate = true> <Delay = 0.00>
ST_3 : Operation 381 [1/1] (0.00ns)   --->   "%data_27_loc_load = load i16 %data_27_loc"   --->   Operation 381 'load' 'data_27_loc_load' <Predicate = true> <Delay = 0.00>
ST_3 : Operation 382 [1/1] (0.00ns)   --->   "%data_26_loc_load = load i16 %data_26_loc"   --->   Operation 382 'load' 'data_26_loc_load' <Predicate = true> <Delay = 0.00>
ST_3 : Operation 383 [1/1] (0.00ns)   --->   "%data_25_loc_load = load i16 %data_25_loc"   --->   Operation 383 'load' 'data_25_loc_load' <Predicate = true> <Delay = 0.00>
ST_3 : Operation 384 [1/1] (0.00ns)   --->   "%data_24_loc_load = load i16 %data_24_loc"   --->   Operation 384 'load' 'data_24_loc_load' <Predicate = true> <Delay = 0.00>
ST_3 : Operation 385 [1/1] (0.00ns)   --->   "%data_23_loc_load = load i16 %data_23_loc"   --->   Operation 385 'load' 'data_23_loc_load' <Predicate = true> <Delay = 0.00>
ST_3 : Operation 386 [1/1] (0.00ns)   --->   "%data_22_loc_load = load i16 %data_22_loc"   --->   Operation 386 'load' 'data_22_loc_load' <Predicate = true> <Delay = 0.00>
ST_3 : Operation 387 [1/1] (0.00ns)   --->   "%data_21_loc_load = load i16 %data_21_loc"   --->   Operation 387 'load' 'data_21_loc_load' <Predicate = true> <Delay = 0.00>
ST_3 : Operation 388 [1/1] (0.00ns)   --->   "%data_20_loc_load = load i16 %data_20_loc"   --->   Operation 388 'load' 'data_20_loc_load' <Predicate = true> <Delay = 0.00>
ST_3 : Operation 389 [1/1] (0.00ns)   --->   "%data_19_loc_load = load i16 %data_19_loc"   --->   Operation 389 'load' 'data_19_loc_load' <Predicate = true> <Delay = 0.00>
ST_3 : Operation 390 [1/1] (0.00ns)   --->   "%data_18_loc_load = load i16 %data_18_loc"   --->   Operation 390 'load' 'data_18_loc_load' <Predicate = true> <Delay = 0.00>
ST_3 : Operation 391 [1/1] (0.00ns)   --->   "%data_17_loc_load = load i16 %data_17_loc"   --->   Operation 391 'load' 'data_17_loc_load' <Predicate = true> <Delay = 0.00>
ST_3 : Operation 392 [1/1] (0.00ns)   --->   "%data_16_loc_load = load i16 %data_16_loc"   --->   Operation 392 'load' 'data_16_loc_load' <Predicate = true> <Delay = 0.00>
ST_3 : Operation 393 [1/1] (0.00ns)   --->   "%data_15_loc_load = load i16 %data_15_loc"   --->   Operation 393 'load' 'data_15_loc_load' <Predicate = true> <Delay = 0.00>
ST_3 : Operation 394 [1/1] (0.00ns)   --->   "%data_14_loc_load = load i16 %data_14_loc"   --->   Operation 394 'load' 'data_14_loc_load' <Predicate = true> <Delay = 0.00>
ST_3 : Operation 395 [1/1] (0.00ns)   --->   "%data_13_loc_load = load i16 %data_13_loc"   --->   Operation 395 'load' 'data_13_loc_load' <Predicate = true> <Delay = 0.00>
ST_3 : Operation 396 [1/1] (0.00ns)   --->   "%data_12_loc_load = load i16 %data_12_loc"   --->   Operation 396 'load' 'data_12_loc_load' <Predicate = true> <Delay = 0.00>
ST_3 : Operation 397 [1/1] (0.00ns)   --->   "%data_11_loc_load = load i16 %data_11_loc"   --->   Operation 397 'load' 'data_11_loc_load' <Predicate = true> <Delay = 0.00>
ST_3 : Operation 398 [1/1] (0.00ns)   --->   "%data_10_loc_load = load i16 %data_10_loc"   --->   Operation 398 'load' 'data_10_loc_load' <Predicate = true> <Delay = 0.00>
ST_3 : Operation 399 [1/1] (0.00ns)   --->   "%data_9_loc_load = load i16 %data_9_loc"   --->   Operation 399 'load' 'data_9_loc_load' <Predicate = true> <Delay = 0.00>
ST_3 : Operation 400 [1/1] (0.00ns)   --->   "%data_8_loc_load = load i16 %data_8_loc"   --->   Operation 400 'load' 'data_8_loc_load' <Predicate = true> <Delay = 0.00>
ST_3 : Operation 401 [1/1] (0.00ns)   --->   "%data_7_loc_load = load i16 %data_7_loc"   --->   Operation 401 'load' 'data_7_loc_load' <Predicate = true> <Delay = 0.00>
ST_3 : Operation 402 [1/1] (0.00ns)   --->   "%data_6_loc_load = load i16 %data_6_loc"   --->   Operation 402 'load' 'data_6_loc_load' <Predicate = true> <Delay = 0.00>
ST_3 : Operation 403 [1/1] (0.00ns)   --->   "%data_5_loc_load = load i16 %data_5_loc"   --->   Operation 403 'load' 'data_5_loc_load' <Predicate = true> <Delay = 0.00>
ST_3 : Operation 404 [1/1] (0.00ns)   --->   "%data_4_loc_load = load i16 %data_4_loc"   --->   Operation 404 'load' 'data_4_loc_load' <Predicate = true> <Delay = 0.00>
ST_3 : Operation 405 [1/1] (0.00ns)   --->   "%data_3_loc_load = load i16 %data_3_loc"   --->   Operation 405 'load' 'data_3_loc_load' <Predicate = true> <Delay = 0.00>
ST_3 : Operation 406 [1/1] (0.00ns)   --->   "%data_2_loc_load = load i16 %data_2_loc"   --->   Operation 406 'load' 'data_2_loc_load' <Predicate = true> <Delay = 0.00>
ST_3 : Operation 407 [1/1] (0.00ns)   --->   "%data_1_loc_load = load i16 %data_1_loc"   --->   Operation 407 'load' 'data_1_loc_load' <Predicate = true> <Delay = 0.00>
ST_3 : Operation 408 [1/1] (0.00ns)   --->   "%data_loc_load = load i16 %data_loc"   --->   Operation 408 'load' 'data_loc_load' <Predicate = true> <Delay = 0.00>
ST_3 : Operation 409 [2/2] (7.55ns)   --->   "%call_ret = call i384 @dense_resource_rf_gt_nin_rem0<ap_fixed,ap_fixed<16,6,5,3,0>,config25>, i16 %data_184_loc_load, i16 %data_185_loc_load, i16 %data_186_loc_load, i16 %data_187_loc_load, i16 %data_188_loc_load, i16 %data_189_loc_load, i16 %data_190_loc_load, i16 %data_191_loc_load, i16 %data_176_loc_load, i16 %data_177_loc_load, i16 %data_178_loc_load, i16 %data_179_loc_load, i16 %data_180_loc_load, i16 %data_181_loc_load, i16 %data_182_loc_load, i16 %data_183_loc_load, i16 %data_168_loc_load, i16 %data_169_loc_load, i16 %data_170_loc_load, i16 %data_171_loc_load, i16 %data_172_loc_load, i16 %data_173_loc_load, i16 %data_174_loc_load, i16 %data_175_loc_load, i16 %data_160_loc_load, i16 %data_161_loc_load, i16 %data_162_loc_load, i16 %data_163_loc_load, i16 %data_164_loc_load, i16 %data_165_loc_load, i16 %data_166_loc_load, i16 %data_167_loc_load, i16 %data_152_loc_load, i16 %data_153_loc_load, i16 %data_154_loc_load, i16 %data_155_loc_load, i16 %data_156_loc_load, i16 %data_157_loc_load, i16 %data_158_loc_load, i16 %data_159_loc_load, i16 %data_144_loc_load, i16 %data_145_loc_load, i16 %data_146_loc_load, i16 %data_147_loc_load, i16 %data_148_loc_load, i16 %data_149_loc_load, i16 %data_150_loc_load, i16 %data_151_loc_load, i16 %data_136_loc_load, i16 %data_137_loc_load, i16 %data_138_loc_load, i16 %data_139_loc_load, i16 %data_140_loc_load, i16 %data_141_loc_load, i16 %data_142_loc_load, i16 %data_143_loc_load, i16 %data_128_loc_load, i16 %data_129_loc_load, i16 %data_130_loc_load, i16 %data_131_loc_load, i16 %data_132_loc_load, i16 %data_133_loc_load, i16 %data_134_loc_load, i16 %data_135_loc_load, i16 %data_120_loc_load, i16 %data_121_loc_load, i16 %data_122_loc_load, i16 %data_123_loc_load, i16 %data_124_loc_load, i16 %data_125_loc_load, i16 %data_126_loc_load, i16 %data_127_loc_load, i16 %data_112_loc_load, i16 %data_113_loc_load, i16 %data_114_loc_load, i16 %data_115_loc_load, i16 %data_116_loc_load, i16 %data_117_loc_load, i16 %data_118_loc_load, i16 %data_119_loc_load, i16 %data_104_loc_load, i16 %data_105_loc_load, i16 %data_106_loc_load, i16 %data_107_loc_load, i16 %data_108_loc_load, i16 %data_109_loc_load, i16 %data_110_loc_load, i16 %data_111_loc_load, i16 %data_96_loc_load, i16 %data_97_loc_load, i16 %data_98_loc_load, i16 %data_99_loc_load, i16 %data_100_loc_load, i16 %data_101_loc_load, i16 %data_102_loc_load, i16 %data_103_loc_load, i16 %data_88_loc_load, i16 %data_89_loc_load, i16 %data_90_loc_load, i16 %data_91_loc_load, i16 %data_92_loc_load, i16 %data_93_loc_load, i16 %data_94_loc_load, i16 %data_95_loc_load, i16 %data_80_loc_load, i16 %data_81_loc_load, i16 %data_82_loc_load, i16 %data_83_loc_load, i16 %data_84_loc_load, i16 %data_85_loc_load, i16 %data_86_loc_load, i16 %data_87_loc_load, i16 %data_72_loc_load, i16 %data_73_loc_load, i16 %data_74_loc_load, i16 %data_75_loc_load, i16 %data_76_loc_load, i16 %data_77_loc_load, i16 %data_78_loc_load, i16 %data_79_loc_load, i16 %data_64_loc_load, i16 %data_65_loc_load, i16 %data_66_loc_load, i16 %data_67_loc_load, i16 %data_68_loc_load, i16 %data_69_loc_load, i16 %data_70_loc_load, i16 %data_71_loc_load, i16 %data_56_loc_load, i16 %data_57_loc_load, i16 %data_58_loc_load, i16 %data_59_loc_load, i16 %data_60_loc_load, i16 %data_61_loc_load, i16 %data_62_loc_load, i16 %data_63_loc_load, i16 %data_48_loc_load, i16 %data_49_loc_load, i16 %data_50_loc_load, i16 %data_51_loc_load, i16 %data_52_loc_load, i16 %data_53_loc_load, i16 %data_54_loc_load, i16 %data_55_loc_load, i16 %data_40_loc_load, i16 %data_41_loc_load, i16 %data_42_loc_load, i16 %data_43_loc_load, i16 %data_44_loc_load, i16 %data_45_loc_load, i16 %data_46_loc_load, i16 %data_47_loc_load, i16 %data_32_loc_load, i16 %data_33_loc_load, i16 %data_34_loc_load, i16 %data_35_loc_load, i16 %data_36_loc_load, i16 %data_37_loc_load, i16 %data_38_loc_load, i16 %data_39_loc_load, i16 %data_24_loc_load, i16 %data_25_loc_load, i16 %data_26_loc_load, i16 %data_27_loc_load, i16 %data_28_loc_load, i16 %data_29_loc_load, i16 %data_30_loc_load, i16 %data_31_loc_load, i16 %data_16_loc_load, i16 %data_17_loc_load, i16 %data_18_loc_load, i16 %data_19_loc_load, i16 %data_20_loc_load, i16 %data_21_loc_load, i16 %data_22_loc_load, i16 %data_23_loc_load, i16 %data_8_loc_load, i16 %data_9_loc_load, i16 %data_10_loc_load, i16 %data_11_loc_load, i16 %data_12_loc_load, i16 %data_13_loc_load, i16 %data_14_loc_load, i16 %data_15_loc_load, i16 %data_loc_load, i16 %data_1_loc_load, i16 %data_2_loc_load, i16 %data_3_loc_load, i16 %data_4_loc_load, i16 %data_5_loc_load, i16 %data_6_loc_load, i16 %data_7_loc_load, i16 %data_192_loc_load, i16 %data_193_loc_load, i16 %data_194_loc_load, i16 %data_195_loc_load, i16 %data_196_loc_load, i16 %data_197_loc_load, i16 %data_198_loc_load, i16 %data_199_loc_load, i5 %outidx_57, i12 %w25" [firmware/nnet_utils/nnet_dense_resource.h:264->firmware/nnet_utils/nnet_dense_stream.h:24->firmware/nnet_utils/nnet_dense_stream.h:97]   --->   Operation 409 'call' 'call_ret' <Predicate = true> <Delay = 7.55> <CoreType = "Generic">   --->   Generic Core

State 4 <SV = 3> <Delay = 3.47>
ST_4 : Operation 410 [1/2] (3.47ns)   --->   "%call_ret = call i384 @dense_resource_rf_gt_nin_rem0<ap_fixed,ap_fixed<16,6,5,3,0>,config25>, i16 %data_184_loc_load, i16 %data_185_loc_load, i16 %data_186_loc_load, i16 %data_187_loc_load, i16 %data_188_loc_load, i16 %data_189_loc_load, i16 %data_190_loc_load, i16 %data_191_loc_load, i16 %data_176_loc_load, i16 %data_177_loc_load, i16 %data_178_loc_load, i16 %data_179_loc_load, i16 %data_180_loc_load, i16 %data_181_loc_load, i16 %data_182_loc_load, i16 %data_183_loc_load, i16 %data_168_loc_load, i16 %data_169_loc_load, i16 %data_170_loc_load, i16 %data_171_loc_load, i16 %data_172_loc_load, i16 %data_173_loc_load, i16 %data_174_loc_load, i16 %data_175_loc_load, i16 %data_160_loc_load, i16 %data_161_loc_load, i16 %data_162_loc_load, i16 %data_163_loc_load, i16 %data_164_loc_load, i16 %data_165_loc_load, i16 %data_166_loc_load, i16 %data_167_loc_load, i16 %data_152_loc_load, i16 %data_153_loc_load, i16 %data_154_loc_load, i16 %data_155_loc_load, i16 %data_156_loc_load, i16 %data_157_loc_load, i16 %data_158_loc_load, i16 %data_159_loc_load, i16 %data_144_loc_load, i16 %data_145_loc_load, i16 %data_146_loc_load, i16 %data_147_loc_load, i16 %data_148_loc_load, i16 %data_149_loc_load, i16 %data_150_loc_load, i16 %data_151_loc_load, i16 %data_136_loc_load, i16 %data_137_loc_load, i16 %data_138_loc_load, i16 %data_139_loc_load, i16 %data_140_loc_load, i16 %data_141_loc_load, i16 %data_142_loc_load, i16 %data_143_loc_load, i16 %data_128_loc_load, i16 %data_129_loc_load, i16 %data_130_loc_load, i16 %data_131_loc_load, i16 %data_132_loc_load, i16 %data_133_loc_load, i16 %data_134_loc_load, i16 %data_135_loc_load, i16 %data_120_loc_load, i16 %data_121_loc_load, i16 %data_122_loc_load, i16 %data_123_loc_load, i16 %data_124_loc_load, i16 %data_125_loc_load, i16 %data_126_loc_load, i16 %data_127_loc_load, i16 %data_112_loc_load, i16 %data_113_loc_load, i16 %data_114_loc_load, i16 %data_115_loc_load, i16 %data_116_loc_load, i16 %data_117_loc_load, i16 %data_118_loc_load, i16 %data_119_loc_load, i16 %data_104_loc_load, i16 %data_105_loc_load, i16 %data_106_loc_load, i16 %data_107_loc_load, i16 %data_108_loc_load, i16 %data_109_loc_load, i16 %data_110_loc_load, i16 %data_111_loc_load, i16 %data_96_loc_load, i16 %data_97_loc_load, i16 %data_98_loc_load, i16 %data_99_loc_load, i16 %data_100_loc_load, i16 %data_101_loc_load, i16 %data_102_loc_load, i16 %data_103_loc_load, i16 %data_88_loc_load, i16 %data_89_loc_load, i16 %data_90_loc_load, i16 %data_91_loc_load, i16 %data_92_loc_load, i16 %data_93_loc_load, i16 %data_94_loc_load, i16 %data_95_loc_load, i16 %data_80_loc_load, i16 %data_81_loc_load, i16 %data_82_loc_load, i16 %data_83_loc_load, i16 %data_84_loc_load, i16 %data_85_loc_load, i16 %data_86_loc_load, i16 %data_87_loc_load, i16 %data_72_loc_load, i16 %data_73_loc_load, i16 %data_74_loc_load, i16 %data_75_loc_load, i16 %data_76_loc_load, i16 %data_77_loc_load, i16 %data_78_loc_load, i16 %data_79_loc_load, i16 %data_64_loc_load, i16 %data_65_loc_load, i16 %data_66_loc_load, i16 %data_67_loc_load, i16 %data_68_loc_load, i16 %data_69_loc_load, i16 %data_70_loc_load, i16 %data_71_loc_load, i16 %data_56_loc_load, i16 %data_57_loc_load, i16 %data_58_loc_load, i16 %data_59_loc_load, i16 %data_60_loc_load, i16 %data_61_loc_load, i16 %data_62_loc_load, i16 %data_63_loc_load, i16 %data_48_loc_load, i16 %data_49_loc_load, i16 %data_50_loc_load, i16 %data_51_loc_load, i16 %data_52_loc_load, i16 %data_53_loc_load, i16 %data_54_loc_load, i16 %data_55_loc_load, i16 %data_40_loc_load, i16 %data_41_loc_load, i16 %data_42_loc_load, i16 %data_43_loc_load, i16 %data_44_loc_load, i16 %data_45_loc_load, i16 %data_46_loc_load, i16 %data_47_loc_load, i16 %data_32_loc_load, i16 %data_33_loc_load, i16 %data_34_loc_load, i16 %data_35_loc_load, i16 %data_36_loc_load, i16 %data_37_loc_load, i16 %data_38_loc_load, i16 %data_39_loc_load, i16 %data_24_loc_load, i16 %data_25_loc_load, i16 %data_26_loc_load, i16 %data_27_loc_load, i16 %data_28_loc_load, i16 %data_29_loc_load, i16 %data_30_loc_load, i16 %data_31_loc_load, i16 %data_16_loc_load, i16 %data_17_loc_load, i16 %data_18_loc_load, i16 %data_19_loc_load, i16 %data_20_loc_load, i16 %data_21_loc_load, i16 %data_22_loc_load, i16 %data_23_loc_load, i16 %data_8_loc_load, i16 %data_9_loc_load, i16 %data_10_loc_load, i16 %data_11_loc_load, i16 %data_12_loc_load, i16 %data_13_loc_load, i16 %data_14_loc_load, i16 %data_15_loc_load, i16 %data_loc_load, i16 %data_1_loc_load, i16 %data_2_loc_load, i16 %data_3_loc_load, i16 %data_4_loc_load, i16 %data_5_loc_load, i16 %data_6_loc_load, i16 %data_7_loc_load, i16 %data_192_loc_load, i16 %data_193_loc_load, i16 %data_194_loc_load, i16 %data_195_loc_load, i16 %data_196_loc_load, i16 %data_197_loc_load, i16 %data_198_loc_load, i16 %data_199_loc_load, i5 %outidx_57, i12 %w25" [firmware/nnet_utils/nnet_dense_resource.h:264->firmware/nnet_utils/nnet_dense_stream.h:24->firmware/nnet_utils/nnet_dense_stream.h:97]   --->   Operation 410 'call' 'call_ret' <Predicate = true> <Delay = 3.47> <CoreType = "Generic">   --->   Generic Core
ST_4 : Operation 411 [1/1] (0.00ns)   --->   "%res = extractvalue i384 %call_ret" [firmware/nnet_utils/nnet_dense_resource.h:264->firmware/nnet_utils/nnet_dense_stream.h:24->firmware/nnet_utils/nnet_dense_stream.h:97]   --->   Operation 411 'extractvalue' 'res' <Predicate = true> <Delay = 0.00>
ST_4 : Operation 412 [1/1] (0.00ns)   --->   "%res_1 = extractvalue i384 %call_ret" [firmware/nnet_utils/nnet_dense_resource.h:264->firmware/nnet_utils/nnet_dense_stream.h:24->firmware/nnet_utils/nnet_dense_stream.h:97]   --->   Operation 412 'extractvalue' 'res_1' <Predicate = true> <Delay = 0.00>
ST_4 : Operation 413 [1/1] (0.00ns)   --->   "%res_2 = extractvalue i384 %call_ret" [firmware/nnet_utils/nnet_dense_resource.h:264->firmware/nnet_utils/nnet_dense_stream.h:24->firmware/nnet_utils/nnet_dense_stream.h:97]   --->   Operation 413 'extractvalue' 'res_2' <Predicate = true> <Delay = 0.00>
ST_4 : Operation 414 [1/1] (0.00ns)   --->   "%res_3 = extractvalue i384 %call_ret" [firmware/nnet_utils/nnet_dense_resource.h:264->firmware/nnet_utils/nnet_dense_stream.h:24->firmware/nnet_utils/nnet_dense_stream.h:97]   --->   Operation 414 'extractvalue' 'res_3' <Predicate = true> <Delay = 0.00>
ST_4 : Operation 415 [1/1] (0.00ns)   --->   "%res_4 = extractvalue i384 %call_ret" [firmware/nnet_utils/nnet_dense_resource.h:264->firmware/nnet_utils/nnet_dense_stream.h:24->firmware/nnet_utils/nnet_dense_stream.h:97]   --->   Operation 415 'extractvalue' 'res_4' <Predicate = true> <Delay = 0.00>
ST_4 : Operation 416 [1/1] (0.00ns)   --->   "%res_5 = extractvalue i384 %call_ret" [firmware/nnet_utils/nnet_dense_resource.h:264->firmware/nnet_utils/nnet_dense_stream.h:24->firmware/nnet_utils/nnet_dense_stream.h:97]   --->   Operation 416 'extractvalue' 'res_5' <Predicate = true> <Delay = 0.00>
ST_4 : Operation 417 [1/1] (0.00ns)   --->   "%res_6 = extractvalue i384 %call_ret" [firmware/nnet_utils/nnet_dense_resource.h:264->firmware/nnet_utils/nnet_dense_stream.h:24->firmware/nnet_utils/nnet_dense_stream.h:97]   --->   Operation 417 'extractvalue' 'res_6' <Predicate = true> <Delay = 0.00>
ST_4 : Operation 418 [1/1] (0.00ns)   --->   "%res_7 = extractvalue i384 %call_ret" [firmware/nnet_utils/nnet_dense_resource.h:264->firmware/nnet_utils/nnet_dense_stream.h:24->firmware/nnet_utils/nnet_dense_stream.h:97]   --->   Operation 418 'extractvalue' 'res_7' <Predicate = true> <Delay = 0.00>
ST_4 : Operation 419 [1/1] (0.00ns)   --->   "%res_8 = extractvalue i384 %call_ret" [firmware/nnet_utils/nnet_dense_resource.h:264->firmware/nnet_utils/nnet_dense_stream.h:24->firmware/nnet_utils/nnet_dense_stream.h:97]   --->   Operation 419 'extractvalue' 'res_8' <Predicate = true> <Delay = 0.00>
ST_4 : Operation 420 [1/1] (0.00ns)   --->   "%res_9 = extractvalue i384 %call_ret" [firmware/nnet_utils/nnet_dense_resource.h:264->firmware/nnet_utils/nnet_dense_stream.h:24->firmware/nnet_utils/nnet_dense_stream.h:97]   --->   Operation 420 'extractvalue' 'res_9' <Predicate = true> <Delay = 0.00>
ST_4 : Operation 421 [1/1] (0.00ns)   --->   "%res_10 = extractvalue i384 %call_ret" [firmware/nnet_utils/nnet_dense_resource.h:264->firmware/nnet_utils/nnet_dense_stream.h:24->firmware/nnet_utils/nnet_dense_stream.h:97]   --->   Operation 421 'extractvalue' 'res_10' <Predicate = true> <Delay = 0.00>
ST_4 : Operation 422 [1/1] (0.00ns)   --->   "%res_11 = extractvalue i384 %call_ret" [firmware/nnet_utils/nnet_dense_resource.h:264->firmware/nnet_utils/nnet_dense_stream.h:24->firmware/nnet_utils/nnet_dense_stream.h:97]   --->   Operation 422 'extractvalue' 'res_11' <Predicate = true> <Delay = 0.00>
ST_4 : Operation 423 [1/1] (0.00ns)   --->   "%res_12 = extractvalue i384 %call_ret" [firmware/nnet_utils/nnet_dense_resource.h:264->firmware/nnet_utils/nnet_dense_stream.h:24->firmware/nnet_utils/nnet_dense_stream.h:97]   --->   Operation 423 'extractvalue' 'res_12' <Predicate = true> <Delay = 0.00>
ST_4 : Operation 424 [1/1] (0.00ns)   --->   "%res_13 = extractvalue i384 %call_ret" [firmware/nnet_utils/nnet_dense_resource.h:264->firmware/nnet_utils/nnet_dense_stream.h:24->firmware/nnet_utils/nnet_dense_stream.h:97]   --->   Operation 424 'extractvalue' 'res_13' <Predicate = true> <Delay = 0.00>
ST_4 : Operation 425 [1/1] (0.00ns)   --->   "%res_14 = extractvalue i384 %call_ret" [firmware/nnet_utils/nnet_dense_resource.h:264->firmware/nnet_utils/nnet_dense_stream.h:24->firmware/nnet_utils/nnet_dense_stream.h:97]   --->   Operation 425 'extractvalue' 'res_14' <Predicate = true> <Delay = 0.00>
ST_4 : Operation 426 [1/1] (0.00ns)   --->   "%res_15 = extractvalue i384 %call_ret" [firmware/nnet_utils/nnet_dense_resource.h:264->firmware/nnet_utils/nnet_dense_stream.h:24->firmware/nnet_utils/nnet_dense_stream.h:97]   --->   Operation 426 'extractvalue' 'res_15' <Predicate = true> <Delay = 0.00>
ST_4 : Operation 427 [1/1] (0.00ns)   --->   "%res_16 = extractvalue i384 %call_ret" [firmware/nnet_utils/nnet_dense_resource.h:264->firmware/nnet_utils/nnet_dense_stream.h:24->firmware/nnet_utils/nnet_dense_stream.h:97]   --->   Operation 427 'extractvalue' 'res_16' <Predicate = true> <Delay = 0.00>
ST_4 : Operation 428 [1/1] (0.00ns)   --->   "%res_17 = extractvalue i384 %call_ret" [firmware/nnet_utils/nnet_dense_resource.h:264->firmware/nnet_utils/nnet_dense_stream.h:24->firmware/nnet_utils/nnet_dense_stream.h:97]   --->   Operation 428 'extractvalue' 'res_17' <Predicate = true> <Delay = 0.00>
ST_4 : Operation 429 [1/1] (0.00ns)   --->   "%res_18 = extractvalue i384 %call_ret" [firmware/nnet_utils/nnet_dense_resource.h:264->firmware/nnet_utils/nnet_dense_stream.h:24->firmware/nnet_utils/nnet_dense_stream.h:97]   --->   Operation 429 'extractvalue' 'res_18' <Predicate = true> <Delay = 0.00>
ST_4 : Operation 430 [1/1] (0.00ns)   --->   "%res_19 = extractvalue i384 %call_ret" [firmware/nnet_utils/nnet_dense_resource.h:264->firmware/nnet_utils/nnet_dense_stream.h:24->firmware/nnet_utils/nnet_dense_stream.h:97]   --->   Operation 430 'extractvalue' 'res_19' <Predicate = true> <Delay = 0.00>
ST_4 : Operation 431 [1/1] (0.00ns)   --->   "%res_20 = extractvalue i384 %call_ret" [firmware/nnet_utils/nnet_dense_resource.h:264->firmware/nnet_utils/nnet_dense_stream.h:24->firmware/nnet_utils/nnet_dense_stream.h:97]   --->   Operation 431 'extractvalue' 'res_20' <Predicate = true> <Delay = 0.00>
ST_4 : Operation 432 [1/1] (0.00ns)   --->   "%res_21 = extractvalue i384 %call_ret" [firmware/nnet_utils/nnet_dense_resource.h:264->firmware/nnet_utils/nnet_dense_stream.h:24->firmware/nnet_utils/nnet_dense_stream.h:97]   --->   Operation 432 'extractvalue' 'res_21' <Predicate = true> <Delay = 0.00>
ST_4 : Operation 433 [1/1] (0.00ns)   --->   "%res_22 = extractvalue i384 %call_ret" [firmware/nnet_utils/nnet_dense_resource.h:264->firmware/nnet_utils/nnet_dense_stream.h:24->firmware/nnet_utils/nnet_dense_stream.h:97]   --->   Operation 433 'extractvalue' 'res_22' <Predicate = true> <Delay = 0.00>
ST_4 : Operation 434 [1/1] (0.00ns)   --->   "%res_23 = extractvalue i384 %call_ret" [firmware/nnet_utils/nnet_dense_resource.h:264->firmware/nnet_utils/nnet_dense_stream.h:24->firmware/nnet_utils/nnet_dense_stream.h:97]   --->   Operation 434 'extractvalue' 'res_23' <Predicate = true> <Delay = 0.00>

State 5 <SV = 4> <Delay = 1.82>
ST_5 : Operation 435 [1/1] (0.00ns)   --->   "%specinterface_ln0 = specinterface void @_ssdm_op_SpecInterface, i384 %layer25_out, void @empty, i32 0, i32 0, void @empty_7, i32 0, i32 0, void @empty_7, void @empty_7, void @empty_7, i32 0, i32 0, i32 0, i32 0, void @empty_7, void @empty_7, i32 4294967295, i32 0, i32 0, i32 0"   --->   Operation 435 'specinterface' 'specinterface_ln0' <Predicate = true> <Delay = 0.00>
ST_5 : Operation 436 [1/1] (0.00ns)   --->   "%specinterface_ln0 = specinterface void @_ssdm_op_SpecInterface, i128 %layer16_out, void @empty, i32 0, i32 0, void @empty_7, i32 0, i32 0, void @empty_7, void @empty_7, void @empty_7, i32 0, i32 0, i32 0, i32 0, void @empty_7, void @empty_7, i32 4294967295, i32 0, i32 0, i32 0"   --->   Operation 436 'specinterface' 'specinterface_ln0' <Predicate = true> <Delay = 0.00>
ST_5 : Operation 437 [1/1] (0.00ns)   --->   "%p_0 = bitconcatenate i384 @_ssdm_op_BitConcatenate.i384.i16.i16.i16.i16.i16.i16.i16.i16.i16.i16.i16.i16.i16.i16.i16.i16.i16.i16.i16.i16.i16.i16.i16.i16, i16 %res_23, i16 %res_22, i16 %res_21, i16 %res_20, i16 %res_19, i16 %res_18, i16 %res_17, i16 %res_16, i16 %res_15, i16 %res_14, i16 %res_13, i16 %res_12, i16 %res_11, i16 %res_10, i16 %res_9, i16 %res_8, i16 %res_7, i16 %res_6, i16 %res_5, i16 %res_4, i16 %res_3, i16 %res_2, i16 %res_1, i16 %res" [firmware/nnet_utils/nnet_dense_stream.h:77->firmware/nnet_utils/nnet_dense_stream.h:100]   --->   Operation 437 'bitconcatenate' 'p_0' <Predicate = true> <Delay = 0.00>
ST_5 : Operation 438 [1/1] ( I:1.82ns O:1.82ns )   --->   "%write_ln77 = write void @_ssdm_op_Write.ap_fifo.volatile.i384P0A, i384 %layer25_out, i384 %p_0" [firmware/nnet_utils/nnet_dense_stream.h:77->firmware/nnet_utils/nnet_dense_stream.h:100]   --->   Operation 438 'write' 'write_ln77' <Predicate = true> <Delay = 1.82> <CoreInst = "FIFO_SRL">   --->   Core 80 'FIFO_SRL' <Latency = 0> <II = 1> <Delay = 3.90> <Storage> <Opcode : 'read' 'write' 'nbread' 'nbwrite'> <Ports = 0> <Width = 384> <Depth = 1> <FIFO>
ST_5 : Operation 439 [1/1] (0.00ns)   --->   "%ret_ln101 = ret" [firmware/nnet_utils/nnet_dense_stream.h:101]   --->   Operation 439 'ret' 'ret_ln101' <Predicate = true> <Delay = 0.00>


============================================================
+ Verbose Summary: Timing violations
============================================================
Target clock period: 5.000ns, clock uncertainty: 1.350ns.

 <State 1>: 0.000ns
The critical path consists of the following:

 <State 2>: 3.471ns
The critical path consists of the following:
	'call' operation ('call_ln0') to 'dense<array,array<ap_fixed<16,6,5,3,0>,24u>,config25>_Pipeline_DataPrepare' [207]  (3.471 ns)

 <State 3>: 7.555ns
The critical path consists of the following:
	'load' operation 16 bit ('data_199_loc_load') on local variable 'data_199_loc' [209]  (0.000 ns)
	'call' operation 384 bit ('call_ret', firmware/nnet_utils/nnet_dense_resource.h:264->firmware/nnet_utils/nnet_dense_stream.h:24->firmware/nnet_utils/nnet_dense_stream.h:97) to 'dense_resource_rf_gt_nin_rem0<ap_fixed,ap_fixed<16,6,5,3,0>,config25>' [409]  (7.555 ns)

 <State 4>: 3.471ns
The critical path consists of the following:
	'call' operation 384 bit ('call_ret', firmware/nnet_utils/nnet_dense_resource.h:264->firmware/nnet_utils/nnet_dense_stream.h:24->firmware/nnet_utils/nnet_dense_stream.h:97) to 'dense_resource_rf_gt_nin_rem0<ap_fixed,ap_fixed<16,6,5,3,0>,config25>' [409]  (3.471 ns)

 <State 5>: 1.825ns
The critical path consists of the following:
	fifo write operation ('write_ln77', firmware/nnet_utils/nnet_dense_stream.h:77->firmware/nnet_utils/nnet_dense_stream.h:100) on port 'layer25_out' (firmware/nnet_utils/nnet_dense_stream.h:77->firmware/nnet_utils/nnet_dense_stream.h:100) [435]  (1.825 ns)


============================================================
+ Verbose Summary: Binding
============================================================
N/A
* FSMD analyzer results:
  - Output states:
 - Input state : 
  - Chain level:
	State 1
	State 2
	State 3
	State 4
	State 5


============================================================
+ Verbose Summary: Datapath Resource usage 
============================================================
N/A
