

================================================================
== Vitis HLS Report for 'normalize_array_ap_fixed_24u_array_ap_fixed_16_6_5_3_0_24u_config23_s'
================================================================
* Date:           Tue Oct  6 15:38:24 2026

* Version:        2026.1 (Build 6493734 on Jun 16 2026)
* Project:        myproject_prj
* Solution:       solution1
* Product family: artix7
* Target device:  xc7a35t-ftg256-1


================================================================
== Performance Estimates
================================================================
+ Timing: 
    * Summary: 
    +--------+---------+----------+------------+
    |  Clock |  Target | Estimated| Uncertainty|
    +--------+---------+----------+------------+
    |ap_clk  |  5.00 ns|  2.146 ns|     1.35 ns|
    +--------+---------+----------+------------+

+ Latency: 
    * Summary: 
    +---------+---------+-----------+-----------+-----+-----+---------+
    |  Latency (cycles) |   Latency (absolute)  |  Interval | Pipeline|
    |   min   |   max   |    min    |    max    | min | max |   Type  |
    +---------+---------+-----------+-----------+-----+-----+---------+
    |        2|        2|  10.000 ns|  10.000 ns|    2|    2|       no|
    +---------+---------+-----------+-----------+-----+-----+---------+

    + Detail: 
        * Instance: 
        N/A

        * Loop: 
        N/A

============================================================
+ Verbose Summary: Synthesis Manager
============================================================
InlineROM: 1
ExposeGlobal: 0
============================================================
+ Verbose Summary: CDFG Model
============================================================
IsTopModel: 0
ResetActiveHigh: 1
IsCombinational: 2
IsDatapathOnly: 0
HasWiredReturn: 1
HasMFsm: 0
HasVarLatency: 1
IsPipeline: 0
IsRtlPipelined: 0
IsInstanceOverlapped: 0
IsDontTouch: 0
HasImplIP: 0
IsGatedGlobalClock: 0


============================================================
+ Verbose Summary: Schedule
============================================================
* Number of FSM states : 3
* Pipeline : 0
* Dataflow Pipeline: 0

* FSM state transitions: 
1 --> 2 
2 --> 3 
3 --> 

* FSM state operations: 

State 1 <SV = 0> <Delay = 1.82>
ST_1 : Operation 4 [1/1] ( I:1.82ns O:1.82ns )   --->   "%layer25_out_read = read i384 @_ssdm_op_Read.ap_fifo.volatile.i384P0A, i384 %layer25_out" [firmware/nnet_utils/nnet_batchnorm_stream.h:28]   --->   Operation 4 'read' 'layer25_out_read' <Predicate = true> <Delay = 1.82> <CoreInst = "FIFO_SRL">   --->   Core 80 'FIFO_SRL' <Latency = 0> <II = 1> <Delay = 3.90> <Storage> <Opcode : 'read' 'write' 'nbread' 'nbwrite'> <Ports = 0> <Width = 384> <Depth = 1> <FIFO>
ST_1 : Operation 5 [1/1] (0.00ns)   --->   "%trunc_ln28 = trunc i384 %layer25_out_read" [firmware/nnet_utils/nnet_batchnorm_stream.h:28]   --->   Operation 5 'trunc' 'trunc_ln28' <Predicate = true> <Delay = 0.00>
ST_1 : Operation 6 [1/1] (0.00ns)   --->   "%trunc_ln28_s = partselect i16 @_ssdm_op_PartSelect.i16.i384.i32.i32, i384 %layer25_out_read, i32 16, i32 31" [firmware/nnet_utils/nnet_batchnorm_stream.h:28]   --->   Operation 6 'partselect' 'trunc_ln28_s' <Predicate = true> <Delay = 0.00>
ST_1 : Operation 7 [1/1] (0.00ns)   --->   "%trunc_ln28_46 = partselect i16 @_ssdm_op_PartSelect.i16.i384.i32.i32, i384 %layer25_out_read, i32 32, i32 47" [firmware/nnet_utils/nnet_batchnorm_stream.h:28]   --->   Operation 7 'partselect' 'trunc_ln28_46' <Predicate = true> <Delay = 0.00>
ST_1 : Operation 8 [1/1] (0.00ns)   --->   "%trunc_ln28_47 = partselect i16 @_ssdm_op_PartSelect.i16.i384.i32.i32, i384 %layer25_out_read, i32 48, i32 63" [firmware/nnet_utils/nnet_batchnorm_stream.h:28]   --->   Operation 8 'partselect' 'trunc_ln28_47' <Predicate = true> <Delay = 0.00>
ST_1 : Operation 9 [1/1] (0.00ns)   --->   "%trunc_ln28_48 = partselect i16 @_ssdm_op_PartSelect.i16.i384.i32.i32, i384 %layer25_out_read, i32 64, i32 79" [firmware/nnet_utils/nnet_batchnorm_stream.h:28]   --->   Operation 9 'partselect' 'trunc_ln28_48' <Predicate = true> <Delay = 0.00>
ST_1 : Operation 10 [1/1] (0.00ns)   --->   "%trunc_ln28_49 = partselect i16 @_ssdm_op_PartSelect.i16.i384.i32.i32, i384 %layer25_out_read, i32 80, i32 95" [firmware/nnet_utils/nnet_batchnorm_stream.h:28]   --->   Operation 10 'partselect' 'trunc_ln28_49' <Predicate = true> <Delay = 0.00>
ST_1 : Operation 11 [1/1] (0.00ns)   --->   "%trunc_ln28_50 = partselect i16 @_ssdm_op_PartSelect.i16.i384.i32.i32, i384 %layer25_out_read, i32 96, i32 111" [firmware/nnet_utils/nnet_batchnorm_stream.h:28]   --->   Operation 11 'partselect' 'trunc_ln28_50' <Predicate = true> <Delay = 0.00>
ST_1 : Operation 12 [1/1] (0.00ns)   --->   "%trunc_ln28_51 = partselect i16 @_ssdm_op_PartSelect.i16.i384.i32.i32, i384 %layer25_out_read, i32 112, i32 127" [firmware/nnet_utils/nnet_batchnorm_stream.h:28]   --->   Operation 12 'partselect' 'trunc_ln28_51' <Predicate = true> <Delay = 0.00>
ST_1 : Operation 13 [1/1] (0.00ns)   --->   "%trunc_ln28_52 = partselect i16 @_ssdm_op_PartSelect.i16.i384.i32.i32, i384 %layer25_out_read, i32 128, i32 143" [firmware/nnet_utils/nnet_batchnorm_stream.h:28]   --->   Operation 13 'partselect' 'trunc_ln28_52' <Predicate = true> <Delay = 0.00>
ST_1 : Operation 14 [1/1] (0.00ns)   --->   "%trunc_ln28_53 = partselect i16 @_ssdm_op_PartSelect.i16.i384.i32.i32, i384 %layer25_out_read, i32 144, i32 159" [firmware/nnet_utils/nnet_batchnorm_stream.h:28]   --->   Operation 14 'partselect' 'trunc_ln28_53' <Predicate = true> <Delay = 0.00>
ST_1 : Operation 15 [1/1] (0.00ns)   --->   "%trunc_ln28_54 = partselect i16 @_ssdm_op_PartSelect.i16.i384.i32.i32, i384 %layer25_out_read, i32 160, i32 175" [firmware/nnet_utils/nnet_batchnorm_stream.h:28]   --->   Operation 15 'partselect' 'trunc_ln28_54' <Predicate = true> <Delay = 0.00>
ST_1 : Operation 16 [1/1] (0.00ns)   --->   "%trunc_ln28_55 = partselect i16 @_ssdm_op_PartSelect.i16.i384.i32.i32, i384 %layer25_out_read, i32 176, i32 191" [firmware/nnet_utils/nnet_batchnorm_stream.h:28]   --->   Operation 16 'partselect' 'trunc_ln28_55' <Predicate = true> <Delay = 0.00>
ST_1 : Operation 17 [1/1] (0.00ns)   --->   "%trunc_ln28_56 = partselect i16 @_ssdm_op_PartSelect.i16.i384.i32.i32, i384 %layer25_out_read, i32 192, i32 207" [firmware/nnet_utils/nnet_batchnorm_stream.h:28]   --->   Operation 17 'partselect' 'trunc_ln28_56' <Predicate = true> <Delay = 0.00>
ST_1 : Operation 18 [1/1] (0.00ns)   --->   "%trunc_ln28_57 = partselect i16 @_ssdm_op_PartSelect.i16.i384.i32.i32, i384 %layer25_out_read, i32 208, i32 223" [firmware/nnet_utils/nnet_batchnorm_stream.h:28]   --->   Operation 18 'partselect' 'trunc_ln28_57' <Predicate = true> <Delay = 0.00>
ST_1 : Operation 19 [1/1] (0.00ns)   --->   "%trunc_ln28_58 = partselect i16 @_ssdm_op_PartSelect.i16.i384.i32.i32, i384 %layer25_out_read, i32 224, i32 239" [firmware/nnet_utils/nnet_batchnorm_stream.h:28]   --->   Operation 19 'partselect' 'trunc_ln28_58' <Predicate = true> <Delay = 0.00>
ST_1 : Operation 20 [1/1] (0.00ns)   --->   "%trunc_ln28_59 = partselect i16 @_ssdm_op_PartSelect.i16.i384.i32.i32, i384 %layer25_out_read, i32 240, i32 255" [firmware/nnet_utils/nnet_batchnorm_stream.h:28]   --->   Operation 20 'partselect' 'trunc_ln28_59' <Predicate = true> <Delay = 0.00>
ST_1 : Operation 21 [1/1] (0.00ns)   --->   "%trunc_ln28_60 = partselect i16 @_ssdm_op_PartSelect.i16.i384.i32.i32, i384 %layer25_out_read, i32 256, i32 271" [firmware/nnet_utils/nnet_batchnorm_stream.h:28]   --->   Operation 21 'partselect' 'trunc_ln28_60' <Predicate = true> <Delay = 0.00>
ST_1 : Operation 22 [1/1] (0.00ns)   --->   "%trunc_ln28_61 = partselect i16 @_ssdm_op_PartSelect.i16.i384.i32.i32, i384 %layer25_out_read, i32 272, i32 287" [firmware/nnet_utils/nnet_batchnorm_stream.h:28]   --->   Operation 22 'partselect' 'trunc_ln28_61' <Predicate = true> <Delay = 0.00>
ST_1 : Operation 23 [1/1] (0.00ns)   --->   "%trunc_ln28_62 = partselect i16 @_ssdm_op_PartSelect.i16.i384.i32.i32, i384 %layer25_out_read, i32 288, i32 303" [firmware/nnet_utils/nnet_batchnorm_stream.h:28]   --->   Operation 23 'partselect' 'trunc_ln28_62' <Predicate = true> <Delay = 0.00>
ST_1 : Operation 24 [1/1] (0.00ns)   --->   "%trunc_ln28_63 = partselect i16 @_ssdm_op_PartSelect.i16.i384.i32.i32, i384 %layer25_out_read, i32 304, i32 319" [firmware/nnet_utils/nnet_batchnorm_stream.h:28]   --->   Operation 24 'partselect' 'trunc_ln28_63' <Predicate = true> <Delay = 0.00>
ST_1 : Operation 25 [1/1] (0.00ns)   --->   "%trunc_ln28_64 = partselect i16 @_ssdm_op_PartSelect.i16.i384.i32.i32, i384 %layer25_out_read, i32 320, i32 335" [firmware/nnet_utils/nnet_batchnorm_stream.h:28]   --->   Operation 25 'partselect' 'trunc_ln28_64' <Predicate = true> <Delay = 0.00>
ST_1 : Operation 26 [1/1] (0.00ns)   --->   "%trunc_ln28_65 = partselect i16 @_ssdm_op_PartSelect.i16.i384.i32.i32, i384 %layer25_out_read, i32 336, i32 351" [firmware/nnet_utils/nnet_batchnorm_stream.h:28]   --->   Operation 26 'partselect' 'trunc_ln28_65' <Predicate = true> <Delay = 0.00>
ST_1 : Operation 27 [1/1] (0.00ns)   --->   "%trunc_ln28_66 = partselect i16 @_ssdm_op_PartSelect.i16.i384.i32.i32, i384 %layer25_out_read, i32 352, i32 367" [firmware/nnet_utils/nnet_batchnorm_stream.h:28]   --->   Operation 27 'partselect' 'trunc_ln28_66' <Predicate = true> <Delay = 0.00>
ST_1 : Operation 28 [1/1] (0.00ns)   --->   "%trunc_ln28_67 = partselect i16 @_ssdm_op_PartSelect.i16.i384.i32.i32, i384 %layer25_out_read, i32 368, i32 383" [firmware/nnet_utils/nnet_batchnorm_stream.h:28]   --->   Operation 28 'partselect' 'trunc_ln28_67' <Predicate = true> <Delay = 0.00>

State 2 <SV = 1> <Delay = 2.14>
ST_2 : Operation 29 [1/1] (2.14ns)   --->   "%add_ln42 = add i16 %trunc_ln28, i16 287" [firmware/nnet_utils/nnet_batchnorm_stream.h:42]   --->   Operation 29 'add' 'add_ln42' <Predicate = true> <Delay = 2.14> <CoreInst = "Adder">   --->   Core 1 'Adder' <Latency = 0> <II = 1> <Delay = 2.14> <FuncUnit> <Opcode : 'add' 'sub'> <InPorts = 2> <OutPorts = 1>
ST_2 : Operation 30 [1/1] (2.14ns)   --->   "%add_ln42_47 = add i16 %trunc_ln28_s, i16 8" [firmware/nnet_utils/nnet_batchnorm_stream.h:42]   --->   Operation 30 'add' 'add_ln42_47' <Predicate = true> <Delay = 2.14> <CoreInst = "Adder">   --->   Core 1 'Adder' <Latency = 0> <II = 1> <Delay = 2.14> <FuncUnit> <Opcode : 'add' 'sub'> <InPorts = 2> <OutPorts = 1>
ST_2 : Operation 31 [1/1] (2.14ns)   --->   "%add_ln42_48 = add i16 %trunc_ln28_46, i16 17" [firmware/nnet_utils/nnet_batchnorm_stream.h:42]   --->   Operation 31 'add' 'add_ln42_48' <Predicate = true> <Delay = 2.14> <CoreInst = "Adder">   --->   Core 1 'Adder' <Latency = 0> <II = 1> <Delay = 2.14> <FuncUnit> <Opcode : 'add' 'sub'> <InPorts = 2> <OutPorts = 1>
ST_2 : Operation 32 [1/1] (2.14ns)   --->   "%add_ln42_49 = add i16 %trunc_ln28_47, i16 65516" [firmware/nnet_utils/nnet_batchnorm_stream.h:42]   --->   Operation 32 'add' 'add_ln42_49' <Predicate = true> <Delay = 2.14> <CoreInst = "Adder">   --->   Core 1 'Adder' <Latency = 0> <II = 1> <Delay = 2.14> <FuncUnit> <Opcode : 'add' 'sub'> <InPorts = 2> <OutPorts = 1>
ST_2 : Operation 33 [1/1] (2.14ns)   --->   "%add_ln42_50 = add i16 %trunc_ln28_48, i16 64918" [firmware/nnet_utils/nnet_batchnorm_stream.h:42]   --->   Operation 33 'add' 'add_ln42_50' <Predicate = true> <Delay = 2.14> <CoreInst = "Adder">   --->   Core 1 'Adder' <Latency = 0> <II = 1> <Delay = 2.14> <FuncUnit> <Opcode : 'add' 'sub'> <InPorts = 2> <OutPorts = 1>
ST_2 : Operation 34 [1/1] (2.14ns)   --->   "%add_ln42_51 = add i16 %trunc_ln28_49, i16 65076" [firmware/nnet_utils/nnet_batchnorm_stream.h:42]   --->   Operation 34 'add' 'add_ln42_51' <Predicate = true> <Delay = 2.14> <CoreInst = "Adder">   --->   Core 1 'Adder' <Latency = 0> <II = 1> <Delay = 2.14> <FuncUnit> <Opcode : 'add' 'sub'> <InPorts = 2> <OutPorts = 1>
ST_2 : Operation 35 [1/1] (2.14ns)   --->   "%add_ln42_52 = add i16 %trunc_ln28_50, i16 65470" [firmware/nnet_utils/nnet_batchnorm_stream.h:42]   --->   Operation 35 'add' 'add_ln42_52' <Predicate = true> <Delay = 2.14> <CoreInst = "Adder">   --->   Core 1 'Adder' <Latency = 0> <II = 1> <Delay = 2.14> <FuncUnit> <Opcode : 'add' 'sub'> <InPorts = 2> <OutPorts = 1>
ST_2 : Operation 36 [1/1] (2.14ns)   --->   "%add_ln42_53 = add i16 %trunc_ln28_51, i16 65315" [firmware/nnet_utils/nnet_batchnorm_stream.h:42]   --->   Operation 36 'add' 'add_ln42_53' <Predicate = true> <Delay = 2.14> <CoreInst = "Adder">   --->   Core 1 'Adder' <Latency = 0> <II = 1> <Delay = 2.14> <FuncUnit> <Opcode : 'add' 'sub'> <InPorts = 2> <OutPorts = 1>
ST_2 : Operation 37 [1/1] (2.14ns)   --->   "%add_ln42_54 = add i16 %trunc_ln28_53, i16 65425" [firmware/nnet_utils/nnet_batchnorm_stream.h:42]   --->   Operation 37 'add' 'add_ln42_54' <Predicate = true> <Delay = 2.14> <CoreInst = "Adder">   --->   Core 1 'Adder' <Latency = 0> <II = 1> <Delay = 2.14> <FuncUnit> <Opcode : 'add' 'sub'> <InPorts = 2> <OutPorts = 1>
ST_2 : Operation 38 [1/1] (2.14ns)   --->   "%add_ln42_55 = add i16 %trunc_ln28_54, i16 627" [firmware/nnet_utils/nnet_batchnorm_stream.h:42]   --->   Operation 38 'add' 'add_ln42_55' <Predicate = true> <Delay = 2.14> <CoreInst = "Adder">   --->   Core 1 'Adder' <Latency = 0> <II = 1> <Delay = 2.14> <FuncUnit> <Opcode : 'add' 'sub'> <InPorts = 2> <OutPorts = 1>
ST_2 : Operation 39 [1/1] (2.14ns)   --->   "%add_ln42_56 = add i16 %trunc_ln28_55, i16 65346" [firmware/nnet_utils/nnet_batchnorm_stream.h:42]   --->   Operation 39 'add' 'add_ln42_56' <Predicate = true> <Delay = 2.14> <CoreInst = "Adder">   --->   Core 1 'Adder' <Latency = 0> <II = 1> <Delay = 2.14> <FuncUnit> <Opcode : 'add' 'sub'> <InPorts = 2> <OutPorts = 1>
ST_2 : Operation 40 [1/1] (2.14ns)   --->   "%add_ln42_57 = add i16 %trunc_ln28_56, i16 65477" [firmware/nnet_utils/nnet_batchnorm_stream.h:42]   --->   Operation 40 'add' 'add_ln42_57' <Predicate = true> <Delay = 2.14> <CoreInst = "Adder">   --->   Core 1 'Adder' <Latency = 0> <II = 1> <Delay = 2.14> <FuncUnit> <Opcode : 'add' 'sub'> <InPorts = 2> <OutPorts = 1>
ST_2 : Operation 41 [1/1] (2.14ns)   --->   "%add_ln42_58 = add i16 %trunc_ln28_57, i16 213" [firmware/nnet_utils/nnet_batchnorm_stream.h:42]   --->   Operation 41 'add' 'add_ln42_58' <Predicate = true> <Delay = 2.14> <CoreInst = "Adder">   --->   Core 1 'Adder' <Latency = 0> <II = 1> <Delay = 2.14> <FuncUnit> <Opcode : 'add' 'sub'> <InPorts = 2> <OutPorts = 1>
ST_2 : Operation 42 [1/1] (2.14ns)   --->   "%add_ln42_59 = add i16 %trunc_ln28_58, i16 65372" [firmware/nnet_utils/nnet_batchnorm_stream.h:42]   --->   Operation 42 'add' 'add_ln42_59' <Predicate = true> <Delay = 2.14> <CoreInst = "Adder">   --->   Core 1 'Adder' <Latency = 0> <II = 1> <Delay = 2.14> <FuncUnit> <Opcode : 'add' 'sub'> <InPorts = 2> <OutPorts = 1>
ST_2 : Operation 43 [1/1] (2.14ns)   --->   "%add_ln42_60 = add i16 %trunc_ln28_59, i16 282" [firmware/nnet_utils/nnet_batchnorm_stream.h:42]   --->   Operation 43 'add' 'add_ln42_60' <Predicate = true> <Delay = 2.14> <CoreInst = "Adder">   --->   Core 1 'Adder' <Latency = 0> <II = 1> <Delay = 2.14> <FuncUnit> <Opcode : 'add' 'sub'> <InPorts = 2> <OutPorts = 1>
ST_2 : Operation 44 [1/1] (2.14ns)   --->   "%add_ln42_61 = add i16 %trunc_ln28_60, i16 33" [firmware/nnet_utils/nnet_batchnorm_stream.h:42]   --->   Operation 44 'add' 'add_ln42_61' <Predicate = true> <Delay = 2.14> <CoreInst = "Adder">   --->   Core 1 'Adder' <Latency = 0> <II = 1> <Delay = 2.14> <FuncUnit> <Opcode : 'add' 'sub'> <InPorts = 2> <OutPorts = 1>
ST_2 : Operation 45 [1/1] (2.14ns)   --->   "%add_ln42_62 = add i16 %trunc_ln28_61, i16 65466" [firmware/nnet_utils/nnet_batchnorm_stream.h:42]   --->   Operation 45 'add' 'add_ln42_62' <Predicate = true> <Delay = 2.14> <CoreInst = "Adder">   --->   Core 1 'Adder' <Latency = 0> <II = 1> <Delay = 2.14> <FuncUnit> <Opcode : 'add' 'sub'> <InPorts = 2> <OutPorts = 1>
ST_2 : Operation 46 [1/1] (2.14ns)   --->   "%add_ln42_63 = add i16 %trunc_ln28_62, i16 38" [firmware/nnet_utils/nnet_batchnorm_stream.h:42]   --->   Operation 46 'add' 'add_ln42_63' <Predicate = true> <Delay = 2.14> <CoreInst = "Adder">   --->   Core 1 'Adder' <Latency = 0> <II = 1> <Delay = 2.14> <FuncUnit> <Opcode : 'add' 'sub'> <InPorts = 2> <OutPorts = 1>
ST_2 : Operation 47 [1/1] (2.14ns)   --->   "%add_ln42_64 = add i16 %trunc_ln28_63, i16 65217" [firmware/nnet_utils/nnet_batchnorm_stream.h:42]   --->   Operation 47 'add' 'add_ln42_64' <Predicate = true> <Delay = 2.14> <CoreInst = "Adder">   --->   Core 1 'Adder' <Latency = 0> <II = 1> <Delay = 2.14> <FuncUnit> <Opcode : 'add' 'sub'> <InPorts = 2> <OutPorts = 1>
ST_2 : Operation 48 [1/1] (2.14ns)   --->   "%add_ln42_65 = add i16 %trunc_ln28_64, i16 456" [firmware/nnet_utils/nnet_batchnorm_stream.h:42]   --->   Operation 48 'add' 'add_ln42_65' <Predicate = true> <Delay = 2.14> <CoreInst = "Adder">   --->   Core 1 'Adder' <Latency = 0> <II = 1> <Delay = 2.14> <FuncUnit> <Opcode : 'add' 'sub'> <InPorts = 2> <OutPorts = 1>
ST_2 : Operation 49 [1/1] (2.14ns)   --->   "%add_ln42_66 = add i16 %trunc_ln28_65, i16 90" [firmware/nnet_utils/nnet_batchnorm_stream.h:42]   --->   Operation 49 'add' 'add_ln42_66' <Predicate = true> <Delay = 2.14> <CoreInst = "Adder">   --->   Core 1 'Adder' <Latency = 0> <II = 1> <Delay = 2.14> <FuncUnit> <Opcode : 'add' 'sub'> <InPorts = 2> <OutPorts = 1>
ST_2 : Operation 50 [1/1] (2.14ns)   --->   "%add_ln42_67 = add i16 %trunc_ln28_66, i16 442" [firmware/nnet_utils/nnet_batchnorm_stream.h:42]   --->   Operation 50 'add' 'add_ln42_67' <Predicate = true> <Delay = 2.14> <CoreInst = "Adder">   --->   Core 1 'Adder' <Latency = 0> <II = 1> <Delay = 2.14> <FuncUnit> <Opcode : 'add' 'sub'> <InPorts = 2> <OutPorts = 1>
ST_2 : Operation 51 [1/1] (2.14ns)   --->   "%add_ln42_68 = add i16 %trunc_ln28_67, i16 584" [firmware/nnet_utils/nnet_batchnorm_stream.h:42]   --->   Operation 51 'add' 'add_ln42_68' <Predicate = true> <Delay = 2.14> <CoreInst = "Adder">   --->   Core 1 'Adder' <Latency = 0> <II = 1> <Delay = 2.14> <FuncUnit> <Opcode : 'add' 'sub'> <InPorts = 2> <OutPorts = 1>

State 3 <SV = 2> <Delay = 1.82>
ST_3 : Operation 52 [1/1] (0.00ns)   --->   "%specinterface_ln0 = specinterface void @_ssdm_op_SpecInterface, i384 %layer23_out, void @empty, i32 0, i32 0, void @empty_7, i32 0, i32 0, void @empty_7, void @empty_7, void @empty_7, i32 0, i32 0, i32 0, i32 0, void @empty_7, void @empty_7, i32 4294967295, i32 0, i32 0, i32 0"   --->   Operation 52 'specinterface' 'specinterface_ln0' <Predicate = true> <Delay = 0.00>
ST_3 : Operation 53 [1/1] (0.00ns)   --->   "%specinterface_ln0 = specinterface void @_ssdm_op_SpecInterface, i384 %layer25_out, void @empty, i32 0, i32 0, void @empty_7, i32 0, i32 0, void @empty_7, void @empty_7, void @empty_7, i32 0, i32 0, i32 0, i32 0, void @empty_7, void @empty_7, i32 4294967295, i32 0, i32 0, i32 0"   --->   Operation 53 'specinterface' 'specinterface_ln0' <Predicate = true> <Delay = 0.00>
ST_3 : Operation 54 [1/1] (0.00ns)   --->   "%specresourcelimit_ln22 = specresourcelimit void @_ssdm_op_SpecResourceLimit, i64 24, void @empty_2, void @empty_7, void @empty_7, void @empty_7" [firmware/nnet_utils/nnet_batchnorm_stream.h:22]   --->   Operation 54 'specresourcelimit' 'specresourcelimit_ln22' <Predicate = true> <Delay = 0.00>
ST_3 : Operation 55 [1/1] (0.00ns)   --->   "%p_0 = bitconcatenate i384 @_ssdm_op_BitConcatenate.i384.i16.i16.i16.i16.i16.i16.i16.i16.i16.i16.i16.i16.i16.i16.i16.i16.i16.i16.i16.i16.i16.i16.i16.i16, i16 %add_ln42_68, i16 %add_ln42_67, i16 %add_ln42_66, i16 %add_ln42_65, i16 %add_ln42_64, i16 %add_ln42_63, i16 %add_ln42_62, i16 %add_ln42_61, i16 %add_ln42_60, i16 %add_ln42_59, i16 %add_ln42_58, i16 %add_ln42_57, i16 %add_ln42_56, i16 %add_ln42_55, i16 %add_ln42_54, i16 %trunc_ln28_52, i16 %add_ln42_53, i16 %add_ln42_52, i16 %add_ln42_51, i16 %add_ln42_50, i16 %add_ln42_49, i16 %add_ln42_48, i16 %add_ln42_47, i16 %add_ln42" [firmware/nnet_utils/nnet_batchnorm_stream.h:46]   --->   Operation 55 'bitconcatenate' 'p_0' <Predicate = true> <Delay = 0.00>
ST_3 : Operation 56 [1/1] ( I:1.82ns O:1.82ns )   --->   "%write_ln46 = write void @_ssdm_op_Write.ap_fifo.volatile.i384P0A, i384 %layer23_out, i384 %p_0" [firmware/nnet_utils/nnet_batchnorm_stream.h:46]   --->   Operation 56 'write' 'write_ln46' <Predicate = true> <Delay = 1.82> <CoreInst = "FIFO_SRL">   --->   Core 80 'FIFO_SRL' <Latency = 0> <II = 1> <Delay = 3.90> <Storage> <Opcode : 'read' 'write' 'nbread' 'nbwrite'> <Ports = 0> <Width = 384> <Depth = 1> <FIFO>
ST_3 : Operation 57 [1/1] (0.00ns)   --->   "%ret_ln48 = ret" [firmware/nnet_utils/nnet_batchnorm_stream.h:48]   --->   Operation 57 'ret' 'ret_ln48' <Predicate = true> <Delay = 0.00>


============================================================
+ Verbose Summary: Timing violations
============================================================
Target clock period: 5.000ns, clock uncertainty: 1.350ns.

 <State 1>: 1.825ns
The critical path consists of the following:
	fifo read operation ('layer25_out_read', firmware/nnet_utils/nnet_batchnorm_stream.h:28) on port 'layer25_out' (firmware/nnet_utils/nnet_batchnorm_stream.h:28) [6]  (1.825 ns)

 <State 2>: 2.146ns
The critical path consists of the following:
	'add' operation 16 bit ('add_ln42', firmware/nnet_utils/nnet_batchnorm_stream.h:42) [31]  (2.146 ns)

 <State 3>: 1.825ns
The critical path consists of the following:
	fifo write operation ('write_ln46', firmware/nnet_utils/nnet_batchnorm_stream.h:46) on port 'layer23_out' (firmware/nnet_utils/nnet_batchnorm_stream.h:46) [55]  (1.825 ns)


============================================================
+ Verbose Summary: Binding
============================================================
N/A
* FSMD analyzer results:
  - Output states:
 - Input state : 
  - Chain level:
	State 1
	State 2
	State 3


============================================================
+ Verbose Summary: Datapath Resource usage 
============================================================
N/A
