

================================================================
== Vitis HLS Report for 'normalize_array_ap_fixed_47u_array_ap_fixed_16_6_5_3_0_47u_config24_s'
================================================================
* Date:           Tue Oct  6 15:38:28 2026

* Version:        2026.1 (Build 6493734 on Jun 16 2026)
* Project:        myproject_prj
* Solution:       solution1
* Product family: artix7
* Target device:  xc7a35t-ftg256-1


================================================================
== Performance Estimates
================================================================
+ Timing: 
    * Summary: 
    +--------+---------+----------+------------+
    |  Clock |  Target | Estimated| Uncertainty|
    +--------+---------+----------+------------+
    |ap_clk  |  5.00 ns|  2.146 ns|     1.35 ns|
    +--------+---------+----------+------------+

+ Latency: 
    * Summary: 
    +---------+---------+-----------+-----------+-----+-----+---------+
    |  Latency (cycles) |   Latency (absolute)  |  Interval | Pipeline|
    |   min   |   max   |    min    |    max    | min | max |   Type  |
    +---------+---------+-----------+-----------+-----+-----+---------+
    |        3|        3|  15.000 ns|  15.000 ns|    3|    3|       no|
    +---------+---------+-----------+-----------+-----+-----+---------+

    + Detail: 
        * Instance: 
        N/A

        * Loop: 
        N/A

============================================================
+ Verbose Summary: Synthesis Manager
============================================================
InlineROM: 1
ExposeGlobal: 0
============================================================
+ Verbose Summary: CDFG Model
============================================================
IsTopModel: 0
ResetActiveHigh: 1
IsCombinational: 2
IsDatapathOnly: 0
HasWiredReturn: 1
HasMFsm: 0
HasVarLatency: 1
IsPipeline: 0
IsRtlPipelined: 0
IsInstanceOverlapped: 0
IsDontTouch: 0
HasImplIP: 0
IsGatedGlobalClock: 0


============================================================
+ Verbose Summary: Schedule
============================================================
* Number of FSM states : 4
* Pipeline : 0
* Dataflow Pipeline: 0

* FSM state transitions: 
1 --> 2 
2 --> 3 
3 --> 4 
4 --> 

* FSM state operations: 

State 1 <SV = 0> <Delay = 1.82>
ST_1 : Operation 5 [1/1] ( I:1.82ns O:1.82ns )   --->   "%layer26_out_read = read i752 @_ssdm_op_Read.ap_fifo.volatile.i752P0A, i752 %layer26_out" [firmware/nnet_utils/nnet_batchnorm_stream.h:28]   --->   Operation 5 'read' 'layer26_out_read' <Predicate = true> <Delay = 1.82> <CoreInst = "FIFO_SRL">   --->   Core 80 'FIFO_SRL' <Latency = 0> <II = 1> <Delay = 3.90> <Storage> <Opcode : 'read' 'write' 'nbread' 'nbwrite'> <Ports = 0> <Width = 752> <Depth = 1> <FIFO>
ST_1 : Operation 6 [1/1] (0.00ns)   --->   "%trunc_ln28 = trunc i752 %layer26_out_read" [firmware/nnet_utils/nnet_batchnorm_stream.h:28]   --->   Operation 6 'trunc' 'trunc_ln28' <Predicate = true> <Delay = 0.00>
ST_1 : Operation 7 [1/1] (0.00ns)   --->   "%trunc_ln28_1 = partselect i16 @_ssdm_op_PartSelect.i16.i752.i32.i32, i752 %layer26_out_read, i32 16, i32 31" [firmware/nnet_utils/nnet_batchnorm_stream.h:28]   --->   Operation 7 'partselect' 'trunc_ln28_1' <Predicate = true> <Delay = 0.00>
ST_1 : Operation 8 [1/1] (0.00ns)   --->   "%trunc_ln28_2 = partselect i16 @_ssdm_op_PartSelect.i16.i752.i32.i32, i752 %layer26_out_read, i32 32, i32 47" [firmware/nnet_utils/nnet_batchnorm_stream.h:28]   --->   Operation 8 'partselect' 'trunc_ln28_2' <Predicate = true> <Delay = 0.00>
ST_1 : Operation 9 [1/1] (0.00ns)   --->   "%trunc_ln28_3 = partselect i16 @_ssdm_op_PartSelect.i16.i752.i32.i32, i752 %layer26_out_read, i32 48, i32 63" [firmware/nnet_utils/nnet_batchnorm_stream.h:28]   --->   Operation 9 'partselect' 'trunc_ln28_3' <Predicate = true> <Delay = 0.00>
ST_1 : Operation 10 [1/1] (0.00ns)   --->   "%trunc_ln28_4 = partselect i16 @_ssdm_op_PartSelect.i16.i752.i32.i32, i752 %layer26_out_read, i32 64, i32 79" [firmware/nnet_utils/nnet_batchnorm_stream.h:28]   --->   Operation 10 'partselect' 'trunc_ln28_4' <Predicate = true> <Delay = 0.00>
ST_1 : Operation 11 [1/1] (0.00ns)   --->   "%trunc_ln28_5 = partselect i16 @_ssdm_op_PartSelect.i16.i752.i32.i32, i752 %layer26_out_read, i32 80, i32 95" [firmware/nnet_utils/nnet_batchnorm_stream.h:28]   --->   Operation 11 'partselect' 'trunc_ln28_5' <Predicate = true> <Delay = 0.00>
ST_1 : Operation 12 [1/1] (0.00ns)   --->   "%trunc_ln28_6 = partselect i16 @_ssdm_op_PartSelect.i16.i752.i32.i32, i752 %layer26_out_read, i32 96, i32 111" [firmware/nnet_utils/nnet_batchnorm_stream.h:28]   --->   Operation 12 'partselect' 'trunc_ln28_6' <Predicate = true> <Delay = 0.00>
ST_1 : Operation 13 [1/1] (0.00ns)   --->   "%trunc_ln28_7 = partselect i16 @_ssdm_op_PartSelect.i16.i752.i32.i32, i752 %layer26_out_read, i32 112, i32 127" [firmware/nnet_utils/nnet_batchnorm_stream.h:28]   --->   Operation 13 'partselect' 'trunc_ln28_7' <Predicate = true> <Delay = 0.00>
ST_1 : Operation 14 [1/1] (0.00ns)   --->   "%trunc_ln28_8 = partselect i16 @_ssdm_op_PartSelect.i16.i752.i32.i32, i752 %layer26_out_read, i32 128, i32 143" [firmware/nnet_utils/nnet_batchnorm_stream.h:28]   --->   Operation 14 'partselect' 'trunc_ln28_8' <Predicate = true> <Delay = 0.00>
ST_1 : Operation 15 [1/1] (0.00ns)   --->   "%trunc_ln28_9 = partselect i16 @_ssdm_op_PartSelect.i16.i752.i32.i32, i752 %layer26_out_read, i32 144, i32 159" [firmware/nnet_utils/nnet_batchnorm_stream.h:28]   --->   Operation 15 'partselect' 'trunc_ln28_9' <Predicate = true> <Delay = 0.00>
ST_1 : Operation 16 [1/1] (0.00ns)   --->   "%trunc_ln28_s = partselect i16 @_ssdm_op_PartSelect.i16.i752.i32.i32, i752 %layer26_out_read, i32 160, i32 175" [firmware/nnet_utils/nnet_batchnorm_stream.h:28]   --->   Operation 16 'partselect' 'trunc_ln28_s' <Predicate = true> <Delay = 0.00>
ST_1 : Operation 17 [1/1] (0.00ns)   --->   "%trunc_ln28_10 = partselect i16 @_ssdm_op_PartSelect.i16.i752.i32.i32, i752 %layer26_out_read, i32 176, i32 191" [firmware/nnet_utils/nnet_batchnorm_stream.h:28]   --->   Operation 17 'partselect' 'trunc_ln28_10' <Predicate = true> <Delay = 0.00>
ST_1 : Operation 18 [1/1] (0.00ns)   --->   "%trunc_ln28_11 = partselect i16 @_ssdm_op_PartSelect.i16.i752.i32.i32, i752 %layer26_out_read, i32 192, i32 207" [firmware/nnet_utils/nnet_batchnorm_stream.h:28]   --->   Operation 18 'partselect' 'trunc_ln28_11' <Predicate = true> <Delay = 0.00>
ST_1 : Operation 19 [1/1] (0.00ns)   --->   "%trunc_ln28_12 = partselect i16 @_ssdm_op_PartSelect.i16.i752.i32.i32, i752 %layer26_out_read, i32 208, i32 223" [firmware/nnet_utils/nnet_batchnorm_stream.h:28]   --->   Operation 19 'partselect' 'trunc_ln28_12' <Predicate = true> <Delay = 0.00>
ST_1 : Operation 20 [1/1] (0.00ns)   --->   "%trunc_ln28_13 = partselect i16 @_ssdm_op_PartSelect.i16.i752.i32.i32, i752 %layer26_out_read, i32 224, i32 239" [firmware/nnet_utils/nnet_batchnorm_stream.h:28]   --->   Operation 20 'partselect' 'trunc_ln28_13' <Predicate = true> <Delay = 0.00>
ST_1 : Operation 21 [1/1] (0.00ns)   --->   "%trunc_ln28_14 = partselect i16 @_ssdm_op_PartSelect.i16.i752.i32.i32, i752 %layer26_out_read, i32 240, i32 255" [firmware/nnet_utils/nnet_batchnorm_stream.h:28]   --->   Operation 21 'partselect' 'trunc_ln28_14' <Predicate = true> <Delay = 0.00>
ST_1 : Operation 22 [1/1] (0.00ns)   --->   "%trunc_ln28_15 = partselect i16 @_ssdm_op_PartSelect.i16.i752.i32.i32, i752 %layer26_out_read, i32 256, i32 271" [firmware/nnet_utils/nnet_batchnorm_stream.h:28]   --->   Operation 22 'partselect' 'trunc_ln28_15' <Predicate = true> <Delay = 0.00>
ST_1 : Operation 23 [1/1] (0.00ns)   --->   "%trunc_ln28_16 = partselect i16 @_ssdm_op_PartSelect.i16.i752.i32.i32, i752 %layer26_out_read, i32 272, i32 287" [firmware/nnet_utils/nnet_batchnorm_stream.h:28]   --->   Operation 23 'partselect' 'trunc_ln28_16' <Predicate = true> <Delay = 0.00>
ST_1 : Operation 24 [1/1] (0.00ns)   --->   "%trunc_ln28_17 = partselect i16 @_ssdm_op_PartSelect.i16.i752.i32.i32, i752 %layer26_out_read, i32 288, i32 303" [firmware/nnet_utils/nnet_batchnorm_stream.h:28]   --->   Operation 24 'partselect' 'trunc_ln28_17' <Predicate = true> <Delay = 0.00>
ST_1 : Operation 25 [1/1] (0.00ns)   --->   "%trunc_ln28_18 = partselect i16 @_ssdm_op_PartSelect.i16.i752.i32.i32, i752 %layer26_out_read, i32 304, i32 319" [firmware/nnet_utils/nnet_batchnorm_stream.h:28]   --->   Operation 25 'partselect' 'trunc_ln28_18' <Predicate = true> <Delay = 0.00>
ST_1 : Operation 26 [1/1] (0.00ns)   --->   "%trunc_ln28_19 = partselect i16 @_ssdm_op_PartSelect.i16.i752.i32.i32, i752 %layer26_out_read, i32 320, i32 335" [firmware/nnet_utils/nnet_batchnorm_stream.h:28]   --->   Operation 26 'partselect' 'trunc_ln28_19' <Predicate = true> <Delay = 0.00>
ST_1 : Operation 27 [1/1] (0.00ns)   --->   "%trunc_ln28_20 = partselect i16 @_ssdm_op_PartSelect.i16.i752.i32.i32, i752 %layer26_out_read, i32 336, i32 351" [firmware/nnet_utils/nnet_batchnorm_stream.h:28]   --->   Operation 27 'partselect' 'trunc_ln28_20' <Predicate = true> <Delay = 0.00>
ST_1 : Operation 28 [1/1] (0.00ns)   --->   "%trunc_ln28_21 = partselect i16 @_ssdm_op_PartSelect.i16.i752.i32.i32, i752 %layer26_out_read, i32 352, i32 367" [firmware/nnet_utils/nnet_batchnorm_stream.h:28]   --->   Operation 28 'partselect' 'trunc_ln28_21' <Predicate = true> <Delay = 0.00>
ST_1 : Operation 29 [1/1] (0.00ns)   --->   "%trunc_ln28_22 = partselect i16 @_ssdm_op_PartSelect.i16.i752.i32.i32, i752 %layer26_out_read, i32 368, i32 383" [firmware/nnet_utils/nnet_batchnorm_stream.h:28]   --->   Operation 29 'partselect' 'trunc_ln28_22' <Predicate = true> <Delay = 0.00>
ST_1 : Operation 30 [1/1] (0.00ns)   --->   "%trunc_ln28_23 = partselect i16 @_ssdm_op_PartSelect.i16.i752.i32.i32, i752 %layer26_out_read, i32 384, i32 399" [firmware/nnet_utils/nnet_batchnorm_stream.h:28]   --->   Operation 30 'partselect' 'trunc_ln28_23' <Predicate = true> <Delay = 0.00>
ST_1 : Operation 31 [1/1] (0.00ns)   --->   "%trunc_ln28_24 = partselect i16 @_ssdm_op_PartSelect.i16.i752.i32.i32, i752 %layer26_out_read, i32 400, i32 415" [firmware/nnet_utils/nnet_batchnorm_stream.h:28]   --->   Operation 31 'partselect' 'trunc_ln28_24' <Predicate = true> <Delay = 0.00>
ST_1 : Operation 32 [1/1] (0.00ns)   --->   "%trunc_ln28_25 = partselect i16 @_ssdm_op_PartSelect.i16.i752.i32.i32, i752 %layer26_out_read, i32 416, i32 431" [firmware/nnet_utils/nnet_batchnorm_stream.h:28]   --->   Operation 32 'partselect' 'trunc_ln28_25' <Predicate = true> <Delay = 0.00>
ST_1 : Operation 33 [1/1] (0.00ns)   --->   "%trunc_ln28_26 = partselect i16 @_ssdm_op_PartSelect.i16.i752.i32.i32, i752 %layer26_out_read, i32 432, i32 447" [firmware/nnet_utils/nnet_batchnorm_stream.h:28]   --->   Operation 33 'partselect' 'trunc_ln28_26' <Predicate = true> <Delay = 0.00>
ST_1 : Operation 34 [1/1] (0.00ns)   --->   "%trunc_ln28_27 = partselect i16 @_ssdm_op_PartSelect.i16.i752.i32.i32, i752 %layer26_out_read, i32 448, i32 463" [firmware/nnet_utils/nnet_batchnorm_stream.h:28]   --->   Operation 34 'partselect' 'trunc_ln28_27' <Predicate = true> <Delay = 0.00>
ST_1 : Operation 35 [1/1] (0.00ns)   --->   "%trunc_ln28_28 = partselect i16 @_ssdm_op_PartSelect.i16.i752.i32.i32, i752 %layer26_out_read, i32 464, i32 479" [firmware/nnet_utils/nnet_batchnorm_stream.h:28]   --->   Operation 35 'partselect' 'trunc_ln28_28' <Predicate = true> <Delay = 0.00>
ST_1 : Operation 36 [1/1] (0.00ns)   --->   "%trunc_ln28_29 = partselect i16 @_ssdm_op_PartSelect.i16.i752.i32.i32, i752 %layer26_out_read, i32 480, i32 495" [firmware/nnet_utils/nnet_batchnorm_stream.h:28]   --->   Operation 36 'partselect' 'trunc_ln28_29' <Predicate = true> <Delay = 0.00>
ST_1 : Operation 37 [1/1] (0.00ns)   --->   "%trunc_ln28_30 = partselect i16 @_ssdm_op_PartSelect.i16.i752.i32.i32, i752 %layer26_out_read, i32 496, i32 511" [firmware/nnet_utils/nnet_batchnorm_stream.h:28]   --->   Operation 37 'partselect' 'trunc_ln28_30' <Predicate = true> <Delay = 0.00>
ST_1 : Operation 38 [1/1] (0.00ns)   --->   "%trunc_ln28_31 = partselect i16 @_ssdm_op_PartSelect.i16.i752.i32.i32, i752 %layer26_out_read, i32 512, i32 527" [firmware/nnet_utils/nnet_batchnorm_stream.h:28]   --->   Operation 38 'partselect' 'trunc_ln28_31' <Predicate = true> <Delay = 0.00>
ST_1 : Operation 39 [1/1] (0.00ns)   --->   "%trunc_ln28_32 = partselect i16 @_ssdm_op_PartSelect.i16.i752.i32.i32, i752 %layer26_out_read, i32 528, i32 543" [firmware/nnet_utils/nnet_batchnorm_stream.h:28]   --->   Operation 39 'partselect' 'trunc_ln28_32' <Predicate = true> <Delay = 0.00>
ST_1 : Operation 40 [1/1] (0.00ns)   --->   "%trunc_ln28_33 = partselect i16 @_ssdm_op_PartSelect.i16.i752.i32.i32, i752 %layer26_out_read, i32 544, i32 559" [firmware/nnet_utils/nnet_batchnorm_stream.h:28]   --->   Operation 40 'partselect' 'trunc_ln28_33' <Predicate = true> <Delay = 0.00>
ST_1 : Operation 41 [1/1] (0.00ns)   --->   "%trunc_ln28_34 = partselect i16 @_ssdm_op_PartSelect.i16.i752.i32.i32, i752 %layer26_out_read, i32 560, i32 575" [firmware/nnet_utils/nnet_batchnorm_stream.h:28]   --->   Operation 41 'partselect' 'trunc_ln28_34' <Predicate = true> <Delay = 0.00>
ST_1 : Operation 42 [1/1] (0.00ns)   --->   "%trunc_ln28_35 = partselect i16 @_ssdm_op_PartSelect.i16.i752.i32.i32, i752 %layer26_out_read, i32 576, i32 591" [firmware/nnet_utils/nnet_batchnorm_stream.h:28]   --->   Operation 42 'partselect' 'trunc_ln28_35' <Predicate = true> <Delay = 0.00>
ST_1 : Operation 43 [1/1] (0.00ns)   --->   "%trunc_ln28_36 = partselect i16 @_ssdm_op_PartSelect.i16.i752.i32.i32, i752 %layer26_out_read, i32 592, i32 607" [firmware/nnet_utils/nnet_batchnorm_stream.h:28]   --->   Operation 43 'partselect' 'trunc_ln28_36' <Predicate = true> <Delay = 0.00>
ST_1 : Operation 44 [1/1] (0.00ns)   --->   "%trunc_ln28_37 = partselect i16 @_ssdm_op_PartSelect.i16.i752.i32.i32, i752 %layer26_out_read, i32 608, i32 623" [firmware/nnet_utils/nnet_batchnorm_stream.h:28]   --->   Operation 44 'partselect' 'trunc_ln28_37' <Predicate = true> <Delay = 0.00>
ST_1 : Operation 45 [1/1] (0.00ns)   --->   "%trunc_ln28_38 = partselect i16 @_ssdm_op_PartSelect.i16.i752.i32.i32, i752 %layer26_out_read, i32 624, i32 639" [firmware/nnet_utils/nnet_batchnorm_stream.h:28]   --->   Operation 45 'partselect' 'trunc_ln28_38' <Predicate = true> <Delay = 0.00>
ST_1 : Operation 46 [1/1] (0.00ns)   --->   "%trunc_ln28_39 = partselect i16 @_ssdm_op_PartSelect.i16.i752.i32.i32, i752 %layer26_out_read, i32 640, i32 655" [firmware/nnet_utils/nnet_batchnorm_stream.h:28]   --->   Operation 46 'partselect' 'trunc_ln28_39' <Predicate = true> <Delay = 0.00>
ST_1 : Operation 47 [1/1] (0.00ns)   --->   "%trunc_ln28_40 = partselect i16 @_ssdm_op_PartSelect.i16.i752.i32.i32, i752 %layer26_out_read, i32 656, i32 671" [firmware/nnet_utils/nnet_batchnorm_stream.h:28]   --->   Operation 47 'partselect' 'trunc_ln28_40' <Predicate = true> <Delay = 0.00>
ST_1 : Operation 48 [1/1] (0.00ns)   --->   "%trunc_ln28_41 = partselect i16 @_ssdm_op_PartSelect.i16.i752.i32.i32, i752 %layer26_out_read, i32 672, i32 687" [firmware/nnet_utils/nnet_batchnorm_stream.h:28]   --->   Operation 48 'partselect' 'trunc_ln28_41' <Predicate = true> <Delay = 0.00>
ST_1 : Operation 49 [1/1] (0.00ns)   --->   "%trunc_ln28_42 = partselect i16 @_ssdm_op_PartSelect.i16.i752.i32.i32, i752 %layer26_out_read, i32 688, i32 703" [firmware/nnet_utils/nnet_batchnorm_stream.h:28]   --->   Operation 49 'partselect' 'trunc_ln28_42' <Predicate = true> <Delay = 0.00>
ST_1 : Operation 50 [1/1] (0.00ns)   --->   "%trunc_ln28_43 = partselect i16 @_ssdm_op_PartSelect.i16.i752.i32.i32, i752 %layer26_out_read, i32 704, i32 719" [firmware/nnet_utils/nnet_batchnorm_stream.h:28]   --->   Operation 50 'partselect' 'trunc_ln28_43' <Predicate = true> <Delay = 0.00>
ST_1 : Operation 51 [1/1] (0.00ns)   --->   "%trunc_ln28_44 = partselect i16 @_ssdm_op_PartSelect.i16.i752.i32.i32, i752 %layer26_out_read, i32 720, i32 735" [firmware/nnet_utils/nnet_batchnorm_stream.h:28]   --->   Operation 51 'partselect' 'trunc_ln28_44' <Predicate = true> <Delay = 0.00>
ST_1 : Operation 52 [1/1] (0.00ns)   --->   "%trunc_ln28_45 = partselect i16 @_ssdm_op_PartSelect.i16.i752.i32.i32, i752 %layer26_out_read, i32 736, i32 751" [firmware/nnet_utils/nnet_batchnorm_stream.h:28]   --->   Operation 52 'partselect' 'trunc_ln28_45' <Predicate = true> <Delay = 0.00>

State 2 <SV = 1> <Delay = 2.14>
ST_2 : Operation 53 [1/1] (2.14ns)   --->   "%add_ln42 = add i16 %trunc_ln28, i16 65055" [firmware/nnet_utils/nnet_batchnorm_stream.h:42]   --->   Operation 53 'add' 'add_ln42' <Predicate = true> <Delay = 2.14> <CoreInst = "Adder">   --->   Core 1 'Adder' <Latency = 0> <II = 1> <Delay = 2.14> <FuncUnit> <Opcode : 'add' 'sub'> <InPorts = 2> <OutPorts = 1>
ST_2 : Operation 54 [1/1] (2.14ns)   --->   "%add_ln42_1 = add i16 %trunc_ln28_1, i16 65515" [firmware/nnet_utils/nnet_batchnorm_stream.h:42]   --->   Operation 54 'add' 'add_ln42_1' <Predicate = true> <Delay = 2.14> <CoreInst = "Adder">   --->   Core 1 'Adder' <Latency = 0> <II = 1> <Delay = 2.14> <FuncUnit> <Opcode : 'add' 'sub'> <InPorts = 2> <OutPorts = 1>
ST_2 : Operation 55 [1/1] (2.14ns)   --->   "%add_ln42_2 = add i16 %trunc_ln28_2, i16 225" [firmware/nnet_utils/nnet_batchnorm_stream.h:42]   --->   Operation 55 'add' 'add_ln42_2' <Predicate = true> <Delay = 2.14> <CoreInst = "Adder">   --->   Core 1 'Adder' <Latency = 0> <II = 1> <Delay = 2.14> <FuncUnit> <Opcode : 'add' 'sub'> <InPorts = 2> <OutPorts = 1>
ST_2 : Operation 56 [1/1] (2.14ns)   --->   "%add_ln42_3 = add i16 %trunc_ln28_3, i16 69" [firmware/nnet_utils/nnet_batchnorm_stream.h:42]   --->   Operation 56 'add' 'add_ln42_3' <Predicate = true> <Delay = 2.14> <CoreInst = "Adder">   --->   Core 1 'Adder' <Latency = 0> <II = 1> <Delay = 2.14> <FuncUnit> <Opcode : 'add' 'sub'> <InPorts = 2> <OutPorts = 1>
ST_2 : Operation 57 [1/1] (2.14ns)   --->   "%add_ln42_4 = add i16 %trunc_ln28_4, i16 65469" [firmware/nnet_utils/nnet_batchnorm_stream.h:42]   --->   Operation 57 'add' 'add_ln42_4' <Predicate = true> <Delay = 2.14> <CoreInst = "Adder">   --->   Core 1 'Adder' <Latency = 0> <II = 1> <Delay = 2.14> <FuncUnit> <Opcode : 'add' 'sub'> <InPorts = 2> <OutPorts = 1>
ST_2 : Operation 58 [1/1] (2.14ns)   --->   "%add_ln42_5 = add i16 %trunc_ln28_5, i16 65169" [firmware/nnet_utils/nnet_batchnorm_stream.h:42]   --->   Operation 58 'add' 'add_ln42_5' <Predicate = true> <Delay = 2.14> <CoreInst = "Adder">   --->   Core 1 'Adder' <Latency = 0> <II = 1> <Delay = 2.14> <FuncUnit> <Opcode : 'add' 'sub'> <InPorts = 2> <OutPorts = 1>
ST_2 : Operation 59 [1/1] (2.14ns)   --->   "%add_ln42_6 = add i16 %trunc_ln28_6, i16 240" [firmware/nnet_utils/nnet_batchnorm_stream.h:42]   --->   Operation 59 'add' 'add_ln42_6' <Predicate = true> <Delay = 2.14> <CoreInst = "Adder">   --->   Core 1 'Adder' <Latency = 0> <II = 1> <Delay = 2.14> <FuncUnit> <Opcode : 'add' 'sub'> <InPorts = 2> <OutPorts = 1>
ST_2 : Operation 60 [1/1] (2.14ns)   --->   "%add_ln42_7 = add i16 %trunc_ln28_7, i16 65404" [firmware/nnet_utils/nnet_batchnorm_stream.h:42]   --->   Operation 60 'add' 'add_ln42_7' <Predicate = true> <Delay = 2.14> <CoreInst = "Adder">   --->   Core 1 'Adder' <Latency = 0> <II = 1> <Delay = 2.14> <FuncUnit> <Opcode : 'add' 'sub'> <InPorts = 2> <OutPorts = 1>
ST_2 : Operation 61 [1/1] (2.14ns)   --->   "%add_ln42_8 = add i16 %trunc_ln28_8, i16 238" [firmware/nnet_utils/nnet_batchnorm_stream.h:42]   --->   Operation 61 'add' 'add_ln42_8' <Predicate = true> <Delay = 2.14> <CoreInst = "Adder">   --->   Core 1 'Adder' <Latency = 0> <II = 1> <Delay = 2.14> <FuncUnit> <Opcode : 'add' 'sub'> <InPorts = 2> <OutPorts = 1>
ST_2 : Operation 62 [1/1] (2.14ns)   --->   "%add_ln42_9 = add i16 %trunc_ln28_9, i16 65413" [firmware/nnet_utils/nnet_batchnorm_stream.h:42]   --->   Operation 62 'add' 'add_ln42_9' <Predicate = true> <Delay = 2.14> <CoreInst = "Adder">   --->   Core 1 'Adder' <Latency = 0> <II = 1> <Delay = 2.14> <FuncUnit> <Opcode : 'add' 'sub'> <InPorts = 2> <OutPorts = 1>
ST_2 : Operation 63 [1/1] (2.14ns)   --->   "%add_ln42_10 = add i16 %trunc_ln28_s, i16 65483" [firmware/nnet_utils/nnet_batchnorm_stream.h:42]   --->   Operation 63 'add' 'add_ln42_10' <Predicate = true> <Delay = 2.14> <CoreInst = "Adder">   --->   Core 1 'Adder' <Latency = 0> <II = 1> <Delay = 2.14> <FuncUnit> <Opcode : 'add' 'sub'> <InPorts = 2> <OutPorts = 1>
ST_2 : Operation 64 [1/1] (2.14ns)   --->   "%add_ln42_11 = add i16 %trunc_ln28_10, i16 65304" [firmware/nnet_utils/nnet_batchnorm_stream.h:42]   --->   Operation 64 'add' 'add_ln42_11' <Predicate = true> <Delay = 2.14> <CoreInst = "Adder">   --->   Core 1 'Adder' <Latency = 0> <II = 1> <Delay = 2.14> <FuncUnit> <Opcode : 'add' 'sub'> <InPorts = 2> <OutPorts = 1>
ST_2 : Operation 65 [1/1] (2.14ns)   --->   "%add_ln42_12 = add i16 %trunc_ln28_11, i16 65500" [firmware/nnet_utils/nnet_batchnorm_stream.h:42]   --->   Operation 65 'add' 'add_ln42_12' <Predicate = true> <Delay = 2.14> <CoreInst = "Adder">   --->   Core 1 'Adder' <Latency = 0> <II = 1> <Delay = 2.14> <FuncUnit> <Opcode : 'add' 'sub'> <InPorts = 2> <OutPorts = 1>
ST_2 : Operation 66 [1/1] (2.14ns)   --->   "%add_ln42_13 = add i16 %trunc_ln28_12, i16 65409" [firmware/nnet_utils/nnet_batchnorm_stream.h:42]   --->   Operation 66 'add' 'add_ln42_13' <Predicate = true> <Delay = 2.14> <CoreInst = "Adder">   --->   Core 1 'Adder' <Latency = 0> <II = 1> <Delay = 2.14> <FuncUnit> <Opcode : 'add' 'sub'> <InPorts = 2> <OutPorts = 1>
ST_2 : Operation 67 [1/1] (2.14ns)   --->   "%add_ln42_14 = add i16 %trunc_ln28_13, i16 225" [firmware/nnet_utils/nnet_batchnorm_stream.h:42]   --->   Operation 67 'add' 'add_ln42_14' <Predicate = true> <Delay = 2.14> <CoreInst = "Adder">   --->   Core 1 'Adder' <Latency = 0> <II = 1> <Delay = 2.14> <FuncUnit> <Opcode : 'add' 'sub'> <InPorts = 2> <OutPorts = 1>
ST_2 : Operation 68 [1/1] (2.14ns)   --->   "%add_ln42_15 = add i16 %trunc_ln28_14, i16 65529" [firmware/nnet_utils/nnet_batchnorm_stream.h:42]   --->   Operation 68 'add' 'add_ln42_15' <Predicate = true> <Delay = 2.14> <CoreInst = "Adder">   --->   Core 1 'Adder' <Latency = 0> <II = 1> <Delay = 2.14> <FuncUnit> <Opcode : 'add' 'sub'> <InPorts = 2> <OutPorts = 1>
ST_2 : Operation 69 [1/1] (2.14ns)   --->   "%add_ln42_16 = add i16 %trunc_ln28_15, i16 64793" [firmware/nnet_utils/nnet_batchnorm_stream.h:42]   --->   Operation 69 'add' 'add_ln42_16' <Predicate = true> <Delay = 2.14> <CoreInst = "Adder">   --->   Core 1 'Adder' <Latency = 0> <II = 1> <Delay = 2.14> <FuncUnit> <Opcode : 'add' 'sub'> <InPorts = 2> <OutPorts = 1>
ST_2 : Operation 70 [1/1] (2.14ns)   --->   "%add_ln42_17 = add i16 %trunc_ln28_16, i16 64904" [firmware/nnet_utils/nnet_batchnorm_stream.h:42]   --->   Operation 70 'add' 'add_ln42_17' <Predicate = true> <Delay = 2.14> <CoreInst = "Adder">   --->   Core 1 'Adder' <Latency = 0> <II = 1> <Delay = 2.14> <FuncUnit> <Opcode : 'add' 'sub'> <InPorts = 2> <OutPorts = 1>
ST_2 : Operation 71 [1/1] (2.14ns)   --->   "%add_ln42_18 = add i16 %trunc_ln28_17, i16 676" [firmware/nnet_utils/nnet_batchnorm_stream.h:42]   --->   Operation 71 'add' 'add_ln42_18' <Predicate = true> <Delay = 2.14> <CoreInst = "Adder">   --->   Core 1 'Adder' <Latency = 0> <II = 1> <Delay = 2.14> <FuncUnit> <Opcode : 'add' 'sub'> <InPorts = 2> <OutPorts = 1>
ST_2 : Operation 72 [1/1] (2.14ns)   --->   "%add_ln42_19 = add i16 %trunc_ln28_18, i16 65410" [firmware/nnet_utils/nnet_batchnorm_stream.h:42]   --->   Operation 72 'add' 'add_ln42_19' <Predicate = true> <Delay = 2.14> <CoreInst = "Adder">   --->   Core 1 'Adder' <Latency = 0> <II = 1> <Delay = 2.14> <FuncUnit> <Opcode : 'add' 'sub'> <InPorts = 2> <OutPorts = 1>
ST_2 : Operation 73 [1/1] (2.14ns)   --->   "%add_ln42_20 = add i16 %trunc_ln28_19, i16 65125" [firmware/nnet_utils/nnet_batchnorm_stream.h:42]   --->   Operation 73 'add' 'add_ln42_20' <Predicate = true> <Delay = 2.14> <CoreInst = "Adder">   --->   Core 1 'Adder' <Latency = 0> <II = 1> <Delay = 2.14> <FuncUnit> <Opcode : 'add' 'sub'> <InPorts = 2> <OutPorts = 1>
ST_2 : Operation 74 [1/1] (2.14ns)   --->   "%add_ln42_21 = add i16 %trunc_ln28_20, i16 284" [firmware/nnet_utils/nnet_batchnorm_stream.h:42]   --->   Operation 74 'add' 'add_ln42_21' <Predicate = true> <Delay = 2.14> <CoreInst = "Adder">   --->   Core 1 'Adder' <Latency = 0> <II = 1> <Delay = 2.14> <FuncUnit> <Opcode : 'add' 'sub'> <InPorts = 2> <OutPorts = 1>
ST_2 : Operation 75 [1/1] (2.14ns)   --->   "%add_ln42_22 = add i16 %trunc_ln28_21, i16 65148" [firmware/nnet_utils/nnet_batchnorm_stream.h:42]   --->   Operation 75 'add' 'add_ln42_22' <Predicate = true> <Delay = 2.14> <CoreInst = "Adder">   --->   Core 1 'Adder' <Latency = 0> <II = 1> <Delay = 2.14> <FuncUnit> <Opcode : 'add' 'sub'> <InPorts = 2> <OutPorts = 1>
ST_2 : Operation 76 [1/1] (2.14ns)   --->   "%add_ln42_23 = add i16 %trunc_ln28_22, i16 7" [firmware/nnet_utils/nnet_batchnorm_stream.h:42]   --->   Operation 76 'add' 'add_ln42_23' <Predicate = true> <Delay = 2.14> <CoreInst = "Adder">   --->   Core 1 'Adder' <Latency = 0> <II = 1> <Delay = 2.14> <FuncUnit> <Opcode : 'add' 'sub'> <InPorts = 2> <OutPorts = 1>
ST_2 : Operation 77 [1/1] (2.14ns)   --->   "%add_ln42_24 = add i16 %trunc_ln28_23, i16 211" [firmware/nnet_utils/nnet_batchnorm_stream.h:42]   --->   Operation 77 'add' 'add_ln42_24' <Predicate = true> <Delay = 2.14> <CoreInst = "Adder">   --->   Core 1 'Adder' <Latency = 0> <II = 1> <Delay = 2.14> <FuncUnit> <Opcode : 'add' 'sub'> <InPorts = 2> <OutPorts = 1>
ST_2 : Operation 78 [1/1] (2.14ns)   --->   "%add_ln42_25 = add i16 %trunc_ln28_24, i16 440" [firmware/nnet_utils/nnet_batchnorm_stream.h:42]   --->   Operation 78 'add' 'add_ln42_25' <Predicate = true> <Delay = 2.14> <CoreInst = "Adder">   --->   Core 1 'Adder' <Latency = 0> <II = 1> <Delay = 2.14> <FuncUnit> <Opcode : 'add' 'sub'> <InPorts = 2> <OutPorts = 1>
ST_2 : Operation 79 [1/1] (2.14ns)   --->   "%add_ln42_26 = add i16 %trunc_ln28_25, i16 64643" [firmware/nnet_utils/nnet_batchnorm_stream.h:42]   --->   Operation 79 'add' 'add_ln42_26' <Predicate = true> <Delay = 2.14> <CoreInst = "Adder">   --->   Core 1 'Adder' <Latency = 0> <II = 1> <Delay = 2.14> <FuncUnit> <Opcode : 'add' 'sub'> <InPorts = 2> <OutPorts = 1>
ST_2 : Operation 80 [1/1] (2.14ns)   --->   "%add_ln42_27 = add i16 %trunc_ln28_26, i16 332" [firmware/nnet_utils/nnet_batchnorm_stream.h:42]   --->   Operation 80 'add' 'add_ln42_27' <Predicate = true> <Delay = 2.14> <CoreInst = "Adder">   --->   Core 1 'Adder' <Latency = 0> <II = 1> <Delay = 2.14> <FuncUnit> <Opcode : 'add' 'sub'> <InPorts = 2> <OutPorts = 1>
ST_2 : Operation 81 [1/1] (2.14ns)   --->   "%add_ln42_28 = add i16 %trunc_ln28_27, i16 293" [firmware/nnet_utils/nnet_batchnorm_stream.h:42]   --->   Operation 81 'add' 'add_ln42_28' <Predicate = true> <Delay = 2.14> <CoreInst = "Adder">   --->   Core 1 'Adder' <Latency = 0> <II = 1> <Delay = 2.14> <FuncUnit> <Opcode : 'add' 'sub'> <InPorts = 2> <OutPorts = 1>
ST_2 : Operation 82 [1/1] (2.14ns)   --->   "%add_ln42_29 = add i16 %trunc_ln28_28, i16 65212" [firmware/nnet_utils/nnet_batchnorm_stream.h:42]   --->   Operation 82 'add' 'add_ln42_29' <Predicate = true> <Delay = 2.14> <CoreInst = "Adder">   --->   Core 1 'Adder' <Latency = 0> <II = 1> <Delay = 2.14> <FuncUnit> <Opcode : 'add' 'sub'> <InPorts = 2> <OutPorts = 1>
ST_2 : Operation 83 [1/1] (2.14ns)   --->   "%add_ln42_30 = add i16 %trunc_ln28_29, i16 65449" [firmware/nnet_utils/nnet_batchnorm_stream.h:42]   --->   Operation 83 'add' 'add_ln42_30' <Predicate = true> <Delay = 2.14> <CoreInst = "Adder">   --->   Core 1 'Adder' <Latency = 0> <II = 1> <Delay = 2.14> <FuncUnit> <Opcode : 'add' 'sub'> <InPorts = 2> <OutPorts = 1>
ST_2 : Operation 84 [1/1] (2.14ns)   --->   "%add_ln42_31 = add i16 %trunc_ln28_30, i16 440" [firmware/nnet_utils/nnet_batchnorm_stream.h:42]   --->   Operation 84 'add' 'add_ln42_31' <Predicate = true> <Delay = 2.14> <CoreInst = "Adder">   --->   Core 1 'Adder' <Latency = 0> <II = 1> <Delay = 2.14> <FuncUnit> <Opcode : 'add' 'sub'> <InPorts = 2> <OutPorts = 1>
ST_2 : Operation 85 [1/1] (2.14ns)   --->   "%add_ln42_32 = add i16 %trunc_ln28_31, i16 64959" [firmware/nnet_utils/nnet_batchnorm_stream.h:42]   --->   Operation 85 'add' 'add_ln42_32' <Predicate = true> <Delay = 2.14> <CoreInst = "Adder">   --->   Core 1 'Adder' <Latency = 0> <II = 1> <Delay = 2.14> <FuncUnit> <Opcode : 'add' 'sub'> <InPorts = 2> <OutPorts = 1>
ST_2 : Operation 86 [1/1] (2.14ns)   --->   "%add_ln42_33 = add i16 %trunc_ln28_32, i16 65514" [firmware/nnet_utils/nnet_batchnorm_stream.h:42]   --->   Operation 86 'add' 'add_ln42_33' <Predicate = true> <Delay = 2.14> <CoreInst = "Adder">   --->   Core 1 'Adder' <Latency = 0> <II = 1> <Delay = 2.14> <FuncUnit> <Opcode : 'add' 'sub'> <InPorts = 2> <OutPorts = 1>
ST_2 : Operation 87 [1/1] (2.14ns)   --->   "%add_ln42_34 = add i16 %trunc_ln28_33, i16 65385" [firmware/nnet_utils/nnet_batchnorm_stream.h:42]   --->   Operation 87 'add' 'add_ln42_34' <Predicate = true> <Delay = 2.14> <CoreInst = "Adder">   --->   Core 1 'Adder' <Latency = 0> <II = 1> <Delay = 2.14> <FuncUnit> <Opcode : 'add' 'sub'> <InPorts = 2> <OutPorts = 1>
ST_2 : Operation 88 [1/1] (2.14ns)   --->   "%add_ln42_35 = add i16 %trunc_ln28_34, i16 65295" [firmware/nnet_utils/nnet_batchnorm_stream.h:42]   --->   Operation 88 'add' 'add_ln42_35' <Predicate = true> <Delay = 2.14> <CoreInst = "Adder">   --->   Core 1 'Adder' <Latency = 0> <II = 1> <Delay = 2.14> <FuncUnit> <Opcode : 'add' 'sub'> <InPorts = 2> <OutPorts = 1>
ST_2 : Operation 89 [1/1] (2.14ns)   --->   "%add_ln42_36 = add i16 %trunc_ln28_35, i16 378" [firmware/nnet_utils/nnet_batchnorm_stream.h:42]   --->   Operation 89 'add' 'add_ln42_36' <Predicate = true> <Delay = 2.14> <CoreInst = "Adder">   --->   Core 1 'Adder' <Latency = 0> <II = 1> <Delay = 2.14> <FuncUnit> <Opcode : 'add' 'sub'> <InPorts = 2> <OutPorts = 1>
ST_2 : Operation 90 [1/1] (2.14ns)   --->   "%add_ln42_37 = add i16 %trunc_ln28_36, i16 192" [firmware/nnet_utils/nnet_batchnorm_stream.h:42]   --->   Operation 90 'add' 'add_ln42_37' <Predicate = true> <Delay = 2.14> <CoreInst = "Adder">   --->   Core 1 'Adder' <Latency = 0> <II = 1> <Delay = 2.14> <FuncUnit> <Opcode : 'add' 'sub'> <InPorts = 2> <OutPorts = 1>
ST_2 : Operation 91 [1/1] (2.14ns)   --->   "%add_ln42_38 = add i16 %trunc_ln28_37, i16 65447" [firmware/nnet_utils/nnet_batchnorm_stream.h:42]   --->   Operation 91 'add' 'add_ln42_38' <Predicate = true> <Delay = 2.14> <CoreInst = "Adder">   --->   Core 1 'Adder' <Latency = 0> <II = 1> <Delay = 2.14> <FuncUnit> <Opcode : 'add' 'sub'> <InPorts = 2> <OutPorts = 1>
ST_2 : Operation 92 [1/1] (2.14ns)   --->   "%add_ln42_39 = add i16 %trunc_ln28_38, i16 452" [firmware/nnet_utils/nnet_batchnorm_stream.h:42]   --->   Operation 92 'add' 'add_ln42_39' <Predicate = true> <Delay = 2.14> <CoreInst = "Adder">   --->   Core 1 'Adder' <Latency = 0> <II = 1> <Delay = 2.14> <FuncUnit> <Opcode : 'add' 'sub'> <InPorts = 2> <OutPorts = 1>
ST_2 : Operation 93 [1/1] (2.14ns)   --->   "%add_ln42_40 = add i16 %trunc_ln28_39, i16 65442" [firmware/nnet_utils/nnet_batchnorm_stream.h:42]   --->   Operation 93 'add' 'add_ln42_40' <Predicate = true> <Delay = 2.14> <CoreInst = "Adder">   --->   Core 1 'Adder' <Latency = 0> <II = 1> <Delay = 2.14> <FuncUnit> <Opcode : 'add' 'sub'> <InPorts = 2> <OutPorts = 1>
ST_2 : Operation 94 [1/1] (2.14ns)   --->   "%add_ln42_41 = add i16 %trunc_ln28_40, i16 65475" [firmware/nnet_utils/nnet_batchnorm_stream.h:42]   --->   Operation 94 'add' 'add_ln42_41' <Predicate = true> <Delay = 2.14> <CoreInst = "Adder">   --->   Core 1 'Adder' <Latency = 0> <II = 1> <Delay = 2.14> <FuncUnit> <Opcode : 'add' 'sub'> <InPorts = 2> <OutPorts = 1>
ST_2 : Operation 95 [1/1] (2.14ns)   --->   "%add_ln42_42 = add i16 %trunc_ln28_41, i16 147" [firmware/nnet_utils/nnet_batchnorm_stream.h:42]   --->   Operation 95 'add' 'add_ln42_42' <Predicate = true> <Delay = 2.14> <CoreInst = "Adder">   --->   Core 1 'Adder' <Latency = 0> <II = 1> <Delay = 2.14> <FuncUnit> <Opcode : 'add' 'sub'> <InPorts = 2> <OutPorts = 1>
ST_2 : Operation 96 [1/1] (2.14ns)   --->   "%add_ln42_43 = add i16 %trunc_ln28_42, i16 284" [firmware/nnet_utils/nnet_batchnorm_stream.h:42]   --->   Operation 96 'add' 'add_ln42_43' <Predicate = true> <Delay = 2.14> <CoreInst = "Adder">   --->   Core 1 'Adder' <Latency = 0> <II = 1> <Delay = 2.14> <FuncUnit> <Opcode : 'add' 'sub'> <InPorts = 2> <OutPorts = 1>
ST_2 : Operation 97 [1/1] (2.14ns)   --->   "%add_ln42_44 = add i16 %trunc_ln28_43, i16 419" [firmware/nnet_utils/nnet_batchnorm_stream.h:42]   --->   Operation 97 'add' 'add_ln42_44' <Predicate = true> <Delay = 2.14> <CoreInst = "Adder">   --->   Core 1 'Adder' <Latency = 0> <II = 1> <Delay = 2.14> <FuncUnit> <Opcode : 'add' 'sub'> <InPorts = 2> <OutPorts = 1>
ST_2 : Operation 98 [1/1] (2.14ns)   --->   "%add_ln42_45 = add i16 %trunc_ln28_44, i16 215" [firmware/nnet_utils/nnet_batchnorm_stream.h:42]   --->   Operation 98 'add' 'add_ln42_45' <Predicate = true> <Delay = 2.14> <CoreInst = "Adder">   --->   Core 1 'Adder' <Latency = 0> <II = 1> <Delay = 2.14> <FuncUnit> <Opcode : 'add' 'sub'> <InPorts = 2> <OutPorts = 1>
ST_2 : Operation 99 [1/1] (2.14ns)   --->   "%add_ln42_46 = add i16 %trunc_ln28_45, i16 64716" [firmware/nnet_utils/nnet_batchnorm_stream.h:42]   --->   Operation 99 'add' 'add_ln42_46' <Predicate = true> <Delay = 2.14> <CoreInst = "Adder">   --->   Core 1 'Adder' <Latency = 0> <II = 1> <Delay = 2.14> <FuncUnit> <Opcode : 'add' 'sub'> <InPorts = 2> <OutPorts = 1>

State 3 <SV = 2> <Delay = 1.82>
ST_3 : Operation 100 [1/1] (0.00ns)   --->   "%p_0 = bitconcatenate i752 @_ssdm_op_BitConcatenate.i752.i16.i16.i16.i16.i16.i16.i16.i16.i16.i16.i16.i16.i16.i16.i16.i16.i16.i16.i16.i16.i16.i16.i16.i16.i16.i16.i16.i16.i16.i16.i16.i16.i16.i16.i16.i16.i16.i16.i16.i16.i16.i16.i16.i16.i16.i16.i16, i16 %add_ln42_46, i16 %add_ln42_45, i16 %add_ln42_44, i16 %add_ln42_43, i16 %add_ln42_42, i16 %add_ln42_41, i16 %add_ln42_40, i16 %add_ln42_39, i16 %add_ln42_38, i16 %add_ln42_37, i16 %add_ln42_36, i16 %add_ln42_35, i16 %add_ln42_34, i16 %add_ln42_33, i16 %add_ln42_32, i16 %add_ln42_31, i16 %add_ln42_30, i16 %add_ln42_29, i16 %add_ln42_28, i16 %add_ln42_27, i16 %add_ln42_26, i16 %add_ln42_25, i16 %add_ln42_24, i16 %add_ln42_23, i16 %add_ln42_22, i16 %add_ln42_21, i16 %add_ln42_20, i16 %add_ln42_19, i16 %add_ln42_18, i16 %add_ln42_17, i16 %add_ln42_16, i16 %add_ln42_15, i16 %add_ln42_14, i16 %add_ln42_13, i16 %add_ln42_12, i16 %add_ln42_11, i16 %add_ln42_10, i16 %add_ln42_9, i16 %add_ln42_8, i16 %add_ln42_7, i16 %add_ln42_6, i16 %add_ln42_5, i16 %add_ln42_4, i16 %add_ln42_3, i16 %add_ln42_2, i16 %add_ln42_1, i16 %add_ln42" [firmware/nnet_utils/nnet_batchnorm_stream.h:46]   --->   Operation 100 'bitconcatenate' 'p_0' <Predicate = true> <Delay = 0.00>
ST_3 : Operation 101 [2/2] (1.82ns)   --->   "%write_ln46 = write void @_ssdm_op_Write.axis.volatile.i752P128A, i752 %layer24_out, i752 %p_0" [firmware/nnet_utils/nnet_batchnorm_stream.h:46]   --->   Operation 101 'write' 'write_ln46' <Predicate = true> <Delay = 1.82> <CoreInst = "regslice">   --->   Core 135 'regslice' <Latency = 0> <II = 1> <Delay = 2.20> <Adapter> <Opcode : 'read' 'write'>

State 4 <SV = 3> <Delay = 1.82>
ST_4 : Operation 102 [1/1] (0.00ns)   --->   "%specinterface_ln0 = specinterface void @_ssdm_op_SpecInterface, i752 %layer26_out, void @empty, i32 0, i32 0, void @empty_7, i32 0, i32 0, void @empty_7, void @empty_7, void @empty_7, i32 0, i32 0, i32 0, i32 0, void @empty_7, void @empty_7, i32 4294967295, i32 0, i32 0, i32 0"   --->   Operation 102 'specinterface' 'specinterface_ln0' <Predicate = true> <Delay = 0.00>
ST_4 : Operation 103 [1/1] (0.00ns)   --->   "%specinterface_ln0 = specinterface void @_ssdm_op_SpecInterface, i752 %layer24_out, void @empty_3, i32 1, i32 1, void @empty_4, i32 0, i32 0, void @empty_7, void @empty_7, void @empty_7, i32 0, i32 0, i32 0, i32 0, void @empty_7, void @empty_7, i32 4294967295, i32 0, i32 0, i32 0"   --->   Operation 103 'specinterface' 'specinterface_ln0' <Predicate = true> <Delay = 0.00>
ST_4 : Operation 104 [1/1] (0.00ns)   --->   "%specresourcelimit_ln22 = specresourcelimit void @_ssdm_op_SpecResourceLimit, i64 47, void @empty_2, void @empty_7, void @empty_7, void @empty_7" [firmware/nnet_utils/nnet_batchnorm_stream.h:22]   --->   Operation 104 'specresourcelimit' 'specresourcelimit_ln22' <Predicate = true> <Delay = 0.00>
ST_4 : Operation 105 [1/2] ( I:1.82ns O:1.82ns )   --->   "%write_ln46 = write void @_ssdm_op_Write.axis.volatile.i752P128A, i752 %layer24_out, i752 %p_0" [firmware/nnet_utils/nnet_batchnorm_stream.h:46]   --->   Operation 105 'write' 'write_ln46' <Predicate = true> <Delay = 1.82> <CoreInst = "regslice">   --->   Core 135 'regslice' <Latency = 0> <II = 1> <Delay = 2.20> <Adapter> <Opcode : 'read' 'write'>
ST_4 : Operation 106 [1/1] (0.00ns)   --->   "%ret_ln48 = ret" [firmware/nnet_utils/nnet_batchnorm_stream.h:48]   --->   Operation 106 'ret' 'ret_ln48' <Predicate = true> <Delay = 0.00>


============================================================
+ Verbose Summary: Timing violations
============================================================
Target clock period: 5.000ns, clock uncertainty: 1.350ns.

 <State 1>: 1.825ns
The critical path consists of the following:
	fifo read operation ('layer26_out_read', firmware/nnet_utils/nnet_batchnorm_stream.h:28) on port 'layer26_out' (firmware/nnet_utils/nnet_batchnorm_stream.h:28) [6]  (1.825 ns)

 <State 2>: 2.146ns
The critical path consists of the following:
	'add' operation 16 bit ('add_ln42', firmware/nnet_utils/nnet_batchnorm_stream.h:42) [54]  (2.146 ns)

 <State 3>: 1.825ns
The critical path consists of the following:
	axis write operation ('write_ln46', firmware/nnet_utils/nnet_batchnorm_stream.h:46) on port 'layer24_out' (firmware/nnet_utils/nnet_batchnorm_stream.h:46) [102]  (0.000 ns)
	blocking operation 1.825 ns on control path)

 <State 4>: 1.825ns
The critical path consists of the following:
	axis write operation ('write_ln46', firmware/nnet_utils/nnet_batchnorm_stream.h:46) on port 'layer24_out' (firmware/nnet_utils/nnet_batchnorm_stream.h:46) [102]  (1.825 ns)


============================================================
+ Verbose Summary: Binding
============================================================
N/A
* FSMD analyzer results:
  - Output states:
 - Input state : 
  - Chain level:
	State 1
	State 2
	State 3
	State 4


============================================================
+ Verbose Summary: Datapath Resource usage 
============================================================
N/A
