

================================================================
== Vitis HLS Report for 'pooling2d_cl_array_ap_fixed_4u_array_ap_fixed_16_6_5_3_0_4u_config13_s'
================================================================
* Date:           Tue Oct  6 15:38:16 2026

* Version:        2026.1 (Build 6493734 on Jun 16 2026)
* Project:        myproject_prj
* Solution:       solution1
* Product family: artix7
* Target device:  xc7a35t-ftg256-1


================================================================
== Performance Estimates
================================================================
+ Timing: 
    * Summary: 
    +--------+---------+----------+------------+
    |  Clock |  Target | Estimated| Uncertainty|
    +--------+---------+----------+------------+
    |ap_clk  |  5.00 ns|  3.498 ns|     1.35 ns|
    +--------+---------+----------+------------+

+ Latency: 
    * Summary: 
    +---------+---------+-----------+-----------+------+------+---------+
    |  Latency (cycles) |   Latency (absolute)  |   Interval  | Pipeline|
    |   min   |   max   |    min    |    max    |  min |  max |   Type  |
    +---------+---------+-----------+-----------+------+------+---------+
    |     2031|     2031|  10.155 us|  10.155 us|  2031|  2031|       no|
    +---------+---------+-----------+-----------+------+------+---------+

    + Detail: 
        * Instance: 
        N/A

        * Loop: 
        +----------------------------------+---------+---------+----------+-----------+-----------+------+----------+
        |                                  |  Latency (cycles) | Iteration|  Initiation Interval  | Trip |          |
        |             Loop Name            |   min   |   max   |  Latency |  achieved |   target  | Count| Pipelined|
        +----------------------------------+---------+---------+----------+-----------+-----------+------+----------+
        |- ReadInputHeight_ReadInputWidth  |     2029|     2029|         5|          3|        N/A|   676|       yes|
        +----------------------------------+---------+---------+----------+-----------+-----------+------+----------+

============================================================
+ Verbose Summary: Synthesis Manager
============================================================
InlineROM: 1
ExposeGlobal: 0
============================================================
+ Verbose Summary: CDFG Model
============================================================
IsTopModel: 0
ResetActiveHigh: 1
IsCombinational: 2
IsDatapathOnly: 0
HasWiredReturn: 1
HasMFsm: 2
HasVarLatency: 1
IsPipeline: 0
IsRtlPipelined: 0
IsInstanceOverlapped: 0
IsDontTouch: 0
HasImplIP: 0
IsGatedGlobalClock: 0

+ Individual pipeline summary: 
  * Pipeline-0: initiation interval (II) = 3, depth = 5


============================================================
+ Verbose Summary: Schedule
============================================================
* Number of FSM states : 7
* Pipeline : 1
  Pipeline-0 : II = 3, D = 5, States = { 2 3 4 5 6 }
* Dataflow Pipeline: 0

* FSM state transitions: 
1 --> 2 
2 --> 3 
3 --> 4 
4 --> 5 
5 --> 6 
6 --> 7 2 
7 --> 

* FSM state operations: 

State 1 <SV = 0> <Delay = 1.61>
ST_1 : Operation 8 [1/1] (0.00ns)   --->   "%indvar_flatten3 = alloca i32 1"   --->   Operation 8 'alloca' 'indvar_flatten3' <Predicate = true> <Delay = 0.00>
ST_1 : Operation 9 [1/1] (0.00ns)   --->   "%p_0_3_0_0_01356 = alloca i32 1"   --->   Operation 9 'alloca' 'p_0_3_0_0_01356' <Predicate = true> <Delay = 0.00>
ST_1 : Operation 10 [1/1] (0.00ns)   --->   "%p_0_2_0_0_01318 = alloca i32 1"   --->   Operation 10 'alloca' 'p_0_2_0_0_01318' <Predicate = true> <Delay = 0.00>
ST_1 : Operation 11 [1/1] (0.00ns)   --->   "%p_0_1_0_0_012710 = alloca i32 1"   --->   Operation 11 'alloca' 'p_0_1_0_0_012710' <Predicate = true> <Delay = 0.00>
ST_1 : Operation 12 [1/1] (0.00ns)   --->   "%p_0_0_0_0_012312 = alloca i32 1"   --->   Operation 12 'alloca' 'p_0_0_0_0_012312' <Predicate = true> <Delay = 0.00>
ST_1 : Operation 13 [1/1] (0.00ns)   --->   "%p_0_3_0_0_010912013 = alloca i32 1"   --->   Operation 13 'alloca' 'p_0_3_0_0_010912013' <Predicate = true> <Delay = 0.00>
ST_1 : Operation 14 [1/1] (0.00ns)   --->   "%p_0_2_0_0_010711715 = alloca i32 1"   --->   Operation 14 'alloca' 'p_0_2_0_0_010711715' <Predicate = true> <Delay = 0.00>
ST_1 : Operation 15 [1/1] (0.00ns)   --->   "%p_0_1_0_0_010511417 = alloca i32 1"   --->   Operation 15 'alloca' 'p_0_1_0_0_010511417' <Predicate = true> <Delay = 0.00>
ST_1 : Operation 16 [1/1] (0.00ns)   --->   "%p_0_0_0_0_010311119 = alloca i32 1"   --->   Operation 16 'alloca' 'p_0_0_0_0_010311119' <Predicate = true> <Delay = 0.00>
ST_1 : Operation 17 [1/1] (0.00ns)   --->   "%p_0_3_0_0_010921 = alloca i32 1"   --->   Operation 17 'alloca' 'p_0_3_0_0_010921' <Predicate = true> <Delay = 0.00>
ST_1 : Operation 18 [1/1] (0.00ns)   --->   "%p_0_2_0_0_010722 = alloca i32 1"   --->   Operation 18 'alloca' 'p_0_2_0_0_010722' <Predicate = true> <Delay = 0.00>
ST_1 : Operation 19 [1/1] (0.00ns)   --->   "%p_0_1_0_0_010523 = alloca i32 1"   --->   Operation 19 'alloca' 'p_0_1_0_0_010523' <Predicate = true> <Delay = 0.00>
ST_1 : Operation 20 [1/1] (0.00ns)   --->   "%i_iw = alloca i32 1" [firmware/nnet_utils/nnet_pooling_stream.h:111]   --->   Operation 20 'alloca' 'i_iw' <Predicate = true> <Delay = 0.00>
ST_1 : Operation 21 [1/1] (0.00ns)   --->   "%specinterface_ln0 = specinterface void @_ssdm_op_SpecInterface, i64 %layer13_out, void @empty, i32 0, i32 0, void @empty_7, i32 0, i32 0, void @empty_7, void @empty_7, void @empty_7, i32 0, i32 0, i32 0, i32 0, void @empty_7, void @empty_7, i32 4294967295, i32 0, i32 0, i32 0"   --->   Operation 21 'specinterface' 'specinterface_ln0' <Predicate = true> <Delay = 0.00>
ST_1 : Operation 22 [1/1] (0.00ns)   --->   "%specinterface_ln0 = specinterface void @_ssdm_op_SpecInterface, i64 %layer12_out, void @empty, i32 0, i32 0, void @empty_7, i32 0, i32 0, void @empty_7, void @empty_7, void @empty_7, i32 0, i32 0, i32 0, i32 0, void @empty_7, void @empty_7, i32 4294967295, i32 0, i32 0, i32 0"   --->   Operation 22 'specinterface' 'specinterface_ln0' <Predicate = true> <Delay = 0.00>
ST_1 : Operation 23 [1/1] (0.00ns)   --->   "%p_ZZN4nnet12pooling2d_clINS_5arrayI8ap_fixedILi16ELi6EL9ap_q_mode5EL9ap_o_mode3EL_20 = load i16 %p_ZZN4nnet12pooling2d_clINS_5arrayI8ap_fixedILi16ELi6EL9ap_q_mode5EL9ap_o_mode3EL_11" [firmware/nnet_utils/nnet_conv_stream.h:241->firmware/nnet_utils/nnet_pooling_stream.h:52->firmware/nnet_utils/nnet_pooling_stream.h:115]   --->   Operation 23 'load' 'p_ZZN4nnet12pooling2d_clINS_5arrayI8ap_fixedILi16ELi6EL9ap_q_mode5EL9ap_o_mode3EL_20' <Predicate = true> <Delay = 0.00>
ST_1 : Operation 24 [1/1] (0.00ns)   --->   "%p_ZZN4nnet12pooling2d_clINS_5arrayI8ap_fixedILi16ELi6EL9ap_q_mode5EL9ap_o_mode3EL_21 = load i16 %p_ZZN4nnet12pooling2d_clINS_5arrayI8ap_fixedILi16ELi6EL9ap_q_mode5EL9ap_o_mode3EL_10" [firmware/nnet_utils/nnet_conv_stream.h:241->firmware/nnet_utils/nnet_pooling_stream.h:52->firmware/nnet_utils/nnet_pooling_stream.h:115]   --->   Operation 24 'load' 'p_ZZN4nnet12pooling2d_clINS_5arrayI8ap_fixedILi16ELi6EL9ap_q_mode5EL9ap_o_mode3EL_21' <Predicate = true> <Delay = 0.00>
ST_1 : Operation 25 [1/1] (0.00ns)   --->   "%p_ZZN4nnet12pooling2d_clINS_5arrayI8ap_fixedILi16ELi6EL9ap_q_mode5EL9ap_o_mode3EL_22 = load i16 %p_ZZN4nnet12pooling2d_clINS_5arrayI8ap_fixedILi16ELi6EL9ap_q_mode5EL9ap_o_mode3EL_9" [firmware/nnet_utils/nnet_conv_stream.h:241->firmware/nnet_utils/nnet_pooling_stream.h:52->firmware/nnet_utils/nnet_pooling_stream.h:115]   --->   Operation 25 'load' 'p_ZZN4nnet12pooling2d_clINS_5arrayI8ap_fixedILi16ELi6EL9ap_q_mode5EL9ap_o_mode3EL_22' <Predicate = true> <Delay = 0.00>
ST_1 : Operation 26 [1/1] (0.00ns)   --->   "%p_ZZN4nnet12pooling2d_clINS_5arrayI8ap_fixedILi16ELi6EL9ap_q_mode5EL9ap_o_mode3EL_23 = load i16 %p_ZZN4nnet12pooling2d_clINS_5arrayI8ap_fixedILi16ELi6EL9ap_q_mode5EL9ap_o_mode3EL_8" [firmware/nnet_utils/nnet_conv_stream.h:241->firmware/nnet_utils/nnet_pooling_stream.h:52->firmware/nnet_utils/nnet_pooling_stream.h:115]   --->   Operation 26 'load' 'p_ZZN4nnet12pooling2d_clINS_5arrayI8ap_fixedILi16ELi6EL9ap_q_mode5EL9ap_o_mode3EL_23' <Predicate = true> <Delay = 0.00>
ST_1 : Operation 27 [1/1] (0.00ns)   --->   "%void_compute_pool_buffer_2d_array_const_ap_shift_reg_n_filt_stream_kernel_8 = load i16 %void_compute_pool_buffer_2d_array_const_ap_shift_reg_n_filt_stream_kernel_5" [firmware/nnet_utils/nnet_conv_stream.h:209->firmware/nnet_utils/nnet_conv_stream.h:247->firmware/nnet_utils/nnet_pooling_stream.h:52->firmware/nnet_utils/nnet_pooling_stream.h:115]   --->   Operation 27 'load' 'void_compute_pool_buffer_2d_array_const_ap_shift_reg_n_filt_stream_kernel_8' <Predicate = true> <Delay = 0.00>
ST_1 : Operation 28 [1/1] (0.00ns)   --->   "%void_compute_pool_buffer_2d_array_const_ap_shift_reg_n_filt_stream_kernel_9 = load i16 %void_compute_pool_buffer_2d_array_const_ap_shift_reg_n_filt_stream_kernel_4" [firmware/nnet_utils/nnet_conv_stream.h:209->firmware/nnet_utils/nnet_conv_stream.h:247->firmware/nnet_utils/nnet_pooling_stream.h:52->firmware/nnet_utils/nnet_pooling_stream.h:115]   --->   Operation 28 'load' 'void_compute_pool_buffer_2d_array_const_ap_shift_reg_n_filt_stream_kernel_9' <Predicate = true> <Delay = 0.00>
ST_1 : Operation 29 [1/1] (0.00ns)   --->   "%void_compute_pool_buffer_2d_array_const_ap_shift_reg_n_filt_stream_kernel_10 = load i16 %void_compute_pool_buffer_2d_array_const_ap_shift_reg_n_filt_stream_kernel_3" [firmware/nnet_utils/nnet_conv_stream.h:209->firmware/nnet_utils/nnet_conv_stream.h:247->firmware/nnet_utils/nnet_pooling_stream.h:52->firmware/nnet_utils/nnet_pooling_stream.h:115]   --->   Operation 29 'load' 'void_compute_pool_buffer_2d_array_const_ap_shift_reg_n_filt_stream_kernel_10' <Predicate = true> <Delay = 0.00>
ST_1 : Operation 30 [1/1] (0.00ns)   --->   "%void_compute_pool_buffer_2d_array_const_ap_shift_reg_n_filt_stream_kernel_11 = load i16 %void_compute_pool_buffer_2d_array_const_ap_shift_reg_n_filt_stream_kernel_2" [firmware/nnet_utils/nnet_conv_stream.h:209->firmware/nnet_utils/nnet_conv_stream.h:247->firmware/nnet_utils/nnet_pooling_stream.h:52->firmware/nnet_utils/nnet_pooling_stream.h:115]   --->   Operation 30 'load' 'void_compute_pool_buffer_2d_array_const_ap_shift_reg_n_filt_stream_kernel_11' <Predicate = true> <Delay = 0.00>
ST_1 : Operation 31 [1/1] (0.00ns)   --->   "%p_ZZN4nnet22compute_pool_buffer_2dINS_5arrayI8ap_fixedILi16ELi6EL9ap_q_mode5EL9ap_32 = load i16 %p_ZZN4nnet22compute_pool_buffer_2dINS_5arrayI8ap_fixedILi16ELi6EL9ap_q_mode5EL9ap_17" [firmware/nnet_utils/nnet_conv_stream.h:209->firmware/nnet_utils/nnet_conv_stream.h:247->firmware/nnet_utils/nnet_pooling_stream.h:52->firmware/nnet_utils/nnet_pooling_stream.h:115]   --->   Operation 31 'load' 'p_ZZN4nnet22compute_pool_buffer_2dINS_5arrayI8ap_fixedILi16ELi6EL9ap_q_mode5EL9ap_32' <Predicate = true> <Delay = 0.00>
ST_1 : Operation 32 [1/1] (0.00ns)   --->   "%p_ZZN4nnet22compute_pool_buffer_2dINS_5arrayI8ap_fixedILi16ELi6EL9ap_q_mode5EL9ap_33 = load i16 %p_ZZN4nnet22compute_pool_buffer_2dINS_5arrayI8ap_fixedILi16ELi6EL9ap_q_mode5EL9ap_16" [firmware/nnet_utils/nnet_conv_stream.h:209->firmware/nnet_utils/nnet_conv_stream.h:247->firmware/nnet_utils/nnet_pooling_stream.h:52->firmware/nnet_utils/nnet_pooling_stream.h:115]   --->   Operation 32 'load' 'p_ZZN4nnet22compute_pool_buffer_2dINS_5arrayI8ap_fixedILi16ELi6EL9ap_q_mode5EL9ap_33' <Predicate = true> <Delay = 0.00>
ST_1 : Operation 33 [1/1] (0.00ns)   --->   "%p_ZZN4nnet22compute_pool_buffer_2dINS_5arrayI8ap_fixedILi16ELi6EL9ap_q_mode5EL9ap_34 = load i16 %p_ZZN4nnet22compute_pool_buffer_2dINS_5arrayI8ap_fixedILi16ELi6EL9ap_q_mode5EL9ap_15" [firmware/nnet_utils/nnet_conv_stream.h:209->firmware/nnet_utils/nnet_conv_stream.h:247->firmware/nnet_utils/nnet_pooling_stream.h:52->firmware/nnet_utils/nnet_pooling_stream.h:115]   --->   Operation 33 'load' 'p_ZZN4nnet22compute_pool_buffer_2dINS_5arrayI8ap_fixedILi16ELi6EL9ap_q_mode5EL9ap_34' <Predicate = true> <Delay = 0.00>
ST_1 : Operation 34 [1/1] (0.00ns)   --->   "%p_ZZN4nnet22compute_pool_buffer_2dINS_5arrayI8ap_fixedILi16ELi6EL9ap_q_mode5EL9ap_35 = load i16 %p_ZZN4nnet22compute_pool_buffer_2dINS_5arrayI8ap_fixedILi16ELi6EL9ap_q_mode5EL9ap_14" [firmware/nnet_utils/nnet_conv_stream.h:209->firmware/nnet_utils/nnet_conv_stream.h:247->firmware/nnet_utils/nnet_pooling_stream.h:52->firmware/nnet_utils/nnet_pooling_stream.h:115]   --->   Operation 34 'load' 'p_ZZN4nnet22compute_pool_buffer_2dINS_5arrayI8ap_fixedILi16ELi6EL9ap_q_mode5EL9ap_35' <Predicate = true> <Delay = 0.00>
ST_1 : Operation 35 [1/1] (1.61ns)   --->   "%store_ln111 = store i5 0, i5 %i_iw" [firmware/nnet_utils/nnet_pooling_stream.h:111]   --->   Operation 35 'store' 'store_ln111' <Predicate = true> <Delay = 1.61>
ST_1 : Operation 36 [1/1] (1.61ns)   --->   "%store_ln241 = store i16 %p_ZZN4nnet12pooling2d_clINS_5arrayI8ap_fixedILi16ELi6EL9ap_q_mode5EL9ap_o_mode3EL_21, i16 %p_0_1_0_0_010523" [firmware/nnet_utils/nnet_conv_stream.h:241->firmware/nnet_utils/nnet_pooling_stream.h:52->firmware/nnet_utils/nnet_pooling_stream.h:115]   --->   Operation 36 'store' 'store_ln241' <Predicate = true> <Delay = 1.61>
ST_1 : Operation 37 [1/1] (1.61ns)   --->   "%store_ln241 = store i16 %p_ZZN4nnet12pooling2d_clINS_5arrayI8ap_fixedILi16ELi6EL9ap_q_mode5EL9ap_o_mode3EL_22, i16 %p_0_2_0_0_010722" [firmware/nnet_utils/nnet_conv_stream.h:241->firmware/nnet_utils/nnet_pooling_stream.h:52->firmware/nnet_utils/nnet_pooling_stream.h:115]   --->   Operation 37 'store' 'store_ln241' <Predicate = true> <Delay = 1.61>
ST_1 : Operation 38 [1/1] (1.61ns)   --->   "%store_ln241 = store i16 %p_ZZN4nnet12pooling2d_clINS_5arrayI8ap_fixedILi16ELi6EL9ap_q_mode5EL9ap_o_mode3EL_23, i16 %p_0_3_0_0_010921" [firmware/nnet_utils/nnet_conv_stream.h:241->firmware/nnet_utils/nnet_pooling_stream.h:52->firmware/nnet_utils/nnet_pooling_stream.h:115]   --->   Operation 38 'store' 'store_ln241' <Predicate = true> <Delay = 1.61>
ST_1 : Operation 39 [1/1] (1.61ns)   --->   "%store_ln209 = store i16 %void_compute_pool_buffer_2d_array_const_ap_shift_reg_n_filt_stream_kernel_8, i16 %p_0_0_0_0_010311119" [firmware/nnet_utils/nnet_conv_stream.h:209->firmware/nnet_utils/nnet_conv_stream.h:247->firmware/nnet_utils/nnet_pooling_stream.h:52->firmware/nnet_utils/nnet_pooling_stream.h:115]   --->   Operation 39 'store' 'store_ln209' <Predicate = true> <Delay = 1.61>
ST_1 : Operation 40 [1/1] (1.61ns)   --->   "%store_ln209 = store i16 %void_compute_pool_buffer_2d_array_const_ap_shift_reg_n_filt_stream_kernel_9, i16 %p_0_1_0_0_010511417" [firmware/nnet_utils/nnet_conv_stream.h:209->firmware/nnet_utils/nnet_conv_stream.h:247->firmware/nnet_utils/nnet_pooling_stream.h:52->firmware/nnet_utils/nnet_pooling_stream.h:115]   --->   Operation 40 'store' 'store_ln209' <Predicate = true> <Delay = 1.61>
ST_1 : Operation 41 [1/1] (1.61ns)   --->   "%store_ln209 = store i16 %void_compute_pool_buffer_2d_array_const_ap_shift_reg_n_filt_stream_kernel_10, i16 %p_0_2_0_0_010711715" [firmware/nnet_utils/nnet_conv_stream.h:209->firmware/nnet_utils/nnet_conv_stream.h:247->firmware/nnet_utils/nnet_pooling_stream.h:52->firmware/nnet_utils/nnet_pooling_stream.h:115]   --->   Operation 41 'store' 'store_ln209' <Predicate = true> <Delay = 1.61>
ST_1 : Operation 42 [1/1] (1.61ns)   --->   "%store_ln209 = store i16 %void_compute_pool_buffer_2d_array_const_ap_shift_reg_n_filt_stream_kernel_11, i16 %p_0_3_0_0_010912013" [firmware/nnet_utils/nnet_conv_stream.h:209->firmware/nnet_utils/nnet_conv_stream.h:247->firmware/nnet_utils/nnet_pooling_stream.h:52->firmware/nnet_utils/nnet_pooling_stream.h:115]   --->   Operation 42 'store' 'store_ln209' <Predicate = true> <Delay = 1.61>
ST_1 : Operation 43 [1/1] (1.61ns)   --->   "%store_ln209 = store i16 %p_ZZN4nnet22compute_pool_buffer_2dINS_5arrayI8ap_fixedILi16ELi6EL9ap_q_mode5EL9ap_32, i16 %p_0_0_0_0_012312" [firmware/nnet_utils/nnet_conv_stream.h:209->firmware/nnet_utils/nnet_conv_stream.h:247->firmware/nnet_utils/nnet_pooling_stream.h:52->firmware/nnet_utils/nnet_pooling_stream.h:115]   --->   Operation 43 'store' 'store_ln209' <Predicate = true> <Delay = 1.61>
ST_1 : Operation 44 [1/1] (1.61ns)   --->   "%store_ln209 = store i16 %p_ZZN4nnet22compute_pool_buffer_2dINS_5arrayI8ap_fixedILi16ELi6EL9ap_q_mode5EL9ap_33, i16 %p_0_1_0_0_012710" [firmware/nnet_utils/nnet_conv_stream.h:209->firmware/nnet_utils/nnet_conv_stream.h:247->firmware/nnet_utils/nnet_pooling_stream.h:52->firmware/nnet_utils/nnet_pooling_stream.h:115]   --->   Operation 44 'store' 'store_ln209' <Predicate = true> <Delay = 1.61>
ST_1 : Operation 45 [1/1] (1.61ns)   --->   "%store_ln209 = store i16 %p_ZZN4nnet22compute_pool_buffer_2dINS_5arrayI8ap_fixedILi16ELi6EL9ap_q_mode5EL9ap_34, i16 %p_0_2_0_0_01318" [firmware/nnet_utils/nnet_conv_stream.h:209->firmware/nnet_utils/nnet_conv_stream.h:247->firmware/nnet_utils/nnet_pooling_stream.h:52->firmware/nnet_utils/nnet_pooling_stream.h:115]   --->   Operation 45 'store' 'store_ln209' <Predicate = true> <Delay = 1.61>
ST_1 : Operation 46 [1/1] (1.61ns)   --->   "%store_ln209 = store i16 %p_ZZN4nnet22compute_pool_buffer_2dINS_5arrayI8ap_fixedILi16ELi6EL9ap_q_mode5EL9ap_35, i16 %p_0_3_0_0_01356" [firmware/nnet_utils/nnet_conv_stream.h:209->firmware/nnet_utils/nnet_conv_stream.h:247->firmware/nnet_utils/nnet_pooling_stream.h:52->firmware/nnet_utils/nnet_pooling_stream.h:115]   --->   Operation 46 'store' 'store_ln209' <Predicate = true> <Delay = 1.61>
ST_1 : Operation 47 [1/1] (1.61ns)   --->   "%store_ln0 = store i10 0, i10 %indvar_flatten3"   --->   Operation 47 'store' 'store_ln0' <Predicate = true> <Delay = 1.61>
ST_1 : Operation 48 [1/1] (1.61ns)   --->   "%br_ln0 = br void %for.inc15"   --->   Operation 48 'br' 'br_ln0' <Predicate = true> <Delay = 1.61>

State 2 <SV = 1> <Delay = 2.70>
ST_2 : Operation 49 [1/1] (0.00ns)   --->   "%pX_1_load = load i32 %pX_1" [firmware/nnet_utils/nnet_pooling_stream.h:76->firmware/nnet_utils/nnet_pooling_stream.h:115]   --->   Operation 49 'load' 'pX_1_load' <Predicate = true> <Delay = 0.00>
ST_2 : Operation 50 [1/1] (2.70ns)   --->   "%add_ln76 = add i32 %pX_1_load, i32 1" [firmware/nnet_utils/nnet_pooling_stream.h:76->firmware/nnet_utils/nnet_pooling_stream.h:115]   --->   Operation 50 'add' 'add_ln76' <Predicate = true> <Delay = 2.70> <CoreInst = "Adder">   --->   Core 1 'Adder' <Latency = 0> <II = 1> <Delay = 2.70> <FuncUnit> <Opcode : 'add' 'sub'> <InPorts = 2> <OutPorts = 1>

State 3 <SV = 2> <Delay = 3.49>
ST_3 : Operation 51 [1/1] (0.00ns)   --->   "%icmp_ln11126 = phi i1 0, void %entry, i1 %icmp_ln111, void %for.inc" [firmware/nnet_utils/nnet_pooling_stream.h:111]   --->   Operation 51 'phi' 'icmp_ln11126' <Predicate = true> <Delay = 0.00>
ST_3 : Operation 52 [1/1] (0.00ns)   --->   "%indvar_flatten3_load = load i10 %indvar_flatten3" [firmware/nnet_utils/nnet_pooling_stream.h:109]   --->   Operation 52 'load' 'indvar_flatten3_load' <Predicate = true> <Delay = 0.00>
ST_3 : Operation 53 [1/1] (0.00ns)   --->   "%p_0_3_0_0_01356_load = load i16 %p_0_3_0_0_01356" [firmware/nnet_utils/nnet_common.h:66->firmware/nnet_utils/nnet_common.h:44->firmware/nnet_utils/nnet_common.h:46->firmware/nnet_utils/nnet_pooling_stream.h:21->firmware/nnet_utils/nnet_pooling_stream.h:68->firmware/nnet_utils/nnet_pooling_stream.h:115]   --->   Operation 53 'load' 'p_0_3_0_0_01356_load' <Predicate = true> <Delay = 0.00>
ST_3 : Operation 54 [1/1] (0.00ns)   --->   "%p_0_2_0_0_01318_load = load i16 %p_0_2_0_0_01318" [firmware/nnet_utils/nnet_common.h:66->firmware/nnet_utils/nnet_common.h:44->firmware/nnet_utils/nnet_common.h:46->firmware/nnet_utils/nnet_pooling_stream.h:21->firmware/nnet_utils/nnet_pooling_stream.h:68->firmware/nnet_utils/nnet_pooling_stream.h:115]   --->   Operation 54 'load' 'p_0_2_0_0_01318_load' <Predicate = true> <Delay = 0.00>
ST_3 : Operation 55 [1/1] (0.00ns)   --->   "%p_0_1_0_0_012710_load = load i16 %p_0_1_0_0_012710" [firmware/nnet_utils/nnet_common.h:66->firmware/nnet_utils/nnet_common.h:44->firmware/nnet_utils/nnet_common.h:46->firmware/nnet_utils/nnet_pooling_stream.h:21->firmware/nnet_utils/nnet_pooling_stream.h:68->firmware/nnet_utils/nnet_pooling_stream.h:115]   --->   Operation 55 'load' 'p_0_1_0_0_012710_load' <Predicate = true> <Delay = 0.00>
ST_3 : Operation 56 [1/1] (0.00ns)   --->   "%p_0_3_0_0_010921_load = load i16 %p_0_3_0_0_010921" [firmware/nnet_utils/nnet_pooling_stream.h:109]   --->   Operation 56 'load' 'p_0_3_0_0_010921_load' <Predicate = true> <Delay = 0.00>
ST_3 : Operation 57 [1/1] (0.00ns)   --->   "%p_0_2_0_0_010722_load = load i16 %p_0_2_0_0_010722" [firmware/nnet_utils/nnet_pooling_stream.h:109]   --->   Operation 57 'load' 'p_0_2_0_0_010722_load' <Predicate = true> <Delay = 0.00>
ST_3 : Operation 58 [1/1] (0.00ns)   --->   "%p_0_1_0_0_010523_load = load i16 %p_0_1_0_0_010523" [firmware/nnet_utils/nnet_pooling_stream.h:109]   --->   Operation 58 'load' 'p_0_1_0_0_010523_load' <Predicate = true> <Delay = 0.00>
ST_3 : Operation 59 [1/1] (1.29ns)   --->   "%select_ln109 = select i1 %icmp_ln11126, i16 %p_0_3_0_0_01356_load, i16 %p_0_3_0_0_010921_load" [firmware/nnet_utils/nnet_pooling_stream.h:109]   --->   Operation 59 'select' 'select_ln109' <Predicate = true> <Delay = 1.29> <CoreInst = "Sel">   --->   Core 73 'Sel' <Latency = 0> <II = 1> <Delay = 1.29> <FuncUnit> <Opcode : 'select'> <InPorts = 3> <OutPorts = 1>
ST_3 : Operation 60 [1/1] (1.29ns)   --->   "%select_ln109_7 = select i1 %icmp_ln11126, i16 %p_0_2_0_0_01318_load, i16 %p_0_2_0_0_010722_load" [firmware/nnet_utils/nnet_pooling_stream.h:109]   --->   Operation 60 'select' 'select_ln109_7' <Predicate = true> <Delay = 1.29> <CoreInst = "Sel">   --->   Core 73 'Sel' <Latency = 0> <II = 1> <Delay = 1.29> <FuncUnit> <Opcode : 'select'> <InPorts = 3> <OutPorts = 1>
ST_3 : Operation 61 [1/1] (1.29ns)   --->   "%select_ln109_8 = select i1 %icmp_ln11126, i16 %p_0_1_0_0_012710_load, i16 %p_0_1_0_0_010523_load" [firmware/nnet_utils/nnet_pooling_stream.h:109]   --->   Operation 61 'select' 'select_ln109_8' <Predicate = true> <Delay = 1.29> <CoreInst = "Sel">   --->   Core 73 'Sel' <Latency = 0> <II = 1> <Delay = 1.29> <FuncUnit> <Opcode : 'select'> <InPorts = 3> <OutPorts = 1>
ST_3 : Operation 62 [1/1] ( I:1.82ns O:1.82ns )   --->   "%layer12_out_read = read i64 @_ssdm_op_Read.ap_fifo.volatile.i64P0A, i64 %layer12_out" [firmware/nnet_utils/nnet_pooling_stream.h:115]   --->   Operation 62 'read' 'layer12_out_read' <Predicate = true> <Delay = 1.82> <CoreInst = "FIFO">   --->   Core 77 'FIFO' <Latency = 0> <II = 1> <Delay = 3.85> <Storage> <Opcode : 'read' 'write' 'nbread' 'nbwrite'> <Ports = 0> <Width = 64> <Depth = 676> <FIFO>
ST_3 : Operation 63 [1/1] (0.00ns)   --->   "%trunc_ln115 = trunc i64 %layer12_out_read" [firmware/nnet_utils/nnet_pooling_stream.h:115]   --->   Operation 63 'trunc' 'trunc_ln115' <Predicate = true> <Delay = 0.00>
ST_3 : Operation 64 [1/1] (0.00ns)   --->   "%trunc_ln115_1 = partselect i16 @_ssdm_op_PartSelect.i16.i64.i32.i32, i64 %layer12_out_read, i32 16, i32 31" [firmware/nnet_utils/nnet_pooling_stream.h:115]   --->   Operation 64 'partselect' 'trunc_ln115_1' <Predicate = true> <Delay = 0.00>
ST_3 : Operation 65 [1/1] (0.00ns)   --->   "%trunc_ln115_2 = partselect i16 @_ssdm_op_PartSelect.i16.i64.i32.i32, i64 %layer12_out_read, i32 32, i32 47" [firmware/nnet_utils/nnet_pooling_stream.h:115]   --->   Operation 65 'partselect' 'trunc_ln115_2' <Predicate = true> <Delay = 0.00>
ST_3 : Operation 66 [1/1] (0.00ns)   --->   "%trunc_ln115_3 = partselect i16 @_ssdm_op_PartSelect.i16.i64.i32.i32, i64 %layer12_out_read, i32 48, i32 63" [firmware/nnet_utils/nnet_pooling_stream.h:115]   --->   Operation 66 'partselect' 'trunc_ln115_3' <Predicate = true> <Delay = 0.00>
ST_3 : Operation 67 [1/1] (0.00ns)   --->   "%sX_1_load = load i32 %sX_1" [firmware/nnet_utils/nnet_pooling_stream.h:55->firmware/nnet_utils/nnet_pooling_stream.h:115]   --->   Operation 67 'load' 'sX_1_load' <Predicate = true> <Delay = 0.00>
ST_3 : Operation 68 [1/1] (2.70ns)   --->   "%icmp_ln55 = icmp_eq  i32 %sX_1_load, i32 1" [firmware/nnet_utils/nnet_pooling_stream.h:55->firmware/nnet_utils/nnet_pooling_stream.h:115]   --->   Operation 68 'icmp' 'icmp_ln55' <Predicate = true> <Delay = 2.70> <CoreInst = "Cmp">   --->   Core 9 'Cmp' <Latency = 0> <II = 1> <Delay = 2.70> <FuncUnit> <Opcode : 'seteq' 'setne' 'setle' 'setge' 'setlt' 'setgt'> <InPorts = 2> <OutPorts = 1>
ST_3 : Operation 69 [1/1] (2.12ns)   --->   "%add_ln109 = add i10 %indvar_flatten3_load, i10 1" [firmware/nnet_utils/nnet_pooling_stream.h:109]   --->   Operation 69 'add' 'add_ln109' <Predicate = true> <Delay = 2.12> <CoreInst = "Adder">   --->   Core 1 'Adder' <Latency = 0> <II = 1> <Delay = 2.12> <FuncUnit> <Opcode : 'add' 'sub'> <InPorts = 2> <OutPorts = 1>
ST_3 : Operation 70 [1/1] (0.00ns)   --->   "%br_ln55 = br i1 %icmp_ln55, void %if.end.i, void %land.lhs.true.i" [firmware/nnet_utils/nnet_pooling_stream.h:55->firmware/nnet_utils/nnet_pooling_stream.h:115]   --->   Operation 70 'br' 'br_ln55' <Predicate = true> <Delay = 0.00>
ST_3 : Operation 71 [1/1] (0.00ns)   --->   "%sY_1_load = load i32 %sY_1" [firmware/nnet_utils/nnet_pooling_stream.h:55->firmware/nnet_utils/nnet_pooling_stream.h:115]   --->   Operation 71 'load' 'sY_1_load' <Predicate = (icmp_ln55)> <Delay = 0.00>
ST_3 : Operation 72 [1/1] (2.70ns)   --->   "%icmp_ln55_4 = icmp_eq  i32 %sY_1_load, i32 1" [firmware/nnet_utils/nnet_pooling_stream.h:55->firmware/nnet_utils/nnet_pooling_stream.h:115]   --->   Operation 72 'icmp' 'icmp_ln55_4' <Predicate = (icmp_ln55)> <Delay = 2.70> <CoreInst = "Cmp">   --->   Core 9 'Cmp' <Latency = 0> <II = 1> <Delay = 2.70> <FuncUnit> <Opcode : 'seteq' 'setne' 'setle' 'setge' 'setlt' 'setgt'> <InPorts = 2> <OutPorts = 1>
ST_3 : Operation 73 [1/1] (0.00ns)   --->   "%pY_1_load = load i32 %pY_1" [firmware/nnet_utils/nnet_pooling_stream.h:55->firmware/nnet_utils/nnet_pooling_stream.h:115]   --->   Operation 73 'load' 'pY_1_load' <Predicate = (icmp_ln55)> <Delay = 0.00>
ST_3 : Operation 74 [1/1] (2.70ns)   --->   "%icmp_ln55_5 = icmp_sgt  i32 %pY_1_load, i32 0" [firmware/nnet_utils/nnet_pooling_stream.h:55->firmware/nnet_utils/nnet_pooling_stream.h:115]   --->   Operation 74 'icmp' 'icmp_ln55_5' <Predicate = (icmp_ln55)> <Delay = 2.70> <CoreInst = "Cmp">   --->   Core 9 'Cmp' <Latency = 0> <II = 1> <Delay = 2.70> <FuncUnit> <Opcode : 'seteq' 'setne' 'setle' 'setge' 'setlt' 'setgt'> <InPorts = 2> <OutPorts = 1>
ST_3 : Operation 75 [1/1] (2.70ns)   --->   "%icmp_ln55_6 = icmp_sgt  i32 %pX_1_load, i32 0" [firmware/nnet_utils/nnet_pooling_stream.h:55->firmware/nnet_utils/nnet_pooling_stream.h:115]   --->   Operation 75 'icmp' 'icmp_ln55_6' <Predicate = (icmp_ln55)> <Delay = 2.70> <CoreInst = "Cmp">   --->   Core 9 'Cmp' <Latency = 0> <II = 1> <Delay = 2.70> <FuncUnit> <Opcode : 'seteq' 'setne' 'setle' 'setge' 'setlt' 'setgt'> <InPorts = 2> <OutPorts = 1>
ST_3 : Operation 76 [1/1] (2.70ns)   --->   "%icmp_ln76 = icmp_eq  i32 %add_ln76, i32 26" [firmware/nnet_utils/nnet_pooling_stream.h:76->firmware/nnet_utils/nnet_pooling_stream.h:115]   --->   Operation 76 'icmp' 'icmp_ln76' <Predicate = true> <Delay = 2.70> <CoreInst = "Cmp">   --->   Core 9 'Cmp' <Latency = 0> <II = 1> <Delay = 2.70> <FuncUnit> <Opcode : 'seteq' 'setne' 'setle' 'setge' 'setlt' 'setgt'> <InPorts = 2> <OutPorts = 1>
ST_3 : Operation 77 [1/1] (0.00ns)   --->   "%br_ln76 = br i1 %icmp_ln76, void %if.else30.i, void %if.then19.i" [firmware/nnet_utils/nnet_pooling_stream.h:76->firmware/nnet_utils/nnet_pooling_stream.h:115]   --->   Operation 77 'br' 'br_ln76' <Predicate = true> <Delay = 0.00>
ST_3 : Operation 78 [1/1] (2.70ns)   --->   "%add_ln91 = add i32 %sX_1_load, i32 1" [firmware/nnet_utils/nnet_pooling_stream.h:91->firmware/nnet_utils/nnet_pooling_stream.h:115]   --->   Operation 78 'add' 'add_ln91' <Predicate = (!icmp_ln76)> <Delay = 2.70> <CoreInst = "Adder">   --->   Core 1 'Adder' <Latency = 0> <II = 1> <Delay = 2.70> <FuncUnit> <Opcode : 'add' 'sub'> <InPorts = 2> <OutPorts = 1>
ST_3 : Operation 79 [1/1] (0.79ns)   --->   "%select_ln91 = select i1 %icmp_ln55, i32 0, i32 %add_ln91" [firmware/nnet_utils/nnet_pooling_stream.h:91->firmware/nnet_utils/nnet_pooling_stream.h:115]   --->   Operation 79 'select' 'select_ln91' <Predicate = (!icmp_ln76)> <Delay = 0.79> <CoreInst = "Sel">   --->   Core 73 'Sel' <Latency = 0> <II = 1> <Delay = 0.79> <FuncUnit> <Opcode : 'select'> <InPorts = 3> <OutPorts = 1>
ST_3 : Operation 80 [1/1] (0.00ns)   --->   "%pY_1_load_1 = load i32 %pY_1" [firmware/nnet_utils/nnet_pooling_stream.h:80->firmware/nnet_utils/nnet_pooling_stream.h:115]   --->   Operation 80 'load' 'pY_1_load_1' <Predicate = (icmp_ln76)> <Delay = 0.00>
ST_3 : Operation 81 [1/1] (2.70ns)   --->   "%add_ln80 = add i32 %pY_1_load_1, i32 1" [firmware/nnet_utils/nnet_pooling_stream.h:80->firmware/nnet_utils/nnet_pooling_stream.h:115]   --->   Operation 81 'add' 'add_ln80' <Predicate = (icmp_ln76)> <Delay = 2.70> <CoreInst = "Adder">   --->   Core 1 'Adder' <Latency = 0> <II = 1> <Delay = 2.70> <FuncUnit> <Opcode : 'add' 'sub'> <InPorts = 2> <OutPorts = 1>
ST_3 : Operation 82 [1/1] (0.00ns)   --->   "%i_iw_load = load i5 %i_iw" [firmware/nnet_utils/nnet_pooling_stream.h:111]   --->   Operation 82 'load' 'i_iw_load' <Predicate = true> <Delay = 0.00>
ST_3 : Operation 83 [1/1] (1.86ns)   --->   "%add_ln111 = add i5 %i_iw_load, i5 1" [firmware/nnet_utils/nnet_pooling_stream.h:111]   --->   Operation 83 'add' 'add_ln111' <Predicate = true> <Delay = 1.86> <CoreInst = "Adder">   --->   Core 1 'Adder' <Latency = 0> <II = 1> <Delay = 1.86> <FuncUnit> <Opcode : 'add' 'sub'> <InPorts = 2> <OutPorts = 1>
ST_3 : Operation 84 [1/1] (1.21ns)   --->   "%i_iw_3 = select i1 %icmp_ln11126, i5 1, i5 %add_ln111" [firmware/nnet_utils/nnet_pooling_stream.h:111]   --->   Operation 84 'select' 'i_iw_3' <Predicate = true> <Delay = 1.21> <CoreInst = "Sel">   --->   Core 73 'Sel' <Latency = 0> <II = 1> <Delay = 1.21> <FuncUnit> <Opcode : 'select'> <InPorts = 3> <OutPorts = 1>
ST_3 : Operation 85 [1/1] (2.12ns)   --->   "%icmp_ln109 = icmp_eq  i10 %indvar_flatten3_load, i10 675" [firmware/nnet_utils/nnet_pooling_stream.h:109]   --->   Operation 85 'icmp' 'icmp_ln109' <Predicate = true> <Delay = 2.12> <CoreInst = "Cmp">   --->   Core 9 'Cmp' <Latency = 0> <II = 1> <Delay = 2.12> <FuncUnit> <Opcode : 'seteq' 'setne' 'setle' 'setge' 'setlt' 'setgt'> <InPorts = 2> <OutPorts = 1>
ST_3 : Operation 86 [1/1] (1.61ns)   --->   "%store_ln115 = store i16 %trunc_ln115_1, i16 %p_0_1_0_0_010523" [firmware/nnet_utils/nnet_pooling_stream.h:115]   --->   Operation 86 'store' 'store_ln115' <Predicate = true> <Delay = 1.61>
ST_3 : Operation 87 [1/1] (1.61ns)   --->   "%store_ln115 = store i16 %trunc_ln115_2, i16 %p_0_2_0_0_010722" [firmware/nnet_utils/nnet_pooling_stream.h:115]   --->   Operation 87 'store' 'store_ln115' <Predicate = true> <Delay = 1.61>
ST_3 : Operation 88 [1/1] (1.61ns)   --->   "%store_ln115 = store i16 %trunc_ln115_3, i16 %p_0_3_0_0_010921" [firmware/nnet_utils/nnet_pooling_stream.h:115]   --->   Operation 88 'store' 'store_ln115' <Predicate = true> <Delay = 1.61>
ST_3 : Operation 89 [1/1] (1.61ns)   --->   "%store_ln115 = store i16 %trunc_ln115_1, i16 %p_0_1_0_0_012710" [firmware/nnet_utils/nnet_pooling_stream.h:115]   --->   Operation 89 'store' 'store_ln115' <Predicate = true> <Delay = 1.61>
ST_3 : Operation 90 [1/1] (1.61ns)   --->   "%store_ln115 = store i16 %trunc_ln115_2, i16 %p_0_2_0_0_01318" [firmware/nnet_utils/nnet_pooling_stream.h:115]   --->   Operation 90 'store' 'store_ln115' <Predicate = true> <Delay = 1.61>
ST_3 : Operation 91 [1/1] (1.61ns)   --->   "%store_ln115 = store i16 %trunc_ln115_3, i16 %p_0_3_0_0_01356" [firmware/nnet_utils/nnet_pooling_stream.h:115]   --->   Operation 91 'store' 'store_ln115' <Predicate = true> <Delay = 1.61>
ST_3 : Operation 92 [1/1] (0.00ns)   --->   "%br_ln109 = br i1 %icmp_ln109, void %for.inc15, void %for.end17" [firmware/nnet_utils/nnet_pooling_stream.h:109]   --->   Operation 92 'br' 'br_ln109' <Predicate = true> <Delay = 0.00>

State 4 <SV = 3> <Delay = 3.49>
ST_4 : Operation 93 [1/1] (0.00ns)   --->   "%p_0_0_0_0_010324 = phi i16 %p_ZZN4nnet12pooling2d_clINS_5arrayI8ap_fixedILi16ELi6EL9ap_q_mode5EL9ap_o_mode3EL_20, void %entry, i16 %trunc_ln115, void %for.inc" [firmware/nnet_utils/nnet_conv_stream.h:241->firmware/nnet_utils/nnet_pooling_stream.h:52->firmware/nnet_utils/nnet_pooling_stream.h:115]   --->   Operation 93 'phi' 'p_0_0_0_0_010324' <Predicate = true> <Delay = 0.00>
ST_4 : Operation 94 [1/1] (0.00ns)   --->   "%specloopname_ln0 = specloopname void @_ssdm_op_SpecLoopName, void @ReadInputHeight_ReadInputWidth_str"   --->   Operation 94 'specloopname' 'specloopname_ln0' <Predicate = true> <Delay = 0.00>
ST_4 : Operation 95 [1/1] (0.00ns)   --->   "%speclooptripcount_ln0 = speclooptripcount void @_ssdm_op_SpecLoopTripCount, i64 676, i64 676, i64 676"   --->   Operation 95 'speclooptripcount' 'speclooptripcount_ln0' <Predicate = true> <Delay = 0.00>
ST_4 : Operation 96 [1/1] (0.00ns)   --->   "%specpipeline_ln113 = specpipeline void @_ssdm_op_SpecPipeline, i32 4294967295, i32 0, i32 0, i32 0, i32 4294967295, void @empty_7" [firmware/nnet_utils/nnet_pooling_stream.h:113]   --->   Operation 96 'specpipeline' 'specpipeline_ln113' <Predicate = true> <Delay = 0.00>
ST_4 : Operation 97 [1/1] (0.00ns) (grouped into LUT with out node and_ln55_2)   --->   "%and_ln55 = and i1 %icmp_ln55_5, i1 %icmp_ln55_6" [firmware/nnet_utils/nnet_pooling_stream.h:55->firmware/nnet_utils/nnet_pooling_stream.h:115]   --->   Operation 97 'and' 'and_ln55' <Predicate = (icmp_ln55)> <Delay = 0.00> <CoreInst = "LogicGate">   --->   Core 74 'LogicGate' <Latency = 0> <II = 1> <Delay = 0.97> <FuncUnit> <Opcode : 'and' 'or' 'xor'> <InPorts = 2> <OutPorts = 1>
ST_4 : Operation 98 [1/1] (0.97ns) (out node of the LUT)   --->   "%and_ln55_2 = and i1 %and_ln55, i1 %icmp_ln55_4" [firmware/nnet_utils/nnet_pooling_stream.h:55->firmware/nnet_utils/nnet_pooling_stream.h:115]   --->   Operation 98 'and' 'and_ln55_2' <Predicate = (icmp_ln55)> <Delay = 0.97> <CoreInst = "LogicGate">   --->   Core 74 'LogicGate' <Latency = 0> <II = 1> <Delay = 0.97> <FuncUnit> <Opcode : 'and' 'or' 'xor'> <InPorts = 2> <OutPorts = 1>
ST_4 : Operation 99 [1/1] (0.00ns)   --->   "%br_ln55 = br i1 %and_ln55_2, void %if.end.i, void %for.body11.i" [firmware/nnet_utils/nnet_pooling_stream.h:55->firmware/nnet_utils/nnet_pooling_stream.h:115]   --->   Operation 99 'br' 'br_ln55' <Predicate = (icmp_ln55)> <Delay = 0.00>
ST_4 : Operation 100 [1/1] (0.00ns)   --->   "%p_0_0_0_0_012312_load = load i16 %p_0_0_0_0_012312" [firmware/nnet_utils/nnet_pooling_stream.h:109]   --->   Operation 100 'load' 'p_0_0_0_0_012312_load' <Predicate = (icmp_ln55 & and_ln55_2)> <Delay = 0.00>
ST_4 : Operation 101 [1/1] (0.00ns)   --->   "%p_0_3_0_0_010912013_load = load i16 %p_0_3_0_0_010912013" [firmware/nnet_utils/nnet_common.h:66->firmware/nnet_utils/nnet_common.h:44->firmware/nnet_utils/nnet_common.h:46->firmware/nnet_utils/nnet_pooling_stream.h:21->firmware/nnet_utils/nnet_pooling_stream.h:68->firmware/nnet_utils/nnet_pooling_stream.h:115]   --->   Operation 101 'load' 'p_0_3_0_0_010912013_load' <Predicate = (icmp_ln55 & and_ln55_2)> <Delay = 0.00>
ST_4 : Operation 102 [1/1] (0.00ns)   --->   "%p_0_2_0_0_010711715_load = load i16 %p_0_2_0_0_010711715" [firmware/nnet_utils/nnet_common.h:66->firmware/nnet_utils/nnet_common.h:44->firmware/nnet_utils/nnet_common.h:46->firmware/nnet_utils/nnet_pooling_stream.h:21->firmware/nnet_utils/nnet_pooling_stream.h:68->firmware/nnet_utils/nnet_pooling_stream.h:115]   --->   Operation 102 'load' 'p_0_2_0_0_010711715_load' <Predicate = (icmp_ln55 & and_ln55_2)> <Delay = 0.00>
ST_4 : Operation 103 [1/1] (0.00ns)   --->   "%p_0_1_0_0_010511417_load = load i16 %p_0_1_0_0_010511417" [firmware/nnet_utils/nnet_common.h:66->firmware/nnet_utils/nnet_common.h:44->firmware/nnet_utils/nnet_common.h:46->firmware/nnet_utils/nnet_pooling_stream.h:21->firmware/nnet_utils/nnet_pooling_stream.h:68->firmware/nnet_utils/nnet_pooling_stream.h:115]   --->   Operation 103 'load' 'p_0_1_0_0_010511417_load' <Predicate = (icmp_ln55 & and_ln55_2)> <Delay = 0.00>
ST_4 : Operation 104 [1/1] (0.00ns)   --->   "%p_0_0_0_0_010311119_load = load i16 %p_0_0_0_0_010311119" [firmware/nnet_utils/nnet_common.h:66->firmware/nnet_utils/nnet_common.h:44->firmware/nnet_utils/nnet_common.h:46->firmware/nnet_utils/nnet_pooling_stream.h:21->firmware/nnet_utils/nnet_pooling_stream.h:68->firmware/nnet_utils/nnet_pooling_stream.h:115]   --->   Operation 104 'load' 'p_0_0_0_0_010311119_load' <Predicate = (icmp_ln55 & and_ln55_2)> <Delay = 0.00>
ST_4 : Operation 105 [1/1] (2.14ns)   --->   "%icmp_ln66 = icmp_slt  i16 %p_0_0_0_0_010311119_load, i16 %p_0_0_0_0_010324" [firmware/nnet_utils/nnet_common.h:66->firmware/nnet_utils/nnet_common.h:44->firmware/nnet_utils/nnet_common.h:46->firmware/nnet_utils/nnet_pooling_stream.h:21->firmware/nnet_utils/nnet_pooling_stream.h:68->firmware/nnet_utils/nnet_pooling_stream.h:115]   --->   Operation 105 'icmp' 'icmp_ln66' <Predicate = (icmp_ln55 & and_ln55_2)> <Delay = 2.14> <CoreInst = "Cmp">   --->   Core 9 'Cmp' <Latency = 0> <II = 1> <Delay = 2.14> <FuncUnit> <Opcode : 'seteq' 'setne' 'setle' 'setge' 'setlt' 'setgt'> <InPorts = 2> <OutPorts = 1>
ST_4 : Operation 106 [1/1] (0.00ns) (grouped into LUT with out node select_ln0)   --->   "%xor_ln66 = xor i1 %icmp_ln66, i1 1" [firmware/nnet_utils/nnet_common.h:66->firmware/nnet_utils/nnet_common.h:44->firmware/nnet_utils/nnet_common.h:46->firmware/nnet_utils/nnet_pooling_stream.h:21->firmware/nnet_utils/nnet_pooling_stream.h:68->firmware/nnet_utils/nnet_pooling_stream.h:115]   --->   Operation 106 'xor' 'xor_ln66' <Predicate = (icmp_ln55 & and_ln55_2)> <Delay = 0.00> <CoreInst = "LogicGate">   --->   Core 74 'LogicGate' <Latency = 0> <II = 1> <Delay = 0.97> <FuncUnit> <Opcode : 'and' 'or' 'xor'> <InPorts = 2> <OutPorts = 1>
ST_4 : Operation 107 [1/1] (1.29ns) (out node of the LUT)   --->   "%select_ln0 = select i1 %xor_ln66, i16 %p_0_0_0_0_010311119_load, i16 %p_0_0_0_0_010324" [firmware/nnet_utils/nnet_common.h:0->firmware/nnet_utils/nnet_common.h:46->firmware/nnet_utils/nnet_pooling_stream.h:21->firmware/nnet_utils/nnet_pooling_stream.h:68->firmware/nnet_utils/nnet_pooling_stream.h:115]   --->   Operation 107 'select' 'select_ln0' <Predicate = (icmp_ln55 & and_ln55_2)> <Delay = 1.29> <CoreInst = "Sel">   --->   Core 73 'Sel' <Latency = 0> <II = 1> <Delay = 1.29> <FuncUnit> <Opcode : 'select'> <InPorts = 3> <OutPorts = 1>
ST_4 : Operation 108 [1/1] (1.29ns)   --->   "%select_ln10927 = select i1 %icmp_ln11126, i16 %p_0_0_0_0_010324, i16 %p_0_0_0_0_012312_load" [firmware/nnet_utils/nnet_pooling_stream.h:109]   --->   Operation 108 'select' 'select_ln10927' <Predicate = (icmp_ln55 & and_ln55_2)> <Delay = 1.29> <CoreInst = "Sel">   --->   Core 73 'Sel' <Latency = 0> <II = 1> <Delay = 1.29> <FuncUnit> <Opcode : 'select'> <InPorts = 3> <OutPorts = 1>
ST_4 : Operation 109 [1/1] (2.14ns)   --->   "%icmp_ln66_24 = icmp_slt  i16 %select_ln10927, i16 %trunc_ln115" [firmware/nnet_utils/nnet_common.h:66->firmware/nnet_utils/nnet_common.h:44->firmware/nnet_utils/nnet_common.h:46->firmware/nnet_utils/nnet_pooling_stream.h:21->firmware/nnet_utils/nnet_pooling_stream.h:68->firmware/nnet_utils/nnet_pooling_stream.h:115]   --->   Operation 109 'icmp' 'icmp_ln66_24' <Predicate = (icmp_ln55 & and_ln55_2)> <Delay = 2.14> <CoreInst = "Cmp">   --->   Core 9 'Cmp' <Latency = 0> <II = 1> <Delay = 2.14> <FuncUnit> <Opcode : 'seteq' 'setne' 'setle' 'setge' 'setlt' 'setgt'> <InPorts = 2> <OutPorts = 1>
ST_4 : Operation 110 [1/1] (2.14ns)   --->   "%icmp_ln66_26 = icmp_slt  i16 %p_0_1_0_0_010511417_load, i16 %select_ln109_8" [firmware/nnet_utils/nnet_common.h:66->firmware/nnet_utils/nnet_common.h:44->firmware/nnet_utils/nnet_common.h:46->firmware/nnet_utils/nnet_pooling_stream.h:21->firmware/nnet_utils/nnet_pooling_stream.h:68->firmware/nnet_utils/nnet_pooling_stream.h:115]   --->   Operation 110 'icmp' 'icmp_ln66_26' <Predicate = (icmp_ln55 & and_ln55_2)> <Delay = 2.14> <CoreInst = "Cmp">   --->   Core 9 'Cmp' <Latency = 0> <II = 1> <Delay = 2.14> <FuncUnit> <Opcode : 'seteq' 'setne' 'setle' 'setge' 'setlt' 'setgt'> <InPorts = 2> <OutPorts = 1>
ST_4 : Operation 111 [1/1] (0.00ns) (grouped into LUT with out node select_ln0_17)   --->   "%xor_ln66_26 = xor i1 %icmp_ln66_26, i1 1" [firmware/nnet_utils/nnet_common.h:66->firmware/nnet_utils/nnet_common.h:44->firmware/nnet_utils/nnet_common.h:46->firmware/nnet_utils/nnet_pooling_stream.h:21->firmware/nnet_utils/nnet_pooling_stream.h:68->firmware/nnet_utils/nnet_pooling_stream.h:115]   --->   Operation 111 'xor' 'xor_ln66_26' <Predicate = (icmp_ln55 & and_ln55_2)> <Delay = 0.00> <CoreInst = "LogicGate">   --->   Core 74 'LogicGate' <Latency = 0> <II = 1> <Delay = 0.97> <FuncUnit> <Opcode : 'and' 'or' 'xor'> <InPorts = 2> <OutPorts = 1>
ST_4 : Operation 112 [1/1] (1.29ns) (out node of the LUT)   --->   "%select_ln0_17 = select i1 %xor_ln66_26, i16 %p_0_1_0_0_010511417_load, i16 %select_ln109_8" [firmware/nnet_utils/nnet_common.h:0->firmware/nnet_utils/nnet_common.h:46->firmware/nnet_utils/nnet_pooling_stream.h:21->firmware/nnet_utils/nnet_pooling_stream.h:68->firmware/nnet_utils/nnet_pooling_stream.h:115]   --->   Operation 112 'select' 'select_ln0_17' <Predicate = (icmp_ln55 & and_ln55_2)> <Delay = 1.29> <CoreInst = "Sel">   --->   Core 73 'Sel' <Latency = 0> <II = 1> <Delay = 1.29> <FuncUnit> <Opcode : 'select'> <InPorts = 3> <OutPorts = 1>
ST_4 : Operation 113 [1/1] (2.14ns)   --->   "%icmp_ln66_27 = icmp_slt  i16 %p_0_1_0_0_012710_load, i16 %trunc_ln115_1" [firmware/nnet_utils/nnet_common.h:66->firmware/nnet_utils/nnet_common.h:44->firmware/nnet_utils/nnet_common.h:46->firmware/nnet_utils/nnet_pooling_stream.h:21->firmware/nnet_utils/nnet_pooling_stream.h:68->firmware/nnet_utils/nnet_pooling_stream.h:115]   --->   Operation 113 'icmp' 'icmp_ln66_27' <Predicate = (icmp_ln55 & and_ln55_2)> <Delay = 2.14> <CoreInst = "Cmp">   --->   Core 9 'Cmp' <Latency = 0> <II = 1> <Delay = 2.14> <FuncUnit> <Opcode : 'seteq' 'setne' 'setle' 'setge' 'setlt' 'setgt'> <InPorts = 2> <OutPorts = 1>
ST_4 : Operation 114 [1/1] (0.00ns) (grouped into LUT with out node select_ln0_18)   --->   "%xor_ln66_27 = xor i1 %icmp_ln66_27, i1 1" [firmware/nnet_utils/nnet_common.h:66->firmware/nnet_utils/nnet_common.h:44->firmware/nnet_utils/nnet_common.h:46->firmware/nnet_utils/nnet_pooling_stream.h:21->firmware/nnet_utils/nnet_pooling_stream.h:68->firmware/nnet_utils/nnet_pooling_stream.h:115]   --->   Operation 114 'xor' 'xor_ln66_27' <Predicate = (icmp_ln55 & and_ln55_2)> <Delay = 0.00> <CoreInst = "LogicGate">   --->   Core 74 'LogicGate' <Latency = 0> <II = 1> <Delay = 0.97> <FuncUnit> <Opcode : 'and' 'or' 'xor'> <InPorts = 2> <OutPorts = 1>
ST_4 : Operation 115 [1/1] (1.29ns) (out node of the LUT)   --->   "%select_ln0_18 = select i1 %xor_ln66_27, i16 %p_0_1_0_0_012710_load, i16 %trunc_ln115_1" [firmware/nnet_utils/nnet_common.h:0->firmware/nnet_utils/nnet_common.h:46->firmware/nnet_utils/nnet_pooling_stream.h:21->firmware/nnet_utils/nnet_pooling_stream.h:68->firmware/nnet_utils/nnet_pooling_stream.h:115]   --->   Operation 115 'select' 'select_ln0_18' <Predicate = (icmp_ln55 & and_ln55_2)> <Delay = 1.29> <CoreInst = "Sel">   --->   Core 73 'Sel' <Latency = 0> <II = 1> <Delay = 1.29> <FuncUnit> <Opcode : 'select'> <InPorts = 3> <OutPorts = 1>
ST_4 : Operation 116 [1/1] (2.14ns)   --->   "%icmp_ln66_29 = icmp_slt  i16 %p_0_2_0_0_010711715_load, i16 %select_ln109_7" [firmware/nnet_utils/nnet_common.h:66->firmware/nnet_utils/nnet_common.h:44->firmware/nnet_utils/nnet_common.h:46->firmware/nnet_utils/nnet_pooling_stream.h:21->firmware/nnet_utils/nnet_pooling_stream.h:68->firmware/nnet_utils/nnet_pooling_stream.h:115]   --->   Operation 116 'icmp' 'icmp_ln66_29' <Predicate = (icmp_ln55 & and_ln55_2)> <Delay = 2.14> <CoreInst = "Cmp">   --->   Core 9 'Cmp' <Latency = 0> <II = 1> <Delay = 2.14> <FuncUnit> <Opcode : 'seteq' 'setne' 'setle' 'setge' 'setlt' 'setgt'> <InPorts = 2> <OutPorts = 1>
ST_4 : Operation 117 [1/1] (0.00ns) (grouped into LUT with out node select_ln0_19)   --->   "%xor_ln66_29 = xor i1 %icmp_ln66_29, i1 1" [firmware/nnet_utils/nnet_common.h:66->firmware/nnet_utils/nnet_common.h:44->firmware/nnet_utils/nnet_common.h:46->firmware/nnet_utils/nnet_pooling_stream.h:21->firmware/nnet_utils/nnet_pooling_stream.h:68->firmware/nnet_utils/nnet_pooling_stream.h:115]   --->   Operation 117 'xor' 'xor_ln66_29' <Predicate = (icmp_ln55 & and_ln55_2)> <Delay = 0.00> <CoreInst = "LogicGate">   --->   Core 74 'LogicGate' <Latency = 0> <II = 1> <Delay = 0.97> <FuncUnit> <Opcode : 'and' 'or' 'xor'> <InPorts = 2> <OutPorts = 1>
ST_4 : Operation 118 [1/1] (1.29ns) (out node of the LUT)   --->   "%select_ln0_19 = select i1 %xor_ln66_29, i16 %p_0_2_0_0_010711715_load, i16 %select_ln109_7" [firmware/nnet_utils/nnet_common.h:0->firmware/nnet_utils/nnet_common.h:46->firmware/nnet_utils/nnet_pooling_stream.h:21->firmware/nnet_utils/nnet_pooling_stream.h:68->firmware/nnet_utils/nnet_pooling_stream.h:115]   --->   Operation 118 'select' 'select_ln0_19' <Predicate = (icmp_ln55 & and_ln55_2)> <Delay = 1.29> <CoreInst = "Sel">   --->   Core 73 'Sel' <Latency = 0> <II = 1> <Delay = 1.29> <FuncUnit> <Opcode : 'select'> <InPorts = 3> <OutPorts = 1>
ST_4 : Operation 119 [1/1] (2.14ns)   --->   "%icmp_ln66_30 = icmp_slt  i16 %p_0_2_0_0_01318_load, i16 %trunc_ln115_2" [firmware/nnet_utils/nnet_common.h:66->firmware/nnet_utils/nnet_common.h:44->firmware/nnet_utils/nnet_common.h:46->firmware/nnet_utils/nnet_pooling_stream.h:21->firmware/nnet_utils/nnet_pooling_stream.h:68->firmware/nnet_utils/nnet_pooling_stream.h:115]   --->   Operation 119 'icmp' 'icmp_ln66_30' <Predicate = (icmp_ln55 & and_ln55_2)> <Delay = 2.14> <CoreInst = "Cmp">   --->   Core 9 'Cmp' <Latency = 0> <II = 1> <Delay = 2.14> <FuncUnit> <Opcode : 'seteq' 'setne' 'setle' 'setge' 'setlt' 'setgt'> <InPorts = 2> <OutPorts = 1>
ST_4 : Operation 120 [1/1] (0.00ns) (grouped into LUT with out node select_ln0_20)   --->   "%xor_ln66_30 = xor i1 %icmp_ln66_30, i1 1" [firmware/nnet_utils/nnet_common.h:66->firmware/nnet_utils/nnet_common.h:44->firmware/nnet_utils/nnet_common.h:46->firmware/nnet_utils/nnet_pooling_stream.h:21->firmware/nnet_utils/nnet_pooling_stream.h:68->firmware/nnet_utils/nnet_pooling_stream.h:115]   --->   Operation 120 'xor' 'xor_ln66_30' <Predicate = (icmp_ln55 & and_ln55_2)> <Delay = 0.00> <CoreInst = "LogicGate">   --->   Core 74 'LogicGate' <Latency = 0> <II = 1> <Delay = 0.97> <FuncUnit> <Opcode : 'and' 'or' 'xor'> <InPorts = 2> <OutPorts = 1>
ST_4 : Operation 121 [1/1] (1.29ns) (out node of the LUT)   --->   "%select_ln0_20 = select i1 %xor_ln66_30, i16 %p_0_2_0_0_01318_load, i16 %trunc_ln115_2" [firmware/nnet_utils/nnet_common.h:0->firmware/nnet_utils/nnet_common.h:46->firmware/nnet_utils/nnet_pooling_stream.h:21->firmware/nnet_utils/nnet_pooling_stream.h:68->firmware/nnet_utils/nnet_pooling_stream.h:115]   --->   Operation 121 'select' 'select_ln0_20' <Predicate = (icmp_ln55 & and_ln55_2)> <Delay = 1.29> <CoreInst = "Sel">   --->   Core 73 'Sel' <Latency = 0> <II = 1> <Delay = 1.29> <FuncUnit> <Opcode : 'select'> <InPorts = 3> <OutPorts = 1>
ST_4 : Operation 122 [1/1] (2.14ns)   --->   "%icmp_ln66_32 = icmp_slt  i16 %p_0_3_0_0_010912013_load, i16 %select_ln109" [firmware/nnet_utils/nnet_common.h:66->firmware/nnet_utils/nnet_common.h:44->firmware/nnet_utils/nnet_common.h:46->firmware/nnet_utils/nnet_pooling_stream.h:21->firmware/nnet_utils/nnet_pooling_stream.h:68->firmware/nnet_utils/nnet_pooling_stream.h:115]   --->   Operation 122 'icmp' 'icmp_ln66_32' <Predicate = (icmp_ln55 & and_ln55_2)> <Delay = 2.14> <CoreInst = "Cmp">   --->   Core 9 'Cmp' <Latency = 0> <II = 1> <Delay = 2.14> <FuncUnit> <Opcode : 'seteq' 'setne' 'setle' 'setge' 'setlt' 'setgt'> <InPorts = 2> <OutPorts = 1>
ST_4 : Operation 123 [1/1] (0.00ns) (grouped into LUT with out node select_ln0_21)   --->   "%xor_ln66_32 = xor i1 %icmp_ln66_32, i1 1" [firmware/nnet_utils/nnet_common.h:66->firmware/nnet_utils/nnet_common.h:44->firmware/nnet_utils/nnet_common.h:46->firmware/nnet_utils/nnet_pooling_stream.h:21->firmware/nnet_utils/nnet_pooling_stream.h:68->firmware/nnet_utils/nnet_pooling_stream.h:115]   --->   Operation 123 'xor' 'xor_ln66_32' <Predicate = (icmp_ln55 & and_ln55_2)> <Delay = 0.00> <CoreInst = "LogicGate">   --->   Core 74 'LogicGate' <Latency = 0> <II = 1> <Delay = 0.97> <FuncUnit> <Opcode : 'and' 'or' 'xor'> <InPorts = 2> <OutPorts = 1>
ST_4 : Operation 124 [1/1] (1.29ns) (out node of the LUT)   --->   "%select_ln0_21 = select i1 %xor_ln66_32, i16 %p_0_3_0_0_010912013_load, i16 %select_ln109" [firmware/nnet_utils/nnet_common.h:0->firmware/nnet_utils/nnet_common.h:46->firmware/nnet_utils/nnet_pooling_stream.h:21->firmware/nnet_utils/nnet_pooling_stream.h:68->firmware/nnet_utils/nnet_pooling_stream.h:115]   --->   Operation 124 'select' 'select_ln0_21' <Predicate = (icmp_ln55 & and_ln55_2)> <Delay = 1.29> <CoreInst = "Sel">   --->   Core 73 'Sel' <Latency = 0> <II = 1> <Delay = 1.29> <FuncUnit> <Opcode : 'select'> <InPorts = 3> <OutPorts = 1>
ST_4 : Operation 125 [1/1] (2.14ns)   --->   "%icmp_ln66_33 = icmp_slt  i16 %p_0_3_0_0_01356_load, i16 %trunc_ln115_3" [firmware/nnet_utils/nnet_common.h:66->firmware/nnet_utils/nnet_common.h:44->firmware/nnet_utils/nnet_common.h:46->firmware/nnet_utils/nnet_pooling_stream.h:21->firmware/nnet_utils/nnet_pooling_stream.h:68->firmware/nnet_utils/nnet_pooling_stream.h:115]   --->   Operation 125 'icmp' 'icmp_ln66_33' <Predicate = (icmp_ln55 & and_ln55_2)> <Delay = 2.14> <CoreInst = "Cmp">   --->   Core 9 'Cmp' <Latency = 0> <II = 1> <Delay = 2.14> <FuncUnit> <Opcode : 'seteq' 'setne' 'setle' 'setge' 'setlt' 'setgt'> <InPorts = 2> <OutPorts = 1>
ST_4 : Operation 126 [1/1] (0.00ns) (grouped into LUT with out node select_ln0_22)   --->   "%xor_ln66_33 = xor i1 %icmp_ln66_33, i1 1" [firmware/nnet_utils/nnet_common.h:66->firmware/nnet_utils/nnet_common.h:44->firmware/nnet_utils/nnet_common.h:46->firmware/nnet_utils/nnet_pooling_stream.h:21->firmware/nnet_utils/nnet_pooling_stream.h:68->firmware/nnet_utils/nnet_pooling_stream.h:115]   --->   Operation 126 'xor' 'xor_ln66_33' <Predicate = (icmp_ln55 & and_ln55_2)> <Delay = 0.00> <CoreInst = "LogicGate">   --->   Core 74 'LogicGate' <Latency = 0> <II = 1> <Delay = 0.97> <FuncUnit> <Opcode : 'and' 'or' 'xor'> <InPorts = 2> <OutPorts = 1>
ST_4 : Operation 127 [1/1] (1.29ns) (out node of the LUT)   --->   "%select_ln0_22 = select i1 %xor_ln66_33, i16 %p_0_3_0_0_01356_load, i16 %trunc_ln115_3" [firmware/nnet_utils/nnet_common.h:0->firmware/nnet_utils/nnet_common.h:46->firmware/nnet_utils/nnet_pooling_stream.h:21->firmware/nnet_utils/nnet_pooling_stream.h:68->firmware/nnet_utils/nnet_pooling_stream.h:115]   --->   Operation 127 'select' 'select_ln0_22' <Predicate = (icmp_ln55 & and_ln55_2)> <Delay = 1.29> <CoreInst = "Sel">   --->   Core 73 'Sel' <Latency = 0> <II = 1> <Delay = 1.29> <FuncUnit> <Opcode : 'select'> <InPorts = 3> <OutPorts = 1>
ST_4 : Operation 128 [1/1] (1.61ns)   --->   "%store_ln89 = store i32 %add_ln76, i32 %pX_1" [firmware/nnet_utils/nnet_pooling_stream.h:89->firmware/nnet_utils/nnet_pooling_stream.h:115]   --->   Operation 128 'store' 'store_ln89' <Predicate = (!icmp_ln76)> <Delay = 1.61>
ST_4 : Operation 129 [1/1] (1.61ns)   --->   "%store_ln91 = store i32 %select_ln91, i32 %sX_1" [firmware/nnet_utils/nnet_pooling_stream.h:91->firmware/nnet_utils/nnet_pooling_stream.h:115]   --->   Operation 129 'store' 'store_ln91' <Predicate = (!icmp_ln76)> <Delay = 1.61>
ST_4 : Operation 130 [1/1] (0.00ns)   --->   "%br_ln0 = br void %for.inc"   --->   Operation 130 'br' 'br_ln0' <Predicate = (!icmp_ln76)> <Delay = 0.00>
ST_4 : Operation 131 [1/1] (1.61ns)   --->   "%store_ln78 = store i32 0, i32 %pX_1" [firmware/nnet_utils/nnet_pooling_stream.h:78->firmware/nnet_utils/nnet_pooling_stream.h:115]   --->   Operation 131 'store' 'store_ln78' <Predicate = (icmp_ln76)> <Delay = 1.61>
ST_4 : Operation 132 [1/1] (1.61ns)   --->   "%store_ln79 = store i32 0, i32 %sX_1" [firmware/nnet_utils/nnet_pooling_stream.h:79->firmware/nnet_utils/nnet_pooling_stream.h:115]   --->   Operation 132 'store' 'store_ln79' <Predicate = (icmp_ln76)> <Delay = 1.61>
ST_4 : Operation 133 [1/1] (2.70ns)   --->   "%icmp_ln80 = icmp_eq  i32 %add_ln80, i32 26" [firmware/nnet_utils/nnet_pooling_stream.h:80->firmware/nnet_utils/nnet_pooling_stream.h:115]   --->   Operation 133 'icmp' 'icmp_ln80' <Predicate = (icmp_ln76)> <Delay = 2.70> <CoreInst = "Cmp">   --->   Core 9 'Cmp' <Latency = 0> <II = 1> <Delay = 2.70> <FuncUnit> <Opcode : 'seteq' 'setne' 'setle' 'setge' 'setlt' 'setgt'> <InPorts = 2> <OutPorts = 1>
ST_4 : Operation 134 [1/1] (0.00ns)   --->   "%br_ln80 = br i1 %icmp_ln80, void %if.else.i, void %if.then22.i" [firmware/nnet_utils/nnet_pooling_stream.h:80->firmware/nnet_utils/nnet_pooling_stream.h:115]   --->   Operation 134 'br' 'br_ln80' <Predicate = (icmp_ln76)> <Delay = 0.00>
ST_4 : Operation 135 [1/1] (0.00ns)   --->   "%sY_1_load_1 = load i32 %sY_1" [firmware/nnet_utils/nnet_pooling_stream.h:86->firmware/nnet_utils/nnet_pooling_stream.h:115]   --->   Operation 135 'load' 'sY_1_load_1' <Predicate = (icmp_ln76 & !icmp_ln80)> <Delay = 0.00>
ST_4 : Operation 136 [1/1] (2.70ns)   --->   "%icmp_ln86 = icmp_eq  i32 %sY_1_load_1, i32 1" [firmware/nnet_utils/nnet_pooling_stream.h:86->firmware/nnet_utils/nnet_pooling_stream.h:115]   --->   Operation 136 'icmp' 'icmp_ln86' <Predicate = (icmp_ln76 & !icmp_ln80)> <Delay = 2.70> <CoreInst = "Cmp">   --->   Core 9 'Cmp' <Latency = 0> <II = 1> <Delay = 2.70> <FuncUnit> <Opcode : 'seteq' 'setne' 'setle' 'setge' 'setlt' 'setgt'> <InPorts = 2> <OutPorts = 1>
ST_4 : Operation 137 [1/1] (2.70ns)   --->   "%add_ln86 = add i32 %sY_1_load_1, i32 1" [firmware/nnet_utils/nnet_pooling_stream.h:86->firmware/nnet_utils/nnet_pooling_stream.h:115]   --->   Operation 137 'add' 'add_ln86' <Predicate = (icmp_ln76 & !icmp_ln80)> <Delay = 2.70> <CoreInst = "Adder">   --->   Core 1 'Adder' <Latency = 0> <II = 1> <Delay = 2.70> <FuncUnit> <Opcode : 'add' 'sub'> <InPorts = 2> <OutPorts = 1>
ST_4 : Operation 138 [1/1] (0.79ns)   --->   "%select_ln86 = select i1 %icmp_ln86, i32 0, i32 %add_ln86" [firmware/nnet_utils/nnet_pooling_stream.h:86->firmware/nnet_utils/nnet_pooling_stream.h:115]   --->   Operation 138 'select' 'select_ln86' <Predicate = (icmp_ln76 & !icmp_ln80)> <Delay = 0.79> <CoreInst = "Sel">   --->   Core 73 'Sel' <Latency = 0> <II = 1> <Delay = 0.79> <FuncUnit> <Opcode : 'select'> <InPorts = 3> <OutPorts = 1>
ST_4 : Operation 139 [1/1] (1.86ns)   --->   "%icmp_ln111 = icmp_eq  i5 %i_iw_3, i5 26" [firmware/nnet_utils/nnet_pooling_stream.h:111]   --->   Operation 139 'icmp' 'icmp_ln111' <Predicate = true> <Delay = 1.86> <CoreInst = "Cmp">   --->   Core 9 'Cmp' <Latency = 0> <II = 1> <Delay = 1.86> <FuncUnit> <Opcode : 'seteq' 'setne' 'setle' 'setge' 'setlt' 'setgt'> <InPorts = 2> <OutPorts = 1>
ST_4 : Operation 140 [1/1] (1.61ns)   --->   "%store_ln111 = store i5 %i_iw_3, i5 %i_iw" [firmware/nnet_utils/nnet_pooling_stream.h:111]   --->   Operation 140 'store' 'store_ln111' <Predicate = true> <Delay = 1.61>
ST_4 : Operation 141 [1/1] (1.61ns)   --->   "%store_ln241 = store i16 %p_0_0_0_0_010324, i16 %p_0_0_0_0_010311119" [firmware/nnet_utils/nnet_conv_stream.h:241->firmware/nnet_utils/nnet_pooling_stream.h:52->firmware/nnet_utils/nnet_pooling_stream.h:115]   --->   Operation 141 'store' 'store_ln241' <Predicate = true> <Delay = 1.61>
ST_4 : Operation 142 [1/1] (1.61ns)   --->   "%store_ln109 = store i16 %select_ln109_8, i16 %p_0_1_0_0_010511417" [firmware/nnet_utils/nnet_pooling_stream.h:109]   --->   Operation 142 'store' 'store_ln109' <Predicate = true> <Delay = 1.61>
ST_4 : Operation 143 [1/1] (1.61ns)   --->   "%store_ln109 = store i16 %select_ln109_7, i16 %p_0_2_0_0_010711715" [firmware/nnet_utils/nnet_pooling_stream.h:109]   --->   Operation 143 'store' 'store_ln109' <Predicate = true> <Delay = 1.61>
ST_4 : Operation 144 [1/1] (1.61ns)   --->   "%store_ln109 = store i16 %select_ln109, i16 %p_0_3_0_0_010912013" [firmware/nnet_utils/nnet_pooling_stream.h:109]   --->   Operation 144 'store' 'store_ln109' <Predicate = true> <Delay = 1.61>
ST_4 : Operation 145 [1/1] (1.61ns)   --->   "%store_ln115 = store i16 %trunc_ln115, i16 %p_0_0_0_0_012312" [firmware/nnet_utils/nnet_pooling_stream.h:115]   --->   Operation 145 'store' 'store_ln115' <Predicate = true> <Delay = 1.61>
ST_4 : Operation 146 [1/1] (1.61ns)   --->   "%store_ln109 = store i10 %add_ln109, i10 %indvar_flatten3" [firmware/nnet_utils/nnet_pooling_stream.h:109]   --->   Operation 146 'store' 'store_ln109' <Predicate = true> <Delay = 1.61>

State 5 <SV = 4> <Delay = 3.43>
ST_5 : Operation 147 [1/1] (0.00ns) (grouped into LUT with out node select_ln0_16)   --->   "%xor_ln66_24 = xor i1 %icmp_ln66_24, i1 1" [firmware/nnet_utils/nnet_common.h:66->firmware/nnet_utils/nnet_common.h:44->firmware/nnet_utils/nnet_common.h:46->firmware/nnet_utils/nnet_pooling_stream.h:21->firmware/nnet_utils/nnet_pooling_stream.h:68->firmware/nnet_utils/nnet_pooling_stream.h:115]   --->   Operation 147 'xor' 'xor_ln66_24' <Predicate = (icmp_ln55 & and_ln55_2)> <Delay = 0.00> <CoreInst = "LogicGate">   --->   Core 74 'LogicGate' <Latency = 0> <II = 1> <Delay = 0.97> <FuncUnit> <Opcode : 'and' 'or' 'xor'> <InPorts = 2> <OutPorts = 1>
ST_5 : Operation 148 [1/1] (1.29ns) (out node of the LUT)   --->   "%select_ln0_16 = select i1 %xor_ln66_24, i16 %select_ln10927, i16 %trunc_ln115" [firmware/nnet_utils/nnet_common.h:0->firmware/nnet_utils/nnet_common.h:46->firmware/nnet_utils/nnet_pooling_stream.h:21->firmware/nnet_utils/nnet_pooling_stream.h:68->firmware/nnet_utils/nnet_pooling_stream.h:115]   --->   Operation 148 'select' 'select_ln0_16' <Predicate = (icmp_ln55 & and_ln55_2)> <Delay = 1.29> <CoreInst = "Sel">   --->   Core 73 'Sel' <Latency = 0> <II = 1> <Delay = 1.29> <FuncUnit> <Opcode : 'select'> <InPorts = 3> <OutPorts = 1>
ST_5 : Operation 149 [1/1] (2.14ns)   --->   "%icmp_ln66_25 = icmp_slt  i16 %select_ln0, i16 %select_ln0_16" [firmware/nnet_utils/nnet_common.h:66->firmware/nnet_utils/nnet_common.h:46->firmware/nnet_utils/nnet_pooling_stream.h:21->firmware/nnet_utils/nnet_pooling_stream.h:68->firmware/nnet_utils/nnet_pooling_stream.h:115]   --->   Operation 149 'icmp' 'icmp_ln66_25' <Predicate = (icmp_ln55 & and_ln55_2)> <Delay = 2.14> <CoreInst = "Cmp">   --->   Core 9 'Cmp' <Latency = 0> <II = 1> <Delay = 2.14> <FuncUnit> <Opcode : 'seteq' 'setne' 'setle' 'setge' 'setlt' 'setgt'> <InPorts = 2> <OutPorts = 1>
ST_5 : Operation 150 [1/1] (2.14ns)   --->   "%icmp_ln66_28 = icmp_slt  i16 %select_ln0_17, i16 %select_ln0_18" [firmware/nnet_utils/nnet_common.h:66->firmware/nnet_utils/nnet_common.h:46->firmware/nnet_utils/nnet_pooling_stream.h:21->firmware/nnet_utils/nnet_pooling_stream.h:68->firmware/nnet_utils/nnet_pooling_stream.h:115]   --->   Operation 150 'icmp' 'icmp_ln66_28' <Predicate = (icmp_ln55 & and_ln55_2)> <Delay = 2.14> <CoreInst = "Cmp">   --->   Core 9 'Cmp' <Latency = 0> <II = 1> <Delay = 2.14> <FuncUnit> <Opcode : 'seteq' 'setne' 'setle' 'setge' 'setlt' 'setgt'> <InPorts = 2> <OutPorts = 1>
ST_5 : Operation 151 [1/1] (0.00ns) (grouped into LUT with out node res_pack_8)   --->   "%xor_ln66_28 = xor i1 %icmp_ln66_28, i1 1" [firmware/nnet_utils/nnet_common.h:66->firmware/nnet_utils/nnet_common.h:46->firmware/nnet_utils/nnet_pooling_stream.h:21->firmware/nnet_utils/nnet_pooling_stream.h:68->firmware/nnet_utils/nnet_pooling_stream.h:115]   --->   Operation 151 'xor' 'xor_ln66_28' <Predicate = (icmp_ln55 & and_ln55_2)> <Delay = 0.00> <CoreInst = "LogicGate">   --->   Core 74 'LogicGate' <Latency = 0> <II = 1> <Delay = 0.97> <FuncUnit> <Opcode : 'and' 'or' 'xor'> <InPorts = 2> <OutPorts = 1>
ST_5 : Operation 152 [1/1] (1.29ns) (out node of the LUT)   --->   "%res_pack_8 = select i1 %xor_ln66_28, i16 %select_ln0_17, i16 %select_ln0_18" [firmware/nnet_utils/nnet_pooling_stream.h:67->firmware/nnet_utils/nnet_pooling_stream.h:115]   --->   Operation 152 'select' 'res_pack_8' <Predicate = (icmp_ln55 & and_ln55_2)> <Delay = 1.29> <CoreInst = "Sel">   --->   Core 73 'Sel' <Latency = 0> <II = 1> <Delay = 1.29> <FuncUnit> <Opcode : 'select'> <InPorts = 3> <OutPorts = 1>
ST_5 : Operation 153 [1/1] (2.14ns)   --->   "%icmp_ln66_31 = icmp_slt  i16 %select_ln0_19, i16 %select_ln0_20" [firmware/nnet_utils/nnet_common.h:66->firmware/nnet_utils/nnet_common.h:46->firmware/nnet_utils/nnet_pooling_stream.h:21->firmware/nnet_utils/nnet_pooling_stream.h:68->firmware/nnet_utils/nnet_pooling_stream.h:115]   --->   Operation 153 'icmp' 'icmp_ln66_31' <Predicate = (icmp_ln55 & and_ln55_2)> <Delay = 2.14> <CoreInst = "Cmp">   --->   Core 9 'Cmp' <Latency = 0> <II = 1> <Delay = 2.14> <FuncUnit> <Opcode : 'seteq' 'setne' 'setle' 'setge' 'setlt' 'setgt'> <InPorts = 2> <OutPorts = 1>
ST_5 : Operation 154 [1/1] (0.00ns) (grouped into LUT with out node res_pack_9)   --->   "%xor_ln66_31 = xor i1 %icmp_ln66_31, i1 1" [firmware/nnet_utils/nnet_common.h:66->firmware/nnet_utils/nnet_common.h:46->firmware/nnet_utils/nnet_pooling_stream.h:21->firmware/nnet_utils/nnet_pooling_stream.h:68->firmware/nnet_utils/nnet_pooling_stream.h:115]   --->   Operation 154 'xor' 'xor_ln66_31' <Predicate = (icmp_ln55 & and_ln55_2)> <Delay = 0.00> <CoreInst = "LogicGate">   --->   Core 74 'LogicGate' <Latency = 0> <II = 1> <Delay = 0.97> <FuncUnit> <Opcode : 'and' 'or' 'xor'> <InPorts = 2> <OutPorts = 1>
ST_5 : Operation 155 [1/1] (1.29ns) (out node of the LUT)   --->   "%res_pack_9 = select i1 %xor_ln66_31, i16 %select_ln0_19, i16 %select_ln0_20" [firmware/nnet_utils/nnet_pooling_stream.h:67->firmware/nnet_utils/nnet_pooling_stream.h:115]   --->   Operation 155 'select' 'res_pack_9' <Predicate = (icmp_ln55 & and_ln55_2)> <Delay = 1.29> <CoreInst = "Sel">   --->   Core 73 'Sel' <Latency = 0> <II = 1> <Delay = 1.29> <FuncUnit> <Opcode : 'select'> <InPorts = 3> <OutPorts = 1>
ST_5 : Operation 156 [1/1] (2.14ns)   --->   "%icmp_ln66_34 = icmp_slt  i16 %select_ln0_21, i16 %select_ln0_22" [firmware/nnet_utils/nnet_common.h:66->firmware/nnet_utils/nnet_common.h:46->firmware/nnet_utils/nnet_pooling_stream.h:21->firmware/nnet_utils/nnet_pooling_stream.h:68->firmware/nnet_utils/nnet_pooling_stream.h:115]   --->   Operation 156 'icmp' 'icmp_ln66_34' <Predicate = (icmp_ln55 & and_ln55_2)> <Delay = 2.14> <CoreInst = "Cmp">   --->   Core 9 'Cmp' <Latency = 0> <II = 1> <Delay = 2.14> <FuncUnit> <Opcode : 'seteq' 'setne' 'setle' 'setge' 'setlt' 'setgt'> <InPorts = 2> <OutPorts = 1>
ST_5 : Operation 157 [1/1] (0.00ns) (grouped into LUT with out node res_pack_10)   --->   "%xor_ln66_34 = xor i1 %icmp_ln66_34, i1 1" [firmware/nnet_utils/nnet_common.h:66->firmware/nnet_utils/nnet_common.h:46->firmware/nnet_utils/nnet_pooling_stream.h:21->firmware/nnet_utils/nnet_pooling_stream.h:68->firmware/nnet_utils/nnet_pooling_stream.h:115]   --->   Operation 157 'xor' 'xor_ln66_34' <Predicate = (icmp_ln55 & and_ln55_2)> <Delay = 0.00> <CoreInst = "LogicGate">   --->   Core 74 'LogicGate' <Latency = 0> <II = 1> <Delay = 0.97> <FuncUnit> <Opcode : 'and' 'or' 'xor'> <InPorts = 2> <OutPorts = 1>
ST_5 : Operation 158 [1/1] (1.29ns) (out node of the LUT)   --->   "%res_pack_10 = select i1 %xor_ln66_34, i16 %select_ln0_21, i16 %select_ln0_22" [firmware/nnet_utils/nnet_pooling_stream.h:67->firmware/nnet_utils/nnet_pooling_stream.h:115]   --->   Operation 158 'select' 'res_pack_10' <Predicate = (icmp_ln55 & and_ln55_2)> <Delay = 1.29> <CoreInst = "Sel">   --->   Core 73 'Sel' <Latency = 0> <II = 1> <Delay = 1.29> <FuncUnit> <Opcode : 'select'> <InPorts = 3> <OutPorts = 1>
ST_5 : Operation 159 [1/1] (1.61ns)   --->   "%store_ln84 = store i32 %add_ln80, i32 %pY_1" [firmware/nnet_utils/nnet_pooling_stream.h:84->firmware/nnet_utils/nnet_pooling_stream.h:115]   --->   Operation 159 'store' 'store_ln84' <Predicate = (icmp_ln76 & !icmp_ln80)> <Delay = 1.61>
ST_5 : Operation 160 [1/1] (1.61ns)   --->   "%br_ln0 = br void %if.end29.i"   --->   Operation 160 'br' 'br_ln0' <Predicate = (icmp_ln76 & !icmp_ln80)> <Delay = 1.61>
ST_5 : Operation 161 [1/1] (1.61ns)   --->   "%store_ln81 = store i32 0, i32 %pY_1" [firmware/nnet_utils/nnet_pooling_stream.h:81->firmware/nnet_utils/nnet_pooling_stream.h:115]   --->   Operation 161 'store' 'store_ln81' <Predicate = (icmp_ln76 & icmp_ln80)> <Delay = 1.61>
ST_5 : Operation 162 [1/1] (1.61ns)   --->   "%br_ln83 = br void %if.end29.i" [firmware/nnet_utils/nnet_pooling_stream.h:83->firmware/nnet_utils/nnet_pooling_stream.h:115]   --->   Operation 162 'br' 'br_ln83' <Predicate = (icmp_ln76 & icmp_ln80)> <Delay = 1.61>
ST_5 : Operation 163 [1/1] (0.00ns)   --->   "%storemerge_i = phi i32 %select_ln86, void %if.else.i, i32 0, void %if.then22.i" [firmware/nnet_utils/nnet_pooling_stream.h:86->firmware/nnet_utils/nnet_pooling_stream.h:115]   --->   Operation 163 'phi' 'storemerge_i' <Predicate = (icmp_ln76)> <Delay = 0.00>
ST_5 : Operation 164 [1/1] (0.00ns)   --->   "%store_ln86 = store i32 %storemerge_i, i32 %sY_1" [firmware/nnet_utils/nnet_pooling_stream.h:86->firmware/nnet_utils/nnet_pooling_stream.h:115]   --->   Operation 164 'store' 'store_ln86' <Predicate = (icmp_ln76)> <Delay = 0.00>
ST_5 : Operation 165 [1/1] (0.00ns)   --->   "%br_ln88 = br void %for.inc" [firmware/nnet_utils/nnet_pooling_stream.h:88->firmware/nnet_utils/nnet_pooling_stream.h:115]   --->   Operation 165 'br' 'br_ln88' <Predicate = (icmp_ln76)> <Delay = 0.00>

State 6 <SV = 5> <Delay = 3.11>
ST_6 : Operation 166 [1/1] (0.00ns) (grouped into LUT with out node res_pack)   --->   "%xor_ln66_25 = xor i1 %icmp_ln66_25, i1 1" [firmware/nnet_utils/nnet_common.h:66->firmware/nnet_utils/nnet_common.h:46->firmware/nnet_utils/nnet_pooling_stream.h:21->firmware/nnet_utils/nnet_pooling_stream.h:68->firmware/nnet_utils/nnet_pooling_stream.h:115]   --->   Operation 166 'xor' 'xor_ln66_25' <Predicate = (icmp_ln55 & and_ln55_2)> <Delay = 0.00> <CoreInst = "LogicGate">   --->   Core 74 'LogicGate' <Latency = 0> <II = 1> <Delay = 0.97> <FuncUnit> <Opcode : 'and' 'or' 'xor'> <InPorts = 2> <OutPorts = 1>
ST_6 : Operation 167 [1/1] (1.29ns) (out node of the LUT)   --->   "%res_pack = select i1 %xor_ln66_25, i16 %select_ln0, i16 %select_ln0_16" [firmware/nnet_utils/nnet_pooling_stream.h:67->firmware/nnet_utils/nnet_pooling_stream.h:115]   --->   Operation 167 'select' 'res_pack' <Predicate = (icmp_ln55 & and_ln55_2)> <Delay = 1.29> <CoreInst = "Sel">   --->   Core 73 'Sel' <Latency = 0> <II = 1> <Delay = 1.29> <FuncUnit> <Opcode : 'select'> <InPorts = 3> <OutPorts = 1>
ST_6 : Operation 168 [1/1] (0.00ns)   --->   "%or_ln72_s = bitconcatenate i64 @_ssdm_op_BitConcatenate.i64.i16.i16.i16.i16, i16 %res_pack_10, i16 %res_pack_9, i16 %res_pack_8, i16 %res_pack" [firmware/nnet_utils/nnet_pooling_stream.h:72->firmware/nnet_utils/nnet_pooling_stream.h:115]   --->   Operation 168 'bitconcatenate' 'or_ln72_s' <Predicate = (icmp_ln55 & and_ln55_2)> <Delay = 0.00>
ST_6 : Operation 169 [1/1] ( I:1.82ns O:1.82ns )   --->   "%write_ln72 = write void @_ssdm_op_Write.ap_fifo.volatile.i64P0A, i64 %layer13_out, i64 %or_ln72_s" [firmware/nnet_utils/nnet_pooling_stream.h:72->firmware/nnet_utils/nnet_pooling_stream.h:115]   --->   Operation 169 'write' 'write_ln72' <Predicate = (icmp_ln55 & and_ln55_2)> <Delay = 1.82> <CoreInst = "FIFO">   --->   Core 77 'FIFO' <Latency = 0> <II = 1> <Delay = 3.78> <Storage> <Opcode : 'read' 'write' 'nbread' 'nbwrite'> <Ports = 0> <Width = 64> <Depth = 169> <FIFO>
ST_6 : Operation 170 [1/1] (0.00ns)   --->   "%br_ln73 = br void %if.end.i" [firmware/nnet_utils/nnet_pooling_stream.h:73->firmware/nnet_utils/nnet_pooling_stream.h:115]   --->   Operation 170 'br' 'br_ln73' <Predicate = (icmp_ln55 & and_ln55_2)> <Delay = 0.00>

State 7 <SV = 4> <Delay = 0.00>
ST_7 : Operation 171 [1/1] (0.00ns)   --->   "%store_ln241 = store i16 %trunc_ln115, i16 %p_ZZN4nnet12pooling2d_clINS_5arrayI8ap_fixedILi16ELi6EL9ap_q_mode5EL9ap_o_mode3EL_11" [firmware/nnet_utils/nnet_conv_stream.h:241->firmware/nnet_utils/nnet_pooling_stream.h:52->firmware/nnet_utils/nnet_pooling_stream.h:115]   --->   Operation 171 'store' 'store_ln241' <Predicate = true> <Delay = 0.00>
ST_7 : Operation 172 [1/1] (0.00ns)   --->   "%store_ln241 = store i16 %trunc_ln115_1, i16 %p_ZZN4nnet12pooling2d_clINS_5arrayI8ap_fixedILi16ELi6EL9ap_q_mode5EL9ap_o_mode3EL_10" [firmware/nnet_utils/nnet_conv_stream.h:241->firmware/nnet_utils/nnet_pooling_stream.h:52->firmware/nnet_utils/nnet_pooling_stream.h:115]   --->   Operation 172 'store' 'store_ln241' <Predicate = true> <Delay = 0.00>
ST_7 : Operation 173 [1/1] (0.00ns)   --->   "%store_ln241 = store i16 %trunc_ln115_2, i16 %p_ZZN4nnet12pooling2d_clINS_5arrayI8ap_fixedILi16ELi6EL9ap_q_mode5EL9ap_o_mode3EL_9" [firmware/nnet_utils/nnet_conv_stream.h:241->firmware/nnet_utils/nnet_pooling_stream.h:52->firmware/nnet_utils/nnet_pooling_stream.h:115]   --->   Operation 173 'store' 'store_ln241' <Predicate = true> <Delay = 0.00>
ST_7 : Operation 174 [1/1] (0.00ns)   --->   "%store_ln241 = store i16 %trunc_ln115_3, i16 %p_ZZN4nnet12pooling2d_clINS_5arrayI8ap_fixedILi16ELi6EL9ap_q_mode5EL9ap_o_mode3EL_8" [firmware/nnet_utils/nnet_conv_stream.h:241->firmware/nnet_utils/nnet_pooling_stream.h:52->firmware/nnet_utils/nnet_pooling_stream.h:115]   --->   Operation 174 'store' 'store_ln241' <Predicate = true> <Delay = 0.00>
ST_7 : Operation 175 [1/1] (0.00ns)   --->   "%store_ln209 = store i16 %p_0_0_0_0_010324, i16 %void_compute_pool_buffer_2d_array_const_ap_shift_reg_n_filt_stream_kernel_5" [firmware/nnet_utils/nnet_conv_stream.h:209->firmware/nnet_utils/nnet_conv_stream.h:247->firmware/nnet_utils/nnet_pooling_stream.h:52->firmware/nnet_utils/nnet_pooling_stream.h:115]   --->   Operation 175 'store' 'store_ln209' <Predicate = true> <Delay = 0.00>
ST_7 : Operation 176 [1/1] (0.00ns)   --->   "%store_ln209 = store i16 %select_ln109_8, i16 %void_compute_pool_buffer_2d_array_const_ap_shift_reg_n_filt_stream_kernel_4" [firmware/nnet_utils/nnet_conv_stream.h:209->firmware/nnet_utils/nnet_conv_stream.h:247->firmware/nnet_utils/nnet_pooling_stream.h:52->firmware/nnet_utils/nnet_pooling_stream.h:115]   --->   Operation 176 'store' 'store_ln209' <Predicate = true> <Delay = 0.00>
ST_7 : Operation 177 [1/1] (0.00ns)   --->   "%store_ln209 = store i16 %select_ln109_7, i16 %void_compute_pool_buffer_2d_array_const_ap_shift_reg_n_filt_stream_kernel_3" [firmware/nnet_utils/nnet_conv_stream.h:209->firmware/nnet_utils/nnet_conv_stream.h:247->firmware/nnet_utils/nnet_pooling_stream.h:52->firmware/nnet_utils/nnet_pooling_stream.h:115]   --->   Operation 177 'store' 'store_ln209' <Predicate = true> <Delay = 0.00>
ST_7 : Operation 178 [1/1] (0.00ns)   --->   "%store_ln209 = store i16 %select_ln109, i16 %void_compute_pool_buffer_2d_array_const_ap_shift_reg_n_filt_stream_kernel_2" [firmware/nnet_utils/nnet_conv_stream.h:209->firmware/nnet_utils/nnet_conv_stream.h:247->firmware/nnet_utils/nnet_pooling_stream.h:52->firmware/nnet_utils/nnet_pooling_stream.h:115]   --->   Operation 178 'store' 'store_ln209' <Predicate = true> <Delay = 0.00>
ST_7 : Operation 179 [1/1] (0.00ns)   --->   "%store_ln209 = store i16 %trunc_ln115, i16 %p_ZZN4nnet22compute_pool_buffer_2dINS_5arrayI8ap_fixedILi16ELi6EL9ap_q_mode5EL9ap_17" [firmware/nnet_utils/nnet_conv_stream.h:209->firmware/nnet_utils/nnet_conv_stream.h:247->firmware/nnet_utils/nnet_pooling_stream.h:52->firmware/nnet_utils/nnet_pooling_stream.h:115]   --->   Operation 179 'store' 'store_ln209' <Predicate = true> <Delay = 0.00>
ST_7 : Operation 180 [1/1] (0.00ns)   --->   "%store_ln209 = store i16 %trunc_ln115_1, i16 %p_ZZN4nnet22compute_pool_buffer_2dINS_5arrayI8ap_fixedILi16ELi6EL9ap_q_mode5EL9ap_16" [firmware/nnet_utils/nnet_conv_stream.h:209->firmware/nnet_utils/nnet_conv_stream.h:247->firmware/nnet_utils/nnet_pooling_stream.h:52->firmware/nnet_utils/nnet_pooling_stream.h:115]   --->   Operation 180 'store' 'store_ln209' <Predicate = true> <Delay = 0.00>
ST_7 : Operation 181 [1/1] (0.00ns)   --->   "%store_ln209 = store i16 %trunc_ln115_2, i16 %p_ZZN4nnet22compute_pool_buffer_2dINS_5arrayI8ap_fixedILi16ELi6EL9ap_q_mode5EL9ap_15" [firmware/nnet_utils/nnet_conv_stream.h:209->firmware/nnet_utils/nnet_conv_stream.h:247->firmware/nnet_utils/nnet_pooling_stream.h:52->firmware/nnet_utils/nnet_pooling_stream.h:115]   --->   Operation 181 'store' 'store_ln209' <Predicate = true> <Delay = 0.00>
ST_7 : Operation 182 [1/1] (0.00ns)   --->   "%store_ln209 = store i16 %trunc_ln115_3, i16 %p_ZZN4nnet22compute_pool_buffer_2dINS_5arrayI8ap_fixedILi16ELi6EL9ap_q_mode5EL9ap_14" [firmware/nnet_utils/nnet_conv_stream.h:209->firmware/nnet_utils/nnet_conv_stream.h:247->firmware/nnet_utils/nnet_pooling_stream.h:52->firmware/nnet_utils/nnet_pooling_stream.h:115]   --->   Operation 182 'store' 'store_ln209' <Predicate = true> <Delay = 0.00>
ST_7 : Operation 183 [1/1] (0.00ns)   --->   "%ret_ln118 = ret" [firmware/nnet_utils/nnet_pooling_stream.h:118]   --->   Operation 183 'ret' 'ret_ln118' <Predicate = true> <Delay = 0.00>


============================================================
+ Verbose Summary: Timing violations
============================================================
Target clock period: 5.000ns, clock uncertainty: 1.350ns.

 <State 1>: 1.610ns
The critical path consists of the following:
	'alloca' operation 5 bit ('i_iw', firmware/nnet_utils/nnet_pooling_stream.h:111) [31]  (0.000 ns)
	'store' operation ('store_ln111', firmware/nnet_utils/nnet_pooling_stream.h:111) of constant 0 5 bit on local variable 'i_iw', firmware/nnet_utils/nnet_pooling_stream.h:111 [46]  (1.610 ns)

 <State 2>: 2.702ns
The critical path consists of the following:
	'load' operation 32 bit ('pX_1_load', firmware/nnet_utils/nnet_pooling_stream.h:76->firmware/nnet_utils/nnet_pooling_stream.h:115) on static variable 'pX_1' [83]  (0.000 ns)
	'add' operation 32 bit ('add_ln76', firmware/nnet_utils/nnet_pooling_stream.h:76->firmware/nnet_utils/nnet_pooling_stream.h:115) [142]  (2.702 ns)

 <State 3>: 3.498ns
The critical path consists of the following:
	'load' operation 32 bit ('sX_1_load', firmware/nnet_utils/nnet_pooling_stream.h:55->firmware/nnet_utils/nnet_pooling_stream.h:115) on static variable 'sX_1' [81]  (0.000 ns)
	'icmp' operation 1 bit ('icmp_ln55', firmware/nnet_utils/nnet_pooling_stream.h:55->firmware/nnet_utils/nnet_pooling_stream.h:115) [82]  (2.702 ns)
	'select' operation 32 bit ('select_ln91', firmware/nnet_utils/nnet_pooling_stream.h:91->firmware/nnet_utils/nnet_pooling_stream.h:115) [148]  (0.796 ns)

 <State 4>: 3.498ns
The critical path consists of the following:
	'load' operation 32 bit ('sY_1_load_1', firmware/nnet_utils/nnet_pooling_stream.h:86->firmware/nnet_utils/nnet_pooling_stream.h:115) on static variable 'sY_1' [160]  (0.000 ns)
	'add' operation 32 bit ('add_ln86', firmware/nnet_utils/nnet_pooling_stream.h:86->firmware/nnet_utils/nnet_pooling_stream.h:115) [162]  (2.702 ns)
	'select' operation 32 bit ('select_ln86', firmware/nnet_utils/nnet_pooling_stream.h:86->firmware/nnet_utils/nnet_pooling_stream.h:115) [163]  (0.796 ns)

 <State 5>: 3.439ns
The critical path consists of the following:
	'xor' operation 1 bit ('xor_ln66_24', firmware/nnet_utils/nnet_common.h:66->firmware/nnet_utils/nnet_common.h:44->firmware/nnet_utils/nnet_common.h:46->firmware/nnet_utils/nnet_pooling_stream.h:21->firmware/nnet_utils/nnet_pooling_stream.h:68->firmware/nnet_utils/nnet_pooling_stream.h:115) [106]  (0.000 ns)
	'select' operation 16 bit ('select_ln0_16', firmware/nnet_utils/nnet_common.h:0->firmware/nnet_utils/nnet_common.h:46->firmware/nnet_utils/nnet_pooling_stream.h:21->firmware/nnet_utils/nnet_pooling_stream.h:68->firmware/nnet_utils/nnet_pooling_stream.h:115) [107]  (1.293 ns)
	'icmp' operation 1 bit ('icmp_ln66_25', firmware/nnet_utils/nnet_common.h:66->firmware/nnet_utils/nnet_common.h:46->firmware/nnet_utils/nnet_pooling_stream.h:21->firmware/nnet_utils/nnet_pooling_stream.h:68->firmware/nnet_utils/nnet_pooling_stream.h:115) [108]  (2.146 ns)

 <State 6>: 3.118ns
The critical path consists of the following:
	'xor' operation 1 bit ('xor_ln66_25', firmware/nnet_utils/nnet_common.h:66->firmware/nnet_utils/nnet_common.h:46->firmware/nnet_utils/nnet_pooling_stream.h:21->firmware/nnet_utils/nnet_pooling_stream.h:68->firmware/nnet_utils/nnet_pooling_stream.h:115) [109]  (0.000 ns)
	'select' operation 16 bit ('res_pack', firmware/nnet_utils/nnet_pooling_stream.h:67->firmware/nnet_utils/nnet_pooling_stream.h:115) [110]  (1.293 ns)
	fifo write operation ('write_ln72', firmware/nnet_utils/nnet_pooling_stream.h:72->firmware/nnet_utils/nnet_pooling_stream.h:115) on port 'layer13_out' (firmware/nnet_utils/nnet_pooling_stream.h:72->firmware/nnet_utils/nnet_pooling_stream.h:115) [139]  (1.825 ns)

 <State 7>: 0.000ns
The critical path consists of the following:


============================================================
+ Verbose Summary: Binding
============================================================
N/A
* FSMD analyzer results:
  - Output states:
 - Input state : 
  - Chain level:
	State 1
	State 2
	State 3
	State 4
	State 5
	State 6
	State 7


============================================================
+ Verbose Summary: Datapath Resource usage 
============================================================
N/A
