

================================================================
== Vitis HLS Report for 'relu_array_ap_fixed_4u_array_ap_fixed_16_6_5_3_0_4u_ReLU_config12_s'
================================================================
* Date:           Tue Oct  6 15:38:14 2026

* Version:        2026.1 (Build 6493734 on Jun 16 2026)
* Project:        myproject_prj
* Solution:       solution1
* Product family: artix7
* Target device:  xc7a35t-ftg256-1


================================================================
== Performance Estimates
================================================================
+ Timing: 
    * Summary: 
    +--------+---------+----------+------------+
    |  Clock |  Target | Estimated| Uncertainty|
    +--------+---------+----------+------------+
    |ap_clk  |  5.00 ns|  3.141 ns|     1.35 ns|
    +--------+---------+----------+------------+

+ Latency: 
    * Summary: 
    +---------+---------+----------+----------+------+------+-----------------------------------------+
    |  Latency (cycles) |  Latency (absolute) |   Interval  |                 Pipeline                |
    |   min   |   max   |    min   |    max   |  min |  max |                   Type                  |
    +---------+---------+----------+----------+------+------+-----------------------------------------+
    |     1354|     1354|  6.770 us|  6.770 us|  1352|  1352|  loop auto-rewind stp (delay=0 cycle(s))|
    +---------+---------+----------+----------+------+------+-----------------------------------------+

    + Detail: 
        * Instance: 
        N/A

        * Loop: 
        +---------------+---------+---------+----------+-----------+-----------+------+----------+
        |               |  Latency (cycles) | Iteration|  Initiation Interval  | Trip |          |
        |   Loop Name   |   min   |   max   |  Latency |  achieved |   target  | Count| Pipelined|
        +---------------+---------+---------+----------+-----------+-----------+------+----------+
        |- ReLUActLoop  |     1352|     1352|         3|          2|        N/A|   676|       yes|
        +---------------+---------+---------+----------+-----------+-----------+------+----------+

============================================================
+ Verbose Summary: Synthesis Manager
============================================================
InlineROM: 1
ExposeGlobal: 0
============================================================
+ Verbose Summary: CDFG Model
============================================================
IsTopModel: 0
ResetActiveHigh: 1
IsCombinational: 2
IsDatapathOnly: 0
HasWiredReturn: 1
HasMFsm: 2
HasVarLatency: 1
IsPipeline: 0
IsRtlPipelined: 0
IsInstanceOverlapped: 0
IsDontTouch: 0
HasImplIP: 0
IsGatedGlobalClock: 0

+ Individual pipeline summary: 
  * Pipeline-0: initiation interval (II) = 2, depth = 3


============================================================
+ Verbose Summary: Schedule
============================================================
* Number of FSM states : 3
* Pipeline : 1
  Pipeline-0 : II = 2, D = 3, States = { 1 2 3 }
* Dataflow Pipeline: 0

* FSM state transitions: 
1 --> 2 
2 --> 3 
3 --> 

* FSM state operations: 

State 1 <SV = 0> <Delay = 1.82>
ST_1 : Operation 6 [1/1] (0.00ns)   --->   "%i = alloca i32 1" [firmware/nnet_utils/nnet_activation_stream.h:41]   --->   Operation 6 'alloca' 'i' <Predicate = true> <Delay = 0.00>
ST_1 : Operation 7 [1/1] (0.00ns)   --->   "%specinterface_ln0 = specinterface void @_ssdm_op_SpecInterface, i64 %layer12_out, void @empty, i32 0, i32 0, void @empty_7, i32 0, i32 0, void @empty_7, void @empty_7, void @empty_7, i32 0, i32 0, i32 0, i32 0, void @empty_7, void @empty_7, i32 4294967295, i32 0, i32 0, i32 0"   --->   Operation 7 'specinterface' 'specinterface_ln0' <Predicate = true> <Delay = 0.00>
ST_1 : Operation 8 [1/1] (0.00ns)   --->   "%specinterface_ln0 = specinterface void @_ssdm_op_SpecInterface, i64 %layer27_out, void @empty, i32 0, i32 0, void @empty_7, i32 0, i32 0, void @empty_7, void @empty_7, void @empty_7, i32 0, i32 0, i32 0, i32 0, void @empty_7, void @empty_7, i32 4294967295, i32 0, i32 0, i32 0"   --->   Operation 8 'specinterface' 'specinterface_ln0' <Predicate = true> <Delay = 0.00>
ST_1 : Operation 9 [1/1] (1.61ns)   --->   "%store_ln41 = store i10 0, i10 %i" [firmware/nnet_utils/nnet_activation_stream.h:41]   --->   Operation 9 'store' 'store_ln41' <Predicate = true> <Delay = 1.61>
ST_1 : Operation 10 [1/1] (0.00ns)   --->   "%br_ln41 = br void %ReLUPackLoop.split" [firmware/nnet_utils/nnet_activation_stream.h:41]   --->   Operation 10 'br' 'br_ln41' <Predicate = true> <Delay = 0.00>
ST_1 : Operation 11 [1/1] ( I:1.82ns O:1.82ns )   --->   "%layer27_out_read = read i64 @_ssdm_op_Read.ap_fifo.volatile.i64P0A, i64 %layer27_out" [firmware/nnet_utils/nnet_activation_stream.h:44]   --->   Operation 11 'read' 'layer27_out_read' <Predicate = true> <Delay = 1.82> <CoreInst = "FIFO">   --->   Core 77 'FIFO' <Latency = 0> <II = 1> <Delay = 3.85> <Storage> <Opcode : 'read' 'write' 'nbread' 'nbwrite'> <Ports = 0> <Width = 64> <Depth = 676> <FIFO>
ST_1 : Operation 12 [1/1] (0.00ns)   --->   "%trunc_ln44 = trunc i64 %layer27_out_read" [firmware/nnet_utils/nnet_activation_stream.h:44]   --->   Operation 12 'trunc' 'trunc_ln44' <Predicate = true> <Delay = 0.00>
ST_1 : Operation 13 [1/1] (0.00ns)   --->   "%trunc_ln44_16 = trunc i64 %layer27_out_read" [firmware/nnet_utils/nnet_activation_stream.h:44]   --->   Operation 13 'trunc' 'trunc_ln44_16' <Predicate = true> <Delay = 0.00>
ST_1 : Operation 14 [1/1] (0.00ns)   --->   "%trunc_ln44_8 = partselect i16 @_ssdm_op_PartSelect.i16.i64.i32.i32, i64 %layer27_out_read, i32 16, i32 31" [firmware/nnet_utils/nnet_activation_stream.h:44]   --->   Operation 14 'partselect' 'trunc_ln44_8' <Predicate = true> <Delay = 0.00>
ST_1 : Operation 15 [1/1] (0.00ns)   --->   "%trunc_ln44_s = partselect i15 @_ssdm_op_PartSelect.i15.i64.i32.i32, i64 %layer27_out_read, i32 16, i32 30" [firmware/nnet_utils/nnet_activation_stream.h:44]   --->   Operation 15 'partselect' 'trunc_ln44_s' <Predicate = true> <Delay = 0.00>
ST_1 : Operation 16 [1/1] (0.00ns)   --->   "%trunc_ln44_9 = partselect i16 @_ssdm_op_PartSelect.i16.i64.i32.i32, i64 %layer27_out_read, i32 32, i32 47" [firmware/nnet_utils/nnet_activation_stream.h:44]   --->   Operation 16 'partselect' 'trunc_ln44_9' <Predicate = true> <Delay = 0.00>
ST_1 : Operation 17 [1/1] (0.00ns)   --->   "%trunc_ln44_13 = partselect i15 @_ssdm_op_PartSelect.i15.i64.i32.i32, i64 %layer27_out_read, i32 32, i32 46" [firmware/nnet_utils/nnet_activation_stream.h:44]   --->   Operation 17 'partselect' 'trunc_ln44_13' <Predicate = true> <Delay = 0.00>
ST_1 : Operation 18 [1/1] (0.00ns)   --->   "%trunc_ln44_10 = partselect i16 @_ssdm_op_PartSelect.i16.i64.i32.i32, i64 %layer27_out_read, i32 48, i32 63" [firmware/nnet_utils/nnet_activation_stream.h:44]   --->   Operation 18 'partselect' 'trunc_ln44_10' <Predicate = true> <Delay = 0.00>
ST_1 : Operation 19 [1/1] (0.00ns)   --->   "%trunc_ln2 = partselect i15 @_ssdm_op_PartSelect.i15.i64.i32.i32, i64 %layer27_out_read, i32 48, i32 62" [firmware/nnet_utils/nnet_activation_stream.h:51]   --->   Operation 19 'partselect' 'trunc_ln2' <Predicate = true> <Delay = 0.00>

State 2 <SV = 1> <Delay = 3.14>
ST_2 : Operation 20 [1/1] (0.00ns)   --->   "%i_6 = load i10 %i" [firmware/nnet_utils/nnet_activation_stream.h:41]   --->   Operation 20 'load' 'i_6' <Predicate = true> <Delay = 0.00>
ST_2 : Operation 21 [1/1] (2.14ns)   --->   "%icmp_ln51 = icmp_sgt  i16 %trunc_ln44, i16 0" [firmware/nnet_utils/nnet_activation_stream.h:51]   --->   Operation 21 'icmp' 'icmp_ln51' <Predicate = true> <Delay = 2.14> <CoreInst = "Cmp">   --->   Core 9 'Cmp' <Latency = 0> <II = 1> <Delay = 2.14> <FuncUnit> <Opcode : 'seteq' 'setne' 'setle' 'setge' 'setlt' 'setgt'> <InPorts = 2> <OutPorts = 1>
ST_2 : Operation 22 [1/1] (0.99ns)   --->   "%select_ln51 = select i1 %icmp_ln51, i15 %trunc_ln44_16, i15 0" [firmware/nnet_utils/nnet_activation_stream.h:51]   --->   Operation 22 'select' 'select_ln51' <Predicate = true> <Delay = 0.99> <CoreInst = "Sel">   --->   Core 73 'Sel' <Latency = 0> <II = 1> <Delay = 0.99> <FuncUnit> <Opcode : 'select'> <InPorts = 3> <OutPorts = 1>
ST_2 : Operation 23 [1/1] (2.14ns)   --->   "%icmp_ln51_8 = icmp_sgt  i16 %trunc_ln44_8, i16 0" [firmware/nnet_utils/nnet_activation_stream.h:51]   --->   Operation 23 'icmp' 'icmp_ln51_8' <Predicate = true> <Delay = 2.14> <CoreInst = "Cmp">   --->   Core 9 'Cmp' <Latency = 0> <II = 1> <Delay = 2.14> <FuncUnit> <Opcode : 'seteq' 'setne' 'setle' 'setge' 'setlt' 'setgt'> <InPorts = 2> <OutPorts = 1>
ST_2 : Operation 24 [1/1] (0.99ns)   --->   "%select_ln51_8 = select i1 %icmp_ln51_8, i15 %trunc_ln44_s, i15 0" [firmware/nnet_utils/nnet_activation_stream.h:51]   --->   Operation 24 'select' 'select_ln51_8' <Predicate = true> <Delay = 0.99> <CoreInst = "Sel">   --->   Core 73 'Sel' <Latency = 0> <II = 1> <Delay = 0.99> <FuncUnit> <Opcode : 'select'> <InPorts = 3> <OutPorts = 1>
ST_2 : Operation 25 [1/1] (2.14ns)   --->   "%icmp_ln51_9 = icmp_sgt  i16 %trunc_ln44_9, i16 0" [firmware/nnet_utils/nnet_activation_stream.h:51]   --->   Operation 25 'icmp' 'icmp_ln51_9' <Predicate = true> <Delay = 2.14> <CoreInst = "Cmp">   --->   Core 9 'Cmp' <Latency = 0> <II = 1> <Delay = 2.14> <FuncUnit> <Opcode : 'seteq' 'setne' 'setle' 'setge' 'setlt' 'setgt'> <InPorts = 2> <OutPorts = 1>
ST_2 : Operation 26 [1/1] (0.99ns)   --->   "%select_ln51_9 = select i1 %icmp_ln51_9, i15 %trunc_ln44_13, i15 0" [firmware/nnet_utils/nnet_activation_stream.h:51]   --->   Operation 26 'select' 'select_ln51_9' <Predicate = true> <Delay = 0.99> <CoreInst = "Sel">   --->   Core 73 'Sel' <Latency = 0> <II = 1> <Delay = 0.99> <FuncUnit> <Opcode : 'select'> <InPorts = 3> <OutPorts = 1>
ST_2 : Operation 27 [1/1] (2.14ns)   --->   "%icmp_ln51_10 = icmp_sgt  i16 %trunc_ln44_10, i16 0" [firmware/nnet_utils/nnet_activation_stream.h:51]   --->   Operation 27 'icmp' 'icmp_ln51_10' <Predicate = true> <Delay = 2.14> <CoreInst = "Cmp">   --->   Core 9 'Cmp' <Latency = 0> <II = 1> <Delay = 2.14> <FuncUnit> <Opcode : 'seteq' 'setne' 'setle' 'setge' 'setlt' 'setgt'> <InPorts = 2> <OutPorts = 1>
ST_2 : Operation 28 [1/1] (0.99ns)   --->   "%select_ln51_10 = select i1 %icmp_ln51_10, i15 %trunc_ln2, i15 0" [firmware/nnet_utils/nnet_activation_stream.h:51]   --->   Operation 28 'select' 'select_ln51_10' <Predicate = true> <Delay = 0.99> <CoreInst = "Sel">   --->   Core 73 'Sel' <Latency = 0> <II = 1> <Delay = 0.99> <FuncUnit> <Opcode : 'select'> <InPorts = 3> <OutPorts = 1>
ST_2 : Operation 29 [1/1] (2.12ns)   --->   "%i_7 = add i10 %i_6, i10 1" [firmware/nnet_utils/nnet_activation_stream.h:41]   --->   Operation 29 'add' 'i_7' <Predicate = true> <Delay = 2.12> <CoreInst = "Adder">   --->   Core 1 'Adder' <Latency = 0> <II = 1> <Delay = 2.12> <FuncUnit> <Opcode : 'add' 'sub'> <InPorts = 2> <OutPorts = 1>
ST_2 : Operation 30 [1/1] (2.12ns)   --->   "%icmp_ln41 = icmp_eq  i10 %i_6, i10 675" [firmware/nnet_utils/nnet_activation_stream.h:41]   --->   Operation 30 'icmp' 'icmp_ln41' <Predicate = true> <Delay = 2.12> <CoreInst = "Cmp">   --->   Core 9 'Cmp' <Latency = 0> <II = 1> <Delay = 2.12> <FuncUnit> <Opcode : 'seteq' 'setne' 'setle' 'setge' 'setlt' 'setgt'> <InPorts = 2> <OutPorts = 1>
ST_2 : Operation 31 [1/1] (0.00ns)   --->   "%br_ln41 = br i1 %icmp_ln41, void %ReLUPackLoop.split, void %for.end14" [firmware/nnet_utils/nnet_activation_stream.h:41]   --->   Operation 31 'br' 'br_ln41' <Predicate = true> <Delay = 0.00>

State 3 <SV = 2> <Delay = 1.82>
ST_3 : Operation 32 [1/1] (0.00ns)   --->   "%specpipeline_ln42 = specpipeline void @_ssdm_op_SpecPipeline, i32 4294967295, i32 0, i32 0, i32 0, i32 4294967295, void @empty_7" [firmware/nnet_utils/nnet_activation_stream.h:42]   --->   Operation 32 'specpipeline' 'specpipeline_ln42' <Predicate = true> <Delay = 0.00>
ST_3 : Operation 33 [1/1] (0.00ns)   --->   "%speclooptripcount_ln41 = speclooptripcount void @_ssdm_op_SpecLoopTripCount, i64 676, i64 676, i64 676" [firmware/nnet_utils/nnet_activation_stream.h:41]   --->   Operation 33 'speclooptripcount' 'speclooptripcount_ln41' <Predicate = true> <Delay = 0.00>
ST_3 : Operation 34 [1/1] (0.00ns)   --->   "%specloopname_ln41 = specloopname void @_ssdm_op_SpecLoopName, void @empty_0" [firmware/nnet_utils/nnet_activation_stream.h:41]   --->   Operation 34 'specloopname' 'specloopname_ln41' <Predicate = true> <Delay = 0.00>
ST_3 : Operation 35 [1/1] (0.00ns)   --->   "%zext_ln51 = zext i15 %select_ln51" [firmware/nnet_utils/nnet_activation_stream.h:51]   --->   Operation 35 'zext' 'zext_ln51' <Predicate = true> <Delay = 0.00>
ST_3 : Operation 36 [1/1] (0.00ns)   --->   "%zext_ln51_7 = zext i15 %select_ln51_8" [firmware/nnet_utils/nnet_activation_stream.h:51]   --->   Operation 36 'zext' 'zext_ln51_7' <Predicate = true> <Delay = 0.00>
ST_3 : Operation 37 [1/1] (0.00ns)   --->   "%zext_ln51_8 = zext i15 %select_ln51_9" [firmware/nnet_utils/nnet_activation_stream.h:51]   --->   Operation 37 'zext' 'zext_ln51_8' <Predicate = true> <Delay = 0.00>
ST_3 : Operation 38 [1/1] (0.00ns)   --->   "%or_ln57_s = bitconcatenate i63 @_ssdm_op_BitConcatenate.i63.i15.i16.i16.i16, i15 %select_ln51_10, i16 %zext_ln51_8, i16 %zext_ln51_7, i16 %zext_ln51" [firmware/nnet_utils/nnet_activation_stream.h:57]   --->   Operation 38 'bitconcatenate' 'or_ln57_s' <Predicate = true> <Delay = 0.00>
ST_3 : Operation 39 [1/1] (0.00ns)   --->   "%zext_ln57 = zext i63 %or_ln57_s" [firmware/nnet_utils/nnet_activation_stream.h:57]   --->   Operation 39 'zext' 'zext_ln57' <Predicate = true> <Delay = 0.00>
ST_3 : Operation 40 [1/1] ( I:1.82ns O:1.82ns )   --->   "%write_ln57 = write void @_ssdm_op_Write.ap_fifo.volatile.i64P0A, i64 %layer12_out, i64 %zext_ln57" [firmware/nnet_utils/nnet_activation_stream.h:57]   --->   Operation 40 'write' 'write_ln57' <Predicate = true> <Delay = 1.82> <CoreInst = "FIFO">   --->   Core 77 'FIFO' <Latency = 0> <II = 1> <Delay = 3.85> <Storage> <Opcode : 'read' 'write' 'nbread' 'nbwrite'> <Ports = 0> <Width = 64> <Depth = 676> <FIFO>
ST_3 : Operation 41 [1/1] (1.61ns)   --->   "%store_ln41 = store i10 %i_7, i10 %i" [firmware/nnet_utils/nnet_activation_stream.h:41]   --->   Operation 41 'store' 'store_ln41' <Predicate = true> <Delay = 1.61>
ST_3 : Operation 42 [1/1] (1.61ns)   --->   "%ret_ln59 = ret" [firmware/nnet_utils/nnet_activation_stream.h:59]   --->   Operation 42 'ret' 'ret_ln59' <Predicate = (icmp_ln41)> <Delay = 1.61>


============================================================
+ Verbose Summary: Binding
============================================================
STG Binding: 
---------------- STG Properties BEGIN ----------------
- Is combinational: 0
- Is one-state seq: 0
- Is datapath-only: 0
- Is pipelined: 0
- Is top level: 0
Port [ Return ] is wired: 1; IO mode=ap_ctrl_hs:ce=0
Port [ layer27_out]:  wired=1; compound=1; hidden=0; nouse=0; global=0; static=0; extern=0; dir=0; type=3; pingpong=0; private_global=0; IO mode=ap_fifo:ce=0
Port [ layer12_out]:  wired=1; compound=1; hidden=0; nouse=0; global=0; static=0; extern=0; dir=1; type=3; pingpong=0; private_global=0; IO mode=ap_fifo:ce=0
---------------- STG Properties END ------------------

---------------- Datapath Model BEGIN ----------------

<LifeTime>
<method=bitvector/>
i                      (alloca           ) [ 0111]
specinterface_ln0      (specinterface    ) [ 0000]
specinterface_ln0      (specinterface    ) [ 0000]
store_ln41             (store            ) [ 0000]
br_ln41                (br               ) [ 0000]
layer27_out_read       (read             ) [ 0000]
trunc_ln44             (trunc            ) [ 0010]
trunc_ln44_16          (trunc            ) [ 0010]
trunc_ln44_8           (partselect       ) [ 0010]
trunc_ln44_s           (partselect       ) [ 0010]
trunc_ln44_9           (partselect       ) [ 0010]
trunc_ln44_13          (partselect       ) [ 0010]
trunc_ln44_10          (partselect       ) [ 0010]
trunc_ln2              (partselect       ) [ 0010]
i_6                    (load             ) [ 0000]
icmp_ln51              (icmp             ) [ 0000]
select_ln51            (select           ) [ 0101]
icmp_ln51_8            (icmp             ) [ 0000]
select_ln51_8          (select           ) [ 0101]
icmp_ln51_9            (icmp             ) [ 0000]
select_ln51_9          (select           ) [ 0101]
icmp_ln51_10           (icmp             ) [ 0000]
select_ln51_10         (select           ) [ 0101]
i_7                    (add              ) [ 0101]
icmp_ln41              (icmp             ) [ 0101]
br_ln41                (br               ) [ 0000]
specpipeline_ln42      (specpipeline     ) [ 0000]
speclooptripcount_ln41 (speclooptripcount) [ 0000]
specloopname_ln41      (specloopname     ) [ 0000]
zext_ln51              (zext             ) [ 0000]
zext_ln51_7            (zext             ) [ 0000]
zext_ln51_8            (zext             ) [ 0000]
or_ln57_s              (bitconcatenate   ) [ 0000]
zext_ln57              (zext             ) [ 0000]
write_ln57             (write            ) [ 0000]
store_ln41             (store            ) [ 0000]
ret_ln59               (ret              ) [ 0000]
</LifeTime>

<model>

<comp_list>
<comp id="0" class="1000" name="layer27_out">
<pin_list>
<pin id="1" dir="1" index="0" bw="1" slack="0"/>
</pin_list>
<bind>
<StgValue><ssdm name="layer27_out"/></StgValue>
</bind>
</comp>

<comp id="2" class="1000" name="layer12_out">
<pin_list>
<pin id="3" dir="1" index="0" bw="1" slack="0"/>
</pin_list>
<bind>
<StgValue><ssdm name="layer12_out"/></StgValue>
</bind>
</comp>

<comp id="4" class="1001" name="const_4">
<pin_list>
<pin id="5" dir="1" index="0" bw="1" slack="0"/>
</pin_list>
<bind>
<StgValue><ssdm name=""/></StgValue>
</bind>
</comp>

<comp id="6" class="1001" name="const_6">
<pin_list>
<pin id="7" dir="1" index="0" bw="1" slack="2147483647"/>
</pin_list>
<bind>
<StgValue><ssdm name="_ssdm_op_SpecInterface"/></StgValue>
</bind>
</comp>

<comp id="8" class="1001" name="const_8">
<pin_list>
<pin id="9" dir="1" index="0" bw="1" slack="2147483647"/>
</pin_list>
<bind>
<StgValue><ssdm name="empty"/></StgValue>
</bind>
</comp>

<comp id="10" class="1001" name="const_10">
<pin_list>
<pin id="11" dir="1" index="0" bw="1" slack="2147483647"/>
</pin_list>
<bind>
<StgValue><ssdm name=""/></StgValue>
</bind>
</comp>

<comp id="12" class="1001" name="const_12">
<pin_list>
<pin id="13" dir="1" index="0" bw="1" slack="2147483647"/>
</pin_list>
<bind>
<StgValue><ssdm name="empty_7"/></StgValue>
</bind>
</comp>

<comp id="14" class="1001" name="const_14">
<pin_list>
<pin id="15" dir="1" index="0" bw="1" slack="2147483647"/>
</pin_list>
<bind>
<StgValue><ssdm name=""/></StgValue>
</bind>
</comp>

<comp id="16" class="1001" name="const_16">
<pin_list>
<pin id="17" dir="1" index="0" bw="1" slack="0"/>
</pin_list>
<bind>
<StgValue><ssdm name=""/></StgValue>
</bind>
</comp>

<comp id="18" class="1001" name="const_18">
<pin_list>
<pin id="19" dir="1" index="0" bw="1" slack="0"/>
</pin_list>
<bind>
<StgValue><ssdm name="_ssdm_op_Read.ap_fifo.volatile.i64P0A"/></StgValue>
</bind>
</comp>

<comp id="20" class="1001" name="const_20">
<pin_list>
<pin id="21" dir="1" index="0" bw="1" slack="0"/>
</pin_list>
<bind>
<StgValue><ssdm name="_ssdm_op_PartSelect.i16.i64.i32.i32"/></StgValue>
</bind>
</comp>

<comp id="22" class="1001" name="const_22">
<pin_list>
<pin id="23" dir="1" index="0" bw="1" slack="0"/>
</pin_list>
<bind>
<StgValue><ssdm name=""/></StgValue>
</bind>
</comp>

<comp id="24" class="1001" name="const_24">
<pin_list>
<pin id="25" dir="1" index="0" bw="1" slack="0"/>
</pin_list>
<bind>
<StgValue><ssdm name=""/></StgValue>
</bind>
</comp>

<comp id="26" class="1001" name="const_26">
<pin_list>
<pin id="27" dir="1" index="0" bw="1" slack="0"/>
</pin_list>
<bind>
<StgValue><ssdm name="_ssdm_op_PartSelect.i15.i64.i32.i32"/></StgValue>
</bind>
</comp>

<comp id="28" class="1001" name="const_28">
<pin_list>
<pin id="29" dir="1" index="0" bw="1" slack="0"/>
</pin_list>
<bind>
<StgValue><ssdm name=""/></StgValue>
</bind>
</comp>

<comp id="30" class="1001" name="const_30">
<pin_list>
<pin id="31" dir="1" index="0" bw="1" slack="0"/>
</pin_list>
<bind>
<StgValue><ssdm name=""/></StgValue>
</bind>
</comp>

<comp id="32" class="1001" name="const_32">
<pin_list>
<pin id="33" dir="1" index="0" bw="1" slack="0"/>
</pin_list>
<bind>
<StgValue><ssdm name=""/></StgValue>
</bind>
</comp>

<comp id="34" class="1001" name="const_34">
<pin_list>
<pin id="35" dir="1" index="0" bw="1" slack="0"/>
</pin_list>
<bind>
<StgValue><ssdm name=""/></StgValue>
</bind>
</comp>

<comp id="36" class="1001" name="const_36">
<pin_list>
<pin id="37" dir="1" index="0" bw="1" slack="0"/>
</pin_list>
<bind>
<StgValue><ssdm name=""/></StgValue>
</bind>
</comp>

<comp id="38" class="1001" name="const_38">
<pin_list>
<pin id="39" dir="1" index="0" bw="1" slack="0"/>
</pin_list>
<bind>
<StgValue><ssdm name=""/></StgValue>
</bind>
</comp>

<comp id="40" class="1001" name="const_40">
<pin_list>
<pin id="41" dir="1" index="0" bw="1" slack="0"/>
</pin_list>
<bind>
<StgValue><ssdm name=""/></StgValue>
</bind>
</comp>

<comp id="42" class="1001" name="const_42">
<pin_list>
<pin id="43" dir="1" index="0" bw="1" slack="0"/>
</pin_list>
<bind>
<StgValue><ssdm name=""/></StgValue>
</bind>
</comp>

<comp id="44" class="1001" name="const_44">
<pin_list>
<pin id="45" dir="1" index="0" bw="1" slack="0"/>
</pin_list>
<bind>
<StgValue><ssdm name=""/></StgValue>
</bind>
</comp>

<comp id="46" class="1001" name="const_46">
<pin_list>
<pin id="47" dir="1" index="0" bw="1" slack="0"/>
</pin_list>
<bind>
<StgValue><ssdm name=""/></StgValue>
</bind>
</comp>

<comp id="48" class="1001" name="const_48">
<pin_list>
<pin id="49" dir="1" index="0" bw="1" slack="0"/>
</pin_list>
<bind>
<StgValue><ssdm name=""/></StgValue>
</bind>
</comp>

<comp id="50" class="1001" name="const_50">
<pin_list>
<pin id="51" dir="1" index="0" bw="1" slack="2147483647"/>
</pin_list>
<bind>
<StgValue><ssdm name="_ssdm_op_SpecPipeline"/></StgValue>
</bind>
</comp>

<comp id="52" class="1001" name="const_52">
<pin_list>
<pin id="53" dir="1" index="0" bw="1" slack="2147483647"/>
</pin_list>
<bind>
<StgValue><ssdm name="_ssdm_op_SpecLoopTripCount"/></StgValue>
</bind>
</comp>

<comp id="54" class="1001" name="const_54">
<pin_list>
<pin id="55" dir="1" index="0" bw="1" slack="2147483647"/>
</pin_list>
<bind>
<StgValue><ssdm name=""/></StgValue>
</bind>
</comp>

<comp id="56" class="1001" name="const_56">
<pin_list>
<pin id="57" dir="1" index="0" bw="1" slack="2147483647"/>
</pin_list>
<bind>
<StgValue><ssdm name="_ssdm_op_SpecLoopName"/></StgValue>
</bind>
</comp>

<comp id="58" class="1001" name="const_58">
<pin_list>
<pin id="59" dir="1" index="0" bw="1" slack="2147483647"/>
</pin_list>
<bind>
<StgValue><ssdm name="empty_0"/></StgValue>
</bind>
</comp>

<comp id="60" class="1001" name="const_60">
<pin_list>
<pin id="61" dir="1" index="0" bw="1" slack="0"/>
</pin_list>
<bind>
<StgValue><ssdm name="_ssdm_op_BitConcatenate.i63.i15.i16.i16.i16"/></StgValue>
</bind>
</comp>

<comp id="62" class="1001" name="const_62">
<pin_list>
<pin id="63" dir="1" index="0" bw="1" slack="0"/>
</pin_list>
<bind>
<StgValue><ssdm name="_ssdm_op_Write.ap_fifo.volatile.i64P0A"/></StgValue>
</bind>
</comp>

<comp id="64" class="1004" name="i_fu_64">
<pin_list>
<pin id="65" dir="0" index="0" bw="1" slack="0"/>
<pin id="66" dir="1" index="1" bw="10" slack="0"/>
</pin_list>
<bind>
<opcode="alloca(26) " fcode="alloca"/>
<opset="i/1 "/>
</bind>
</comp>

<comp id="68" class="1004" name="layer27_out_read_read_fu_68">
<pin_list>
<pin id="69" dir="0" index="0" bw="64" slack="0"/>
<pin id="70" dir="0" index="1" bw="64" slack="0"/>
<pin id="71" dir="1" index="2" bw="64" slack="0"/>
</pin_list>
<bind>
<opcode="read(1150) " fcode="read"/>
<opset="layer27_out_read/1 "/>
</bind>
</comp>

<comp id="74" class="1004" name="write_ln57_write_fu_74">
<pin_list>
<pin id="75" dir="0" index="0" bw="0" slack="0"/>
<pin id="76" dir="0" index="1" bw="64" slack="0"/>
<pin id="77" dir="0" index="2" bw="63" slack="0"/>
<pin id="78" dir="1" index="3" bw="0" slack="2147483647"/>
</pin_list>
<bind>
<opcode="write(1151) " fcode="write"/>
<opset="write_ln57/3 "/>
</bind>
</comp>

<comp id="81" class="1004" name="store_ln41_store_fu_81">
<pin_list>
<pin id="82" dir="0" index="0" bw="1" slack="0"/>
<pin id="83" dir="0" index="1" bw="10" slack="0"/>
<pin id="84" dir="1" index="2" bw="0" slack="2147483647"/>
</pin_list>
<bind>
<opcode="store(28) " fcode="store"/>
<opset="store_ln41/1 "/>
</bind>
</comp>

<comp id="86" class="1004" name="trunc_ln44_fu_86">
<pin_list>
<pin id="87" dir="0" index="0" bw="64" slack="0"/>
<pin id="88" dir="1" index="1" bw="16" slack="1"/>
</pin_list>
<bind>
<opcode="trunc(33) " fcode="trunc"/>
<opset="trunc_ln44/1 "/>
</bind>
</comp>

<comp id="90" class="1004" name="trunc_ln44_16_fu_90">
<pin_list>
<pin id="91" dir="0" index="0" bw="64" slack="0"/>
<pin id="92" dir="1" index="1" bw="15" slack="1"/>
</pin_list>
<bind>
<opcode="trunc(33) " fcode="trunc"/>
<opset="trunc_ln44_16/1 "/>
</bind>
</comp>

<comp id="94" class="1004" name="trunc_ln44_8_fu_94">
<pin_list>
<pin id="95" dir="0" index="0" bw="16" slack="0"/>
<pin id="96" dir="0" index="1" bw="64" slack="0"/>
<pin id="97" dir="0" index="2" bw="6" slack="0"/>
<pin id="98" dir="0" index="3" bw="6" slack="0"/>
<pin id="99" dir="1" index="4" bw="16" slack="1"/>
</pin_list>
<bind>
<opcode="partselect(1002) " fcode="partselect"/>
<opset="trunc_ln44_8/1 "/>
</bind>
</comp>

<comp id="104" class="1004" name="trunc_ln44_s_fu_104">
<pin_list>
<pin id="105" dir="0" index="0" bw="15" slack="0"/>
<pin id="106" dir="0" index="1" bw="64" slack="0"/>
<pin id="107" dir="0" index="2" bw="6" slack="0"/>
<pin id="108" dir="0" index="3" bw="6" slack="0"/>
<pin id="109" dir="1" index="4" bw="15" slack="1"/>
</pin_list>
<bind>
<opcode="partselect(1002) " fcode="partselect"/>
<opset="trunc_ln44_s/1 "/>
</bind>
</comp>

<comp id="114" class="1004" name="trunc_ln44_9_fu_114">
<pin_list>
<pin id="115" dir="0" index="0" bw="16" slack="0"/>
<pin id="116" dir="0" index="1" bw="64" slack="0"/>
<pin id="117" dir="0" index="2" bw="7" slack="0"/>
<pin id="118" dir="0" index="3" bw="7" slack="0"/>
<pin id="119" dir="1" index="4" bw="16" slack="1"/>
</pin_list>
<bind>
<opcode="partselect(1002) " fcode="partselect"/>
<opset="trunc_ln44_9/1 "/>
</bind>
</comp>

<comp id="124" class="1004" name="trunc_ln44_13_fu_124">
<pin_list>
<pin id="125" dir="0" index="0" bw="15" slack="0"/>
<pin id="126" dir="0" index="1" bw="64" slack="0"/>
<pin id="127" dir="0" index="2" bw="7" slack="0"/>
<pin id="128" dir="0" index="3" bw="7" slack="0"/>
<pin id="129" dir="1" index="4" bw="15" slack="1"/>
</pin_list>
<bind>
<opcode="partselect(1002) " fcode="partselect"/>
<opset="trunc_ln44_13/1 "/>
</bind>
</comp>

<comp id="134" class="1004" name="trunc_ln44_10_fu_134">
<pin_list>
<pin id="135" dir="0" index="0" bw="16" slack="0"/>
<pin id="136" dir="0" index="1" bw="64" slack="0"/>
<pin id="137" dir="0" index="2" bw="7" slack="0"/>
<pin id="138" dir="0" index="3" bw="7" slack="0"/>
<pin id="139" dir="1" index="4" bw="16" slack="1"/>
</pin_list>
<bind>
<opcode="partselect(1002) " fcode="partselect"/>
<opset="trunc_ln44_10/1 "/>
</bind>
</comp>

<comp id="144" class="1004" name="trunc_ln2_fu_144">
<pin_list>
<pin id="145" dir="0" index="0" bw="15" slack="0"/>
<pin id="146" dir="0" index="1" bw="64" slack="0"/>
<pin id="147" dir="0" index="2" bw="7" slack="0"/>
<pin id="148" dir="0" index="3" bw="7" slack="0"/>
<pin id="149" dir="1" index="4" bw="15" slack="1"/>
</pin_list>
<bind>
<opcode="partselect(1002) " fcode="partselect"/>
<opset="trunc_ln2/1 "/>
</bind>
</comp>

<comp id="154" class="1004" name="i_6_load_fu_154">
<pin_list>
<pin id="155" dir="0" index="0" bw="10" slack="1"/>
<pin id="156" dir="1" index="1" bw="10" slack="0"/>
</pin_list>
<bind>
<opcode="load(27) " fcode="load"/>
<opset="i_6/2 "/>
</bind>
</comp>

<comp id="157" class="1004" name="icmp_ln51_fu_157">
<pin_list>
<pin id="158" dir="0" index="0" bw="16" slack="1"/>
<pin id="159" dir="0" index="1" bw="1" slack="0"/>
<pin id="160" dir="1" index="2" bw="1" slack="0"/>
</pin_list>
<bind>
<opcode="icmp(45) " fcode="icmp"/>
<opset="icmp_ln51/2 "/>
</bind>
</comp>

<comp id="162" class="1004" name="select_ln51_fu_162">
<pin_list>
<pin id="163" dir="0" index="0" bw="1" slack="0"/>
<pin id="164" dir="0" index="1" bw="15" slack="1"/>
<pin id="165" dir="0" index="2" bw="1" slack="0"/>
<pin id="166" dir="1" index="3" bw="15" slack="1"/>
</pin_list>
<bind>
<opcode="select(49) " fcode="select"/>
<opset="select_ln51/2 "/>
</bind>
</comp>

<comp id="169" class="1004" name="icmp_ln51_8_fu_169">
<pin_list>
<pin id="170" dir="0" index="0" bw="16" slack="1"/>
<pin id="171" dir="0" index="1" bw="1" slack="0"/>
<pin id="172" dir="1" index="2" bw="1" slack="0"/>
</pin_list>
<bind>
<opcode="icmp(45) " fcode="icmp"/>
<opset="icmp_ln51_8/2 "/>
</bind>
</comp>

<comp id="174" class="1004" name="select_ln51_8_fu_174">
<pin_list>
<pin id="175" dir="0" index="0" bw="1" slack="0"/>
<pin id="176" dir="0" index="1" bw="15" slack="1"/>
<pin id="177" dir="0" index="2" bw="1" slack="0"/>
<pin id="178" dir="1" index="3" bw="15" slack="1"/>
</pin_list>
<bind>
<opcode="select(49) " fcode="select"/>
<opset="select_ln51_8/2 "/>
</bind>
</comp>

<comp id="181" class="1004" name="icmp_ln51_9_fu_181">
<pin_list>
<pin id="182" dir="0" index="0" bw="16" slack="1"/>
<pin id="183" dir="0" index="1" bw="1" slack="0"/>
<pin id="184" dir="1" index="2" bw="1" slack="0"/>
</pin_list>
<bind>
<opcode="icmp(45) " fcode="icmp"/>
<opset="icmp_ln51_9/2 "/>
</bind>
</comp>

<comp id="186" class="1004" name="select_ln51_9_fu_186">
<pin_list>
<pin id="187" dir="0" index="0" bw="1" slack="0"/>
<pin id="188" dir="0" index="1" bw="15" slack="1"/>
<pin id="189" dir="0" index="2" bw="1" slack="0"/>
<pin id="190" dir="1" index="3" bw="15" slack="1"/>
</pin_list>
<bind>
<opcode="select(49) " fcode="select"/>
<opset="select_ln51_9/2 "/>
</bind>
</comp>

<comp id="193" class="1004" name="icmp_ln51_10_fu_193">
<pin_list>
<pin id="194" dir="0" index="0" bw="16" slack="1"/>
<pin id="195" dir="0" index="1" bw="1" slack="0"/>
<pin id="196" dir="1" index="2" bw="1" slack="0"/>
</pin_list>
<bind>
<opcode="icmp(45) " fcode="icmp"/>
<opset="icmp_ln51_10/2 "/>
</bind>
</comp>

<comp id="198" class="1004" name="select_ln51_10_fu_198">
<pin_list>
<pin id="199" dir="0" index="0" bw="1" slack="0"/>
<pin id="200" dir="0" index="1" bw="15" slack="1"/>
<pin id="201" dir="0" index="2" bw="1" slack="0"/>
<pin id="202" dir="1" index="3" bw="15" slack="1"/>
</pin_list>
<bind>
<opcode="select(49) " fcode="select"/>
<opset="select_ln51_10/2 "/>
</bind>
</comp>

<comp id="205" class="1004" name="i_7_fu_205">
<pin_list>
<pin id="206" dir="0" index="0" bw="10" slack="0"/>
<pin id="207" dir="0" index="1" bw="1" slack="0"/>
<pin id="208" dir="1" index="2" bw="10" slack="1"/>
</pin_list>
<bind>
<opcode="add(8) " fcode="add"/>
<opset="i_7/2 "/>
</bind>
</comp>

<comp id="211" class="1004" name="icmp_ln41_fu_211">
<pin_list>
<pin id="212" dir="0" index="0" bw="10" slack="0"/>
<pin id="213" dir="0" index="1" bw="10" slack="0"/>
<pin id="214" dir="1" index="2" bw="1" slack="1"/>
</pin_list>
<bind>
<opcode="icmp(45) " fcode="icmp"/>
<opset="icmp_ln41/2 "/>
</bind>
</comp>

<comp id="217" class="1004" name="zext_ln51_fu_217">
<pin_list>
<pin id="218" dir="0" index="0" bw="15" slack="1"/>
<pin id="219" dir="1" index="1" bw="16" slack="0"/>
</pin_list>
<bind>
<opcode="zext(34) " fcode="zext"/>
<opset="zext_ln51/3 "/>
</bind>
</comp>

<comp id="220" class="1004" name="zext_ln51_7_fu_220">
<pin_list>
<pin id="221" dir="0" index="0" bw="15" slack="1"/>
<pin id="222" dir="1" index="1" bw="16" slack="0"/>
</pin_list>
<bind>
<opcode="zext(34) " fcode="zext"/>
<opset="zext_ln51_7/3 "/>
</bind>
</comp>

<comp id="223" class="1004" name="zext_ln51_8_fu_223">
<pin_list>
<pin id="224" dir="0" index="0" bw="15" slack="1"/>
<pin id="225" dir="1" index="1" bw="16" slack="0"/>
</pin_list>
<bind>
<opcode="zext(34) " fcode="zext"/>
<opset="zext_ln51_8/3 "/>
</bind>
</comp>

<comp id="226" class="1004" name="or_ln57_s_fu_226">
<pin_list>
<pin id="227" dir="0" index="0" bw="63" slack="0"/>
<pin id="228" dir="0" index="1" bw="15" slack="1"/>
<pin id="229" dir="0" index="2" bw="15" slack="0"/>
<pin id="230" dir="0" index="3" bw="15" slack="0"/>
<pin id="231" dir="0" index="4" bw="15" slack="0"/>
<pin id="232" dir="1" index="5" bw="63" slack="0"/>
</pin_list>
<bind>
<opcode="bitconcatenate(1004) " fcode="bitconcatenate"/>
<opset="or_ln57_s/3 "/>
</bind>
</comp>

<comp id="237" class="1004" name="zext_ln57_fu_237">
<pin_list>
<pin id="238" dir="0" index="0" bw="63" slack="0"/>
<pin id="239" dir="1" index="1" bw="64" slack="0"/>
</pin_list>
<bind>
<opcode="zext(34) " fcode="zext"/>
<opset="zext_ln57/3 "/>
</bind>
</comp>

<comp id="242" class="1004" name="store_ln41_store_fu_242">
<pin_list>
<pin id="243" dir="0" index="0" bw="10" slack="1"/>
<pin id="244" dir="0" index="1" bw="10" slack="2"/>
<pin id="245" dir="1" index="2" bw="0" slack="2147483647"/>
</pin_list>
<bind>
<opcode="store(28) " fcode="store"/>
<opset="store_ln41/3 "/>
</bind>
</comp>

<comp id="246" class="1005" name="i_reg_246">
<pin_list>
<pin id="247" dir="0" index="0" bw="10" slack="0"/>
<pin id="248" dir="1" index="1" bw="10" slack="0"/>
</pin_list>
<bind>
<opset="i "/>
</bind>
</comp>

<comp id="253" class="1005" name="trunc_ln44_reg_253">
<pin_list>
<pin id="254" dir="0" index="0" bw="16" slack="1"/>
<pin id="255" dir="1" index="1" bw="16" slack="1"/>
</pin_list>
<bind>
<opset="trunc_ln44 "/>
</bind>
</comp>

<comp id="258" class="1005" name="trunc_ln44_16_reg_258">
<pin_list>
<pin id="259" dir="0" index="0" bw="15" slack="1"/>
<pin id="260" dir="1" index="1" bw="15" slack="1"/>
</pin_list>
<bind>
<opset="trunc_ln44_16 "/>
</bind>
</comp>

<comp id="263" class="1005" name="trunc_ln44_8_reg_263">
<pin_list>
<pin id="264" dir="0" index="0" bw="16" slack="1"/>
<pin id="265" dir="1" index="1" bw="16" slack="1"/>
</pin_list>
<bind>
<opset="trunc_ln44_8 "/>
</bind>
</comp>

<comp id="268" class="1005" name="trunc_ln44_s_reg_268">
<pin_list>
<pin id="269" dir="0" index="0" bw="15" slack="1"/>
<pin id="270" dir="1" index="1" bw="15" slack="1"/>
</pin_list>
<bind>
<opset="trunc_ln44_s "/>
</bind>
</comp>

<comp id="273" class="1005" name="trunc_ln44_9_reg_273">
<pin_list>
<pin id="274" dir="0" index="0" bw="16" slack="1"/>
<pin id="275" dir="1" index="1" bw="16" slack="1"/>
</pin_list>
<bind>
<opset="trunc_ln44_9 "/>
</bind>
</comp>

<comp id="278" class="1005" name="trunc_ln44_13_reg_278">
<pin_list>
<pin id="279" dir="0" index="0" bw="15" slack="1"/>
<pin id="280" dir="1" index="1" bw="15" slack="1"/>
</pin_list>
<bind>
<opset="trunc_ln44_13 "/>
</bind>
</comp>

<comp id="283" class="1005" name="trunc_ln44_10_reg_283">
<pin_list>
<pin id="284" dir="0" index="0" bw="16" slack="1"/>
<pin id="285" dir="1" index="1" bw="16" slack="1"/>
</pin_list>
<bind>
<opset="trunc_ln44_10 "/>
</bind>
</comp>

<comp id="288" class="1005" name="trunc_ln2_reg_288">
<pin_list>
<pin id="289" dir="0" index="0" bw="15" slack="1"/>
<pin id="290" dir="1" index="1" bw="15" slack="1"/>
</pin_list>
<bind>
<opset="trunc_ln2 "/>
</bind>
</comp>

<comp id="293" class="1005" name="select_ln51_reg_293">
<pin_list>
<pin id="294" dir="0" index="0" bw="15" slack="1"/>
<pin id="295" dir="1" index="1" bw="15" slack="1"/>
</pin_list>
<bind>
<opset="select_ln51 "/>
</bind>
</comp>

<comp id="298" class="1005" name="select_ln51_8_reg_298">
<pin_list>
<pin id="299" dir="0" index="0" bw="15" slack="1"/>
<pin id="300" dir="1" index="1" bw="15" slack="1"/>
</pin_list>
<bind>
<opset="select_ln51_8 "/>
</bind>
</comp>

<comp id="303" class="1005" name="select_ln51_9_reg_303">
<pin_list>
<pin id="304" dir="0" index="0" bw="15" slack="1"/>
<pin id="305" dir="1" index="1" bw="15" slack="1"/>
</pin_list>
<bind>
<opset="select_ln51_9 "/>
</bind>
</comp>

<comp id="308" class="1005" name="select_ln51_10_reg_308">
<pin_list>
<pin id="309" dir="0" index="0" bw="15" slack="1"/>
<pin id="310" dir="1" index="1" bw="15" slack="1"/>
</pin_list>
<bind>
<opset="select_ln51_10 "/>
</bind>
</comp>

<comp id="313" class="1005" name="i_7_reg_313">
<pin_list>
<pin id="314" dir="0" index="0" bw="10" slack="1"/>
<pin id="315" dir="1" index="1" bw="10" slack="1"/>
</pin_list>
<bind>
<opset="i_7 "/>
</bind>
</comp>

<comp id="318" class="1005" name="icmp_ln41_reg_318">
<pin_list>
<pin id="319" dir="0" index="0" bw="1" slack="1"/>
<pin id="320" dir="1" index="1" bw="1" slack="2147483647"/>
</pin_list>
<bind>
<opset="icmp_ln41 "/>
</bind>
</comp>

</comp_list>

<net_list>
<net id="67"><net_src comp="4" pin="0"/><net_sink comp="64" pin=0"/></net>

<net id="72"><net_src comp="18" pin="0"/><net_sink comp="68" pin=0"/></net>

<net id="73"><net_src comp="0" pin="0"/><net_sink comp="68" pin=1"/></net>

<net id="79"><net_src comp="62" pin="0"/><net_sink comp="74" pin=0"/></net>

<net id="80"><net_src comp="2" pin="0"/><net_sink comp="74" pin=1"/></net>

<net id="85"><net_src comp="16" pin="0"/><net_sink comp="81" pin=0"/></net>

<net id="89"><net_src comp="68" pin="2"/><net_sink comp="86" pin=0"/></net>

<net id="93"><net_src comp="68" pin="2"/><net_sink comp="90" pin=0"/></net>

<net id="100"><net_src comp="20" pin="0"/><net_sink comp="94" pin=0"/></net>

<net id="101"><net_src comp="68" pin="2"/><net_sink comp="94" pin=1"/></net>

<net id="102"><net_src comp="22" pin="0"/><net_sink comp="94" pin=2"/></net>

<net id="103"><net_src comp="24" pin="0"/><net_sink comp="94" pin=3"/></net>

<net id="110"><net_src comp="26" pin="0"/><net_sink comp="104" pin=0"/></net>

<net id="111"><net_src comp="68" pin="2"/><net_sink comp="104" pin=1"/></net>

<net id="112"><net_src comp="22" pin="0"/><net_sink comp="104" pin=2"/></net>

<net id="113"><net_src comp="28" pin="0"/><net_sink comp="104" pin=3"/></net>

<net id="120"><net_src comp="20" pin="0"/><net_sink comp="114" pin=0"/></net>

<net id="121"><net_src comp="68" pin="2"/><net_sink comp="114" pin=1"/></net>

<net id="122"><net_src comp="30" pin="0"/><net_sink comp="114" pin=2"/></net>

<net id="123"><net_src comp="32" pin="0"/><net_sink comp="114" pin=3"/></net>

<net id="130"><net_src comp="26" pin="0"/><net_sink comp="124" pin=0"/></net>

<net id="131"><net_src comp="68" pin="2"/><net_sink comp="124" pin=1"/></net>

<net id="132"><net_src comp="30" pin="0"/><net_sink comp="124" pin=2"/></net>

<net id="133"><net_src comp="34" pin="0"/><net_sink comp="124" pin=3"/></net>

<net id="140"><net_src comp="20" pin="0"/><net_sink comp="134" pin=0"/></net>

<net id="141"><net_src comp="68" pin="2"/><net_sink comp="134" pin=1"/></net>

<net id="142"><net_src comp="36" pin="0"/><net_sink comp="134" pin=2"/></net>

<net id="143"><net_src comp="38" pin="0"/><net_sink comp="134" pin=3"/></net>

<net id="150"><net_src comp="26" pin="0"/><net_sink comp="144" pin=0"/></net>

<net id="151"><net_src comp="68" pin="2"/><net_sink comp="144" pin=1"/></net>

<net id="152"><net_src comp="36" pin="0"/><net_sink comp="144" pin=2"/></net>

<net id="153"><net_src comp="40" pin="0"/><net_sink comp="144" pin=3"/></net>

<net id="161"><net_src comp="42" pin="0"/><net_sink comp="157" pin=1"/></net>

<net id="167"><net_src comp="157" pin="2"/><net_sink comp="162" pin=0"/></net>

<net id="168"><net_src comp="44" pin="0"/><net_sink comp="162" pin=2"/></net>

<net id="173"><net_src comp="42" pin="0"/><net_sink comp="169" pin=1"/></net>

<net id="179"><net_src comp="169" pin="2"/><net_sink comp="174" pin=0"/></net>

<net id="180"><net_src comp="44" pin="0"/><net_sink comp="174" pin=2"/></net>

<net id="185"><net_src comp="42" pin="0"/><net_sink comp="181" pin=1"/></net>

<net id="191"><net_src comp="181" pin="2"/><net_sink comp="186" pin=0"/></net>

<net id="192"><net_src comp="44" pin="0"/><net_sink comp="186" pin=2"/></net>

<net id="197"><net_src comp="42" pin="0"/><net_sink comp="193" pin=1"/></net>

<net id="203"><net_src comp="193" pin="2"/><net_sink comp="198" pin=0"/></net>

<net id="204"><net_src comp="44" pin="0"/><net_sink comp="198" pin=2"/></net>

<net id="209"><net_src comp="154" pin="1"/><net_sink comp="205" pin=0"/></net>

<net id="210"><net_src comp="46" pin="0"/><net_sink comp="205" pin=1"/></net>

<net id="215"><net_src comp="154" pin="1"/><net_sink comp="211" pin=0"/></net>

<net id="216"><net_src comp="48" pin="0"/><net_sink comp="211" pin=1"/></net>

<net id="233"><net_src comp="60" pin="0"/><net_sink comp="226" pin=0"/></net>

<net id="234"><net_src comp="223" pin="1"/><net_sink comp="226" pin=2"/></net>

<net id="235"><net_src comp="220" pin="1"/><net_sink comp="226" pin=3"/></net>

<net id="236"><net_src comp="217" pin="1"/><net_sink comp="226" pin=4"/></net>

<net id="240"><net_src comp="226" pin="5"/><net_sink comp="237" pin=0"/></net>

<net id="241"><net_src comp="237" pin="1"/><net_sink comp="74" pin=2"/></net>

<net id="249"><net_src comp="64" pin="1"/><net_sink comp="246" pin=0"/></net>

<net id="250"><net_src comp="246" pin="1"/><net_sink comp="81" pin=1"/></net>

<net id="251"><net_src comp="246" pin="1"/><net_sink comp="154" pin=0"/></net>

<net id="252"><net_src comp="246" pin="1"/><net_sink comp="242" pin=1"/></net>

<net id="256"><net_src comp="86" pin="1"/><net_sink comp="253" pin=0"/></net>

<net id="257"><net_src comp="253" pin="1"/><net_sink comp="157" pin=0"/></net>

<net id="261"><net_src comp="90" pin="1"/><net_sink comp="258" pin=0"/></net>

<net id="262"><net_src comp="258" pin="1"/><net_sink comp="162" pin=1"/></net>

<net id="266"><net_src comp="94" pin="4"/><net_sink comp="263" pin=0"/></net>

<net id="267"><net_src comp="263" pin="1"/><net_sink comp="169" pin=0"/></net>

<net id="271"><net_src comp="104" pin="4"/><net_sink comp="268" pin=0"/></net>

<net id="272"><net_src comp="268" pin="1"/><net_sink comp="174" pin=1"/></net>

<net id="276"><net_src comp="114" pin="4"/><net_sink comp="273" pin=0"/></net>

<net id="277"><net_src comp="273" pin="1"/><net_sink comp="181" pin=0"/></net>

<net id="281"><net_src comp="124" pin="4"/><net_sink comp="278" pin=0"/></net>

<net id="282"><net_src comp="278" pin="1"/><net_sink comp="186" pin=1"/></net>

<net id="286"><net_src comp="134" pin="4"/><net_sink comp="283" pin=0"/></net>

<net id="287"><net_src comp="283" pin="1"/><net_sink comp="193" pin=0"/></net>

<net id="291"><net_src comp="144" pin="4"/><net_sink comp="288" pin=0"/></net>

<net id="292"><net_src comp="288" pin="1"/><net_sink comp="198" pin=1"/></net>

<net id="296"><net_src comp="162" pin="3"/><net_sink comp="293" pin=0"/></net>

<net id="297"><net_src comp="293" pin="1"/><net_sink comp="217" pin=0"/></net>

<net id="301"><net_src comp="174" pin="3"/><net_sink comp="298" pin=0"/></net>

<net id="302"><net_src comp="298" pin="1"/><net_sink comp="220" pin=0"/></net>

<net id="306"><net_src comp="186" pin="3"/><net_sink comp="303" pin=0"/></net>

<net id="307"><net_src comp="303" pin="1"/><net_sink comp="223" pin=0"/></net>

<net id="311"><net_src comp="198" pin="3"/><net_sink comp="308" pin=0"/></net>

<net id="312"><net_src comp="308" pin="1"/><net_sink comp="226" pin=1"/></net>

<net id="316"><net_src comp="205" pin="2"/><net_sink comp="313" pin=0"/></net>

<net id="317"><net_src comp="313" pin="1"/><net_sink comp="242" pin=0"/></net>

<net id="321"><net_src comp="211" pin="2"/><net_sink comp="318" pin=0"/></net>

</net_list>

</model> 
---------------- Datapath Model END ------------------

* FSMD analyzer results:
  - Output states:
	Port: layer12_out | {3 }
 - Input state : 
	Port: relu<array<ap_fixed,4u>,array<ap_fixed<16,6,5,3,0>,4u>,ReLU_config12> : layer27_out | {1 }
  - Chain level:
	State 1
		store_ln41 : 1
	State 2
		select_ln51 : 1
		select_ln51_8 : 1
		select_ln51_9 : 1
		select_ln51_10 : 1
		i_7 : 1
		icmp_ln41 : 1
		br_ln41 : 2
	State 3
		or_ln57_s : 1
		zext_ln57 : 2
		write_ln57 : 3


============================================================
+ Verbose Summary: Datapath Resource usage 
============================================================

* Functional unit list:
|----------|-----------------------------|---------|---------|
| Operation|       Functional Unit       |    FF   |   LUT   |
|----------|-----------------------------|---------|---------|
|          |       icmp_ln51_fu_157      |    0    |    23   |
|          |      icmp_ln51_8_fu_169     |    0    |    23   |
|   icmp   |      icmp_ln51_9_fu_181     |    0    |    23   |
|          |     icmp_ln51_10_fu_193     |    0    |    23   |
|          |       icmp_ln41_fu_211      |    0    |    17   |
|----------|-----------------------------|---------|---------|
|          |      select_ln51_fu_162     |    0    |    15   |
|  select  |     select_ln51_8_fu_174    |    0    |    15   |
|          |     select_ln51_9_fu_186    |    0    |    15   |
|          |    select_ln51_10_fu_198    |    0    |    15   |
|----------|-----------------------------|---------|---------|
|    add   |          i_7_fu_205         |    0    |    17   |
|----------|-----------------------------|---------|---------|
|   read   | layer27_out_read_read_fu_68 |    0    |    0    |
|----------|-----------------------------|---------|---------|
|   write  |    write_ln57_write_fu_74   |    0    |    0    |
|----------|-----------------------------|---------|---------|
|   trunc  |       trunc_ln44_fu_86      |    0    |    0    |
|          |     trunc_ln44_16_fu_90     |    0    |    0    |
|----------|-----------------------------|---------|---------|
|          |      trunc_ln44_8_fu_94     |    0    |    0    |
|          |     trunc_ln44_s_fu_104     |    0    |    0    |
|partselect|     trunc_ln44_9_fu_114     |    0    |    0    |
|          |     trunc_ln44_13_fu_124    |    0    |    0    |
|          |     trunc_ln44_10_fu_134    |    0    |    0    |
|          |       trunc_ln2_fu_144      |    0    |    0    |
|----------|-----------------------------|---------|---------|
|          |       zext_ln51_fu_217      |    0    |    0    |
|   zext   |      zext_ln51_7_fu_220     |    0    |    0    |
|          |      zext_ln51_8_fu_223     |    0    |    0    |
|          |       zext_ln57_fu_237      |    0    |    0    |
|----------|-----------------------------|---------|---------|
|bitconcatenate|       or_ln57_s_fu_226      |    0    |    0    |
|----------|-----------------------------|---------|---------|
|   Total  |                             |    0    |   186   |
|----------|-----------------------------|---------|---------|

Memories:
N/A

* Register list:
+----------------------+--------+
|                      |   FF   |
+----------------------+--------+
|      i_7_reg_313     |   10   |
|       i_reg_246      |   10   |
|   icmp_ln41_reg_318  |    1   |
|select_ln51_10_reg_308|   15   |
| select_ln51_8_reg_298|   15   |
| select_ln51_9_reg_303|   15   |
|  select_ln51_reg_293 |   15   |
|   trunc_ln2_reg_288  |   15   |
| trunc_ln44_10_reg_283|   16   |
| trunc_ln44_13_reg_278|   15   |
| trunc_ln44_16_reg_258|   15   |
| trunc_ln44_8_reg_263 |   16   |
| trunc_ln44_9_reg_273 |   16   |
|  trunc_ln44_reg_253  |   16   |
| trunc_ln44_s_reg_268 |   15   |
+----------------------+--------+
|         Total        |   205  |
+----------------------+--------+

* Multiplexer (MUX) list: 
|--------|------|------|------|--------|
|  Comp  |  Pin | Size |  BW  | S x BW |
|--------|------|------|------|--------|
|  Total |      |      |      |    0   |
|--------|------|------|------|--------|



* Summary:
+-----------+--------+--------+
|           |   FF   |   LUT  |
+-----------+--------+--------+
|  Function |    0   |   186  |
|   Memory  |    -   |    -   |
|Multiplexer|    -   |    -   |
|  Register |   205  |    -   |
+-----------+--------+--------+
|   Total   |   205  |   186  |
+-----------+--------+--------+
