

================================================================
== Vitis HLS Report for 'compute_output_buffer_2d_array_array_ap_fixed_16_6_5_3_0_8u_config28_s'
================================================================
* Date:           Tue Oct  6 15:38:42 2026

* Version:        2026.1 (Build 6493734 on Jun 16 2026)
* Project:        myproject_prj
* Solution:       solution1
* Product family: artix7
* Target device:  xc7a35t-ftg256-1


================================================================
== Performance Estimates
================================================================
+ Timing: 
    * Summary: 
    +--------+---------+-----------+------------+
    |  Clock |  Target | Estimated | Uncertainty|
    +--------+---------+-----------+------------+
    |ap_clk  |  5.00 ns|  10.327 ns|     1.35 ns|
    +--------+---------+-----------+------------+

+ Latency: 
    * Summary: 
    +---------+---------+-----------+----------+-----+-----+---------+
    |  Latency (cycles) |  Latency (absolute)  |  Interval | Pipeline|
    |   min   |   max   |    min    |    max   | min | max |   Type  |
    +---------+---------+-----------+----------+-----+-----+---------+
    |        4|      297|  50.229 ns|  3.729 us|    4|  297|       no|
    +---------+---------+-----------+----------+-----+-----+---------+

    + Detail: 
        * Instance: 
        +---------------------------------------------------------------------------------------+----------------------------------------------------------------------------+---------+---------+----------+----------+-----+-----+------------------------------------+
        |                                                                                       |                                                                            |  Latency (cycles) |  Latency (absolute) |  Interval |              Pipeline              |
        |                                        Instance                                       |                                   Module                                   |   min   |   max   |    min   |    max   | min | max |                Type                |
        +---------------------------------------------------------------------------------------+----------------------------------------------------------------------------+---------+---------+----------+----------+-----+-----+------------------------------------+
        |call_ln281_shift_line_buffer_array_ap_fixed_16_6_5_3_0_4u_config28_s_fu_183            |shift_line_buffer_array_ap_fixed_16_6_5_3_0_4u_config28_s                   |        0|        0|      0 ns|      0 ns|    1|    1|                                 yes|
        |grp_dense_resource_rf_gt_nin_rem0_ap_fixed_ap_fixed_16_6_5_3_0_config28_mult_s_fu_283  |dense_resource_rf_gt_nin_rem0_ap_fixed_ap_fixed_16_6_5_3_0_config28_mult_s  |      290|      291|  3.642 us|  3.654 us|  288|  288|  loop rewind stp (delay=0 cycle(s))|
        +---------------------------------------------------------------------------------------+----------------------------------------------------------------------------+---------+---------+----------+----------+-----+-----+------------------------------------+

        * Loop: 
        N/A



================================================================
== Utilization Estimates
================================================================
* Summary: 
+-----------------+---------+----+-------+-------+-----+
|       Name      | BRAM_18K| DSP|   FF  |  LUT  | URAM|
+-----------------+---------+----+-------+-------+-----+
|DSP              |        -|   -|      -|      -|    -|
|Expression       |        -|   -|      0|    499|    -|
|FIFO             |        -|   -|      -|      -|    -|
|Instance         |        1|   1|   1575|   2362|    -|
|Memory           |        -|   -|      -|      -|    -|
|Multiplexer      |        -|   -|      0|     86|    -|
|Register         |        -|   -|    974|      -|    -|
+-----------------+---------+----+-------+-------+-----+
|Total            |        1|   1|   2549|   2947|    0|
+-----------------+---------+----+-------+-------+-----+
|Available        |      100|  90|  41600|  20800|    0|
+-----------------+---------+----+-------+-------+-----+
|Utilization (%)  |        1|   1|      6|     14|    0|
+-----------------+---------+----+-------+-------+-----+

+ Detail: 
    * Instance: 
    +---------------------------------------------------------------------------------------+----------------------------------------------------------------------------+---------+----+------+------+-----+
    |                                        Instance                                       |                                   Module                                   | BRAM_18K| DSP|  FF  |  LUT | URAM|
    +---------------------------------------------------------------------------------------+----------------------------------------------------------------------------+---------+----+------+------+-----+
    |grp_dense_resource_rf_gt_nin_rem0_ap_fixed_ap_fixed_16_6_5_3_0_config28_mult_s_fu_283  |dense_resource_rf_gt_nin_rem0_ap_fixed_ap_fixed_16_6_5_3_0_config28_mult_s  |        1|   1|  1062|  1890|    0|
    |call_ln281_shift_line_buffer_array_ap_fixed_16_6_5_3_0_4u_config28_s_fu_183            |shift_line_buffer_array_ap_fixed_16_6_5_3_0_4u_config28_s                   |        0|   0|   513|   472|    0|
    +---------------------------------------------------------------------------------------+----------------------------------------------------------------------------+---------+----+------+------+-----+
    |Total                                                                                  |                                                                            |        1|   1|  1575|  2362|    0|
    +---------------------------------------------------------------------------------------+----------------------------------------------------------------------------+---------+----+------+------+-----+

    * DSP: 
    N/A

    * Memory: 
    N/A

    * FIFO: 
    N/A

    * Expression: 
    +--------------------------------+----------+----+---+----+------------+------------+
    |          Variable Name         | Operation| DSP| FF| LUT| Bitwidth P0| Bitwidth P1|
    +--------------------------------+----------+----+---+----+------------+------------+
    |add_ln303_fu_477_p2             |         +|   0|  0|  39|          32|           1|
    |add_ln307_fu_499_p2             |         +|   0|  0|  39|          32|           1|
    |add_ln313_fu_536_p2             |         +|   0|  0|  39|          32|           1|
    |add_ln318_fu_487_p2             |         +|   0|  0|  39|          32|           1|
    |and_ln284_1_fu_427_p2           |       and|   0|  0|   2|           1|           1|
    |and_ln284_fu_421_p2             |       and|   0|  0|   2|           1|           1|
    |ap_block_state4                 |       and|   0|  0|   2|           1|           1|
    |ap_predicate_op40_write_state4  |       and|   0|  0|   2|           1|           1|
    |icmp_ln284_1_fu_385_p2          |      icmp|   0|  0|  39|          32|           2|
    |icmp_ln284_2_fu_400_p2          |      icmp|   0|  0|  38|          31|           1|
    |icmp_ln284_3_fu_415_p2          |      icmp|   0|  0|  38|          31|           1|
    |icmp_ln284_fu_367_p2            |      icmp|   0|  0|  39|          32|           2|
    |icmp_ln303_fu_482_p2            |      icmp|   0|  0|  39|          32|           4|
    |icmp_ln307_fu_526_p2            |      icmp|   0|  0|  39|          32|           4|
    |icmp_ln313_fu_531_p2            |      icmp|   0|  0|  39|          32|           2|
    |select_ln313_fu_541_p3          |    select|   0|  0|  32|           1|           2|
    |select_ln318_fu_492_p3          |    select|   0|  0|  32|           1|           2|
    +--------------------------------+----------+----+---+----+------------+------------+
    |Total                           |          |   0|  0| 499|         356|          28|
    +--------------------------------+----------+----+---+----+------------+------------+

    * Multiplexer: 
    +-------------------------------------+----+-----------+-----+-----------+
    |                 Name                | LUT| Input Size| Bits| Total Bits|
    +-------------------------------------+----+-----------+-----+-----------+
    |ap_NS_fsm                            |  37|          9|    1|          9|
    |ap_phi_mux_storemerge_phi_fu_176_p4  |  13|          3|   32|         96|
    |layer28_out_blk_n                    |   9|          2|    1|          2|
    |pX_2                                 |   9|          2|   32|         64|
    |pY_2                                 |   9|          2|   32|         64|
    |sX_2                                 |   9|          2|   32|         64|
    +-------------------------------------+----+-----------+-----+-----------+
    |Total                                |  86|         20|  130|        299|
    +-------------------------------------+----+-----------+-----+-----------+

    * Register: 
    +----------------------------------------------------------------------------------------------------+----+----+-----+-----------+
    |                                                Name                                                | FF | LUT| Bits| Const Bits|
    +----------------------------------------------------------------------------------------------------+----+----+-----+-----------+
    |add_ln303_reg_632                                                                                   |  32|   0|   32|          0|
    |add_ln307_reg_647                                                                                   |  32|   0|   32|          0|
    |and_ln284_1_reg_588                                                                                 |   1|   0|    1|          0|
    |ap_CS_fsm                                                                                           |   8|   0|    8|          0|
    |grp_dense_resource_rf_gt_nin_rem0_ap_fixed_ap_fixed_16_6_5_3_0_config28_mult_s_fu_283_ap_start_reg  |   1|   0|    1|          0|
    |icmp_ln284_1_reg_583                                                                                |   1|   0|    1|          0|
    |icmp_ln284_reg_569                                                                                  |   1|   0|    1|          0|
    |icmp_ln303_reg_638                                                                                  |   1|   0|    1|          0|
    |icmp_ln307_reg_653                                                                                  |   1|   0|    1|          0|
    |pX_2                                                                                                |  32|   0|   32|          0|
    |pY_2                                                                                                |  32|   0|   32|          0|
    |p_ZZN4nnet24compute_output_buffer_2dINS_5arrayI8ap_fixedILi16ELi6EL9ap_q_mode5EL9                   |  16|   0|   16|          0|
    |p_ZZN4nnet24compute_output_buffer_2dINS_5arrayI8ap_fixedILi16ELi6EL9ap_q_mode5EL9_1                 |  16|   0|   16|          0|
    |p_ZZN4nnet24compute_output_buffer_2dINS_5arrayI8ap_fixedILi16ELi6EL9ap_q_mode5EL9_10                |  16|   0|   16|          0|
    |p_ZZN4nnet24compute_output_buffer_2dINS_5arrayI8ap_fixedILi16ELi6EL9ap_q_mode5EL9_11                |  16|   0|   16|          0|
    |p_ZZN4nnet24compute_output_buffer_2dINS_5arrayI8ap_fixedILi16ELi6EL9ap_q_mode5EL9_12                |  16|   0|   16|          0|
    |p_ZZN4nnet24compute_output_buffer_2dINS_5arrayI8ap_fixedILi16ELi6EL9ap_q_mode5EL9_13                |  16|   0|   16|          0|
    |p_ZZN4nnet24compute_output_buffer_2dINS_5arrayI8ap_fixedILi16ELi6EL9ap_q_mode5EL9_14                |  16|   0|   16|          0|
    |p_ZZN4nnet24compute_output_buffer_2dINS_5arrayI8ap_fixedILi16ELi6EL9ap_q_mode5EL9_15                |  16|   0|   16|          0|
    |p_ZZN4nnet24compute_output_buffer_2dINS_5arrayI8ap_fixedILi16ELi6EL9ap_q_mode5EL9_16                |  16|   0|   16|          0|
    |p_ZZN4nnet24compute_output_buffer_2dINS_5arrayI8ap_fixedILi16ELi6EL9ap_q_mode5EL9_17                |  16|   0|   16|          0|
    |p_ZZN4nnet24compute_output_buffer_2dINS_5arrayI8ap_fixedILi16ELi6EL9ap_q_mode5EL9_18                |  16|   0|   16|          0|
    |p_ZZN4nnet24compute_output_buffer_2dINS_5arrayI8ap_fixedILi16ELi6EL9ap_q_mode5EL9_19                |  16|   0|   16|          0|
    |p_ZZN4nnet24compute_output_buffer_2dINS_5arrayI8ap_fixedILi16ELi6EL9ap_q_mode5EL9_2                 |  16|   0|   16|          0|
    |p_ZZN4nnet24compute_output_buffer_2dINS_5arrayI8ap_fixedILi16ELi6EL9ap_q_mode5EL9_20                |  16|   0|   16|          0|
    |p_ZZN4nnet24compute_output_buffer_2dINS_5arrayI8ap_fixedILi16ELi6EL9ap_q_mode5EL9_21                |  16|   0|   16|          0|
    |p_ZZN4nnet24compute_output_buffer_2dINS_5arrayI8ap_fixedILi16ELi6EL9ap_q_mode5EL9_22                |  16|   0|   16|          0|
    |p_ZZN4nnet24compute_output_buffer_2dINS_5arrayI8ap_fixedILi16ELi6EL9ap_q_mode5EL9_23                |  16|   0|   16|          0|
    |p_ZZN4nnet24compute_output_buffer_2dINS_5arrayI8ap_fixedILi16ELi6EL9ap_q_mode5EL9_24                |  16|   0|   16|          0|
    |p_ZZN4nnet24compute_output_buffer_2dINS_5arrayI8ap_fixedILi16ELi6EL9ap_q_mode5EL9_25                |  16|   0|   16|          0|
    |p_ZZN4nnet24compute_output_buffer_2dINS_5arrayI8ap_fixedILi16ELi6EL9ap_q_mode5EL9_3                 |  16|   0|   16|          0|
    |p_ZZN4nnet24compute_output_buffer_2dINS_5arrayI8ap_fixedILi16ELi6EL9ap_q_mode5EL9_4                 |  16|   0|   16|          0|
    |p_ZZN4nnet24compute_output_buffer_2dINS_5arrayI8ap_fixedILi16ELi6EL9ap_q_mode5EL9_5                 |  16|   0|   16|          0|
    |p_ZZN4nnet24compute_output_buffer_2dINS_5arrayI8ap_fixedILi16ELi6EL9ap_q_mode5EL9_6                 |  16|   0|   16|          0|
    |p_ZZN4nnet24compute_output_buffer_2dINS_5arrayI8ap_fixedILi16ELi6EL9ap_q_mode5EL9_7                 |  16|   0|   16|          0|
    |p_ZZN4nnet24compute_output_buffer_2dINS_5arrayI8ap_fixedILi16ELi6EL9ap_q_mode5EL9_8                 |  16|   0|   16|          0|
    |p_ZZN4nnet24compute_output_buffer_2dINS_5arrayI8ap_fixedILi16ELi6EL9ap_q_mode5EL9_9                 |  16|   0|   16|          0|
    |res_out_10_reg_607                                                                                  |  16|   0|   16|          0|
    |res_out_4_reg_612                                                                                   |  16|   0|   16|          0|
    |res_out_5_reg_617                                                                                   |  16|   0|   16|          0|
    |res_out_6_reg_622                                                                                   |  16|   0|   16|          0|
    |res_out_7_reg_627                                                                                   |  16|   0|   16|          0|
    |res_out_8_reg_597                                                                                   |  16|   0|   16|          0|
    |res_out_9_reg_602                                                                                   |  16|   0|   16|          0|
    |res_out_reg_592                                                                                     |  16|   0|   16|          0|
    |sX_2                                                                                                |  32|   0|   32|          0|
    |sY_2                                                                                                |  32|   0|   32|          0|
    |select_ln313_reg_657                                                                                |  32|   0|   32|          0|
    |select_ln318_reg_642                                                                                |  32|   0|   32|          0|
    |void_compute_output_buffer_2d_array_const_ap_shift_reg_n_chan_stream_weig                           |  16|   0|   16|          0|
    |void_compute_output_buffer_2d_array_const_ap_shift_reg_n_chan_stream_weig_1                         |  16|   0|   16|          0|
    |void_compute_output_buffer_2d_array_const_ap_shift_reg_n_chan_stream_weig_2                         |  16|   0|   16|          0|
    |void_compute_output_buffer_2d_array_const_ap_shift_reg_n_chan_stream_weig_3                         |  16|   0|   16|          0|
    |void_compute_output_buffer_2d_array_const_ap_shift_reg_n_chan_stream_weig_4                         |  16|   0|   16|          0|
    |void_compute_output_buffer_2d_array_const_ap_shift_reg_n_chan_stream_weig_5                         |  16|   0|   16|          0|
    |void_compute_output_buffer_2d_array_const_ap_shift_reg_n_chan_stream_weig_6                         |  16|   0|   16|          0|
    |void_compute_output_buffer_2d_array_const_ap_shift_reg_n_chan_stream_weig_7                         |  16|   0|   16|          0|
    |void_compute_output_buffer_2d_array_const_ap_shift_reg_n_chan_stream_weig_8                         |  16|   0|   16|          0|
    |void_compute_output_buffer_2d_array_const_ap_shift_reg_n_chan_stream_weig_9                         |  16|   0|   16|          0|
    +----------------------------------------------------------------------------------------------------+----+----+-----+-----------+
    |Total                                                                                               | 974|   0|  974|          0|
    +----------------------------------------------------------------------------------------------------+----+----+-----+-----------+



================================================================
== Interface
================================================================
* Summary: 
+----------------------------+-----+-----+------------+-------------------------------------------------------------------------+--------------+
|          RTL Ports         | Dir | Bits|  Protocol  |                              Source Object                              |    C Type    |
+----------------------------+-----+-----+------------+-------------------------------------------------------------------------+--------------+
|ap_clk                      |   in|    1|  ap_ctrl_hs|  compute_output_buffer_2d<array,array<ap_fixed<16,6,5,3,0>,8u>,config28>|  return value|
|ap_rst                      |   in|    1|  ap_ctrl_hs|  compute_output_buffer_2d<array,array<ap_fixed<16,6,5,3,0>,8u>,config28>|  return value|
|ap_start                    |   in|    1|  ap_ctrl_hs|  compute_output_buffer_2d<array,array<ap_fixed<16,6,5,3,0>,8u>,config28>|  return value|
|ap_done                     |  out|    1|  ap_ctrl_hs|  compute_output_buffer_2d<array,array<ap_fixed<16,6,5,3,0>,8u>,config28>|  return value|
|ap_idle                     |  out|    1|  ap_ctrl_hs|  compute_output_buffer_2d<array,array<ap_fixed<16,6,5,3,0>,8u>,config28>|  return value|
|ap_ready                    |  out|    1|  ap_ctrl_hs|  compute_output_buffer_2d<array,array<ap_fixed<16,6,5,3,0>,8u>,config28>|  return value|
|p_read                      |   in|   16|     ap_none|                                                                   p_read|        scalar|
|p_read1                     |   in|   16|     ap_none|                                                                  p_read1|        scalar|
|p_read2                     |   in|   16|     ap_none|                                                                  p_read2|        scalar|
|p_read3                     |   in|   16|     ap_none|                                                                  p_read3|        scalar|
|layer28_out_din             |  out|  128|     ap_fifo|                                                              layer28_out|       pointer|
|layer28_out_full_n          |   in|    1|     ap_fifo|                                                              layer28_out|       pointer|
|layer28_out_write           |  out|    1|     ap_fifo|                                                              layer28_out|       pointer|
|layer28_out_num_data_valid  |   in|    8|     ap_fifo|                                                              layer28_out|       pointer|
|layer28_out_fifo_cap        |   in|    8|     ap_fifo|                                                              layer28_out|       pointer|
+----------------------------+-----+-----+------------+-------------------------------------------------------------------------+--------------+

