

================================================================
== Vitis HLS Report for 'dense_array_ap_fixed_24u_array_ap_fixed_16_6_5_3_0_47u_config26_s'
================================================================
* Date:           Tue Oct  6 15:38:52 2026

* Version:        2026.1 (Build 6493734 on Jun 16 2026)
* Project:        myproject_prj
* Solution:       solution1
* Product family: artix7
* Target device:  xc7a35t-ftg256-1


================================================================
== Performance Estimates
================================================================
+ Timing: 
    * Summary: 
    +--------+---------+-----------+------------+
    |  Clock |  Target | Estimated | Uncertainty|
    +--------+---------+-----------+------------+
    |ap_clk  |  5.00 ns|  12.557 ns|     1.35 ns|
    +--------+---------+-----------+------------+

+ Latency: 
    * Summary: 
    +---------+---------+-----------+-----------+------+------+---------+
    |  Latency (cycles) |   Latency (absolute)  |   Interval  | Pipeline|
    |   min   |   max   |    min    |    max    |  min |  max |   Type  |
    +---------+---------+-----------+-----------+------+------+---------+
    |     1133|     1134|  14.227 us|  14.240 us|  1133|  1134|       no|
    +---------+---------+-----------+-----------+------+------+---------+

    + Detail: 
        * Instance: 
        +----------------------------------------------------------------------------------+-----------------------------------------------------------------------+---------+---------+-----------+-----------+------+------+------------------------------------+
        |                                                                                  |                                                                       |  Latency (cycles) |   Latency (absolute)  |   Interval  |              Pipeline              |
        |                                     Instance                                     |                                 Module                                |   min   |   max   |    min    |    max    |  min |  max |                Type                |
        +----------------------------------------------------------------------------------+-----------------------------------------------------------------------+---------+---------+-----------+-----------+------+------+------------------------------------+
        |grp_dense_resource_rf_gt_nin_rem0_ap_fixed_ap_fixed_16_6_5_3_0_config26_s_fu_133  |dense_resource_rf_gt_nin_rem0_ap_fixed_ap_fixed_16_6_5_3_0_config26_s  |     1130|     1131|  14.190 us|  14.202 us|  1128|  1128|  loop rewind stp (delay=0 cycle(s))|
        +----------------------------------------------------------------------------------+-----------------------------------------------------------------------+---------+---------+-----------+-----------+------+------+------------------------------------+

        * Loop: 
        N/A



================================================================
== Utilization Estimates
================================================================
* Summary: 
+-----------------+---------+----+-------+-------+-----+
|       Name      | BRAM_18K| DSP|   FF  |  LUT  | URAM|
+-----------------+---------+----+-------+-------+-----+
|DSP              |        -|   -|      -|      -|    -|
|Expression       |        -|   -|      0|      2|    -|
|FIFO             |        -|   -|      -|      -|    -|
|Instance         |        3|   1|   4397|   4379|    -|
|Memory           |        -|   -|      -|      -|    -|
|Multiplexer      |        -|   -|      0|     57|    -|
|Register         |        -|   -|   1143|      -|    -|
+-----------------+---------+----+-------+-------+-----+
|Total            |        3|   1|   5540|   4438|    0|
+-----------------+---------+----+-------+-------+-----+
|Available        |      100|  90|  41600|  20800|    0|
+-----------------+---------+----+-------+-------+-----+
|Utilization (%)  |        3|   1|     13|     21|    0|
+-----------------+---------+----+-------+-------+-----+

+ Detail: 
    * Instance: 
    +----------------------------------------------------------------------------------+-----------------------------------------------------------------------+---------+----+------+------+-----+
    |                                     Instance                                     |                                 Module                                | BRAM_18K| DSP|  FF  |  LUT | URAM|
    +----------------------------------------------------------------------------------+-----------------------------------------------------------------------+---------+----+------+------+-----+
    |grp_dense_resource_rf_gt_nin_rem0_ap_fixed_ap_fixed_16_6_5_3_0_config26_s_fu_133  |dense_resource_rf_gt_nin_rem0_ap_fixed_ap_fixed_16_6_5_3_0_config26_s  |        3|   1|  4397|  4379|    0|
    +----------------------------------------------------------------------------------+-----------------------------------------------------------------------+---------+----+------+------+-----+
    |Total                                                                             |                                                                       |        3|   1|  4397|  4379|    0|
    +----------------------------------------------------------------------------------+-----------------------------------------------------------------------+---------+----+------+------+-----+

    * DSP: 
    N/A

    * Memory: 
    N/A

    * FIFO: 
    N/A

    * Expression: 
    +-----------------+----------+----+---+----+------------+------------+
    |  Variable Name  | Operation| DSP| FF| LUT| Bitwidth P0| Bitwidth P1|
    +-----------------+----------+----+---+----+------------+------------+
    |ap_block_state1  |        or|   0|  0|   2|           1|           1|
    +-----------------+----------+----+---+----+------------+------------+
    |Total            |          |   0|  0|   2|           1|           1|
    +-----------------+----------+----+---+----+------------+------------+

    * Multiplexer: 
    +-------------------+----+-----------+-----+-----------+
    |        Name       | LUT| Input Size| Bits| Total Bits|
    +-------------------+----+-----------+-----+-----------+
    |ap_NS_fsm          |  21|          5|    1|          5|
    |ap_done            |   9|          2|    1|          2|
    |layer20_out_blk_n  |   9|          2|    1|          2|
    |layer26_out_blk_n  |   9|          2|    1|          2|
    |real_start         |   9|          2|    1|          2|
    +-------------------+----+-----------+-----+-----------+
    |Total              |  57|         13|    5|         13|
    +-------------------+----+-----------+-----+-----------+

    * Register: 
    +-----------------------------------------------------------------------------------------------+----+----+-----+-----------+
    |                                              Name                                             | FF | LUT| Bits| Const Bits|
    +-----------------------------------------------------------------------------------------------+----+----+-----+-----------+
    |ap_CS_fsm                                                                                      |   4|   0|    4|          0|
    |ap_done_reg                                                                                    |   1|   0|    1|          0|
    |data_10_reg_694                                                                                |  16|   0|   16|          0|
    |data_11_reg_699                                                                                |  16|   0|   16|          0|
    |data_12_reg_704                                                                                |  16|   0|   16|          0|
    |data_13_reg_709                                                                                |  16|   0|   16|          0|
    |data_14_reg_714                                                                                |  16|   0|   16|          0|
    |data_15_reg_719                                                                                |  16|   0|   16|          0|
    |data_16_reg_724                                                                                |  16|   0|   16|          0|
    |data_17_reg_729                                                                                |  16|   0|   16|          0|
    |data_18_reg_734                                                                                |  16|   0|   16|          0|
    |data_19_reg_739                                                                                |  16|   0|   16|          0|
    |data_1_reg_649                                                                                 |  16|   0|   16|          0|
    |data_20_reg_744                                                                                |  16|   0|   16|          0|
    |data_21_reg_749                                                                                |  16|   0|   16|          0|
    |data_22_reg_754                                                                                |  16|   0|   16|          0|
    |data_23_reg_644                                                                                |  16|   0|   16|          0|
    |data_2_reg_654                                                                                 |  16|   0|   16|          0|
    |data_3_reg_659                                                                                 |  16|   0|   16|          0|
    |data_4_reg_664                                                                                 |  16|   0|   16|          0|
    |data_5_reg_669                                                                                 |  16|   0|   16|          0|
    |data_6_reg_674                                                                                 |  16|   0|   16|          0|
    |data_7_reg_679                                                                                 |  16|   0|   16|          0|
    |data_8_reg_684                                                                                 |  16|   0|   16|          0|
    |data_9_reg_689                                                                                 |  16|   0|   16|          0|
    |data_reg_639                                                                                   |  16|   0|   16|          0|
    |grp_dense_resource_rf_gt_nin_rem0_ap_fixed_ap_fixed_16_6_5_3_0_config26_s_fu_133_ap_start_reg  |   1|   0|    1|          0|
    |res_1_reg_764                                                                                  |  16|   0|   16|          0|
    |res_24_reg_809                                                                                 |  16|   0|   16|          0|
    |res_25_reg_814                                                                                 |  16|   0|   16|          0|
    |res_26_reg_819                                                                                 |  16|   0|   16|          0|
    |res_27_reg_824                                                                                 |  16|   0|   16|          0|
    |res_28_reg_829                                                                                 |  16|   0|   16|          0|
    |res_29_reg_834                                                                                 |  16|   0|   16|          0|
    |res_2_reg_769                                                                                  |  16|   0|   16|          0|
    |res_30_reg_839                                                                                 |  16|   0|   16|          0|
    |res_31_reg_844                                                                                 |  16|   0|   16|          0|
    |res_32_reg_849                                                                                 |  16|   0|   16|          0|
    |res_33_reg_854                                                                                 |  16|   0|   16|          0|
    |res_34_reg_859                                                                                 |  16|   0|   16|          0|
    |res_35_reg_864                                                                                 |  16|   0|   16|          0|
    |res_36_reg_869                                                                                 |  16|   0|   16|          0|
    |res_37_reg_874                                                                                 |  16|   0|   16|          0|
    |res_38_reg_879                                                                                 |  16|   0|   16|          0|
    |res_39_reg_884                                                                                 |  16|   0|   16|          0|
    |res_3_reg_774                                                                                  |  16|   0|   16|          0|
    |res_40_reg_889                                                                                 |  16|   0|   16|          0|
    |res_41_reg_894                                                                                 |  16|   0|   16|          0|
    |res_42_reg_899                                                                                 |  16|   0|   16|          0|
    |res_43_reg_904                                                                                 |  16|   0|   16|          0|
    |res_44_reg_909                                                                                 |  16|   0|   16|          0|
    |res_45_reg_914                                                                                 |  16|   0|   16|          0|
    |res_46_reg_919                                                                                 |  16|   0|   16|          0|
    |res_47_reg_924                                                                                 |  16|   0|   16|          0|
    |res_48_reg_929                                                                                 |  16|   0|   16|          0|
    |res_49_reg_934                                                                                 |  16|   0|   16|          0|
    |res_4_reg_779                                                                                  |  16|   0|   16|          0|
    |res_50_reg_939                                                                                 |  16|   0|   16|          0|
    |res_51_reg_944                                                                                 |  16|   0|   16|          0|
    |res_52_reg_949                                                                                 |  16|   0|   16|          0|
    |res_53_reg_954                                                                                 |  16|   0|   16|          0|
    |res_54_reg_959                                                                                 |  16|   0|   16|          0|
    |res_55_reg_964                                                                                 |  16|   0|   16|          0|
    |res_56_reg_969                                                                                 |  16|   0|   16|          0|
    |res_57_reg_974                                                                                 |  16|   0|   16|          0|
    |res_58_reg_979                                                                                 |  16|   0|   16|          0|
    |res_59_reg_984                                                                                 |  16|   0|   16|          0|
    |res_5_reg_784                                                                                  |  16|   0|   16|          0|
    |res_60_reg_989                                                                                 |  16|   0|   16|          0|
    |res_6_reg_789                                                                                  |  16|   0|   16|          0|
    |res_7_reg_794                                                                                  |  16|   0|   16|          0|
    |res_8_reg_799                                                                                  |  16|   0|   16|          0|
    |res_9_reg_804                                                                                  |  16|   0|   16|          0|
    |res_reg_759                                                                                    |  16|   0|   16|          0|
    |start_once_reg                                                                                 |   1|   0|    1|          0|
    +-----------------------------------------------------------------------------------------------+----+----+-----+-----------+
    |Total                                                                                          |1143|   0| 1143|          0|
    +-----------------------------------------------------------------------------------------------+----+----+-----+-----------+



================================================================
== Interface
================================================================
* Summary: 
+----------------------------+-----+-----+------------+---------------------------------------------------------------------+--------------+
|          RTL Ports         | Dir | Bits|  Protocol  |                            Source Object                            |    C Type    |
+----------------------------+-----+-----+------------+---------------------------------------------------------------------+--------------+
|ap_clk                      |   in|    1|  ap_ctrl_hs|  dense<array<ap_fixed,24u>,array<ap_fixed<16,6,5,3,0>,47u>,config26>|  return value|
|ap_rst                      |   in|    1|  ap_ctrl_hs|  dense<array<ap_fixed,24u>,array<ap_fixed<16,6,5,3,0>,47u>,config26>|  return value|
|ap_start                    |   in|    1|  ap_ctrl_hs|  dense<array<ap_fixed,24u>,array<ap_fixed<16,6,5,3,0>,47u>,config26>|  return value|
|start_full_n                |   in|    1|  ap_ctrl_hs|  dense<array<ap_fixed,24u>,array<ap_fixed<16,6,5,3,0>,47u>,config26>|  return value|
|ap_done                     |  out|    1|  ap_ctrl_hs|  dense<array<ap_fixed,24u>,array<ap_fixed<16,6,5,3,0>,47u>,config26>|  return value|
|ap_continue                 |   in|    1|  ap_ctrl_hs|  dense<array<ap_fixed,24u>,array<ap_fixed<16,6,5,3,0>,47u>,config26>|  return value|
|ap_idle                     |  out|    1|  ap_ctrl_hs|  dense<array<ap_fixed,24u>,array<ap_fixed<16,6,5,3,0>,47u>,config26>|  return value|
|ap_ready                    |  out|    1|  ap_ctrl_hs|  dense<array<ap_fixed,24u>,array<ap_fixed<16,6,5,3,0>,47u>,config26>|  return value|
|start_out                   |  out|    1|  ap_ctrl_hs|  dense<array<ap_fixed,24u>,array<ap_fixed<16,6,5,3,0>,47u>,config26>|  return value|
|start_write                 |  out|    1|  ap_ctrl_hs|  dense<array<ap_fixed,24u>,array<ap_fixed<16,6,5,3,0>,47u>,config26>|  return value|
|layer20_out_dout            |   in|  384|     ap_fifo|                                                          layer20_out|       pointer|
|layer20_out_empty_n         |   in|    1|     ap_fifo|                                                          layer20_out|       pointer|
|layer20_out_read            |  out|    1|     ap_fifo|                                                          layer20_out|       pointer|
|layer20_out_num_data_valid  |   in|    2|     ap_fifo|                                                          layer20_out|       pointer|
|layer20_out_fifo_cap        |   in|    2|     ap_fifo|                                                          layer20_out|       pointer|
|layer26_out_din             |  out|  752|     ap_fifo|                                                          layer26_out|       pointer|
|layer26_out_full_n          |   in|    1|     ap_fifo|                                                          layer26_out|       pointer|
|layer26_out_write           |  out|    1|     ap_fifo|                                                          layer26_out|       pointer|
|layer26_out_num_data_valid  |   in|    2|     ap_fifo|                                                          layer26_out|       pointer|
|layer26_out_fifo_cap        |   in|    2|     ap_fifo|                                                          layer26_out|       pointer|
+----------------------------+-----+-----+------------+---------------------------------------------------------------------+--------------+

