

================================================================
== Vitis HLS Report for 'dense_resource_rf_gt_nin_rem0_ap_fixed_ap_fixed_16_6_5_3_0_config27_mult_s'
================================================================
* Date:           Tue Oct  6 15:38:36 2026

* Version:        2026.1 (Build 6493734 on Jun 16 2026)
* Project:        myproject_prj
* Solution:       solution1
* Product family: artix7
* Target device:  xc7a35t-ftg256-1


================================================================
== Performance Estimates
================================================================
+ Timing: 
    * Summary: 
    +--------+---------+-----------+------------+
    |  Clock |  Target | Estimated | Uncertainty|
    +--------+---------+-----------+------------+
    |ap_clk  |  5.00 ns|  10.198 ns|     1.35 ns|
    +--------+---------+-----------+------------+

+ Latency: 
    * Summary: 
    +---------+---------+----------+----------+-----+-----+------------------------------------+
    |  Latency (cycles) |  Latency (absolute) |  Interval |              Pipeline              |
    |   min   |   max   |    min   |    max   | min | max |                Type                |
    +---------+---------+----------+----------+-----+-----+------------------------------------+
    |       38|       39|  0.477 us|  0.490 us|   36|   36|  loop rewind stp (delay=0 cycle(s))|
    +---------+---------+----------+----------+-----+-----+------------------------------------+

    + Detail: 
        * Instance: 
        N/A

        * Loop: 
        +-------------+---------+---------+----------+-----------+-----------+------+----------+
        |             |  Latency (cycles) | Iteration|  Initiation Interval  | Trip |          |
        |  Loop Name  |   min   |   max   |  Latency |  achieved |   target  | Count| Pipelined|
        +-------------+---------+---------+----------+-----------+-----------+------+----------+
        |- ReuseLoop  |       38|       38|         4|          1|          1|    36|       yes|
        +-------------+---------+---------+----------+-----------+-----------+------+----------+



================================================================
== Utilization Estimates
================================================================
* Summary: 
+-----------------+---------+----+-------+-------+-----+
|       Name      | BRAM_18K| DSP|   FF  |  LUT  | URAM|
+-----------------+---------+----+-------+-------+-----+
|DSP              |        -|   -|      -|      -|    -|
|Expression       |        -|   -|      0|    334|    -|
|FIFO             |        -|   -|      -|      -|    -|
|Instance         |        -|   1|     67|     56|    -|
|Memory           |        1|   -|      2|      2|    -|
|Multiplexer      |        -|   -|      0|    410|    -|
|Register         |        -|   -|    440|     32|    -|
+-----------------+---------+----+-------+-------+-----+
|Total            |        1|   1|    509|    834|    0|
+-----------------+---------+----+-------+-------+-----+
|Available        |      100|  90|  41600|  20800|    0|
+-----------------+---------+----+-------+-------+-----+
|Utilization (%)  |        1|   1|      1|      4|    0|
+-----------------+---------+----+-------+-------+-----+

+ Detail: 
    * Instance: 
    +-----------------------------+-----------------------+---------+----+----+----+-----+
    |           Instance          |         Module        | BRAM_18K| DSP| FF | LUT| URAM|
    +-----------------------------+-----------------------+---------+----+----+----+-----+
    |mul_16s_12s_26_2_1_U1588     |mul_16s_12s_26_2_1     |        0|   1|  67|   2|    0|
    |sparsemux_19_4_16_1_1_U1587  |sparsemux_19_4_16_1_1  |        0|   0|   0|  37|    0|
    |sparsemux_9_2_16_1_1_U1589   |sparsemux_9_2_16_1_1   |        0|   0|   0|  17|    0|
    +-----------------------------+-----------------------+---------+----+----+----+-----+
    |Total                        |                       |        0|   1|  67|  56|    0|
    +-----------------------------+-----------------------+---------+----+----+----+-----+

    * DSP: 
    N/A

    * Memory: 
    +----------+----------------------------------------------------------------------------------+---------+---+----+-----+------+-----+------+-------------+
    |  Memory  |                                      Module                                      | BRAM_18K| FF| LUT| URAM| Words| Bits| Banks| W*Bits*Banks|
    +----------+----------------------------------------------------------------------------------+---------+---+----+-----+------+-----+------+-------------+
    |outidx_U  |dense_resource_rf_gt_nin_rem0_ap_fixed_ap_fixed_16_6_5_3_0_config27_mult_s_oudEe  |        0|  2|   2|    0|    36|    2|     1|           72|
    |w27_U     |dense_resource_rf_gt_nin_rem0_ap_fixed_ap_fixed_16_6_5_3_0_config27_mult_s_w2eOg  |        1|  0|   0|    0|    36|   12|     1|          432|
    +----------+----------------------------------------------------------------------------------+---------+---+----+-----+------+-----+------+-------------+
    |Total     |                                                                                  |        1|  2|   2|    0|    72|   14|     2|          504|
    +----------+----------------------------------------------------------------------------------+---------+---+----+-----+------+-----+------+-------------+

    * FIFO: 
    N/A

    * Expression: 
    +-------------------------+----------+----+---+----+------------+------------+
    |      Variable Name      | Operation| DSP| FF| LUT| Bitwidth P0| Bitwidth P1|
    +-------------------------+----------+----+---+----+------------+------------+
    |acc_26_fu_660_p2         |         +|   0|  0|  23|          16|          16|
    |in_index_5_fu_574_p2     |         +|   0|  0|  39|          32|           1|
    |w_index_fu_594_p2        |         +|   0|  0|  14|           6|           1|
    |sub_ln144_fu_666_p2      |         -|   0|  0|  24|           1|          17|
    |ap_condition_185         |       and|   0|  0|   2|           1|           1|
    |ap_condition_37          |       and|   0|  0|   2|           1|           1|
    |icmp_ln135_fu_600_p2     |      icmp|   0|  0|  14|           6|           6|
    |icmp_ln144_10_fu_687_p2  |      icmp|   0|  0|  24|          17|          17|
    |icmp_ln144_8_fu_677_p2   |      icmp|   0|  0|  10|           2|           1|
    |icmp_ln144_9_fu_682_p2   |      icmp|   0|  0|  11|           2|           3|
    |icmp_ln144_fu_672_p2     |      icmp|   0|  0|  10|           2|           1|
    |icmp_ln154_fu_580_p2     |      icmp|   0|  0|  39|          32|           4|
    |or_ln144_10_fu_727_p2    |        or|   0|  0|   2|           1|           1|
    |or_ln144_11_fu_740_p2    |        or|   0|  0|   2|           1|           1|
    |or_ln144_9_fu_693_p2     |        or|   0|  0|   2|           1|           1|
    |or_ln144_fu_723_p2       |        or|   0|  0|   2|           1|           1|
    |acc_20_fu_715_p3         |    select|   0|  0|  16|           1|          16|
    |acc_21_fu_732_p3         |    select|   0|  0|  16|           1|          16|
    |acc_23_fu_744_p3         |    select|   0|  0|  16|           1|          16|
    |acc_24_fu_699_p3         |    select|   0|  0|  16|           1|          16|
    |acc_25_fu_707_p3         |    select|   0|  0|  16|           1|          16|
    |in_index_6_fu_586_p3     |    select|   0|  0|  32|           1|           1|
    |ap_enable_pp0            |       xor|   0|  0|   2|           1|           2|
    +-------------------------+----------+----+---+----+------------+------------+
    |Total                    |          |   0|  0| 334|         129|         156|
    +-------------------------+----------+----+---+----+------------+------------+

    * Multiplexer: 
    +-------------------------------------------------------------------------------------------------------+----+-----------+-----+-----------+
    |                                                  Name                                                 | LUT| Input Size| Bits| Total Bits|
    +-------------------------------------------------------------------------------------------------------+----+-----------+-----+-----------+
    |acc15_reg_418                                                                                          |   9|          2|   16|         32|
    |acc_18_reg_446                                                                                         |   9|          2|   16|         32|
    |acc_19_reg_432                                                                                         |   9|          2|   16|         32|
    |acc_reg_460                                                                                            |   9|          2|   16|         32|
    |ap_NS_fsm                                                                                              |  13|          3|    1|          3|
    |ap_enable_reg_pp0_iter1                                                                                |   9|          2|    1|          2|
    |ap_enable_reg_pp0_iter3                                                                                |   9|          2|    1|          2|
    |ap_phi_mux_acc15_phi_fu_422_p6                                                                         |  13|          3|   16|         48|
    |ap_phi_mux_acc_18_phi_fu_450_p6                                                                        |  13|          3|   16|         48|
    |ap_phi_mux_acc_19_phi_fu_436_p6                                                                        |  13|          3|   16|         48|
    |ap_phi_mux_acc_phi_fu_464_p6                                                                           |  13|          3|   16|         48|
    |ap_phi_mux_do_init_phi_fu_144_p6                                                                       |  13|          3|    1|          3|
    |ap_phi_mux_in_index_phi_fu_286_p6                                                                      |  13|          3|   32|         96|
    |ap_phi_mux_ir_phi_fu_300_p6                                                                            |  13|          3|    6|         18|
    |ap_phi_mux_void_compute_output_buffer_2d_array_const_ap_shift_reg_n_chan_stream_weig_61_phi_fu_314_p4  |  13|          3|   16|         48|
    |ap_phi_mux_void_compute_output_buffer_2d_array_const_ap_shift_reg_n_chan_stream_weig_62_phi_fu_326_p4  |  13|          3|   16|         48|
    |ap_phi_mux_void_compute_output_buffer_2d_array_const_ap_shift_reg_n_chan_stream_weig_63_phi_fu_338_p4  |  13|          3|   16|         48|
    |ap_phi_mux_void_compute_output_buffer_2d_array_const_ap_shift_reg_n_chan_stream_weig_64_phi_fu_350_p4  |  13|          3|   16|         48|
    |ap_phi_mux_void_compute_output_buffer_2d_array_const_ap_shift_reg_n_chan_stream_weig_65_phi_fu_362_p4  |  13|          3|   16|         48|
    |ap_phi_mux_void_compute_output_buffer_2d_array_const_ap_shift_reg_n_chan_stream_weig_66_phi_fu_374_p4  |  13|          3|   16|         48|
    |ap_phi_mux_void_compute_output_buffer_2d_array_const_ap_shift_reg_n_chan_stream_weig_67_phi_fu_386_p4  |  13|          3|   16|         48|
    |ap_phi_mux_void_compute_output_buffer_2d_array_const_ap_shift_reg_n_chan_stream_weig_68_phi_fu_398_p4  |  13|          3|   16|         48|
    |ap_phi_mux_void_compute_output_buffer_2d_array_const_ap_shift_reg_n_chan_stream_weig_69_phi_fu_410_p4  |  13|          3|   16|         48|
    |in_index_reg_282                                                                                       |   9|          2|   32|         64|
    |ir_reg_296                                                                                             |   9|          2|    6|         12|
    |void_compute_output_buffer_2d_array_const_ap_shift_reg_n_chan_stream_weig_61_reg_310                   |  13|          3|   16|         48|
    |void_compute_output_buffer_2d_array_const_ap_shift_reg_n_chan_stream_weig_62_reg_322                   |  13|          3|   16|         48|
    |void_compute_output_buffer_2d_array_const_ap_shift_reg_n_chan_stream_weig_63_reg_334                   |  13|          3|   16|         48|
    |void_compute_output_buffer_2d_array_const_ap_shift_reg_n_chan_stream_weig_64_reg_346                   |  13|          3|   16|         48|
    |void_compute_output_buffer_2d_array_const_ap_shift_reg_n_chan_stream_weig_65_reg_358                   |  13|          3|   16|         48|
    |void_compute_output_buffer_2d_array_const_ap_shift_reg_n_chan_stream_weig_66_reg_370                   |  13|          3|   16|         48|
    |void_compute_output_buffer_2d_array_const_ap_shift_reg_n_chan_stream_weig_67_reg_382                   |  13|          3|   16|         48|
    |void_compute_output_buffer_2d_array_const_ap_shift_reg_n_chan_stream_weig_68_reg_394                   |  13|          3|   16|         48|
    |void_compute_output_buffer_2d_array_const_ap_shift_reg_n_chan_stream_weig_69_reg_406                   |  13|          3|   16|         48|
    +-------------------------------------------------------------------------------------------------------+----+-----------+-----+-----------+
    |Total                                                                                                  | 410|         94|  496|       1384|
    +-------------------------------------------------------------------------------------------------------+----+-----------+-----+-----------+

    * Register: 
    +--------------------------------------------------------------------------------------+----+----+-----+-----------+
    |                                         Name                                         | FF | LUT| Bits| Const Bits|
    +--------------------------------------------------------------------------------------+----+----+-----+-----------+
    |a_reg_781                                                                             |  16|   0|   16|          0|
    |acc15_reg_418                                                                         |  16|   0|   16|          0|
    |acc_18_reg_446                                                                        |  16|   0|   16|          0|
    |acc_19_reg_432                                                                        |  16|   0|   16|          0|
    |acc_20_reg_857                                                                        |  16|   0|   16|          0|
    |acc_24_reg_845                                                                        |  16|   0|   16|          0|
    |acc_25_reg_851                                                                        |  16|   0|   16|          0|
    |acc_26_reg_823                                                                        |  16|   0|   16|          0|
    |acc_reg_460                                                                           |  16|   0|   16|          0|
    |ap_CS_fsm                                                                             |   2|   0|    2|          0|
    |ap_enable_reg_pp0_iter1                                                               |   1|   0|    1|          0|
    |ap_enable_reg_pp0_iter2                                                               |   1|   0|    1|          0|
    |ap_enable_reg_pp0_iter3                                                               |   1|   0|    1|          0|
    |do_init_reg_140                                                                       |   1|   0|    1|          0|
    |icmp_ln135_reg_801                                                                    |   1|   0|    1|          0|
    |icmp_ln144_10_reg_834                                                                 |   1|   0|    1|          0|
    |icmp_ln144_reg_828                                                                    |   1|   0|    1|          0|
    |in_index_6_reg_791                                                                    |  32|   0|   32|          0|
    |in_index_reg_282                                                                      |  32|   0|   32|          0|
    |ir_reg_296                                                                            |   6|   0|    6|          0|
    |or_ln144_9_reg_839                                                                    |   1|   0|    1|          0|
    |out_index_reg_805                                                                     |   2|   0|    2|          0|
    |void_compute_output_buffer_2d_array_const_ap_shift_reg_n_chan_stream_weig_61_reg_310  |  16|   0|   16|          0|
    |void_compute_output_buffer_2d_array_const_ap_shift_reg_n_chan_stream_weig_62_reg_322  |  16|   0|   16|          0|
    |void_compute_output_buffer_2d_array_const_ap_shift_reg_n_chan_stream_weig_63_reg_334  |  16|   0|   16|          0|
    |void_compute_output_buffer_2d_array_const_ap_shift_reg_n_chan_stream_weig_64_reg_346  |  16|   0|   16|          0|
    |void_compute_output_buffer_2d_array_const_ap_shift_reg_n_chan_stream_weig_65_reg_358  |  16|   0|   16|          0|
    |void_compute_output_buffer_2d_array_const_ap_shift_reg_n_chan_stream_weig_66_reg_370  |  16|   0|   16|          0|
    |void_compute_output_buffer_2d_array_const_ap_shift_reg_n_chan_stream_weig_67_reg_382  |  16|   0|   16|          0|
    |void_compute_output_buffer_2d_array_const_ap_shift_reg_n_chan_stream_weig_68_reg_394  |  16|   0|   16|          0|
    |void_compute_output_buffer_2d_array_const_ap_shift_reg_n_chan_stream_weig_69_reg_406  |  16|   0|   16|          0|
    |w_index_reg_796                                                                       |   6|   0|    6|          0|
    |icmp_ln135_reg_801                                                                    |  64|  32|    1|          0|
    +--------------------------------------------------------------------------------------+----+----+-----+-----------+
    |Total                                                                                 | 440|  32|  377|          0|
    +--------------------------------------------------------------------------------------+----+----+-----+-----------+



================================================================
== Interface
================================================================
* Summary: 
+------------------------------------------------------------------------------+-----+-----+------------+------------------------------------------------------------------------------+--------------+
|                                   RTL Ports                                  | Dir | Bits|  Protocol  |                                 Source Object                                |    C Type    |
+------------------------------------------------------------------------------+-----+-----+------------+------------------------------------------------------------------------------+--------------+
|ap_clk                                                                        |   in|    1|  ap_ctrl_hs|    dense_resource_rf_gt_nin_rem0<ap_fixed,ap_fixed<16,6,5,3,0>,config27_mult>|  return value|
|ap_rst                                                                        |   in|    1|  ap_ctrl_hs|    dense_resource_rf_gt_nin_rem0<ap_fixed,ap_fixed<16,6,5,3,0>,config27_mult>|  return value|
|ap_start                                                                      |   in|    1|  ap_ctrl_hs|    dense_resource_rf_gt_nin_rem0<ap_fixed,ap_fixed<16,6,5,3,0>,config27_mult>|  return value|
|ap_done                                                                       |  out|    1|  ap_ctrl_hs|    dense_resource_rf_gt_nin_rem0<ap_fixed,ap_fixed<16,6,5,3,0>,config27_mult>|  return value|
|ap_idle                                                                       |  out|    1|  ap_ctrl_hs|    dense_resource_rf_gt_nin_rem0<ap_fixed,ap_fixed<16,6,5,3,0>,config27_mult>|  return value|
|ap_ready                                                                      |  out|    1|  ap_ctrl_hs|    dense_resource_rf_gt_nin_rem0<ap_fixed,ap_fixed<16,6,5,3,0>,config27_mult>|  return value|
|ap_return_0                                                                   |  out|   16|  ap_ctrl_hs|    dense_resource_rf_gt_nin_rem0<ap_fixed,ap_fixed<16,6,5,3,0>,config27_mult>|  return value|
|ap_return_1                                                                   |  out|   16|  ap_ctrl_hs|    dense_resource_rf_gt_nin_rem0<ap_fixed,ap_fixed<16,6,5,3,0>,config27_mult>|  return value|
|ap_return_2                                                                   |  out|   16|  ap_ctrl_hs|    dense_resource_rf_gt_nin_rem0<ap_fixed,ap_fixed<16,6,5,3,0>,config27_mult>|  return value|
|ap_return_3                                                                   |  out|   16|  ap_ctrl_hs|    dense_resource_rf_gt_nin_rem0<ap_fixed,ap_fixed<16,6,5,3,0>,config27_mult>|  return value|
|void_compute_output_buffer_2d_array_const_ap_shift_reg_n_chan_stream_weig_18  |   in|   16|     ap_none|  void_compute_output_buffer_2d_array_const_ap_shift_reg_n_chan_stream_weig_18|       pointer|
|void_compute_output_buffer_2d_array_const_ap_shift_reg_n_chan_stream_weig_17  |   in|   16|     ap_none|  void_compute_output_buffer_2d_array_const_ap_shift_reg_n_chan_stream_weig_17|       pointer|
|void_compute_output_buffer_2d_array_const_ap_shift_reg_n_chan_stream_weig_16  |   in|   16|     ap_none|  void_compute_output_buffer_2d_array_const_ap_shift_reg_n_chan_stream_weig_16|       pointer|
|void_compute_output_buffer_2d_array_const_ap_shift_reg_n_chan_stream_weig_15  |   in|   16|     ap_none|  void_compute_output_buffer_2d_array_const_ap_shift_reg_n_chan_stream_weig_15|       pointer|
|void_compute_output_buffer_2d_array_const_ap_shift_reg_n_chan_stream_weig_14  |   in|   16|     ap_none|  void_compute_output_buffer_2d_array_const_ap_shift_reg_n_chan_stream_weig_14|       pointer|
|void_compute_output_buffer_2d_array_const_ap_shift_reg_n_chan_stream_weig_13  |   in|   16|     ap_none|  void_compute_output_buffer_2d_array_const_ap_shift_reg_n_chan_stream_weig_13|       pointer|
|void_compute_output_buffer_2d_array_const_ap_shift_reg_n_chan_stream_weig_12  |   in|   16|     ap_none|  void_compute_output_buffer_2d_array_const_ap_shift_reg_n_chan_stream_weig_12|       pointer|
|void_compute_output_buffer_2d_array_const_ap_shift_reg_n_chan_stream_weig_11  |   in|   16|     ap_none|  void_compute_output_buffer_2d_array_const_ap_shift_reg_n_chan_stream_weig_11|       pointer|
|void_compute_output_buffer_2d_array_const_ap_shift_reg_n_chan_stream_weig_10  |   in|   16|     ap_none|  void_compute_output_buffer_2d_array_const_ap_shift_reg_n_chan_stream_weig_10|       pointer|
+------------------------------------------------------------------------------+-----+-----+------------+------------------------------------------------------------------------------+--------------+

