

================================================================
== Vitis HLS Report for 'normalize_array_ap_fixed_47u_array_ap_fixed_16_6_5_3_0_47u_config24_s'
================================================================
* Date:           Tue Oct  6 15:38:52 2026

* Version:        2026.1 (Build 6493734 on Jun 16 2026)
* Project:        myproject_prj
* Solution:       solution1
* Product family: artix7
* Target device:  xc7a35t-ftg256-1


================================================================
== Performance Estimates
================================================================
+ Timing: 
    * Summary: 
    +--------+---------+----------+------------+
    |  Clock |  Target | Estimated| Uncertainty|
    +--------+---------+----------+------------+
    |ap_clk  |  5.00 ns|  2.146 ns|     1.35 ns|
    +--------+---------+----------+------------+

+ Latency: 
    * Summary: 
    +---------+---------+-----------+-----------+-----+-----+---------+
    |  Latency (cycles) |   Latency (absolute)  |  Interval | Pipeline|
    |   min   |   max   |    min    |    max    | min | max |   Type  |
    +---------+---------+-----------+-----------+-----+-----+---------+
    |        3|        3|  37.672 ns|  37.672 ns|    3|    3|       no|
    +---------+---------+-----------+-----------+-----+-----+---------+

    + Detail: 
        * Instance: 
        N/A

        * Loop: 
        N/A



================================================================
== Utilization Estimates
================================================================
* Summary: 
+-----------------+---------+----+-------+-------+-----+
|       Name      | BRAM_18K| DSP|   FF  |  LUT  | URAM|
+-----------------+---------+----+-------+-------+-----+
|DSP              |        -|   -|      -|      -|    -|
|Expression       |        -|   -|      0|   1085|    -|
|FIFO             |        -|   -|      -|      -|    -|
|Instance         |        -|   -|      -|      -|    -|
|Memory           |        -|   -|      -|      -|    -|
|Multiplexer      |        -|   -|      0|     48|    -|
|Register         |        -|   -|   1509|      -|    -|
+-----------------+---------+----+-------+-------+-----+
|Total            |        0|   0|   1509|   1133|    0|
+-----------------+---------+----+-------+-------+-----+
|Available        |      100|  90|  41600|  20800|    0|
+-----------------+---------+----+-------+-------+-----+
|Utilization (%)  |        0|   0|      3|      5|    0|
+-----------------+---------+----+-------+-------+-----+

+ Detail: 
    * Instance: 
    N/A

    * DSP: 
    N/A

    * Memory: 
    N/A

    * FIFO: 
    N/A

    * Expression: 
    +------------------------+----------+----+---+----+------------+------------+
    |      Variable Name     | Operation| DSP| FF| LUT| Bitwidth P0| Bitwidth P1|
    +------------------------+----------+----+---+----+------------+------------+
    |add_ln42_10_fu_833_p2   |         +|   0|  0|  23|          16|           7|
    |add_ln42_11_fu_838_p2   |         +|   0|  0|  23|          16|           9|
    |add_ln42_12_fu_843_p2   |         +|   0|  0|  23|          16|           7|
    |add_ln42_13_fu_848_p2   |         +|   0|  0|  23|          16|           8|
    |add_ln42_14_fu_853_p2   |         +|   0|  0|  23|          16|           8|
    |add_ln42_15_fu_858_p2   |         +|   0|  0|  23|          16|           4|
    |add_ln42_16_fu_863_p2   |         +|   0|  0|  23|          16|          11|
    |add_ln42_17_fu_868_p2   |         +|   0|  0|  23|          16|          11|
    |add_ln42_18_fu_873_p2   |         +|   0|  0|  23|          16|          10|
    |add_ln42_19_fu_878_p2   |         +|   0|  0|  23|          16|           8|
    |add_ln42_1_fu_788_p2    |         +|   0|  0|  23|          16|           6|
    |add_ln42_20_fu_883_p2   |         +|   0|  0|  23|          16|          10|
    |add_ln42_21_fu_888_p2   |         +|   0|  0|  23|          16|           9|
    |add_ln42_22_fu_893_p2   |         +|   0|  0|  23|          16|          10|
    |add_ln42_23_fu_898_p2   |         +|   0|  0|  23|          16|           3|
    |add_ln42_24_fu_903_p2   |         +|   0|  0|  23|          16|           8|
    |add_ln42_25_fu_908_p2   |         +|   0|  0|  23|          16|           9|
    |add_ln42_26_fu_913_p2   |         +|   0|  0|  23|          16|          11|
    |add_ln42_27_fu_918_p2   |         +|   0|  0|  23|          16|           9|
    |add_ln42_28_fu_923_p2   |         +|   0|  0|  23|          16|           9|
    |add_ln42_29_fu_928_p2   |         +|   0|  0|  23|          16|          10|
    |add_ln42_2_fu_793_p2    |         +|   0|  0|  23|          16|           8|
    |add_ln42_30_fu_933_p2   |         +|   0|  0|  23|          16|           8|
    |add_ln42_31_fu_938_p2   |         +|   0|  0|  23|          16|           9|
    |add_ln42_32_fu_943_p2   |         +|   0|  0|  23|          16|          11|
    |add_ln42_33_fu_948_p2   |         +|   0|  0|  23|          16|           6|
    |add_ln42_34_fu_953_p2   |         +|   0|  0|  23|          16|           9|
    |add_ln42_35_fu_958_p2   |         +|   0|  0|  23|          16|           9|
    |add_ln42_36_fu_963_p2   |         +|   0|  0|  23|          16|           9|
    |add_ln42_37_fu_968_p2   |         +|   0|  0|  23|          16|           8|
    |add_ln42_38_fu_973_p2   |         +|   0|  0|  23|          16|           8|
    |add_ln42_39_fu_978_p2   |         +|   0|  0|  23|          16|           9|
    |add_ln42_3_fu_798_p2    |         +|   0|  0|  23|          16|           7|
    |add_ln42_40_fu_983_p2   |         +|   0|  0|  23|          16|           8|
    |add_ln42_41_fu_988_p2   |         +|   0|  0|  23|          16|           7|
    |add_ln42_42_fu_993_p2   |         +|   0|  0|  23|          16|           8|
    |add_ln42_43_fu_998_p2   |         +|   0|  0|  23|          16|           9|
    |add_ln42_44_fu_1003_p2  |         +|   0|  0|  23|          16|           9|
    |add_ln42_45_fu_1008_p2  |         +|   0|  0|  23|          16|           8|
    |add_ln42_46_fu_1013_p2  |         +|   0|  0|  23|          16|          11|
    |add_ln42_4_fu_803_p2    |         +|   0|  0|  23|          16|           8|
    |add_ln42_5_fu_808_p2    |         +|   0|  0|  23|          16|          10|
    |add_ln42_6_fu_813_p2    |         +|   0|  0|  23|          16|           8|
    |add_ln42_7_fu_818_p2    |         +|   0|  0|  23|          16|           9|
    |add_ln42_8_fu_823_p2    |         +|   0|  0|  23|          16|           8|
    |add_ln42_9_fu_828_p2    |         +|   0|  0|  23|          16|           8|
    |add_ln42_fu_783_p2      |         +|   0|  0|  23|          16|          10|
    |ap_block_state1         |        or|   0|  0|   2|           1|           1|
    |ap_block_state4         |        or|   0|  0|   2|           1|           1|
    +------------------------+----------+----+---+----+------------+------------+
    |Total                   |          |   0|  0|1085|         754|         401|
    +------------------------+----------+----+---+----+------------+------------+

    * Multiplexer: 
    +-------------------------+----+-----------+-----+-----------+
    |           Name          | LUT| Input Size| Bits| Total Bits|
    +-------------------------+----+-----------+-----+-----------+
    |ap_NS_fsm                |  21|          5|    1|          5|
    |ap_done                  |   9|          2|    1|          2|
    |layer24_out_TDATA_blk_n  |   9|          2|    1|          2|
    |layer26_out_blk_n        |   9|          2|    1|          2|
    +-------------------------+----+-----------+-----+-----------+
    |Total                    |  48|         11|    4|         11|
    +-------------------------+----+-----------+-----+-----------+

    * Register: 
    +------------------------+----+----+-----+-----------+
    |          Name          | FF | LUT| Bits| Const Bits|
    +------------------------+----+----+-----+-----------+
    |add_ln42_10_reg_1355    |  16|   0|   16|          0|
    |add_ln42_11_reg_1360    |  16|   0|   16|          0|
    |add_ln42_12_reg_1365    |  16|   0|   16|          0|
    |add_ln42_13_reg_1370    |  16|   0|   16|          0|
    |add_ln42_14_reg_1375    |  16|   0|   16|          0|
    |add_ln42_15_reg_1380    |  16|   0|   16|          0|
    |add_ln42_16_reg_1385    |  16|   0|   16|          0|
    |add_ln42_17_reg_1390    |  16|   0|   16|          0|
    |add_ln42_18_reg_1395    |  16|   0|   16|          0|
    |add_ln42_19_reg_1400    |  16|   0|   16|          0|
    |add_ln42_1_reg_1310     |  16|   0|   16|          0|
    |add_ln42_20_reg_1405    |  16|   0|   16|          0|
    |add_ln42_21_reg_1410    |  16|   0|   16|          0|
    |add_ln42_22_reg_1415    |  16|   0|   16|          0|
    |add_ln42_23_reg_1420    |  16|   0|   16|          0|
    |add_ln42_24_reg_1425    |  16|   0|   16|          0|
    |add_ln42_25_reg_1430    |  16|   0|   16|          0|
    |add_ln42_26_reg_1435    |  16|   0|   16|          0|
    |add_ln42_27_reg_1440    |  16|   0|   16|          0|
    |add_ln42_28_reg_1445    |  16|   0|   16|          0|
    |add_ln42_29_reg_1450    |  16|   0|   16|          0|
    |add_ln42_2_reg_1315     |  16|   0|   16|          0|
    |add_ln42_30_reg_1455    |  16|   0|   16|          0|
    |add_ln42_31_reg_1460    |  16|   0|   16|          0|
    |add_ln42_32_reg_1465    |  16|   0|   16|          0|
    |add_ln42_33_reg_1470    |  16|   0|   16|          0|
    |add_ln42_34_reg_1475    |  16|   0|   16|          0|
    |add_ln42_35_reg_1480    |  16|   0|   16|          0|
    |add_ln42_36_reg_1485    |  16|   0|   16|          0|
    |add_ln42_37_reg_1490    |  16|   0|   16|          0|
    |add_ln42_38_reg_1495    |  16|   0|   16|          0|
    |add_ln42_39_reg_1500    |  16|   0|   16|          0|
    |add_ln42_3_reg_1320     |  16|   0|   16|          0|
    |add_ln42_40_reg_1505    |  16|   0|   16|          0|
    |add_ln42_41_reg_1510    |  16|   0|   16|          0|
    |add_ln42_42_reg_1515    |  16|   0|   16|          0|
    |add_ln42_43_reg_1520    |  16|   0|   16|          0|
    |add_ln42_44_reg_1525    |  16|   0|   16|          0|
    |add_ln42_45_reg_1530    |  16|   0|   16|          0|
    |add_ln42_46_reg_1535    |  16|   0|   16|          0|
    |add_ln42_4_reg_1325     |  16|   0|   16|          0|
    |add_ln42_5_reg_1330     |  16|   0|   16|          0|
    |add_ln42_6_reg_1335     |  16|   0|   16|          0|
    |add_ln42_7_reg_1340     |  16|   0|   16|          0|
    |add_ln42_8_reg_1345     |  16|   0|   16|          0|
    |add_ln42_9_reg_1350     |  16|   0|   16|          0|
    |add_ln42_reg_1305       |  16|   0|   16|          0|
    |ap_CS_fsm               |   4|   0|    4|          0|
    |ap_done_reg             |   1|   0|    1|          0|
    |trunc_ln28_10_reg_1125  |  16|   0|   16|          0|
    |trunc_ln28_11_reg_1130  |  16|   0|   16|          0|
    |trunc_ln28_12_reg_1135  |  16|   0|   16|          0|
    |trunc_ln28_13_reg_1140  |  16|   0|   16|          0|
    |trunc_ln28_14_reg_1145  |  16|   0|   16|          0|
    |trunc_ln28_15_reg_1150  |  16|   0|   16|          0|
    |trunc_ln28_16_reg_1155  |  16|   0|   16|          0|
    |trunc_ln28_17_reg_1160  |  16|   0|   16|          0|
    |trunc_ln28_18_reg_1165  |  16|   0|   16|          0|
    |trunc_ln28_19_reg_1170  |  16|   0|   16|          0|
    |trunc_ln28_1_reg_1075   |  16|   0|   16|          0|
    |trunc_ln28_20_reg_1175  |  16|   0|   16|          0|
    |trunc_ln28_21_reg_1180  |  16|   0|   16|          0|
    |trunc_ln28_22_reg_1185  |  16|   0|   16|          0|
    |trunc_ln28_23_reg_1190  |  16|   0|   16|          0|
    |trunc_ln28_24_reg_1195  |  16|   0|   16|          0|
    |trunc_ln28_25_reg_1200  |  16|   0|   16|          0|
    |trunc_ln28_26_reg_1205  |  16|   0|   16|          0|
    |trunc_ln28_27_reg_1210  |  16|   0|   16|          0|
    |trunc_ln28_28_reg_1215  |  16|   0|   16|          0|
    |trunc_ln28_29_reg_1220  |  16|   0|   16|          0|
    |trunc_ln28_2_reg_1080   |  16|   0|   16|          0|
    |trunc_ln28_30_reg_1225  |  16|   0|   16|          0|
    |trunc_ln28_31_reg_1230  |  16|   0|   16|          0|
    |trunc_ln28_32_reg_1235  |  16|   0|   16|          0|
    |trunc_ln28_33_reg_1240  |  16|   0|   16|          0|
    |trunc_ln28_34_reg_1245  |  16|   0|   16|          0|
    |trunc_ln28_35_reg_1250  |  16|   0|   16|          0|
    |trunc_ln28_36_reg_1255  |  16|   0|   16|          0|
    |trunc_ln28_37_reg_1260  |  16|   0|   16|          0|
    |trunc_ln28_38_reg_1265  |  16|   0|   16|          0|
    |trunc_ln28_39_reg_1270  |  16|   0|   16|          0|
    |trunc_ln28_3_reg_1085   |  16|   0|   16|          0|
    |trunc_ln28_40_reg_1275  |  16|   0|   16|          0|
    |trunc_ln28_41_reg_1280  |  16|   0|   16|          0|
    |trunc_ln28_42_reg_1285  |  16|   0|   16|          0|
    |trunc_ln28_43_reg_1290  |  16|   0|   16|          0|
    |trunc_ln28_44_reg_1295  |  16|   0|   16|          0|
    |trunc_ln28_45_reg_1300  |  16|   0|   16|          0|
    |trunc_ln28_4_reg_1090   |  16|   0|   16|          0|
    |trunc_ln28_5_reg_1095   |  16|   0|   16|          0|
    |trunc_ln28_6_reg_1100   |  16|   0|   16|          0|
    |trunc_ln28_7_reg_1105   |  16|   0|   16|          0|
    |trunc_ln28_8_reg_1110   |  16|   0|   16|          0|
    |trunc_ln28_9_reg_1115   |  16|   0|   16|          0|
    |trunc_ln28_reg_1070     |  16|   0|   16|          0|
    |trunc_ln28_s_reg_1120   |  16|   0|   16|          0|
    +------------------------+----+----+-----+-----------+
    |Total                   |1509|   0| 1509|          0|
    +------------------------+----+----+-----+-----------+



================================================================
== Interface
================================================================
* Summary: 
+----------------------------+-----+-----+------------+-------------------------------------------------------------------------+--------------+
|          RTL Ports         | Dir | Bits|  Protocol  |                              Source Object                              |    C Type    |
+----------------------------+-----+-----+------------+-------------------------------------------------------------------------+--------------+
|ap_clk                      |   in|    1|  ap_ctrl_hs|  normalize<array<ap_fixed,47u>,array<ap_fixed<16,6,5,3,0>,47u>,config24>|  return value|
|ap_rst                      |   in|    1|  ap_ctrl_hs|  normalize<array<ap_fixed,47u>,array<ap_fixed<16,6,5,3,0>,47u>,config24>|  return value|
|ap_start                    |   in|    1|  ap_ctrl_hs|  normalize<array<ap_fixed,47u>,array<ap_fixed<16,6,5,3,0>,47u>,config24>|  return value|
|ap_done                     |  out|    1|  ap_ctrl_hs|  normalize<array<ap_fixed,47u>,array<ap_fixed<16,6,5,3,0>,47u>,config24>|  return value|
|ap_continue                 |   in|    1|  ap_ctrl_hs|  normalize<array<ap_fixed,47u>,array<ap_fixed<16,6,5,3,0>,47u>,config24>|  return value|
|ap_idle                     |  out|    1|  ap_ctrl_hs|  normalize<array<ap_fixed,47u>,array<ap_fixed<16,6,5,3,0>,47u>,config24>|  return value|
|ap_ready                    |  out|    1|  ap_ctrl_hs|  normalize<array<ap_fixed,47u>,array<ap_fixed<16,6,5,3,0>,47u>,config24>|  return value|
|layer26_out_dout            |   in|  752|     ap_fifo|                                                              layer26_out|       pointer|
|layer26_out_empty_n         |   in|    1|     ap_fifo|                                                              layer26_out|       pointer|
|layer26_out_read            |  out|    1|     ap_fifo|                                                              layer26_out|       pointer|
|layer26_out_num_data_valid  |   in|    2|     ap_fifo|                                                              layer26_out|       pointer|
|layer26_out_fifo_cap        |   in|    2|     ap_fifo|                                                              layer26_out|       pointer|
|layer24_out_TDATA           |  out|  752|        axis|                                                              layer24_out|       pointer|
|layer24_out_TVALID          |  out|    1|        axis|                                                              layer24_out|       pointer|
|layer24_out_TREADY          |   in|    1|        axis|                                                              layer24_out|       pointer|
+----------------------------+-----+-----+------------+-------------------------------------------------------------------------+--------------+

