

================================================================
== Vitis HLS Report for 'relu_array_ap_fixed_8u_array_ap_fixed_16_6_5_3_0_8u_ReLU_config15_s'
================================================================
* Date:           Tue Oct  6 15:38:43 2026

* Version:        2026.1 (Build 6493734 on Jun 16 2026)
* Project:        myproject_prj
* Solution:       solution1
* Product family: artix7
* Target device:  xc7a35t-ftg256-1


================================================================
== Performance Estimates
================================================================
+ Timing: 
    * Summary: 
    +--------+---------+----------+------------+
    |  Clock |  Target | Estimated| Uncertainty|
    +--------+---------+----------+------------+
    |ap_clk  |  5.00 ns|  3.641 ns|     1.35 ns|
    +--------+---------+----------+------------+

+ Latency: 
    * Summary: 
    +---------+---------+----------+----------+-----+-----+-----------------------------------------+
    |  Latency (cycles) |  Latency (absolute) |  Interval |                 Pipeline                |
    |   min   |   max   |    min   |    max   | min | max |                   Type                  |
    +---------+---------+----------+----------+-----+-----+-----------------------------------------+
    |      125|      125|  1.570 us|  1.570 us|  121|  121|  loop auto-rewind stp (delay=0 cycle(s))|
    +---------+---------+----------+----------+-----+-----+-----------------------------------------+

    + Detail: 
        * Instance: 
        N/A

        * Loop: 
        +---------------+---------+---------+----------+-----------+-----------+------+----------+
        |               |  Latency (cycles) | Iteration|  Initiation Interval  | Trip |          |
        |   Loop Name   |   min   |   max   |  Latency |  achieved |   target  | Count| Pipelined|
        +---------------+---------+---------+----------+-----------+-----------+------+----------+
        |- ReLUActLoop  |      123|      123|         4|          1|        N/A|   121|       yes|
        +---------------+---------+---------+----------+-----------+-----------+------+----------+



================================================================
== Utilization Estimates
================================================================
* Summary: 
+-----------------+---------+----+-------+-------+-----+
|       Name      | BRAM_18K| DSP|   FF  |  LUT  | URAM|
+-----------------+---------+----+-------+-------+-----+
|DSP              |        -|   -|      -|      -|    -|
|Expression       |        -|   -|      0|    336|    -|
|FIFO             |        -|   -|      -|      -|    -|
|Instance         |        -|   -|      -|      -|    -|
|Memory           |        -|   -|      -|      -|    -|
|Multiplexer      |        -|   -|      0|     54|    -|
|Register         |        -|   -|    383|      -|    -|
+-----------------+---------+----+-------+-------+-----+
|Total            |        0|   0|    383|    390|    0|
+-----------------+---------+----+-------+-------+-----+
|Available        |      100|  90|  41600|  20800|    0|
+-----------------+---------+----+-------+-------+-----+
|Utilization (%)  |        0|   0|     ~0|      1|    0|
+-----------------+---------+----+-------+-------+-----+

+ Detail: 
    * Instance: 
    N/A

    * DSP: 
    N/A

    * Memory: 
    N/A

    * FIFO: 
    N/A

    * Expression: 
    +--------------------------------+----------+----+---+----+------------+------------+
    |          Variable Name         | Operation| DSP| FF| LUT| Bitwidth P0| Bitwidth P1|
    +--------------------------------+----------+----+---+----+------------+------------+
    |i_5_fu_261_p2                   |         +|   0|  0|  14|           7|           1|
    |icmp_ln41_fu_267_p2             |      icmp|   0|  0|  14|           7|           5|
    |icmp_ln51_1_fu_290_p2           |      icmp|   0|  0|  23|          16|           1|
    |icmp_ln51_2_fu_302_p2           |      icmp|   0|  0|  23|          16|           1|
    |icmp_ln51_3_fu_314_p2           |      icmp|   0|  0|  23|          16|           1|
    |icmp_ln51_4_fu_326_p2           |      icmp|   0|  0|  23|          16|           1|
    |icmp_ln51_5_fu_338_p2           |      icmp|   0|  0|  23|          16|           1|
    |icmp_ln51_6_fu_350_p2           |      icmp|   0|  0|  23|          16|           1|
    |icmp_ln51_7_fu_362_p2           |      icmp|   0|  0|  23|          16|           1|
    |icmp_ln51_fu_278_p2             |      icmp|   0|  0|  23|          16|           1|
    |ap_block_pp0_stage0_01001_grp1  |        or|   0|  0|   2|           1|           1|
    |select_ln51_1_fu_295_p3         |    select|   0|  0|  15|           1|          15|
    |select_ln51_2_fu_307_p3         |    select|   0|  0|  15|           1|          15|
    |select_ln51_3_fu_319_p3         |    select|   0|  0|  15|           1|          15|
    |select_ln51_4_fu_331_p3         |    select|   0|  0|  15|           1|          15|
    |select_ln51_5_fu_343_p3         |    select|   0|  0|  15|           1|          15|
    |select_ln51_6_fu_355_p3         |    select|   0|  0|  15|           1|          15|
    |select_ln51_7_fu_367_p3         |    select|   0|  0|  15|           1|          15|
    |select_ln51_fu_283_p3           |    select|   0|  0|  15|           1|          15|
    |ap_enable_pp0                   |       xor|   0|  0|   2|           1|           2|
    +--------------------------------+----------+----+---+----+------------+------------+
    |Total                           |          |   0|  0| 336|         152|         137|
    +--------------------------------+----------+----+---+----+------------+------------+

    * Multiplexer: 
    +-------------------------+----+-----------+-----+-----------+
    |           Name          | LUT| Input Size| Bits| Total Bits|
    +-------------------------+----+-----------+-----+-----------+
    |ap_done_int              |   9|          2|    1|          2|
    |ap_enable_reg_pp0_iter1  |   9|          2|    1|          2|
    |i_fu_88                  |   9|          2|    7|         14|
    |layer15_out_blk_n        |   9|          2|    1|          2|
    |layer28_out_blk_n        |   9|          2|    1|          2|
    |real_start               |   9|          2|    1|          2|
    +-------------------------+----+-----------+-----+-----------+
    |Total                    |  54|         12|   12|         24|
    +-------------------------+----+-----------+-----+-----------+

    * Register: 
    +----------------------------------+----+----+-----+-----------+
    |               Name               | FF | LUT| Bits| Const Bits|
    +----------------------------------+----+----+-----+-----------+
    |ap_CS_fsm                         |   1|   0|    1|          0|
    |ap_done_reg                       |   1|   0|    1|          0|
    |ap_enable_reg_pp0_iter1           |   1|   0|    1|          0|
    |ap_enable_reg_pp0_iter2           |   1|   0|    1|          0|
    |ap_enable_reg_pp0_iter3           |   1|   0|    1|          0|
    |ap_loop_exit_ready_pp0_iter2_reg  |   1|   0|    1|          0|
    |ap_loop_exit_ready_pp0_iter3_reg  |   1|   0|    1|          0|
    |i_fu_88                           |   7|   0|    7|          0|
    |select_ln51_1_reg_515             |  15|   0|   15|          0|
    |select_ln51_2_reg_520             |  15|   0|   15|          0|
    |select_ln51_3_reg_525             |  15|   0|   15|          0|
    |select_ln51_4_reg_530             |  15|   0|   15|          0|
    |select_ln51_5_reg_535             |  15|   0|   15|          0|
    |select_ln51_6_reg_540             |  15|   0|   15|          0|
    |select_ln51_7_reg_545             |  15|   0|   15|          0|
    |select_ln51_reg_510               |  15|   0|   15|          0|
    |start_once_reg                    |   1|   0|    1|          0|
    |trunc_ln1_reg_501                 |  15|   0|   15|          0|
    |trunc_ln44_10_reg_471             |  15|   0|   15|          0|
    |trunc_ln44_11_reg_481             |  15|   0|   15|          0|
    |trunc_ln44_12_reg_491             |  15|   0|   15|          0|
    |trunc_ln44_14_reg_431             |  15|   0|   15|          0|
    |trunc_ln44_1_reg_436              |  16|   0|   16|          0|
    |trunc_ln44_2_reg_446              |  16|   0|   16|          0|
    |trunc_ln44_3_reg_456              |  16|   0|   16|          0|
    |trunc_ln44_4_reg_466              |  16|   0|   16|          0|
    |trunc_ln44_5_reg_476              |  16|   0|   16|          0|
    |trunc_ln44_6_reg_486              |  16|   0|   16|          0|
    |trunc_ln44_7_reg_496              |  16|   0|   16|          0|
    |trunc_ln44_8_reg_441              |  15|   0|   15|          0|
    |trunc_ln44_9_reg_451              |  15|   0|   15|          0|
    |trunc_ln44_reg_426                |  16|   0|   16|          0|
    |trunc_ln44_s_reg_461              |  15|   0|   15|          0|
    +----------------------------------+----+----+-----+-----------+
    |Total                             | 383|   0|  383|          0|
    +----------------------------------+----+----+-----+-----------+



================================================================
== Interface
================================================================
* Summary: 
+----------------------------+-----+-----+------------+-----------------------------------------------------------------------+--------------+
|          RTL Ports         | Dir | Bits|  Protocol  |                             Source Object                             |    C Type    |
+----------------------------+-----+-----+------------+-----------------------------------------------------------------------+--------------+
|ap_clk                      |   in|    1|  ap_ctrl_hs|  relu<array<ap_fixed,8u>,array<ap_fixed<16,6,5,3,0>,8u>,ReLU_config15>|  return value|
|ap_rst                      |   in|    1|  ap_ctrl_hs|  relu<array<ap_fixed,8u>,array<ap_fixed<16,6,5,3,0>,8u>,ReLU_config15>|  return value|
|ap_start                    |   in|    1|  ap_ctrl_hs|  relu<array<ap_fixed,8u>,array<ap_fixed<16,6,5,3,0>,8u>,ReLU_config15>|  return value|
|start_full_n                |   in|    1|  ap_ctrl_hs|  relu<array<ap_fixed,8u>,array<ap_fixed<16,6,5,3,0>,8u>,ReLU_config15>|  return value|
|ap_done                     |  out|    1|  ap_ctrl_hs|  relu<array<ap_fixed,8u>,array<ap_fixed<16,6,5,3,0>,8u>,ReLU_config15>|  return value|
|ap_continue                 |   in|    1|  ap_ctrl_hs|  relu<array<ap_fixed,8u>,array<ap_fixed<16,6,5,3,0>,8u>,ReLU_config15>|  return value|
|ap_idle                     |  out|    1|  ap_ctrl_hs|  relu<array<ap_fixed,8u>,array<ap_fixed<16,6,5,3,0>,8u>,ReLU_config15>|  return value|
|ap_ready                    |  out|    1|  ap_ctrl_hs|  relu<array<ap_fixed,8u>,array<ap_fixed<16,6,5,3,0>,8u>,ReLU_config15>|  return value|
|start_out                   |  out|    1|  ap_ctrl_hs|  relu<array<ap_fixed,8u>,array<ap_fixed<16,6,5,3,0>,8u>,ReLU_config15>|  return value|
|start_write                 |  out|    1|  ap_ctrl_hs|  relu<array<ap_fixed,8u>,array<ap_fixed<16,6,5,3,0>,8u>,ReLU_config15>|  return value|
|layer28_out_dout            |   in|  128|     ap_fifo|                                                            layer28_out|       pointer|
|layer28_out_empty_n         |   in|    1|     ap_fifo|                                                            layer28_out|       pointer|
|layer28_out_read            |  out|    1|     ap_fifo|                                                            layer28_out|       pointer|
|layer28_out_num_data_valid  |   in|    8|     ap_fifo|                                                            layer28_out|       pointer|
|layer28_out_fifo_cap        |   in|    8|     ap_fifo|                                                            layer28_out|       pointer|
|layer15_out_din             |  out|  128|     ap_fifo|                                                            layer15_out|       pointer|
|layer15_out_full_n          |   in|    1|     ap_fifo|                                                            layer15_out|       pointer|
|layer15_out_write           |  out|    1|     ap_fifo|                                                            layer15_out|       pointer|
|layer15_out_num_data_valid  |   in|   32|     ap_fifo|                                                            layer15_out|       pointer|
|layer15_out_fifo_cap        |   in|   32|     ap_fifo|                                                            layer15_out|       pointer|
+----------------------------+-----+-----+------------+-----------------------------------------------------------------------+--------------+

