

================================================================
== Vitis HLS Report for 'dense_array_ap_fixed_24u_array_ap_fixed_16_6_5_3_0_47u_config26_s'
================================================================
* Date:           Tue Oct  6 15:38:28 2026

* Version:        2026.1 (Build 6493734 on Jun 16 2026)
* Project:        myproject_prj
* Solution:       solution1
* Product family: artix7
* Target device:  xc7a35t-ftg256-1


================================================================
== Performance Estimates
================================================================
+ Timing: 
    * Summary: 
    +--------+---------+-----------+------------+
    |  Clock |  Target | Estimated | Uncertainty|
    +--------+---------+-----------+------------+
    |ap_clk  |  5.00 ns|  12.557 ns|     1.35 ns|
    +--------+---------+-----------+------------+

+ Latency: 
    * Summary: 
    +---------+---------+----------+----------+------+------+---------+
    |  Latency (cycles) |  Latency (absolute) |   Interval  | Pipeline|
    |   min   |   max   |    min   |    max   |  min |  max |   Type  |
    +---------+---------+----------+----------+------+------+---------+
    |     1133|     1134|  5.665 us|  5.670 us|  1133|  1134|       no|
    +---------+---------+----------+----------+------+------+---------+

    + Detail: 
        * Instance: 
        N/A

        * Loop: 
        N/A

============================================================
+ Verbose Summary: Synthesis Manager
============================================================
InlineROM: 1
ExposeGlobal: 0
============================================================
+ Verbose Summary: CDFG Model
============================================================
IsTopModel: 0
ResetActiveHigh: 1
IsCombinational: 2
IsDatapathOnly: 0
HasWiredReturn: 1
HasMFsm: 0
HasVarLatency: 1
IsPipeline: 0
IsRtlPipelined: 0
IsInstanceOverlapped: 0
IsDontTouch: 0
HasImplIP: 0
IsGatedGlobalClock: 0


============================================================
+ Verbose Summary: Schedule
============================================================
* Number of FSM states : 4
* Pipeline : 0
* Dataflow Pipeline: 0

* FSM state transitions: 
1 --> 2 
2 --> 3 
3 --> 4 
4 --> 

* FSM state operations: 

State 1 <SV = 0> <Delay = 1.82>
ST_1 : Operation 5 [1/1] ( I:1.82ns O:1.82ns )   --->   "%layer20_out_read = read i384 @_ssdm_op_Read.ap_fifo.volatile.i384P0A, i384 %layer20_out" [firmware/nnet_utils/nnet_dense_stream.h:43->firmware/nnet_utils/nnet_dense_stream.h:93]   --->   Operation 5 'read' 'layer20_out_read' <Predicate = true> <Delay = 1.82> <CoreInst = "FIFO_SRL">   --->   Core 80 'FIFO_SRL' <Latency = 0> <II = 1> <Delay = 3.90> <Storage> <Opcode : 'read' 'write' 'nbread' 'nbwrite'> <Ports = 0> <Width = 384> <Depth = 1> <FIFO>
ST_1 : Operation 6 [1/1] (0.00ns)   --->   "%data = trunc i384 %layer20_out_read" [firmware/nnet_utils/nnet_dense_stream.h:43->firmware/nnet_utils/nnet_dense_stream.h:93]   --->   Operation 6 'trunc' 'data' <Predicate = true> <Delay = 0.00>
ST_1 : Operation 7 [1/1] (0.00ns)   --->   "%data_23 = partselect i16 @_ssdm_op_PartSelect.i16.i384.i32.i32, i384 %layer20_out_read, i32 16, i32 31" [firmware/nnet_utils/nnet_dense_stream.h:43->firmware/nnet_utils/nnet_dense_stream.h:93]   --->   Operation 7 'partselect' 'data_23' <Predicate = true> <Delay = 0.00>
ST_1 : Operation 8 [1/1] (0.00ns)   --->   "%data_1 = partselect i16 @_ssdm_op_PartSelect.i16.i384.i32.i32, i384 %layer20_out_read, i32 32, i32 47" [firmware/nnet_utils/nnet_dense_stream.h:43->firmware/nnet_utils/nnet_dense_stream.h:93]   --->   Operation 8 'partselect' 'data_1' <Predicate = true> <Delay = 0.00>
ST_1 : Operation 9 [1/1] (0.00ns)   --->   "%data_2 = partselect i16 @_ssdm_op_PartSelect.i16.i384.i32.i32, i384 %layer20_out_read, i32 48, i32 63" [firmware/nnet_utils/nnet_dense_stream.h:43->firmware/nnet_utils/nnet_dense_stream.h:93]   --->   Operation 9 'partselect' 'data_2' <Predicate = true> <Delay = 0.00>
ST_1 : Operation 10 [1/1] (0.00ns)   --->   "%data_3 = partselect i16 @_ssdm_op_PartSelect.i16.i384.i32.i32, i384 %layer20_out_read, i32 64, i32 79" [firmware/nnet_utils/nnet_dense_stream.h:43->firmware/nnet_utils/nnet_dense_stream.h:93]   --->   Operation 10 'partselect' 'data_3' <Predicate = true> <Delay = 0.00>
ST_1 : Operation 11 [1/1] (0.00ns)   --->   "%data_4 = partselect i16 @_ssdm_op_PartSelect.i16.i384.i32.i32, i384 %layer20_out_read, i32 80, i32 95" [firmware/nnet_utils/nnet_dense_stream.h:43->firmware/nnet_utils/nnet_dense_stream.h:93]   --->   Operation 11 'partselect' 'data_4' <Predicate = true> <Delay = 0.00>
ST_1 : Operation 12 [1/1] (0.00ns)   --->   "%data_5 = partselect i16 @_ssdm_op_PartSelect.i16.i384.i32.i32, i384 %layer20_out_read, i32 96, i32 111" [firmware/nnet_utils/nnet_dense_stream.h:43->firmware/nnet_utils/nnet_dense_stream.h:93]   --->   Operation 12 'partselect' 'data_5' <Predicate = true> <Delay = 0.00>
ST_1 : Operation 13 [1/1] (0.00ns)   --->   "%data_6 = partselect i16 @_ssdm_op_PartSelect.i16.i384.i32.i32, i384 %layer20_out_read, i32 112, i32 127" [firmware/nnet_utils/nnet_dense_stream.h:43->firmware/nnet_utils/nnet_dense_stream.h:93]   --->   Operation 13 'partselect' 'data_6' <Predicate = true> <Delay = 0.00>
ST_1 : Operation 14 [1/1] (0.00ns)   --->   "%data_7 = partselect i16 @_ssdm_op_PartSelect.i16.i384.i32.i32, i384 %layer20_out_read, i32 128, i32 143" [firmware/nnet_utils/nnet_dense_stream.h:43->firmware/nnet_utils/nnet_dense_stream.h:93]   --->   Operation 14 'partselect' 'data_7' <Predicate = true> <Delay = 0.00>
ST_1 : Operation 15 [1/1] (0.00ns)   --->   "%data_8 = partselect i16 @_ssdm_op_PartSelect.i16.i384.i32.i32, i384 %layer20_out_read, i32 144, i32 159" [firmware/nnet_utils/nnet_dense_stream.h:43->firmware/nnet_utils/nnet_dense_stream.h:93]   --->   Operation 15 'partselect' 'data_8' <Predicate = true> <Delay = 0.00>
ST_1 : Operation 16 [1/1] (0.00ns)   --->   "%data_9 = partselect i16 @_ssdm_op_PartSelect.i16.i384.i32.i32, i384 %layer20_out_read, i32 160, i32 175" [firmware/nnet_utils/nnet_dense_stream.h:43->firmware/nnet_utils/nnet_dense_stream.h:93]   --->   Operation 16 'partselect' 'data_9' <Predicate = true> <Delay = 0.00>
ST_1 : Operation 17 [1/1] (0.00ns)   --->   "%data_10 = partselect i16 @_ssdm_op_PartSelect.i16.i384.i32.i32, i384 %layer20_out_read, i32 176, i32 191" [firmware/nnet_utils/nnet_dense_stream.h:43->firmware/nnet_utils/nnet_dense_stream.h:93]   --->   Operation 17 'partselect' 'data_10' <Predicate = true> <Delay = 0.00>
ST_1 : Operation 18 [1/1] (0.00ns)   --->   "%data_11 = partselect i16 @_ssdm_op_PartSelect.i16.i384.i32.i32, i384 %layer20_out_read, i32 192, i32 207" [firmware/nnet_utils/nnet_dense_stream.h:43->firmware/nnet_utils/nnet_dense_stream.h:93]   --->   Operation 18 'partselect' 'data_11' <Predicate = true> <Delay = 0.00>
ST_1 : Operation 19 [1/1] (0.00ns)   --->   "%data_12 = partselect i16 @_ssdm_op_PartSelect.i16.i384.i32.i32, i384 %layer20_out_read, i32 208, i32 223" [firmware/nnet_utils/nnet_dense_stream.h:43->firmware/nnet_utils/nnet_dense_stream.h:93]   --->   Operation 19 'partselect' 'data_12' <Predicate = true> <Delay = 0.00>
ST_1 : Operation 20 [1/1] (0.00ns)   --->   "%data_13 = partselect i16 @_ssdm_op_PartSelect.i16.i384.i32.i32, i384 %layer20_out_read, i32 224, i32 239" [firmware/nnet_utils/nnet_dense_stream.h:43->firmware/nnet_utils/nnet_dense_stream.h:93]   --->   Operation 20 'partselect' 'data_13' <Predicate = true> <Delay = 0.00>
ST_1 : Operation 21 [1/1] (0.00ns)   --->   "%data_14 = partselect i16 @_ssdm_op_PartSelect.i16.i384.i32.i32, i384 %layer20_out_read, i32 240, i32 255" [firmware/nnet_utils/nnet_dense_stream.h:43->firmware/nnet_utils/nnet_dense_stream.h:93]   --->   Operation 21 'partselect' 'data_14' <Predicate = true> <Delay = 0.00>
ST_1 : Operation 22 [1/1] (0.00ns)   --->   "%data_15 = partselect i16 @_ssdm_op_PartSelect.i16.i384.i32.i32, i384 %layer20_out_read, i32 256, i32 271" [firmware/nnet_utils/nnet_dense_stream.h:43->firmware/nnet_utils/nnet_dense_stream.h:93]   --->   Operation 22 'partselect' 'data_15' <Predicate = true> <Delay = 0.00>
ST_1 : Operation 23 [1/1] (0.00ns)   --->   "%data_16 = partselect i16 @_ssdm_op_PartSelect.i16.i384.i32.i32, i384 %layer20_out_read, i32 272, i32 287" [firmware/nnet_utils/nnet_dense_stream.h:43->firmware/nnet_utils/nnet_dense_stream.h:93]   --->   Operation 23 'partselect' 'data_16' <Predicate = true> <Delay = 0.00>
ST_1 : Operation 24 [1/1] (0.00ns)   --->   "%data_17 = partselect i16 @_ssdm_op_PartSelect.i16.i384.i32.i32, i384 %layer20_out_read, i32 288, i32 303" [firmware/nnet_utils/nnet_dense_stream.h:43->firmware/nnet_utils/nnet_dense_stream.h:93]   --->   Operation 24 'partselect' 'data_17' <Predicate = true> <Delay = 0.00>
ST_1 : Operation 25 [1/1] (0.00ns)   --->   "%data_18 = partselect i16 @_ssdm_op_PartSelect.i16.i384.i32.i32, i384 %layer20_out_read, i32 304, i32 319" [firmware/nnet_utils/nnet_dense_stream.h:43->firmware/nnet_utils/nnet_dense_stream.h:93]   --->   Operation 25 'partselect' 'data_18' <Predicate = true> <Delay = 0.00>
ST_1 : Operation 26 [1/1] (0.00ns)   --->   "%data_19 = partselect i16 @_ssdm_op_PartSelect.i16.i384.i32.i32, i384 %layer20_out_read, i32 320, i32 335" [firmware/nnet_utils/nnet_dense_stream.h:43->firmware/nnet_utils/nnet_dense_stream.h:93]   --->   Operation 26 'partselect' 'data_19' <Predicate = true> <Delay = 0.00>
ST_1 : Operation 27 [1/1] (0.00ns)   --->   "%data_20 = partselect i16 @_ssdm_op_PartSelect.i16.i384.i32.i32, i384 %layer20_out_read, i32 336, i32 351" [firmware/nnet_utils/nnet_dense_stream.h:43->firmware/nnet_utils/nnet_dense_stream.h:93]   --->   Operation 27 'partselect' 'data_20' <Predicate = true> <Delay = 0.00>
ST_1 : Operation 28 [1/1] (0.00ns)   --->   "%data_21 = partselect i16 @_ssdm_op_PartSelect.i16.i384.i32.i32, i384 %layer20_out_read, i32 352, i32 367" [firmware/nnet_utils/nnet_dense_stream.h:43->firmware/nnet_utils/nnet_dense_stream.h:93]   --->   Operation 28 'partselect' 'data_21' <Predicate = true> <Delay = 0.00>
ST_1 : Operation 29 [1/1] (0.00ns)   --->   "%data_22 = partselect i16 @_ssdm_op_PartSelect.i16.i384.i32.i32, i384 %layer20_out_read, i32 368, i32 383" [firmware/nnet_utils/nnet_dense_stream.h:43->firmware/nnet_utils/nnet_dense_stream.h:93]   --->   Operation 29 'partselect' 'data_22' <Predicate = true> <Delay = 0.00>

State 2 <SV = 1> <Delay = 6.38>
ST_2 : Operation 30 [2/2] (6.38ns)   --->   "%call_ret = call i752 @dense_resource_rf_gt_nin_rem0<ap_fixed,ap_fixed<16,6,5,3,0>,config26>, i16 %data, i16 %data_23, i16 %data_1, i16 %data_2, i16 %data_3, i16 %data_4, i16 %data_5, i16 %data_6, i16 %data_7, i16 %data_8, i16 %data_9, i16 %data_10, i16 %data_11, i16 %data_12, i16 %data_13, i16 %data_14, i16 %data_15, i16 %data_16, i16 %data_17, i16 %data_18, i16 %data_19, i16 %data_20, i16 %data_21, i16 %data_22, i6 %outidx_65, i12 %w26" [firmware/nnet_utils/nnet_dense_resource.h:264->firmware/nnet_utils/nnet_dense_stream.h:24->firmware/nnet_utils/nnet_dense_stream.h:97]   --->   Operation 30 'call' 'call_ret' <Predicate = true> <Delay = 6.38> <CoreType = "Generic">   --->   Generic Core

State 3 <SV = 2> <Delay = 3.55>
ST_3 : Operation 31 [1/2] (3.55ns)   --->   "%call_ret = call i752 @dense_resource_rf_gt_nin_rem0<ap_fixed,ap_fixed<16,6,5,3,0>,config26>, i16 %data, i16 %data_23, i16 %data_1, i16 %data_2, i16 %data_3, i16 %data_4, i16 %data_5, i16 %data_6, i16 %data_7, i16 %data_8, i16 %data_9, i16 %data_10, i16 %data_11, i16 %data_12, i16 %data_13, i16 %data_14, i16 %data_15, i16 %data_16, i16 %data_17, i16 %data_18, i16 %data_19, i16 %data_20, i16 %data_21, i16 %data_22, i6 %outidx_65, i12 %w26" [firmware/nnet_utils/nnet_dense_resource.h:264->firmware/nnet_utils/nnet_dense_stream.h:24->firmware/nnet_utils/nnet_dense_stream.h:97]   --->   Operation 31 'call' 'call_ret' <Predicate = true> <Delay = 3.55> <CoreType = "Generic">   --->   Generic Core
ST_3 : Operation 32 [1/1] (0.00ns)   --->   "%res = extractvalue i752 %call_ret" [firmware/nnet_utils/nnet_dense_resource.h:264->firmware/nnet_utils/nnet_dense_stream.h:24->firmware/nnet_utils/nnet_dense_stream.h:97]   --->   Operation 32 'extractvalue' 'res' <Predicate = true> <Delay = 0.00>
ST_3 : Operation 33 [1/1] (0.00ns)   --->   "%res_1 = extractvalue i752 %call_ret" [firmware/nnet_utils/nnet_dense_resource.h:264->firmware/nnet_utils/nnet_dense_stream.h:24->firmware/nnet_utils/nnet_dense_stream.h:97]   --->   Operation 33 'extractvalue' 'res_1' <Predicate = true> <Delay = 0.00>
ST_3 : Operation 34 [1/1] (0.00ns)   --->   "%res_2 = extractvalue i752 %call_ret" [firmware/nnet_utils/nnet_dense_resource.h:264->firmware/nnet_utils/nnet_dense_stream.h:24->firmware/nnet_utils/nnet_dense_stream.h:97]   --->   Operation 34 'extractvalue' 'res_2' <Predicate = true> <Delay = 0.00>
ST_3 : Operation 35 [1/1] (0.00ns)   --->   "%res_3 = extractvalue i752 %call_ret" [firmware/nnet_utils/nnet_dense_resource.h:264->firmware/nnet_utils/nnet_dense_stream.h:24->firmware/nnet_utils/nnet_dense_stream.h:97]   --->   Operation 35 'extractvalue' 'res_3' <Predicate = true> <Delay = 0.00>
ST_3 : Operation 36 [1/1] (0.00ns)   --->   "%res_4 = extractvalue i752 %call_ret" [firmware/nnet_utils/nnet_dense_resource.h:264->firmware/nnet_utils/nnet_dense_stream.h:24->firmware/nnet_utils/nnet_dense_stream.h:97]   --->   Operation 36 'extractvalue' 'res_4' <Predicate = true> <Delay = 0.00>
ST_3 : Operation 37 [1/1] (0.00ns)   --->   "%res_5 = extractvalue i752 %call_ret" [firmware/nnet_utils/nnet_dense_resource.h:264->firmware/nnet_utils/nnet_dense_stream.h:24->firmware/nnet_utils/nnet_dense_stream.h:97]   --->   Operation 37 'extractvalue' 'res_5' <Predicate = true> <Delay = 0.00>
ST_3 : Operation 38 [1/1] (0.00ns)   --->   "%res_6 = extractvalue i752 %call_ret" [firmware/nnet_utils/nnet_dense_resource.h:264->firmware/nnet_utils/nnet_dense_stream.h:24->firmware/nnet_utils/nnet_dense_stream.h:97]   --->   Operation 38 'extractvalue' 'res_6' <Predicate = true> <Delay = 0.00>
ST_3 : Operation 39 [1/1] (0.00ns)   --->   "%res_7 = extractvalue i752 %call_ret" [firmware/nnet_utils/nnet_dense_resource.h:264->firmware/nnet_utils/nnet_dense_stream.h:24->firmware/nnet_utils/nnet_dense_stream.h:97]   --->   Operation 39 'extractvalue' 'res_7' <Predicate = true> <Delay = 0.00>
ST_3 : Operation 40 [1/1] (0.00ns)   --->   "%res_8 = extractvalue i752 %call_ret" [firmware/nnet_utils/nnet_dense_resource.h:264->firmware/nnet_utils/nnet_dense_stream.h:24->firmware/nnet_utils/nnet_dense_stream.h:97]   --->   Operation 40 'extractvalue' 'res_8' <Predicate = true> <Delay = 0.00>
ST_3 : Operation 41 [1/1] (0.00ns)   --->   "%res_9 = extractvalue i752 %call_ret" [firmware/nnet_utils/nnet_dense_resource.h:264->firmware/nnet_utils/nnet_dense_stream.h:24->firmware/nnet_utils/nnet_dense_stream.h:97]   --->   Operation 41 'extractvalue' 'res_9' <Predicate = true> <Delay = 0.00>
ST_3 : Operation 42 [1/1] (0.00ns)   --->   "%res_24 = extractvalue i752 %call_ret" [firmware/nnet_utils/nnet_dense_resource.h:264->firmware/nnet_utils/nnet_dense_stream.h:24->firmware/nnet_utils/nnet_dense_stream.h:97]   --->   Operation 42 'extractvalue' 'res_24' <Predicate = true> <Delay = 0.00>
ST_3 : Operation 43 [1/1] (0.00ns)   --->   "%res_25 = extractvalue i752 %call_ret" [firmware/nnet_utils/nnet_dense_resource.h:264->firmware/nnet_utils/nnet_dense_stream.h:24->firmware/nnet_utils/nnet_dense_stream.h:97]   --->   Operation 43 'extractvalue' 'res_25' <Predicate = true> <Delay = 0.00>
ST_3 : Operation 44 [1/1] (0.00ns)   --->   "%res_26 = extractvalue i752 %call_ret" [firmware/nnet_utils/nnet_dense_resource.h:264->firmware/nnet_utils/nnet_dense_stream.h:24->firmware/nnet_utils/nnet_dense_stream.h:97]   --->   Operation 44 'extractvalue' 'res_26' <Predicate = true> <Delay = 0.00>
ST_3 : Operation 45 [1/1] (0.00ns)   --->   "%res_27 = extractvalue i752 %call_ret" [firmware/nnet_utils/nnet_dense_resource.h:264->firmware/nnet_utils/nnet_dense_stream.h:24->firmware/nnet_utils/nnet_dense_stream.h:97]   --->   Operation 45 'extractvalue' 'res_27' <Predicate = true> <Delay = 0.00>
ST_3 : Operation 46 [1/1] (0.00ns)   --->   "%res_28 = extractvalue i752 %call_ret" [firmware/nnet_utils/nnet_dense_resource.h:264->firmware/nnet_utils/nnet_dense_stream.h:24->firmware/nnet_utils/nnet_dense_stream.h:97]   --->   Operation 46 'extractvalue' 'res_28' <Predicate = true> <Delay = 0.00>
ST_3 : Operation 47 [1/1] (0.00ns)   --->   "%res_29 = extractvalue i752 %call_ret" [firmware/nnet_utils/nnet_dense_resource.h:264->firmware/nnet_utils/nnet_dense_stream.h:24->firmware/nnet_utils/nnet_dense_stream.h:97]   --->   Operation 47 'extractvalue' 'res_29' <Predicate = true> <Delay = 0.00>
ST_3 : Operation 48 [1/1] (0.00ns)   --->   "%res_30 = extractvalue i752 %call_ret" [firmware/nnet_utils/nnet_dense_resource.h:264->firmware/nnet_utils/nnet_dense_stream.h:24->firmware/nnet_utils/nnet_dense_stream.h:97]   --->   Operation 48 'extractvalue' 'res_30' <Predicate = true> <Delay = 0.00>
ST_3 : Operation 49 [1/1] (0.00ns)   --->   "%res_31 = extractvalue i752 %call_ret" [firmware/nnet_utils/nnet_dense_resource.h:264->firmware/nnet_utils/nnet_dense_stream.h:24->firmware/nnet_utils/nnet_dense_stream.h:97]   --->   Operation 49 'extractvalue' 'res_31' <Predicate = true> <Delay = 0.00>
ST_3 : Operation 50 [1/1] (0.00ns)   --->   "%res_32 = extractvalue i752 %call_ret" [firmware/nnet_utils/nnet_dense_resource.h:264->firmware/nnet_utils/nnet_dense_stream.h:24->firmware/nnet_utils/nnet_dense_stream.h:97]   --->   Operation 50 'extractvalue' 'res_32' <Predicate = true> <Delay = 0.00>
ST_3 : Operation 51 [1/1] (0.00ns)   --->   "%res_33 = extractvalue i752 %call_ret" [firmware/nnet_utils/nnet_dense_resource.h:264->firmware/nnet_utils/nnet_dense_stream.h:24->firmware/nnet_utils/nnet_dense_stream.h:97]   --->   Operation 51 'extractvalue' 'res_33' <Predicate = true> <Delay = 0.00>
ST_3 : Operation 52 [1/1] (0.00ns)   --->   "%res_34 = extractvalue i752 %call_ret" [firmware/nnet_utils/nnet_dense_resource.h:264->firmware/nnet_utils/nnet_dense_stream.h:24->firmware/nnet_utils/nnet_dense_stream.h:97]   --->   Operation 52 'extractvalue' 'res_34' <Predicate = true> <Delay = 0.00>
ST_3 : Operation 53 [1/1] (0.00ns)   --->   "%res_35 = extractvalue i752 %call_ret" [firmware/nnet_utils/nnet_dense_resource.h:264->firmware/nnet_utils/nnet_dense_stream.h:24->firmware/nnet_utils/nnet_dense_stream.h:97]   --->   Operation 53 'extractvalue' 'res_35' <Predicate = true> <Delay = 0.00>
ST_3 : Operation 54 [1/1] (0.00ns)   --->   "%res_36 = extractvalue i752 %call_ret" [firmware/nnet_utils/nnet_dense_resource.h:264->firmware/nnet_utils/nnet_dense_stream.h:24->firmware/nnet_utils/nnet_dense_stream.h:97]   --->   Operation 54 'extractvalue' 'res_36' <Predicate = true> <Delay = 0.00>
ST_3 : Operation 55 [1/1] (0.00ns)   --->   "%res_37 = extractvalue i752 %call_ret" [firmware/nnet_utils/nnet_dense_resource.h:264->firmware/nnet_utils/nnet_dense_stream.h:24->firmware/nnet_utils/nnet_dense_stream.h:97]   --->   Operation 55 'extractvalue' 'res_37' <Predicate = true> <Delay = 0.00>
ST_3 : Operation 56 [1/1] (0.00ns)   --->   "%res_38 = extractvalue i752 %call_ret" [firmware/nnet_utils/nnet_dense_resource.h:264->firmware/nnet_utils/nnet_dense_stream.h:24->firmware/nnet_utils/nnet_dense_stream.h:97]   --->   Operation 56 'extractvalue' 'res_38' <Predicate = true> <Delay = 0.00>
ST_3 : Operation 57 [1/1] (0.00ns)   --->   "%res_39 = extractvalue i752 %call_ret" [firmware/nnet_utils/nnet_dense_resource.h:264->firmware/nnet_utils/nnet_dense_stream.h:24->firmware/nnet_utils/nnet_dense_stream.h:97]   --->   Operation 57 'extractvalue' 'res_39' <Predicate = true> <Delay = 0.00>
ST_3 : Operation 58 [1/1] (0.00ns)   --->   "%res_40 = extractvalue i752 %call_ret" [firmware/nnet_utils/nnet_dense_resource.h:264->firmware/nnet_utils/nnet_dense_stream.h:24->firmware/nnet_utils/nnet_dense_stream.h:97]   --->   Operation 58 'extractvalue' 'res_40' <Predicate = true> <Delay = 0.00>
ST_3 : Operation 59 [1/1] (0.00ns)   --->   "%res_41 = extractvalue i752 %call_ret" [firmware/nnet_utils/nnet_dense_resource.h:264->firmware/nnet_utils/nnet_dense_stream.h:24->firmware/nnet_utils/nnet_dense_stream.h:97]   --->   Operation 59 'extractvalue' 'res_41' <Predicate = true> <Delay = 0.00>
ST_3 : Operation 60 [1/1] (0.00ns)   --->   "%res_42 = extractvalue i752 %call_ret" [firmware/nnet_utils/nnet_dense_resource.h:264->firmware/nnet_utils/nnet_dense_stream.h:24->firmware/nnet_utils/nnet_dense_stream.h:97]   --->   Operation 60 'extractvalue' 'res_42' <Predicate = true> <Delay = 0.00>
ST_3 : Operation 61 [1/1] (0.00ns)   --->   "%res_43 = extractvalue i752 %call_ret" [firmware/nnet_utils/nnet_dense_resource.h:264->firmware/nnet_utils/nnet_dense_stream.h:24->firmware/nnet_utils/nnet_dense_stream.h:97]   --->   Operation 61 'extractvalue' 'res_43' <Predicate = true> <Delay = 0.00>
ST_3 : Operation 62 [1/1] (0.00ns)   --->   "%res_44 = extractvalue i752 %call_ret" [firmware/nnet_utils/nnet_dense_resource.h:264->firmware/nnet_utils/nnet_dense_stream.h:24->firmware/nnet_utils/nnet_dense_stream.h:97]   --->   Operation 62 'extractvalue' 'res_44' <Predicate = true> <Delay = 0.00>
ST_3 : Operation 63 [1/1] (0.00ns)   --->   "%res_45 = extractvalue i752 %call_ret" [firmware/nnet_utils/nnet_dense_resource.h:264->firmware/nnet_utils/nnet_dense_stream.h:24->firmware/nnet_utils/nnet_dense_stream.h:97]   --->   Operation 63 'extractvalue' 'res_45' <Predicate = true> <Delay = 0.00>
ST_3 : Operation 64 [1/1] (0.00ns)   --->   "%res_46 = extractvalue i752 %call_ret" [firmware/nnet_utils/nnet_dense_resource.h:264->firmware/nnet_utils/nnet_dense_stream.h:24->firmware/nnet_utils/nnet_dense_stream.h:97]   --->   Operation 64 'extractvalue' 'res_46' <Predicate = true> <Delay = 0.00>
ST_3 : Operation 65 [1/1] (0.00ns)   --->   "%res_47 = extractvalue i752 %call_ret" [firmware/nnet_utils/nnet_dense_resource.h:264->firmware/nnet_utils/nnet_dense_stream.h:24->firmware/nnet_utils/nnet_dense_stream.h:97]   --->   Operation 65 'extractvalue' 'res_47' <Predicate = true> <Delay = 0.00>
ST_3 : Operation 66 [1/1] (0.00ns)   --->   "%res_48 = extractvalue i752 %call_ret" [firmware/nnet_utils/nnet_dense_resource.h:264->firmware/nnet_utils/nnet_dense_stream.h:24->firmware/nnet_utils/nnet_dense_stream.h:97]   --->   Operation 66 'extractvalue' 'res_48' <Predicate = true> <Delay = 0.00>
ST_3 : Operation 67 [1/1] (0.00ns)   --->   "%res_49 = extractvalue i752 %call_ret" [firmware/nnet_utils/nnet_dense_resource.h:264->firmware/nnet_utils/nnet_dense_stream.h:24->firmware/nnet_utils/nnet_dense_stream.h:97]   --->   Operation 67 'extractvalue' 'res_49' <Predicate = true> <Delay = 0.00>
ST_3 : Operation 68 [1/1] (0.00ns)   --->   "%res_50 = extractvalue i752 %call_ret" [firmware/nnet_utils/nnet_dense_resource.h:264->firmware/nnet_utils/nnet_dense_stream.h:24->firmware/nnet_utils/nnet_dense_stream.h:97]   --->   Operation 68 'extractvalue' 'res_50' <Predicate = true> <Delay = 0.00>
ST_3 : Operation 69 [1/1] (0.00ns)   --->   "%res_51 = extractvalue i752 %call_ret" [firmware/nnet_utils/nnet_dense_resource.h:264->firmware/nnet_utils/nnet_dense_stream.h:24->firmware/nnet_utils/nnet_dense_stream.h:97]   --->   Operation 69 'extractvalue' 'res_51' <Predicate = true> <Delay = 0.00>
ST_3 : Operation 70 [1/1] (0.00ns)   --->   "%res_52 = extractvalue i752 %call_ret" [firmware/nnet_utils/nnet_dense_resource.h:264->firmware/nnet_utils/nnet_dense_stream.h:24->firmware/nnet_utils/nnet_dense_stream.h:97]   --->   Operation 70 'extractvalue' 'res_52' <Predicate = true> <Delay = 0.00>
ST_3 : Operation 71 [1/1] (0.00ns)   --->   "%res_53 = extractvalue i752 %call_ret" [firmware/nnet_utils/nnet_dense_resource.h:264->firmware/nnet_utils/nnet_dense_stream.h:24->firmware/nnet_utils/nnet_dense_stream.h:97]   --->   Operation 71 'extractvalue' 'res_53' <Predicate = true> <Delay = 0.00>
ST_3 : Operation 72 [1/1] (0.00ns)   --->   "%res_54 = extractvalue i752 %call_ret" [firmware/nnet_utils/nnet_dense_resource.h:264->firmware/nnet_utils/nnet_dense_stream.h:24->firmware/nnet_utils/nnet_dense_stream.h:97]   --->   Operation 72 'extractvalue' 'res_54' <Predicate = true> <Delay = 0.00>
ST_3 : Operation 73 [1/1] (0.00ns)   --->   "%res_55 = extractvalue i752 %call_ret" [firmware/nnet_utils/nnet_dense_resource.h:264->firmware/nnet_utils/nnet_dense_stream.h:24->firmware/nnet_utils/nnet_dense_stream.h:97]   --->   Operation 73 'extractvalue' 'res_55' <Predicate = true> <Delay = 0.00>
ST_3 : Operation 74 [1/1] (0.00ns)   --->   "%res_56 = extractvalue i752 %call_ret" [firmware/nnet_utils/nnet_dense_resource.h:264->firmware/nnet_utils/nnet_dense_stream.h:24->firmware/nnet_utils/nnet_dense_stream.h:97]   --->   Operation 74 'extractvalue' 'res_56' <Predicate = true> <Delay = 0.00>
ST_3 : Operation 75 [1/1] (0.00ns)   --->   "%res_57 = extractvalue i752 %call_ret" [firmware/nnet_utils/nnet_dense_resource.h:264->firmware/nnet_utils/nnet_dense_stream.h:24->firmware/nnet_utils/nnet_dense_stream.h:97]   --->   Operation 75 'extractvalue' 'res_57' <Predicate = true> <Delay = 0.00>
ST_3 : Operation 76 [1/1] (0.00ns)   --->   "%res_58 = extractvalue i752 %call_ret" [firmware/nnet_utils/nnet_dense_resource.h:264->firmware/nnet_utils/nnet_dense_stream.h:24->firmware/nnet_utils/nnet_dense_stream.h:97]   --->   Operation 76 'extractvalue' 'res_58' <Predicate = true> <Delay = 0.00>
ST_3 : Operation 77 [1/1] (0.00ns)   --->   "%res_59 = extractvalue i752 %call_ret" [firmware/nnet_utils/nnet_dense_resource.h:264->firmware/nnet_utils/nnet_dense_stream.h:24->firmware/nnet_utils/nnet_dense_stream.h:97]   --->   Operation 77 'extractvalue' 'res_59' <Predicate = true> <Delay = 0.00>
ST_3 : Operation 78 [1/1] (0.00ns)   --->   "%res_60 = extractvalue i752 %call_ret" [firmware/nnet_utils/nnet_dense_resource.h:264->firmware/nnet_utils/nnet_dense_stream.h:24->firmware/nnet_utils/nnet_dense_stream.h:97]   --->   Operation 78 'extractvalue' 'res_60' <Predicate = true> <Delay = 0.00>

State 4 <SV = 3> <Delay = 1.82>
ST_4 : Operation 79 [1/1] (0.00ns)   --->   "%specinterface_ln0 = specinterface void @_ssdm_op_SpecInterface, i752 %layer26_out, void @empty, i32 0, i32 0, void @empty_7, i32 0, i32 0, void @empty_7, void @empty_7, void @empty_7, i32 0, i32 0, i32 0, i32 0, void @empty_7, void @empty_7, i32 4294967295, i32 0, i32 0, i32 0"   --->   Operation 79 'specinterface' 'specinterface_ln0' <Predicate = true> <Delay = 0.00>
ST_4 : Operation 80 [1/1] (0.00ns)   --->   "%specinterface_ln0 = specinterface void @_ssdm_op_SpecInterface, i384 %layer20_out, void @empty, i32 0, i32 0, void @empty_7, i32 0, i32 0, void @empty_7, void @empty_7, void @empty_7, i32 0, i32 0, i32 0, i32 0, void @empty_7, void @empty_7, i32 4294967295, i32 0, i32 0, i32 0"   --->   Operation 80 'specinterface' 'specinterface_ln0' <Predicate = true> <Delay = 0.00>
ST_4 : Operation 81 [1/1] (0.00ns)   --->   "%p_s = bitconcatenate i752 @_ssdm_op_BitConcatenate.i752.i16.i16.i16.i16.i16.i16.i16.i16.i16.i16.i16.i16.i16.i16.i16.i16.i16.i16.i16.i16.i16.i16.i16.i16.i16.i16.i16.i16.i16.i16.i16.i16.i16.i16.i16.i16.i16.i16.i16.i16.i16.i16.i16.i16.i16.i16.i16, i16 %res_60, i16 %res_59, i16 %res_58, i16 %res_57, i16 %res_56, i16 %res_55, i16 %res_54, i16 %res_53, i16 %res_52, i16 %res_51, i16 %res_50, i16 %res_49, i16 %res_48, i16 %res_47, i16 %res_46, i16 %res_45, i16 %res_44, i16 %res_43, i16 %res_42, i16 %res_41, i16 %res_40, i16 %res_39, i16 %res_38, i16 %res_37, i16 %res_36, i16 %res_35, i16 %res_34, i16 %res_33, i16 %res_32, i16 %res_31, i16 %res_30, i16 %res_29, i16 %res_28, i16 %res_27, i16 %res_26, i16 %res_25, i16 %res_24, i16 %res_9, i16 %res_8, i16 %res_7, i16 %res_6, i16 %res_5, i16 %res_4, i16 %res_3, i16 %res_2, i16 %res_1, i16 %res" [firmware/nnet_utils/nnet_dense_stream.h:77->firmware/nnet_utils/nnet_dense_stream.h:100]   --->   Operation 81 'bitconcatenate' 'p_s' <Predicate = true> <Delay = 0.00>
ST_4 : Operation 82 [1/1] ( I:1.82ns O:1.82ns )   --->   "%write_ln77 = write void @_ssdm_op_Write.ap_fifo.volatile.i752P0A, i752 %layer26_out, i752 %p_s" [firmware/nnet_utils/nnet_dense_stream.h:77->firmware/nnet_utils/nnet_dense_stream.h:100]   --->   Operation 82 'write' 'write_ln77' <Predicate = true> <Delay = 1.82> <CoreInst = "FIFO_SRL">   --->   Core 80 'FIFO_SRL' <Latency = 0> <II = 1> <Delay = 3.90> <Storage> <Opcode : 'read' 'write' 'nbread' 'nbwrite'> <Ports = 0> <Width = 752> <Depth = 1> <FIFO>
ST_4 : Operation 83 [1/1] (0.00ns)   --->   "%ret_ln101 = ret" [firmware/nnet_utils/nnet_dense_stream.h:101]   --->   Operation 83 'ret' 'ret_ln101' <Predicate = true> <Delay = 0.00>


============================================================
+ Verbose Summary: Timing violations
============================================================
Target clock period: 5.000ns, clock uncertainty: 1.350ns.

 <State 1>: 1.825ns
The critical path consists of the following:
	fifo read operation ('layer20_out_read', firmware/nnet_utils/nnet_dense_stream.h:43->firmware/nnet_utils/nnet_dense_stream.h:93) on port 'layer20_out' (firmware/nnet_utils/nnet_dense_stream.h:43->firmware/nnet_utils/nnet_dense_stream.h:93) [7]  (1.825 ns)

 <State 2>: 6.382ns
The critical path consists of the following:
	'call' operation 752 bit ('call_ret', firmware/nnet_utils/nnet_dense_resource.h:264->firmware/nnet_utils/nnet_dense_stream.h:24->firmware/nnet_utils/nnet_dense_stream.h:97) to 'dense_resource_rf_gt_nin_rem0<ap_fixed,ap_fixed<16,6,5,3,0>,config26>' [32]  (6.382 ns)

 <State 3>: 3.556ns
The critical path consists of the following:
	'call' operation 752 bit ('call_ret', firmware/nnet_utils/nnet_dense_resource.h:264->firmware/nnet_utils/nnet_dense_stream.h:24->firmware/nnet_utils/nnet_dense_stream.h:97) to 'dense_resource_rf_gt_nin_rem0<ap_fixed,ap_fixed<16,6,5,3,0>,config26>' [32]  (3.556 ns)

 <State 4>: 1.825ns
The critical path consists of the following:
	fifo write operation ('write_ln77', firmware/nnet_utils/nnet_dense_stream.h:77->firmware/nnet_utils/nnet_dense_stream.h:100) on port 'layer26_out' (firmware/nnet_utils/nnet_dense_stream.h:77->firmware/nnet_utils/nnet_dense_stream.h:100) [81]  (1.825 ns)


============================================================
+ Verbose Summary: Binding
============================================================
N/A
* FSMD analyzer results:
  - Output states:
 - Input state : 
  - Chain level:
	State 1
	State 2
	State 3
	State 4


============================================================
+ Verbose Summary: Datapath Resource usage 
============================================================
N/A
