

================================================================
== Vitis HLS Report for 'dense_resource_rf_gt_nin_rem0_ap_fixed_ap_fixed_16_6_5_3_0_config28_mult_s'
================================================================
* Date:           Tue Oct  6 15:38:18 2026

* Version:        2026.1 (Build 6493734 on Jun 16 2026)
* Project:        myproject_prj
* Solution:       solution1
* Product family: artix7
* Target device:  xc7a35t-ftg256-1


================================================================
== Performance Estimates
================================================================
+ Timing: 
    * Summary: 
    +--------+---------+-----------+------------+
    |  Clock |  Target | Estimated | Uncertainty|
    +--------+---------+-----------+------------+
    |ap_clk  |  5.00 ns|  10.327 ns|     1.35 ns|
    +--------+---------+-----------+------------+

+ Latency: 
    * Summary: 
    +---------+---------+----------+----------+-----+-----+------------------------------------+
    |  Latency (cycles) |  Latency (absolute) |  Interval |              Pipeline              |
    |   min   |   max   |    min   |    max   | min | max |                Type                |
    +---------+---------+----------+----------+-----+-----+------------------------------------+
    |      290|      291|  1.450 us|  1.455 us|  288|  288|  loop rewind stp (delay=0 cycle(s))|
    +---------+---------+----------+----------+-----+-----+------------------------------------+

    + Detail: 
        * Instance: 
        N/A

        * Loop: 
        +-------------+---------+---------+----------+-----------+-----------+------+----------+
        |             |  Latency (cycles) | Iteration|  Initiation Interval  | Trip |          |
        |  Loop Name  |   min   |   max   |  Latency |  achieved |   target  | Count| Pipelined|
        +-------------+---------+---------+----------+-----------+-----------+------+----------+
        |- ReuseLoop  |      290|      290|         4|          1|          1|   288|       yes|
        +-------------+---------+---------+----------+-----------+-----------+------+----------+

============================================================
+ Verbose Summary: Synthesis Manager
============================================================
InlineROM: 1
ExposeGlobal: 0
============================================================
+ Verbose Summary: CDFG Model
============================================================
IsTopModel: 0
ResetActiveHigh: 1
IsCombinational: 0
IsDatapathOnly: 0
HasWiredReturn: 1
HasMFsm: 2
HasVarLatency: 1
IsPipeline: 0
IsRtlPipelined: 0
IsInstanceOverlapped: 0
IsDontTouch: 0
HasImplIP: 0
IsGatedGlobalClock: 0

+ Individual pipeline summary: 
  * Pipeline-0: initiation interval (II) = 1, depth = 4


============================================================
+ Verbose Summary: Schedule
============================================================
* Number of FSM states : 5
* Pipeline : 1
  Pipeline-0 : II = 1, D = 4, States = { 2 3 4 5 }
* Dataflow Pipeline: 0

* FSM state transitions: 
1 --> 2 
2 --> 3 
3 --> 4 
4 --> 5 
5 --> 2 

* FSM state operations: 

State 1 <SV = 0> <Delay = 1.61>
ST_1 : Operation 6 [1/1] (1.61ns)   --->   "%br_ln135 = br void %rewind_header" [firmware/nnet_utils/nnet_dense_resource.h:135]   --->   Operation 6 'br' 'br_ln135' <Predicate = true> <Delay = 1.61>

State 2 <SV = 1> <Delay = 3.25>
ST_2 : Operation 7 [1/1] (0.00ns)   --->   "%do_init = phi i1 1, void %entry, i1 0, void %MultLoop.split.i_ifconv, i1 1, void %dense_resource_rf_gt_nin_rem0<ap_fixed<16, 6, 5, 3, 0>, ap_fixed<16, 6, 5, 3, 0>, config28_mult>.exit"   --->   Operation 7 'phi' 'do_init' <Predicate = true> <Delay = 0.00>
ST_2 : Operation 8 [1/1] (0.00ns)   --->   "%ir = phi i9 0, void %entry, i9 %w_index, void %MultLoop.split.i_ifconv, i9 0, void %dense_resource_rf_gt_nin_rem0<ap_fixed<16, 6, 5, 3, 0>, ap_fixed<16, 6, 5, 3, 0>, config28_mult>.exit"   --->   Operation 8 'phi' 'ir' <Predicate = true> <Delay = 0.00>
ST_2 : Operation 9 [1/1] (1.61ns)   --->   "%br_ln0 = br i1 %do_init, void %MultLoop.split.i_ifconv, void %rewind_init"   --->   Operation 9 'br' 'br_ln0' <Predicate = true> <Delay = 1.61>
ST_2 : Operation 10 [1/1] (1.61ns)   --->   "%br_ln135 = br void %MultLoop.split.i_ifconv" [firmware/nnet_utils/nnet_dense_resource.h:135]   --->   Operation 10 'br' 'br_ln135' <Predicate = (do_init)> <Delay = 1.61>
ST_2 : Operation 11 [1/1] (0.00ns)   --->   "%zext_ln135 = zext i9 %ir" [firmware/nnet_utils/nnet_dense_resource.h:135]   --->   Operation 11 'zext' 'zext_ln135' <Predicate = true> <Delay = 0.00>
ST_2 : Operation 12 [1/1] (0.00ns)   --->   "%outidx_50_addr = getelementptr i3 %outidx_50, i64 0, i64 %zext_ln135" [firmware/nnet_utils/nnet_dense_resource.h:139]   --->   Operation 12 'getelementptr' 'outidx_50_addr' <Predicate = true> <Delay = 0.00>
ST_2 : Operation 13 [2/2] (2.15ns)   --->   "%out_index = load i9 %outidx_50_addr" [firmware/nnet_utils/nnet_dense_resource.h:139]   --->   Operation 13 'load' 'out_index' <Predicate = true> <Delay = 2.15> <CoreInst = "ROM">   --->   Core 94 'ROM' <Latency = 1> <II = 1> <Delay = 2.15> <Storage> <Opcode : 'load'> <Ports = 0> <Width = 3> <Depth = 288> <ROM>
ST_2 : Operation 14 [1/1] (0.00ns)   --->   "%w28_addr = getelementptr i12 %w28, i64 0, i64 %zext_ln135" [firmware/nnet_utils/nnet_dense_resource.h:145]   --->   Operation 14 'getelementptr' 'w28_addr' <Predicate = true> <Delay = 0.00>
ST_2 : Operation 15 [2/2] (3.25ns)   --->   "%w = load i9 %w28_addr" [firmware/nnet_utils/nnet_dense_resource.h:145]   --->   Operation 15 'load' 'w' <Predicate = true> <Delay = 3.25> <CoreInst = "ROM_nP_BRAM">   --->   Core 102 'ROM_nP_BRAM' <Latency = 1> <II = 1> <Delay = 3.25> <Storage> <Opcode : 'load'> <Ports = 0> <Width = 12> <Depth = 288> <ROM>
ST_2 : Operation 16 [1/1] (2.11ns)   --->   "%w_index = add i9 %ir, i9 1" [firmware/nnet_utils/nnet_dense_resource.h:135]   --->   Operation 16 'add' 'w_index' <Predicate = true> <Delay = 2.11> <CoreInst = "Adder">   --->   Core 1 'Adder' <Latency = 0> <II = 1> <Delay = 2.11> <FuncUnit> <Opcode : 'add' 'sub'> <InPorts = 2> <OutPorts = 1>
ST_2 : Operation 17 [1/1] (2.11ns)   --->   "%icmp_ln135 = icmp_eq  i9 %ir, i9 287" [firmware/nnet_utils/nnet_dense_resource.h:135]   --->   Operation 17 'icmp' 'icmp_ln135' <Predicate = true> <Delay = 2.11> <CoreInst = "Cmp">   --->   Core 9 'Cmp' <Latency = 0> <II = 1> <Delay = 2.11> <FuncUnit> <Opcode : 'seteq' 'setne' 'setle' 'setge' 'setlt' 'setgt'> <InPorts = 2> <OutPorts = 1>
ST_2 : Operation 18 [1/1] (0.00ns)   --->   "%br_ln135 = br i1 %icmp_ln135, void %rewind_header, void %dense_resource_rf_gt_nin_rem0<ap_fixed<16, 6, 5, 3, 0>, ap_fixed<16, 6, 5, 3, 0>, config28_mult>.exit" [firmware/nnet_utils/nnet_dense_resource.h:135]   --->   Operation 18 'br' 'br_ln135' <Predicate = true> <Delay = 0.00>
ST_2 : Operation 19 [1/1] (0.00ns)   --->   "%br_ln0 = br void %rewind_header"   --->   Operation 19 'br' 'br_ln0' <Predicate = (icmp_ln135)> <Delay = 0.00>

State 3 <SV = 2> <Delay = 6.60>
ST_3 : Operation 20 [1/1] (0.00ns)   --->   "%p_ZZN4nnet24compute_output_buffer_2dINS_5arrayI8ap_fixedILi16ELi6EL9ap_q_mode5EL9_96 = phi i16 0, void %entry, i16 %p_ZZN4nnet24compute_output_buffer_2dINS_5arrayI8ap_fixedILi16ELi6EL9ap_q_mode5EL9_44, void %MultLoop.split.i_ifconv, i16 0, void %dense_resource_rf_gt_nin_rem0<ap_fixed<16, 6, 5, 3, 0>, ap_fixed<16, 6, 5, 3, 0>, config28_mult>.exit"   --->   Operation 20 'phi' 'p_ZZN4nnet24compute_output_buffer_2dINS_5arrayI8ap_fixedILi16ELi6EL9ap_q_mode5EL9_96' <Predicate = true> <Delay = 0.00>
ST_3 : Operation 21 [1/1] (0.00ns)   --->   "%p_ZZN4nnet24compute_output_buffer_2dINS_5arrayI8ap_fixedILi16ELi6EL9ap_q_mode5EL9_97 = phi i16 0, void %entry, i16 %p_ZZN4nnet24compute_output_buffer_2dINS_5arrayI8ap_fixedILi16ELi6EL9ap_q_mode5EL9_45, void %MultLoop.split.i_ifconv, i16 0, void %dense_resource_rf_gt_nin_rem0<ap_fixed<16, 6, 5, 3, 0>, ap_fixed<16, 6, 5, 3, 0>, config28_mult>.exit"   --->   Operation 21 'phi' 'p_ZZN4nnet24compute_output_buffer_2dINS_5arrayI8ap_fixedILi16ELi6EL9ap_q_mode5EL9_97' <Predicate = true> <Delay = 0.00>
ST_3 : Operation 22 [1/1] (0.00ns)   --->   "%p_ZZN4nnet24compute_output_buffer_2dINS_5arrayI8ap_fixedILi16ELi6EL9ap_q_mode5EL9_98 = phi i16 0, void %entry, i16 %p_ZZN4nnet24compute_output_buffer_2dINS_5arrayI8ap_fixedILi16ELi6EL9ap_q_mode5EL9_46, void %MultLoop.split.i_ifconv, i16 0, void %dense_resource_rf_gt_nin_rem0<ap_fixed<16, 6, 5, 3, 0>, ap_fixed<16, 6, 5, 3, 0>, config28_mult>.exit"   --->   Operation 22 'phi' 'p_ZZN4nnet24compute_output_buffer_2dINS_5arrayI8ap_fixedILi16ELi6EL9ap_q_mode5EL9_98' <Predicate = true> <Delay = 0.00>
ST_3 : Operation 23 [1/1] (0.00ns)   --->   "%p_ZZN4nnet24compute_output_buffer_2dINS_5arrayI8ap_fixedILi16ELi6EL9ap_q_mode5EL9_99 = phi i16 0, void %entry, i16 %p_ZZN4nnet24compute_output_buffer_2dINS_5arrayI8ap_fixedILi16ELi6EL9ap_q_mode5EL9_47, void %MultLoop.split.i_ifconv, i16 0, void %dense_resource_rf_gt_nin_rem0<ap_fixed<16, 6, 5, 3, 0>, ap_fixed<16, 6, 5, 3, 0>, config28_mult>.exit"   --->   Operation 23 'phi' 'p_ZZN4nnet24compute_output_buffer_2dINS_5arrayI8ap_fixedILi16ELi6EL9ap_q_mode5EL9_99' <Predicate = true> <Delay = 0.00>
ST_3 : Operation 24 [1/1] (0.00ns)   --->   "%p_ZZN4nnet24compute_output_buffer_2dINS_5arrayI8ap_fixedILi16ELi6EL9ap_q_mode5EL9_100 = phi i16 0, void %entry, i16 %p_ZZN4nnet24compute_output_buffer_2dINS_5arrayI8ap_fixedILi16ELi6EL9ap_q_mode5EL9_48, void %MultLoop.split.i_ifconv, i16 0, void %dense_resource_rf_gt_nin_rem0<ap_fixed<16, 6, 5, 3, 0>, ap_fixed<16, 6, 5, 3, 0>, config28_mult>.exit"   --->   Operation 24 'phi' 'p_ZZN4nnet24compute_output_buffer_2dINS_5arrayI8ap_fixedILi16ELi6EL9ap_q_mode5EL9_100' <Predicate = true> <Delay = 0.00>
ST_3 : Operation 25 [1/1] (0.00ns)   --->   "%p_ZZN4nnet24compute_output_buffer_2dINS_5arrayI8ap_fixedILi16ELi6EL9ap_q_mode5EL9_101 = phi i16 0, void %entry, i16 %p_ZZN4nnet24compute_output_buffer_2dINS_5arrayI8ap_fixedILi16ELi6EL9ap_q_mode5EL9_49, void %MultLoop.split.i_ifconv, i16 0, void %dense_resource_rf_gt_nin_rem0<ap_fixed<16, 6, 5, 3, 0>, ap_fixed<16, 6, 5, 3, 0>, config28_mult>.exit"   --->   Operation 25 'phi' 'p_ZZN4nnet24compute_output_buffer_2dINS_5arrayI8ap_fixedILi16ELi6EL9ap_q_mode5EL9_101' <Predicate = true> <Delay = 0.00>
ST_3 : Operation 26 [1/1] (0.00ns)   --->   "%p_ZZN4nnet24compute_output_buffer_2dINS_5arrayI8ap_fixedILi16ELi6EL9ap_q_mode5EL9_102 = phi i16 0, void %entry, i16 %p_ZZN4nnet24compute_output_buffer_2dINS_5arrayI8ap_fixedILi16ELi6EL9ap_q_mode5EL9_50, void %MultLoop.split.i_ifconv, i16 0, void %dense_resource_rf_gt_nin_rem0<ap_fixed<16, 6, 5, 3, 0>, ap_fixed<16, 6, 5, 3, 0>, config28_mult>.exit"   --->   Operation 26 'phi' 'p_ZZN4nnet24compute_output_buffer_2dINS_5arrayI8ap_fixedILi16ELi6EL9ap_q_mode5EL9_102' <Predicate = true> <Delay = 0.00>
ST_3 : Operation 27 [1/1] (0.00ns)   --->   "%p_ZZN4nnet24compute_output_buffer_2dINS_5arrayI8ap_fixedILi16ELi6EL9ap_q_mode5EL9_103 = phi i16 0, void %entry, i16 %p_ZZN4nnet24compute_output_buffer_2dINS_5arrayI8ap_fixedILi16ELi6EL9ap_q_mode5EL9_51, void %MultLoop.split.i_ifconv, i16 0, void %dense_resource_rf_gt_nin_rem0<ap_fixed<16, 6, 5, 3, 0>, ap_fixed<16, 6, 5, 3, 0>, config28_mult>.exit"   --->   Operation 27 'phi' 'p_ZZN4nnet24compute_output_buffer_2dINS_5arrayI8ap_fixedILi16ELi6EL9ap_q_mode5EL9_103' <Predicate = true> <Delay = 0.00>
ST_3 : Operation 28 [1/1] (0.00ns)   --->   "%p_ZZN4nnet24compute_output_buffer_2dINS_5arrayI8ap_fixedILi16ELi6EL9ap_q_mode5EL9_104 = phi i16 0, void %entry, i16 %p_ZZN4nnet24compute_output_buffer_2dINS_5arrayI8ap_fixedILi16ELi6EL9ap_q_mode5EL9_52, void %MultLoop.split.i_ifconv, i16 0, void %dense_resource_rf_gt_nin_rem0<ap_fixed<16, 6, 5, 3, 0>, ap_fixed<16, 6, 5, 3, 0>, config28_mult>.exit"   --->   Operation 28 'phi' 'p_ZZN4nnet24compute_output_buffer_2dINS_5arrayI8ap_fixedILi16ELi6EL9ap_q_mode5EL9_104' <Predicate = true> <Delay = 0.00>
ST_3 : Operation 29 [1/1] (0.00ns)   --->   "%p_ZZN4nnet24compute_output_buffer_2dINS_5arrayI8ap_fixedILi16ELi6EL9ap_q_mode5EL9_105 = phi i16 0, void %entry, i16 %p_ZZN4nnet24compute_output_buffer_2dINS_5arrayI8ap_fixedILi16ELi6EL9ap_q_mode5EL9_53, void %MultLoop.split.i_ifconv, i16 0, void %dense_resource_rf_gt_nin_rem0<ap_fixed<16, 6, 5, 3, 0>, ap_fixed<16, 6, 5, 3, 0>, config28_mult>.exit"   --->   Operation 29 'phi' 'p_ZZN4nnet24compute_output_buffer_2dINS_5arrayI8ap_fixedILi16ELi6EL9ap_q_mode5EL9_105' <Predicate = true> <Delay = 0.00>
ST_3 : Operation 30 [1/1] (0.00ns)   --->   "%p_ZZN4nnet24compute_output_buffer_2dINS_5arrayI8ap_fixedILi16ELi6EL9ap_q_mode5EL9_106 = phi i16 0, void %entry, i16 %p_ZZN4nnet24compute_output_buffer_2dINS_5arrayI8ap_fixedILi16ELi6EL9ap_q_mode5EL9_54, void %MultLoop.split.i_ifconv, i16 0, void %dense_resource_rf_gt_nin_rem0<ap_fixed<16, 6, 5, 3, 0>, ap_fixed<16, 6, 5, 3, 0>, config28_mult>.exit"   --->   Operation 30 'phi' 'p_ZZN4nnet24compute_output_buffer_2dINS_5arrayI8ap_fixedILi16ELi6EL9ap_q_mode5EL9_106' <Predicate = true> <Delay = 0.00>
ST_3 : Operation 31 [1/1] (0.00ns)   --->   "%p_ZZN4nnet24compute_output_buffer_2dINS_5arrayI8ap_fixedILi16ELi6EL9ap_q_mode5EL9_107 = phi i16 0, void %entry, i16 %p_ZZN4nnet24compute_output_buffer_2dINS_5arrayI8ap_fixedILi16ELi6EL9ap_q_mode5EL9_55, void %MultLoop.split.i_ifconv, i16 0, void %dense_resource_rf_gt_nin_rem0<ap_fixed<16, 6, 5, 3, 0>, ap_fixed<16, 6, 5, 3, 0>, config28_mult>.exit"   --->   Operation 31 'phi' 'p_ZZN4nnet24compute_output_buffer_2dINS_5arrayI8ap_fixedILi16ELi6EL9ap_q_mode5EL9_107' <Predicate = true> <Delay = 0.00>
ST_3 : Operation 32 [1/1] (0.00ns)   --->   "%p_ZZN4nnet24compute_output_buffer_2dINS_5arrayI8ap_fixedILi16ELi6EL9ap_q_mode5EL9_108 = phi i16 0, void %entry, i16 %p_ZZN4nnet24compute_output_buffer_2dINS_5arrayI8ap_fixedILi16ELi6EL9ap_q_mode5EL9_56, void %MultLoop.split.i_ifconv, i16 0, void %dense_resource_rf_gt_nin_rem0<ap_fixed<16, 6, 5, 3, 0>, ap_fixed<16, 6, 5, 3, 0>, config28_mult>.exit"   --->   Operation 32 'phi' 'p_ZZN4nnet24compute_output_buffer_2dINS_5arrayI8ap_fixedILi16ELi6EL9ap_q_mode5EL9_108' <Predicate = true> <Delay = 0.00>
ST_3 : Operation 33 [1/1] (0.00ns)   --->   "%p_ZZN4nnet24compute_output_buffer_2dINS_5arrayI8ap_fixedILi16ELi6EL9ap_q_mode5EL9_109 = phi i16 0, void %entry, i16 %p_ZZN4nnet24compute_output_buffer_2dINS_5arrayI8ap_fixedILi16ELi6EL9ap_q_mode5EL9_57, void %MultLoop.split.i_ifconv, i16 0, void %dense_resource_rf_gt_nin_rem0<ap_fixed<16, 6, 5, 3, 0>, ap_fixed<16, 6, 5, 3, 0>, config28_mult>.exit"   --->   Operation 33 'phi' 'p_ZZN4nnet24compute_output_buffer_2dINS_5arrayI8ap_fixedILi16ELi6EL9ap_q_mode5EL9_109' <Predicate = true> <Delay = 0.00>
ST_3 : Operation 34 [1/1] (0.00ns)   --->   "%p_ZZN4nnet24compute_output_buffer_2dINS_5arrayI8ap_fixedILi16ELi6EL9ap_q_mode5EL9_110 = phi i16 0, void %entry, i16 %p_ZZN4nnet24compute_output_buffer_2dINS_5arrayI8ap_fixedILi16ELi6EL9ap_q_mode5EL9_58, void %MultLoop.split.i_ifconv, i16 0, void %dense_resource_rf_gt_nin_rem0<ap_fixed<16, 6, 5, 3, 0>, ap_fixed<16, 6, 5, 3, 0>, config28_mult>.exit"   --->   Operation 34 'phi' 'p_ZZN4nnet24compute_output_buffer_2dINS_5arrayI8ap_fixedILi16ELi6EL9ap_q_mode5EL9_110' <Predicate = true> <Delay = 0.00>
ST_3 : Operation 35 [1/1] (0.00ns)   --->   "%p_ZZN4nnet24compute_output_buffer_2dINS_5arrayI8ap_fixedILi16ELi6EL9ap_q_mode5EL9_111 = phi i16 0, void %entry, i16 %p_ZZN4nnet24compute_output_buffer_2dINS_5arrayI8ap_fixedILi16ELi6EL9ap_q_mode5EL9_59, void %MultLoop.split.i_ifconv, i16 0, void %dense_resource_rf_gt_nin_rem0<ap_fixed<16, 6, 5, 3, 0>, ap_fixed<16, 6, 5, 3, 0>, config28_mult>.exit"   --->   Operation 35 'phi' 'p_ZZN4nnet24compute_output_buffer_2dINS_5arrayI8ap_fixedILi16ELi6EL9ap_q_mode5EL9_111' <Predicate = true> <Delay = 0.00>
ST_3 : Operation 36 [1/1] (0.00ns)   --->   "%p_ZZN4nnet24compute_output_buffer_2dINS_5arrayI8ap_fixedILi16ELi6EL9ap_q_mode5EL9_112 = phi i16 0, void %entry, i16 %p_ZZN4nnet24compute_output_buffer_2dINS_5arrayI8ap_fixedILi16ELi6EL9ap_q_mode5EL9_60, void %MultLoop.split.i_ifconv, i16 0, void %dense_resource_rf_gt_nin_rem0<ap_fixed<16, 6, 5, 3, 0>, ap_fixed<16, 6, 5, 3, 0>, config28_mult>.exit"   --->   Operation 36 'phi' 'p_ZZN4nnet24compute_output_buffer_2dINS_5arrayI8ap_fixedILi16ELi6EL9ap_q_mode5EL9_112' <Predicate = true> <Delay = 0.00>
ST_3 : Operation 37 [1/1] (0.00ns)   --->   "%p_ZZN4nnet24compute_output_buffer_2dINS_5arrayI8ap_fixedILi16ELi6EL9ap_q_mode5EL9_113 = phi i16 0, void %entry, i16 %p_ZZN4nnet24compute_output_buffer_2dINS_5arrayI8ap_fixedILi16ELi6EL9ap_q_mode5EL9_61, void %MultLoop.split.i_ifconv, i16 0, void %dense_resource_rf_gt_nin_rem0<ap_fixed<16, 6, 5, 3, 0>, ap_fixed<16, 6, 5, 3, 0>, config28_mult>.exit"   --->   Operation 37 'phi' 'p_ZZN4nnet24compute_output_buffer_2dINS_5arrayI8ap_fixedILi16ELi6EL9ap_q_mode5EL9_113' <Predicate = true> <Delay = 0.00>
ST_3 : Operation 38 [1/1] (0.00ns)   --->   "%p_ZZN4nnet24compute_output_buffer_2dINS_5arrayI8ap_fixedILi16ELi6EL9ap_q_mode5EL9_114 = phi i16 0, void %entry, i16 %p_ZZN4nnet24compute_output_buffer_2dINS_5arrayI8ap_fixedILi16ELi6EL9ap_q_mode5EL9_62, void %MultLoop.split.i_ifconv, i16 0, void %dense_resource_rf_gt_nin_rem0<ap_fixed<16, 6, 5, 3, 0>, ap_fixed<16, 6, 5, 3, 0>, config28_mult>.exit"   --->   Operation 38 'phi' 'p_ZZN4nnet24compute_output_buffer_2dINS_5arrayI8ap_fixedILi16ELi6EL9ap_q_mode5EL9_114' <Predicate = true> <Delay = 0.00>
ST_3 : Operation 39 [1/1] (0.00ns)   --->   "%p_ZZN4nnet24compute_output_buffer_2dINS_5arrayI8ap_fixedILi16ELi6EL9ap_q_mode5EL9_115 = phi i16 0, void %entry, i16 %p_ZZN4nnet24compute_output_buffer_2dINS_5arrayI8ap_fixedILi16ELi6EL9ap_q_mode5EL9_63, void %MultLoop.split.i_ifconv, i16 0, void %dense_resource_rf_gt_nin_rem0<ap_fixed<16, 6, 5, 3, 0>, ap_fixed<16, 6, 5, 3, 0>, config28_mult>.exit"   --->   Operation 39 'phi' 'p_ZZN4nnet24compute_output_buffer_2dINS_5arrayI8ap_fixedILi16ELi6EL9ap_q_mode5EL9_115' <Predicate = true> <Delay = 0.00>
ST_3 : Operation 40 [1/1] (0.00ns)   --->   "%p_ZZN4nnet24compute_output_buffer_2dINS_5arrayI8ap_fixedILi16ELi6EL9ap_q_mode5EL9_116 = phi i16 0, void %entry, i16 %p_ZZN4nnet24compute_output_buffer_2dINS_5arrayI8ap_fixedILi16ELi6EL9ap_q_mode5EL9_64, void %MultLoop.split.i_ifconv, i16 0, void %dense_resource_rf_gt_nin_rem0<ap_fixed<16, 6, 5, 3, 0>, ap_fixed<16, 6, 5, 3, 0>, config28_mult>.exit"   --->   Operation 40 'phi' 'p_ZZN4nnet24compute_output_buffer_2dINS_5arrayI8ap_fixedILi16ELi6EL9ap_q_mode5EL9_116' <Predicate = true> <Delay = 0.00>
ST_3 : Operation 41 [1/1] (0.00ns)   --->   "%p_ZZN4nnet24compute_output_buffer_2dINS_5arrayI8ap_fixedILi16ELi6EL9ap_q_mode5EL9_117 = phi i16 0, void %entry, i16 %p_ZZN4nnet24compute_output_buffer_2dINS_5arrayI8ap_fixedILi16ELi6EL9ap_q_mode5EL9_65, void %MultLoop.split.i_ifconv, i16 0, void %dense_resource_rf_gt_nin_rem0<ap_fixed<16, 6, 5, 3, 0>, ap_fixed<16, 6, 5, 3, 0>, config28_mult>.exit"   --->   Operation 41 'phi' 'p_ZZN4nnet24compute_output_buffer_2dINS_5arrayI8ap_fixedILi16ELi6EL9ap_q_mode5EL9_117' <Predicate = true> <Delay = 0.00>
ST_3 : Operation 42 [1/1] (0.00ns)   --->   "%p_ZZN4nnet24compute_output_buffer_2dINS_5arrayI8ap_fixedILi16ELi6EL9ap_q_mode5EL9_118 = phi i16 0, void %entry, i16 %p_ZZN4nnet24compute_output_buffer_2dINS_5arrayI8ap_fixedILi16ELi6EL9ap_q_mode5EL9_66, void %MultLoop.split.i_ifconv, i16 0, void %dense_resource_rf_gt_nin_rem0<ap_fixed<16, 6, 5, 3, 0>, ap_fixed<16, 6, 5, 3, 0>, config28_mult>.exit"   --->   Operation 42 'phi' 'p_ZZN4nnet24compute_output_buffer_2dINS_5arrayI8ap_fixedILi16ELi6EL9ap_q_mode5EL9_118' <Predicate = true> <Delay = 0.00>
ST_3 : Operation 43 [1/1] (0.00ns)   --->   "%p_ZZN4nnet24compute_output_buffer_2dINS_5arrayI8ap_fixedILi16ELi6EL9ap_q_mode5EL9_119 = phi i16 0, void %entry, i16 %p_ZZN4nnet24compute_output_buffer_2dINS_5arrayI8ap_fixedILi16ELi6EL9ap_q_mode5EL9_67, void %MultLoop.split.i_ifconv, i16 0, void %dense_resource_rf_gt_nin_rem0<ap_fixed<16, 6, 5, 3, 0>, ap_fixed<16, 6, 5, 3, 0>, config28_mult>.exit"   --->   Operation 43 'phi' 'p_ZZN4nnet24compute_output_buffer_2dINS_5arrayI8ap_fixedILi16ELi6EL9ap_q_mode5EL9_119' <Predicate = true> <Delay = 0.00>
ST_3 : Operation 44 [1/1] (0.00ns)   --->   "%p_ZZN4nnet24compute_output_buffer_2dINS_5arrayI8ap_fixedILi16ELi6EL9ap_q_mode5EL9_120 = phi i16 0, void %entry, i16 %p_ZZN4nnet24compute_output_buffer_2dINS_5arrayI8ap_fixedILi16ELi6EL9ap_q_mode5EL9_68, void %MultLoop.split.i_ifconv, i16 0, void %dense_resource_rf_gt_nin_rem0<ap_fixed<16, 6, 5, 3, 0>, ap_fixed<16, 6, 5, 3, 0>, config28_mult>.exit"   --->   Operation 44 'phi' 'p_ZZN4nnet24compute_output_buffer_2dINS_5arrayI8ap_fixedILi16ELi6EL9ap_q_mode5EL9_120' <Predicate = true> <Delay = 0.00>
ST_3 : Operation 45 [1/1] (0.00ns)   --->   "%p_ZZN4nnet24compute_output_buffer_2dINS_5arrayI8ap_fixedILi16ELi6EL9ap_q_mode5EL9_121 = phi i16 0, void %entry, i16 %p_ZZN4nnet24compute_output_buffer_2dINS_5arrayI8ap_fixedILi16ELi6EL9ap_q_mode5EL9_69, void %MultLoop.split.i_ifconv, i16 0, void %dense_resource_rf_gt_nin_rem0<ap_fixed<16, 6, 5, 3, 0>, ap_fixed<16, 6, 5, 3, 0>, config28_mult>.exit"   --->   Operation 45 'phi' 'p_ZZN4nnet24compute_output_buffer_2dINS_5arrayI8ap_fixedILi16ELi6EL9ap_q_mode5EL9_121' <Predicate = true> <Delay = 0.00>
ST_3 : Operation 46 [1/1] (0.00ns)   --->   "%void_compute_output_buffer_2d_array_const_ap_shift_reg_n_chan_stream_weig_51 = phi i16 0, void %entry, i16 %void_compute_output_buffer_2d_array_const_ap_shift_reg_n_chan_stream_weig_31, void %MultLoop.split.i_ifconv, i16 0, void %dense_resource_rf_gt_nin_rem0<ap_fixed<16, 6, 5, 3, 0>, ap_fixed<16, 6, 5, 3, 0>, config28_mult>.exit"   --->   Operation 46 'phi' 'void_compute_output_buffer_2d_array_const_ap_shift_reg_n_chan_stream_weig_51' <Predicate = true> <Delay = 0.00>
ST_3 : Operation 47 [1/1] (0.00ns)   --->   "%void_compute_output_buffer_2d_array_const_ap_shift_reg_n_chan_stream_weig_52 = phi i16 0, void %entry, i16 %void_compute_output_buffer_2d_array_const_ap_shift_reg_n_chan_stream_weig_32, void %MultLoop.split.i_ifconv, i16 0, void %dense_resource_rf_gt_nin_rem0<ap_fixed<16, 6, 5, 3, 0>, ap_fixed<16, 6, 5, 3, 0>, config28_mult>.exit"   --->   Operation 47 'phi' 'void_compute_output_buffer_2d_array_const_ap_shift_reg_n_chan_stream_weig_52' <Predicate = true> <Delay = 0.00>
ST_3 : Operation 48 [1/1] (0.00ns)   --->   "%void_compute_output_buffer_2d_array_const_ap_shift_reg_n_chan_stream_weig_53 = phi i16 0, void %entry, i16 %void_compute_output_buffer_2d_array_const_ap_shift_reg_n_chan_stream_weig_33, void %MultLoop.split.i_ifconv, i16 0, void %dense_resource_rf_gt_nin_rem0<ap_fixed<16, 6, 5, 3, 0>, ap_fixed<16, 6, 5, 3, 0>, config28_mult>.exit"   --->   Operation 48 'phi' 'void_compute_output_buffer_2d_array_const_ap_shift_reg_n_chan_stream_weig_53' <Predicate = true> <Delay = 0.00>
ST_3 : Operation 49 [1/1] (0.00ns)   --->   "%void_compute_output_buffer_2d_array_const_ap_shift_reg_n_chan_stream_weig_54 = phi i16 0, void %entry, i16 %void_compute_output_buffer_2d_array_const_ap_shift_reg_n_chan_stream_weig_34, void %MultLoop.split.i_ifconv, i16 0, void %dense_resource_rf_gt_nin_rem0<ap_fixed<16, 6, 5, 3, 0>, ap_fixed<16, 6, 5, 3, 0>, config28_mult>.exit"   --->   Operation 49 'phi' 'void_compute_output_buffer_2d_array_const_ap_shift_reg_n_chan_stream_weig_54' <Predicate = true> <Delay = 0.00>
ST_3 : Operation 50 [1/1] (0.00ns)   --->   "%void_compute_output_buffer_2d_array_const_ap_shift_reg_n_chan_stream_weig_55 = phi i16 0, void %entry, i16 %void_compute_output_buffer_2d_array_const_ap_shift_reg_n_chan_stream_weig_35, void %MultLoop.split.i_ifconv, i16 0, void %dense_resource_rf_gt_nin_rem0<ap_fixed<16, 6, 5, 3, 0>, ap_fixed<16, 6, 5, 3, 0>, config28_mult>.exit"   --->   Operation 50 'phi' 'void_compute_output_buffer_2d_array_const_ap_shift_reg_n_chan_stream_weig_55' <Predicate = true> <Delay = 0.00>
ST_3 : Operation 51 [1/1] (0.00ns)   --->   "%void_compute_output_buffer_2d_array_const_ap_shift_reg_n_chan_stream_weig_56 = phi i16 0, void %entry, i16 %void_compute_output_buffer_2d_array_const_ap_shift_reg_n_chan_stream_weig_36, void %MultLoop.split.i_ifconv, i16 0, void %dense_resource_rf_gt_nin_rem0<ap_fixed<16, 6, 5, 3, 0>, ap_fixed<16, 6, 5, 3, 0>, config28_mult>.exit"   --->   Operation 51 'phi' 'void_compute_output_buffer_2d_array_const_ap_shift_reg_n_chan_stream_weig_56' <Predicate = true> <Delay = 0.00>
ST_3 : Operation 52 [1/1] (0.00ns)   --->   "%void_compute_output_buffer_2d_array_const_ap_shift_reg_n_chan_stream_weig_57 = phi i16 0, void %entry, i16 %void_compute_output_buffer_2d_array_const_ap_shift_reg_n_chan_stream_weig_37, void %MultLoop.split.i_ifconv, i16 0, void %dense_resource_rf_gt_nin_rem0<ap_fixed<16, 6, 5, 3, 0>, ap_fixed<16, 6, 5, 3, 0>, config28_mult>.exit"   --->   Operation 52 'phi' 'void_compute_output_buffer_2d_array_const_ap_shift_reg_n_chan_stream_weig_57' <Predicate = true> <Delay = 0.00>
ST_3 : Operation 53 [1/1] (0.00ns)   --->   "%void_compute_output_buffer_2d_array_const_ap_shift_reg_n_chan_stream_weig_58 = phi i16 0, void %entry, i16 %void_compute_output_buffer_2d_array_const_ap_shift_reg_n_chan_stream_weig_38, void %MultLoop.split.i_ifconv, i16 0, void %dense_resource_rf_gt_nin_rem0<ap_fixed<16, 6, 5, 3, 0>, ap_fixed<16, 6, 5, 3, 0>, config28_mult>.exit"   --->   Operation 53 'phi' 'void_compute_output_buffer_2d_array_const_ap_shift_reg_n_chan_stream_weig_58' <Predicate = true> <Delay = 0.00>
ST_3 : Operation 54 [1/1] (0.00ns)   --->   "%void_compute_output_buffer_2d_array_const_ap_shift_reg_n_chan_stream_weig_59 = phi i16 0, void %entry, i16 %void_compute_output_buffer_2d_array_const_ap_shift_reg_n_chan_stream_weig_39, void %MultLoop.split.i_ifconv, i16 0, void %dense_resource_rf_gt_nin_rem0<ap_fixed<16, 6, 5, 3, 0>, ap_fixed<16, 6, 5, 3, 0>, config28_mult>.exit"   --->   Operation 54 'phi' 'void_compute_output_buffer_2d_array_const_ap_shift_reg_n_chan_stream_weig_59' <Predicate = true> <Delay = 0.00>
ST_3 : Operation 55 [1/1] (0.00ns)   --->   "%void_compute_output_buffer_2d_array_const_ap_shift_reg_n_chan_stream_weig_60 = phi i16 0, void %entry, i16 %void_compute_output_buffer_2d_array_const_ap_shift_reg_n_chan_stream_weig_40, void %MultLoop.split.i_ifconv, i16 0, void %dense_resource_rf_gt_nin_rem0<ap_fixed<16, 6, 5, 3, 0>, ap_fixed<16, 6, 5, 3, 0>, config28_mult>.exit"   --->   Operation 55 'phi' 'void_compute_output_buffer_2d_array_const_ap_shift_reg_n_chan_stream_weig_60' <Predicate = true> <Delay = 0.00>
ST_3 : Operation 56 [1/1] (0.00ns)   --->   "%in_index = phi i32 0, void %entry, i32 %in_index_4, void %MultLoop.split.i_ifconv, i32 0, void %dense_resource_rf_gt_nin_rem0<ap_fixed<16, 6, 5, 3, 0>, ap_fixed<16, 6, 5, 3, 0>, config28_mult>.exit"   --->   Operation 56 'phi' 'in_index' <Predicate = true> <Delay = 0.00>
ST_3 : Operation 57 [1/1] (0.00ns)   --->   "%specmemcore_ln0 = specmemcore void @_ssdm_op_SpecMemCore, i12 %w28, i64 666, i64 38, i64 18446744073709551615, i1 0"   --->   Operation 57 'specmemcore' 'specmemcore_ln0' <Predicate = (do_init)> <Delay = 0.00>
ST_3 : Operation 58 [1/1] (0.00ns)   --->   "%void_compute_output_buffer_2d_array_const_ap_shift_reg_n_chan_stream_weig_41 = load i16 %void_compute_output_buffer_2d_array_const_ap_shift_reg_n_chan_stream_weig_9"   --->   Operation 58 'load' 'void_compute_output_buffer_2d_array_const_ap_shift_reg_n_chan_stream_weig_41' <Predicate = (do_init)> <Delay = 0.00>
ST_3 : Operation 59 [1/1] (0.00ns)   --->   "%void_compute_output_buffer_2d_array_const_ap_shift_reg_n_chan_stream_weig_42 = load i16 %void_compute_output_buffer_2d_array_const_ap_shift_reg_n_chan_stream_weig_8"   --->   Operation 59 'load' 'void_compute_output_buffer_2d_array_const_ap_shift_reg_n_chan_stream_weig_42' <Predicate = (do_init)> <Delay = 0.00>
ST_3 : Operation 60 [1/1] (0.00ns)   --->   "%void_compute_output_buffer_2d_array_const_ap_shift_reg_n_chan_stream_weig_43 = load i16 %void_compute_output_buffer_2d_array_const_ap_shift_reg_n_chan_stream_weig_7"   --->   Operation 60 'load' 'void_compute_output_buffer_2d_array_const_ap_shift_reg_n_chan_stream_weig_43' <Predicate = (do_init)> <Delay = 0.00>
ST_3 : Operation 61 [1/1] (0.00ns)   --->   "%void_compute_output_buffer_2d_array_const_ap_shift_reg_n_chan_stream_weig_44 = load i16 %void_compute_output_buffer_2d_array_const_ap_shift_reg_n_chan_stream_weig_6"   --->   Operation 61 'load' 'void_compute_output_buffer_2d_array_const_ap_shift_reg_n_chan_stream_weig_44' <Predicate = (do_init)> <Delay = 0.00>
ST_3 : Operation 62 [1/1] (0.00ns)   --->   "%void_compute_output_buffer_2d_array_const_ap_shift_reg_n_chan_stream_weig_45 = load i16 %void_compute_output_buffer_2d_array_const_ap_shift_reg_n_chan_stream_weig_5"   --->   Operation 62 'load' 'void_compute_output_buffer_2d_array_const_ap_shift_reg_n_chan_stream_weig_45' <Predicate = (do_init)> <Delay = 0.00>
ST_3 : Operation 63 [1/1] (0.00ns)   --->   "%void_compute_output_buffer_2d_array_const_ap_shift_reg_n_chan_stream_weig_46 = load i16 %void_compute_output_buffer_2d_array_const_ap_shift_reg_n_chan_stream_weig_4"   --->   Operation 63 'load' 'void_compute_output_buffer_2d_array_const_ap_shift_reg_n_chan_stream_weig_46' <Predicate = (do_init)> <Delay = 0.00>
ST_3 : Operation 64 [1/1] (0.00ns)   --->   "%void_compute_output_buffer_2d_array_const_ap_shift_reg_n_chan_stream_weig_47 = load i16 %void_compute_output_buffer_2d_array_const_ap_shift_reg_n_chan_stream_weig_3"   --->   Operation 64 'load' 'void_compute_output_buffer_2d_array_const_ap_shift_reg_n_chan_stream_weig_47' <Predicate = (do_init)> <Delay = 0.00>
ST_3 : Operation 65 [1/1] (0.00ns)   --->   "%void_compute_output_buffer_2d_array_const_ap_shift_reg_n_chan_stream_weig_48 = load i16 %void_compute_output_buffer_2d_array_const_ap_shift_reg_n_chan_stream_weig_2"   --->   Operation 65 'load' 'void_compute_output_buffer_2d_array_const_ap_shift_reg_n_chan_stream_weig_48' <Predicate = (do_init)> <Delay = 0.00>
ST_3 : Operation 66 [1/1] (0.00ns)   --->   "%void_compute_output_buffer_2d_array_const_ap_shift_reg_n_chan_stream_weig_49 = load i16 %void_compute_output_buffer_2d_array_const_ap_shift_reg_n_chan_stream_weig_1"   --->   Operation 66 'load' 'void_compute_output_buffer_2d_array_const_ap_shift_reg_n_chan_stream_weig_49' <Predicate = (do_init)> <Delay = 0.00>
ST_3 : Operation 67 [1/1] (0.00ns)   --->   "%void_compute_output_buffer_2d_array_const_ap_shift_reg_n_chan_stream_weig_50 = load i16 %void_compute_output_buffer_2d_array_const_ap_shift_reg_n_chan_stream_weig"   --->   Operation 67 'load' 'void_compute_output_buffer_2d_array_const_ap_shift_reg_n_chan_stream_weig_50' <Predicate = (do_init)> <Delay = 0.00>
ST_3 : Operation 68 [1/1] (0.00ns)   --->   "%p_ZZN4nnet24compute_output_buffer_2dINS_5arrayI8ap_fixedILi16ELi6EL9ap_q_mode5EL9_70 = load i16 %p_ZZN4nnet24compute_output_buffer_2dINS_5arrayI8ap_fixedILi16ELi6EL9ap_q_mode5EL9_25"   --->   Operation 68 'load' 'p_ZZN4nnet24compute_output_buffer_2dINS_5arrayI8ap_fixedILi16ELi6EL9ap_q_mode5EL9_70' <Predicate = (do_init)> <Delay = 0.00>
ST_3 : Operation 69 [1/1] (0.00ns)   --->   "%p_ZZN4nnet24compute_output_buffer_2dINS_5arrayI8ap_fixedILi16ELi6EL9ap_q_mode5EL9_71 = load i16 %p_ZZN4nnet24compute_output_buffer_2dINS_5arrayI8ap_fixedILi16ELi6EL9ap_q_mode5EL9_24"   --->   Operation 69 'load' 'p_ZZN4nnet24compute_output_buffer_2dINS_5arrayI8ap_fixedILi16ELi6EL9ap_q_mode5EL9_71' <Predicate = (do_init)> <Delay = 0.00>
ST_3 : Operation 70 [1/1] (0.00ns)   --->   "%p_ZZN4nnet24compute_output_buffer_2dINS_5arrayI8ap_fixedILi16ELi6EL9ap_q_mode5EL9_72 = load i16 %p_ZZN4nnet24compute_output_buffer_2dINS_5arrayI8ap_fixedILi16ELi6EL9ap_q_mode5EL9_23"   --->   Operation 70 'load' 'p_ZZN4nnet24compute_output_buffer_2dINS_5arrayI8ap_fixedILi16ELi6EL9ap_q_mode5EL9_72' <Predicate = (do_init)> <Delay = 0.00>
ST_3 : Operation 71 [1/1] (0.00ns)   --->   "%p_ZZN4nnet24compute_output_buffer_2dINS_5arrayI8ap_fixedILi16ELi6EL9ap_q_mode5EL9_73 = load i16 %p_ZZN4nnet24compute_output_buffer_2dINS_5arrayI8ap_fixedILi16ELi6EL9ap_q_mode5EL9_22"   --->   Operation 71 'load' 'p_ZZN4nnet24compute_output_buffer_2dINS_5arrayI8ap_fixedILi16ELi6EL9ap_q_mode5EL9_73' <Predicate = (do_init)> <Delay = 0.00>
ST_3 : Operation 72 [1/1] (0.00ns)   --->   "%p_ZZN4nnet24compute_output_buffer_2dINS_5arrayI8ap_fixedILi16ELi6EL9ap_q_mode5EL9_74 = load i16 %p_ZZN4nnet24compute_output_buffer_2dINS_5arrayI8ap_fixedILi16ELi6EL9ap_q_mode5EL9_21"   --->   Operation 72 'load' 'p_ZZN4nnet24compute_output_buffer_2dINS_5arrayI8ap_fixedILi16ELi6EL9ap_q_mode5EL9_74' <Predicate = (do_init)> <Delay = 0.00>
ST_3 : Operation 73 [1/1] (0.00ns)   --->   "%p_ZZN4nnet24compute_output_buffer_2dINS_5arrayI8ap_fixedILi16ELi6EL9ap_q_mode5EL9_75 = load i16 %p_ZZN4nnet24compute_output_buffer_2dINS_5arrayI8ap_fixedILi16ELi6EL9ap_q_mode5EL9_20"   --->   Operation 73 'load' 'p_ZZN4nnet24compute_output_buffer_2dINS_5arrayI8ap_fixedILi16ELi6EL9ap_q_mode5EL9_75' <Predicate = (do_init)> <Delay = 0.00>
ST_3 : Operation 74 [1/1] (0.00ns)   --->   "%p_ZZN4nnet24compute_output_buffer_2dINS_5arrayI8ap_fixedILi16ELi6EL9ap_q_mode5EL9_76 = load i16 %p_ZZN4nnet24compute_output_buffer_2dINS_5arrayI8ap_fixedILi16ELi6EL9ap_q_mode5EL9_19"   --->   Operation 74 'load' 'p_ZZN4nnet24compute_output_buffer_2dINS_5arrayI8ap_fixedILi16ELi6EL9ap_q_mode5EL9_76' <Predicate = (do_init)> <Delay = 0.00>
ST_3 : Operation 75 [1/1] (0.00ns)   --->   "%p_ZZN4nnet24compute_output_buffer_2dINS_5arrayI8ap_fixedILi16ELi6EL9ap_q_mode5EL9_77 = load i16 %p_ZZN4nnet24compute_output_buffer_2dINS_5arrayI8ap_fixedILi16ELi6EL9ap_q_mode5EL9_18"   --->   Operation 75 'load' 'p_ZZN4nnet24compute_output_buffer_2dINS_5arrayI8ap_fixedILi16ELi6EL9ap_q_mode5EL9_77' <Predicate = (do_init)> <Delay = 0.00>
ST_3 : Operation 76 [1/1] (0.00ns)   --->   "%p_ZZN4nnet24compute_output_buffer_2dINS_5arrayI8ap_fixedILi16ELi6EL9ap_q_mode5EL9_78 = load i16 %p_ZZN4nnet24compute_output_buffer_2dINS_5arrayI8ap_fixedILi16ELi6EL9ap_q_mode5EL9_17"   --->   Operation 76 'load' 'p_ZZN4nnet24compute_output_buffer_2dINS_5arrayI8ap_fixedILi16ELi6EL9ap_q_mode5EL9_78' <Predicate = (do_init)> <Delay = 0.00>
ST_3 : Operation 77 [1/1] (0.00ns)   --->   "%p_ZZN4nnet24compute_output_buffer_2dINS_5arrayI8ap_fixedILi16ELi6EL9ap_q_mode5EL9_79 = load i16 %p_ZZN4nnet24compute_output_buffer_2dINS_5arrayI8ap_fixedILi16ELi6EL9ap_q_mode5EL9_16"   --->   Operation 77 'load' 'p_ZZN4nnet24compute_output_buffer_2dINS_5arrayI8ap_fixedILi16ELi6EL9ap_q_mode5EL9_79' <Predicate = (do_init)> <Delay = 0.00>
ST_3 : Operation 78 [1/1] (0.00ns)   --->   "%p_ZZN4nnet24compute_output_buffer_2dINS_5arrayI8ap_fixedILi16ELi6EL9ap_q_mode5EL9_80 = load i16 %p_ZZN4nnet24compute_output_buffer_2dINS_5arrayI8ap_fixedILi16ELi6EL9ap_q_mode5EL9_15"   --->   Operation 78 'load' 'p_ZZN4nnet24compute_output_buffer_2dINS_5arrayI8ap_fixedILi16ELi6EL9ap_q_mode5EL9_80' <Predicate = (do_init)> <Delay = 0.00>
ST_3 : Operation 79 [1/1] (0.00ns)   --->   "%p_ZZN4nnet24compute_output_buffer_2dINS_5arrayI8ap_fixedILi16ELi6EL9ap_q_mode5EL9_81 = load i16 %p_ZZN4nnet24compute_output_buffer_2dINS_5arrayI8ap_fixedILi16ELi6EL9ap_q_mode5EL9_14"   --->   Operation 79 'load' 'p_ZZN4nnet24compute_output_buffer_2dINS_5arrayI8ap_fixedILi16ELi6EL9ap_q_mode5EL9_81' <Predicate = (do_init)> <Delay = 0.00>
ST_3 : Operation 80 [1/1] (0.00ns)   --->   "%p_ZZN4nnet24compute_output_buffer_2dINS_5arrayI8ap_fixedILi16ELi6EL9ap_q_mode5EL9_82 = load i16 %p_ZZN4nnet24compute_output_buffer_2dINS_5arrayI8ap_fixedILi16ELi6EL9ap_q_mode5EL9_13"   --->   Operation 80 'load' 'p_ZZN4nnet24compute_output_buffer_2dINS_5arrayI8ap_fixedILi16ELi6EL9ap_q_mode5EL9_82' <Predicate = (do_init)> <Delay = 0.00>
ST_3 : Operation 81 [1/1] (0.00ns)   --->   "%p_ZZN4nnet24compute_output_buffer_2dINS_5arrayI8ap_fixedILi16ELi6EL9ap_q_mode5EL9_83 = load i16 %p_ZZN4nnet24compute_output_buffer_2dINS_5arrayI8ap_fixedILi16ELi6EL9ap_q_mode5EL9_12"   --->   Operation 81 'load' 'p_ZZN4nnet24compute_output_buffer_2dINS_5arrayI8ap_fixedILi16ELi6EL9ap_q_mode5EL9_83' <Predicate = (do_init)> <Delay = 0.00>
ST_3 : Operation 82 [1/1] (0.00ns)   --->   "%p_ZZN4nnet24compute_output_buffer_2dINS_5arrayI8ap_fixedILi16ELi6EL9ap_q_mode5EL9_84 = load i16 %p_ZZN4nnet24compute_output_buffer_2dINS_5arrayI8ap_fixedILi16ELi6EL9ap_q_mode5EL9_11"   --->   Operation 82 'load' 'p_ZZN4nnet24compute_output_buffer_2dINS_5arrayI8ap_fixedILi16ELi6EL9ap_q_mode5EL9_84' <Predicate = (do_init)> <Delay = 0.00>
ST_3 : Operation 83 [1/1] (0.00ns)   --->   "%p_ZZN4nnet24compute_output_buffer_2dINS_5arrayI8ap_fixedILi16ELi6EL9ap_q_mode5EL9_85 = load i16 %p_ZZN4nnet24compute_output_buffer_2dINS_5arrayI8ap_fixedILi16ELi6EL9ap_q_mode5EL9_10"   --->   Operation 83 'load' 'p_ZZN4nnet24compute_output_buffer_2dINS_5arrayI8ap_fixedILi16ELi6EL9ap_q_mode5EL9_85' <Predicate = (do_init)> <Delay = 0.00>
ST_3 : Operation 84 [1/1] (0.00ns)   --->   "%p_ZZN4nnet24compute_output_buffer_2dINS_5arrayI8ap_fixedILi16ELi6EL9ap_q_mode5EL9_86 = load i16 %p_ZZN4nnet24compute_output_buffer_2dINS_5arrayI8ap_fixedILi16ELi6EL9ap_q_mode5EL9_9"   --->   Operation 84 'load' 'p_ZZN4nnet24compute_output_buffer_2dINS_5arrayI8ap_fixedILi16ELi6EL9ap_q_mode5EL9_86' <Predicate = (do_init)> <Delay = 0.00>
ST_3 : Operation 85 [1/1] (0.00ns)   --->   "%p_ZZN4nnet24compute_output_buffer_2dINS_5arrayI8ap_fixedILi16ELi6EL9ap_q_mode5EL9_87 = load i16 %p_ZZN4nnet24compute_output_buffer_2dINS_5arrayI8ap_fixedILi16ELi6EL9ap_q_mode5EL9_8"   --->   Operation 85 'load' 'p_ZZN4nnet24compute_output_buffer_2dINS_5arrayI8ap_fixedILi16ELi6EL9ap_q_mode5EL9_87' <Predicate = (do_init)> <Delay = 0.00>
ST_3 : Operation 86 [1/1] (0.00ns)   --->   "%p_ZZN4nnet24compute_output_buffer_2dINS_5arrayI8ap_fixedILi16ELi6EL9ap_q_mode5EL9_88 = load i16 %p_ZZN4nnet24compute_output_buffer_2dINS_5arrayI8ap_fixedILi16ELi6EL9ap_q_mode5EL9_7"   --->   Operation 86 'load' 'p_ZZN4nnet24compute_output_buffer_2dINS_5arrayI8ap_fixedILi16ELi6EL9ap_q_mode5EL9_88' <Predicate = (do_init)> <Delay = 0.00>
ST_3 : Operation 87 [1/1] (0.00ns)   --->   "%p_ZZN4nnet24compute_output_buffer_2dINS_5arrayI8ap_fixedILi16ELi6EL9ap_q_mode5EL9_89 = load i16 %p_ZZN4nnet24compute_output_buffer_2dINS_5arrayI8ap_fixedILi16ELi6EL9ap_q_mode5EL9_6"   --->   Operation 87 'load' 'p_ZZN4nnet24compute_output_buffer_2dINS_5arrayI8ap_fixedILi16ELi6EL9ap_q_mode5EL9_89' <Predicate = (do_init)> <Delay = 0.00>
ST_3 : Operation 88 [1/1] (0.00ns)   --->   "%p_ZZN4nnet24compute_output_buffer_2dINS_5arrayI8ap_fixedILi16ELi6EL9ap_q_mode5EL9_90 = load i16 %p_ZZN4nnet24compute_output_buffer_2dINS_5arrayI8ap_fixedILi16ELi6EL9ap_q_mode5EL9_5"   --->   Operation 88 'load' 'p_ZZN4nnet24compute_output_buffer_2dINS_5arrayI8ap_fixedILi16ELi6EL9ap_q_mode5EL9_90' <Predicate = (do_init)> <Delay = 0.00>
ST_3 : Operation 89 [1/1] (0.00ns)   --->   "%p_ZZN4nnet24compute_output_buffer_2dINS_5arrayI8ap_fixedILi16ELi6EL9ap_q_mode5EL9_91 = load i16 %p_ZZN4nnet24compute_output_buffer_2dINS_5arrayI8ap_fixedILi16ELi6EL9ap_q_mode5EL9_4"   --->   Operation 89 'load' 'p_ZZN4nnet24compute_output_buffer_2dINS_5arrayI8ap_fixedILi16ELi6EL9ap_q_mode5EL9_91' <Predicate = (do_init)> <Delay = 0.00>
ST_3 : Operation 90 [1/1] (0.00ns)   --->   "%p_ZZN4nnet24compute_output_buffer_2dINS_5arrayI8ap_fixedILi16ELi6EL9ap_q_mode5EL9_92 = load i16 %p_ZZN4nnet24compute_output_buffer_2dINS_5arrayI8ap_fixedILi16ELi6EL9ap_q_mode5EL9_3"   --->   Operation 90 'load' 'p_ZZN4nnet24compute_output_buffer_2dINS_5arrayI8ap_fixedILi16ELi6EL9ap_q_mode5EL9_92' <Predicate = (do_init)> <Delay = 0.00>
ST_3 : Operation 91 [1/1] (0.00ns)   --->   "%p_ZZN4nnet24compute_output_buffer_2dINS_5arrayI8ap_fixedILi16ELi6EL9ap_q_mode5EL9_93 = load i16 %p_ZZN4nnet24compute_output_buffer_2dINS_5arrayI8ap_fixedILi16ELi6EL9ap_q_mode5EL9_2"   --->   Operation 91 'load' 'p_ZZN4nnet24compute_output_buffer_2dINS_5arrayI8ap_fixedILi16ELi6EL9ap_q_mode5EL9_93' <Predicate = (do_init)> <Delay = 0.00>
ST_3 : Operation 92 [1/1] (0.00ns)   --->   "%p_ZZN4nnet24compute_output_buffer_2dINS_5arrayI8ap_fixedILi16ELi6EL9ap_q_mode5EL9_94 = load i16 %p_ZZN4nnet24compute_output_buffer_2dINS_5arrayI8ap_fixedILi16ELi6EL9ap_q_mode5EL9_1"   --->   Operation 92 'load' 'p_ZZN4nnet24compute_output_buffer_2dINS_5arrayI8ap_fixedILi16ELi6EL9ap_q_mode5EL9_94' <Predicate = (do_init)> <Delay = 0.00>
ST_3 : Operation 93 [1/1] (0.00ns)   --->   "%p_ZZN4nnet24compute_output_buffer_2dINS_5arrayI8ap_fixedILi16ELi6EL9ap_q_mode5EL9_95 = load i16 %p_ZZN4nnet24compute_output_buffer_2dINS_5arrayI8ap_fixedILi16ELi6EL9ap_q_mode5EL9"   --->   Operation 93 'load' 'p_ZZN4nnet24compute_output_buffer_2dINS_5arrayI8ap_fixedILi16ELi6EL9ap_q_mode5EL9_95' <Predicate = (do_init)> <Delay = 0.00>
ST_3 : Operation 94 [1/1] (0.00ns)   --->   "%p_ZZN4nnet24compute_output_buffer_2dINS_5arrayI8ap_fixedILi16ELi6EL9ap_q_mode5EL9_44 = phi i16 %p_ZZN4nnet24compute_output_buffer_2dINS_5arrayI8ap_fixedILi16ELi6EL9ap_q_mode5EL9_95, void %rewind_init, i16 %p_ZZN4nnet24compute_output_buffer_2dINS_5arrayI8ap_fixedILi16ELi6EL9ap_q_mode5EL9_96, void %rewind_header"   --->   Operation 94 'phi' 'p_ZZN4nnet24compute_output_buffer_2dINS_5arrayI8ap_fixedILi16ELi6EL9ap_q_mode5EL9_44' <Predicate = true> <Delay = 0.00>
ST_3 : Operation 95 [1/1] (0.00ns)   --->   "%p_ZZN4nnet24compute_output_buffer_2dINS_5arrayI8ap_fixedILi16ELi6EL9ap_q_mode5EL9_45 = phi i16 %p_ZZN4nnet24compute_output_buffer_2dINS_5arrayI8ap_fixedILi16ELi6EL9ap_q_mode5EL9_94, void %rewind_init, i16 %p_ZZN4nnet24compute_output_buffer_2dINS_5arrayI8ap_fixedILi16ELi6EL9ap_q_mode5EL9_97, void %rewind_header"   --->   Operation 95 'phi' 'p_ZZN4nnet24compute_output_buffer_2dINS_5arrayI8ap_fixedILi16ELi6EL9ap_q_mode5EL9_45' <Predicate = true> <Delay = 0.00>
ST_3 : Operation 96 [1/1] (0.00ns)   --->   "%p_ZZN4nnet24compute_output_buffer_2dINS_5arrayI8ap_fixedILi16ELi6EL9ap_q_mode5EL9_46 = phi i16 %p_ZZN4nnet24compute_output_buffer_2dINS_5arrayI8ap_fixedILi16ELi6EL9ap_q_mode5EL9_93, void %rewind_init, i16 %p_ZZN4nnet24compute_output_buffer_2dINS_5arrayI8ap_fixedILi16ELi6EL9ap_q_mode5EL9_98, void %rewind_header"   --->   Operation 96 'phi' 'p_ZZN4nnet24compute_output_buffer_2dINS_5arrayI8ap_fixedILi16ELi6EL9ap_q_mode5EL9_46' <Predicate = true> <Delay = 0.00>
ST_3 : Operation 97 [1/1] (0.00ns)   --->   "%p_ZZN4nnet24compute_output_buffer_2dINS_5arrayI8ap_fixedILi16ELi6EL9ap_q_mode5EL9_47 = phi i16 %p_ZZN4nnet24compute_output_buffer_2dINS_5arrayI8ap_fixedILi16ELi6EL9ap_q_mode5EL9_92, void %rewind_init, i16 %p_ZZN4nnet24compute_output_buffer_2dINS_5arrayI8ap_fixedILi16ELi6EL9ap_q_mode5EL9_99, void %rewind_header"   --->   Operation 97 'phi' 'p_ZZN4nnet24compute_output_buffer_2dINS_5arrayI8ap_fixedILi16ELi6EL9ap_q_mode5EL9_47' <Predicate = true> <Delay = 0.00>
ST_3 : Operation 98 [1/1] (0.00ns)   --->   "%p_ZZN4nnet24compute_output_buffer_2dINS_5arrayI8ap_fixedILi16ELi6EL9ap_q_mode5EL9_48 = phi i16 %p_ZZN4nnet24compute_output_buffer_2dINS_5arrayI8ap_fixedILi16ELi6EL9ap_q_mode5EL9_91, void %rewind_init, i16 %p_ZZN4nnet24compute_output_buffer_2dINS_5arrayI8ap_fixedILi16ELi6EL9ap_q_mode5EL9_100, void %rewind_header"   --->   Operation 98 'phi' 'p_ZZN4nnet24compute_output_buffer_2dINS_5arrayI8ap_fixedILi16ELi6EL9ap_q_mode5EL9_48' <Predicate = true> <Delay = 0.00>
ST_3 : Operation 99 [1/1] (0.00ns)   --->   "%p_ZZN4nnet24compute_output_buffer_2dINS_5arrayI8ap_fixedILi16ELi6EL9ap_q_mode5EL9_49 = phi i16 %p_ZZN4nnet24compute_output_buffer_2dINS_5arrayI8ap_fixedILi16ELi6EL9ap_q_mode5EL9_90, void %rewind_init, i16 %p_ZZN4nnet24compute_output_buffer_2dINS_5arrayI8ap_fixedILi16ELi6EL9ap_q_mode5EL9_101, void %rewind_header"   --->   Operation 99 'phi' 'p_ZZN4nnet24compute_output_buffer_2dINS_5arrayI8ap_fixedILi16ELi6EL9ap_q_mode5EL9_49' <Predicate = true> <Delay = 0.00>
ST_3 : Operation 100 [1/1] (0.00ns)   --->   "%p_ZZN4nnet24compute_output_buffer_2dINS_5arrayI8ap_fixedILi16ELi6EL9ap_q_mode5EL9_50 = phi i16 %p_ZZN4nnet24compute_output_buffer_2dINS_5arrayI8ap_fixedILi16ELi6EL9ap_q_mode5EL9_89, void %rewind_init, i16 %p_ZZN4nnet24compute_output_buffer_2dINS_5arrayI8ap_fixedILi16ELi6EL9ap_q_mode5EL9_102, void %rewind_header"   --->   Operation 100 'phi' 'p_ZZN4nnet24compute_output_buffer_2dINS_5arrayI8ap_fixedILi16ELi6EL9ap_q_mode5EL9_50' <Predicate = true> <Delay = 0.00>
ST_3 : Operation 101 [1/1] (0.00ns)   --->   "%p_ZZN4nnet24compute_output_buffer_2dINS_5arrayI8ap_fixedILi16ELi6EL9ap_q_mode5EL9_51 = phi i16 %p_ZZN4nnet24compute_output_buffer_2dINS_5arrayI8ap_fixedILi16ELi6EL9ap_q_mode5EL9_88, void %rewind_init, i16 %p_ZZN4nnet24compute_output_buffer_2dINS_5arrayI8ap_fixedILi16ELi6EL9ap_q_mode5EL9_103, void %rewind_header"   --->   Operation 101 'phi' 'p_ZZN4nnet24compute_output_buffer_2dINS_5arrayI8ap_fixedILi16ELi6EL9ap_q_mode5EL9_51' <Predicate = true> <Delay = 0.00>
ST_3 : Operation 102 [1/1] (0.00ns)   --->   "%p_ZZN4nnet24compute_output_buffer_2dINS_5arrayI8ap_fixedILi16ELi6EL9ap_q_mode5EL9_52 = phi i16 %p_ZZN4nnet24compute_output_buffer_2dINS_5arrayI8ap_fixedILi16ELi6EL9ap_q_mode5EL9_87, void %rewind_init, i16 %p_ZZN4nnet24compute_output_buffer_2dINS_5arrayI8ap_fixedILi16ELi6EL9ap_q_mode5EL9_104, void %rewind_header"   --->   Operation 102 'phi' 'p_ZZN4nnet24compute_output_buffer_2dINS_5arrayI8ap_fixedILi16ELi6EL9ap_q_mode5EL9_52' <Predicate = true> <Delay = 0.00>
ST_3 : Operation 103 [1/1] (0.00ns)   --->   "%p_ZZN4nnet24compute_output_buffer_2dINS_5arrayI8ap_fixedILi16ELi6EL9ap_q_mode5EL9_53 = phi i16 %p_ZZN4nnet24compute_output_buffer_2dINS_5arrayI8ap_fixedILi16ELi6EL9ap_q_mode5EL9_86, void %rewind_init, i16 %p_ZZN4nnet24compute_output_buffer_2dINS_5arrayI8ap_fixedILi16ELi6EL9ap_q_mode5EL9_105, void %rewind_header"   --->   Operation 103 'phi' 'p_ZZN4nnet24compute_output_buffer_2dINS_5arrayI8ap_fixedILi16ELi6EL9ap_q_mode5EL9_53' <Predicate = true> <Delay = 0.00>
ST_3 : Operation 104 [1/1] (0.00ns)   --->   "%p_ZZN4nnet24compute_output_buffer_2dINS_5arrayI8ap_fixedILi16ELi6EL9ap_q_mode5EL9_54 = phi i16 %p_ZZN4nnet24compute_output_buffer_2dINS_5arrayI8ap_fixedILi16ELi6EL9ap_q_mode5EL9_85, void %rewind_init, i16 %p_ZZN4nnet24compute_output_buffer_2dINS_5arrayI8ap_fixedILi16ELi6EL9ap_q_mode5EL9_106, void %rewind_header"   --->   Operation 104 'phi' 'p_ZZN4nnet24compute_output_buffer_2dINS_5arrayI8ap_fixedILi16ELi6EL9ap_q_mode5EL9_54' <Predicate = true> <Delay = 0.00>
ST_3 : Operation 105 [1/1] (0.00ns)   --->   "%p_ZZN4nnet24compute_output_buffer_2dINS_5arrayI8ap_fixedILi16ELi6EL9ap_q_mode5EL9_55 = phi i16 %p_ZZN4nnet24compute_output_buffer_2dINS_5arrayI8ap_fixedILi16ELi6EL9ap_q_mode5EL9_84, void %rewind_init, i16 %p_ZZN4nnet24compute_output_buffer_2dINS_5arrayI8ap_fixedILi16ELi6EL9ap_q_mode5EL9_107, void %rewind_header"   --->   Operation 105 'phi' 'p_ZZN4nnet24compute_output_buffer_2dINS_5arrayI8ap_fixedILi16ELi6EL9ap_q_mode5EL9_55' <Predicate = true> <Delay = 0.00>
ST_3 : Operation 106 [1/1] (0.00ns)   --->   "%p_ZZN4nnet24compute_output_buffer_2dINS_5arrayI8ap_fixedILi16ELi6EL9ap_q_mode5EL9_56 = phi i16 %p_ZZN4nnet24compute_output_buffer_2dINS_5arrayI8ap_fixedILi16ELi6EL9ap_q_mode5EL9_83, void %rewind_init, i16 %p_ZZN4nnet24compute_output_buffer_2dINS_5arrayI8ap_fixedILi16ELi6EL9ap_q_mode5EL9_108, void %rewind_header"   --->   Operation 106 'phi' 'p_ZZN4nnet24compute_output_buffer_2dINS_5arrayI8ap_fixedILi16ELi6EL9ap_q_mode5EL9_56' <Predicate = true> <Delay = 0.00>
ST_3 : Operation 107 [1/1] (0.00ns)   --->   "%p_ZZN4nnet24compute_output_buffer_2dINS_5arrayI8ap_fixedILi16ELi6EL9ap_q_mode5EL9_57 = phi i16 %p_ZZN4nnet24compute_output_buffer_2dINS_5arrayI8ap_fixedILi16ELi6EL9ap_q_mode5EL9_82, void %rewind_init, i16 %p_ZZN4nnet24compute_output_buffer_2dINS_5arrayI8ap_fixedILi16ELi6EL9ap_q_mode5EL9_109, void %rewind_header"   --->   Operation 107 'phi' 'p_ZZN4nnet24compute_output_buffer_2dINS_5arrayI8ap_fixedILi16ELi6EL9ap_q_mode5EL9_57' <Predicate = true> <Delay = 0.00>
ST_3 : Operation 108 [1/1] (0.00ns)   --->   "%p_ZZN4nnet24compute_output_buffer_2dINS_5arrayI8ap_fixedILi16ELi6EL9ap_q_mode5EL9_58 = phi i16 %p_ZZN4nnet24compute_output_buffer_2dINS_5arrayI8ap_fixedILi16ELi6EL9ap_q_mode5EL9_81, void %rewind_init, i16 %p_ZZN4nnet24compute_output_buffer_2dINS_5arrayI8ap_fixedILi16ELi6EL9ap_q_mode5EL9_110, void %rewind_header"   --->   Operation 108 'phi' 'p_ZZN4nnet24compute_output_buffer_2dINS_5arrayI8ap_fixedILi16ELi6EL9ap_q_mode5EL9_58' <Predicate = true> <Delay = 0.00>
ST_3 : Operation 109 [1/1] (0.00ns)   --->   "%p_ZZN4nnet24compute_output_buffer_2dINS_5arrayI8ap_fixedILi16ELi6EL9ap_q_mode5EL9_59 = phi i16 %p_ZZN4nnet24compute_output_buffer_2dINS_5arrayI8ap_fixedILi16ELi6EL9ap_q_mode5EL9_80, void %rewind_init, i16 %p_ZZN4nnet24compute_output_buffer_2dINS_5arrayI8ap_fixedILi16ELi6EL9ap_q_mode5EL9_111, void %rewind_header"   --->   Operation 109 'phi' 'p_ZZN4nnet24compute_output_buffer_2dINS_5arrayI8ap_fixedILi16ELi6EL9ap_q_mode5EL9_59' <Predicate = true> <Delay = 0.00>
ST_3 : Operation 110 [1/1] (0.00ns)   --->   "%p_ZZN4nnet24compute_output_buffer_2dINS_5arrayI8ap_fixedILi16ELi6EL9ap_q_mode5EL9_60 = phi i16 %p_ZZN4nnet24compute_output_buffer_2dINS_5arrayI8ap_fixedILi16ELi6EL9ap_q_mode5EL9_79, void %rewind_init, i16 %p_ZZN4nnet24compute_output_buffer_2dINS_5arrayI8ap_fixedILi16ELi6EL9ap_q_mode5EL9_112, void %rewind_header"   --->   Operation 110 'phi' 'p_ZZN4nnet24compute_output_buffer_2dINS_5arrayI8ap_fixedILi16ELi6EL9ap_q_mode5EL9_60' <Predicate = true> <Delay = 0.00>
ST_3 : Operation 111 [1/1] (0.00ns)   --->   "%p_ZZN4nnet24compute_output_buffer_2dINS_5arrayI8ap_fixedILi16ELi6EL9ap_q_mode5EL9_61 = phi i16 %p_ZZN4nnet24compute_output_buffer_2dINS_5arrayI8ap_fixedILi16ELi6EL9ap_q_mode5EL9_78, void %rewind_init, i16 %p_ZZN4nnet24compute_output_buffer_2dINS_5arrayI8ap_fixedILi16ELi6EL9ap_q_mode5EL9_113, void %rewind_header"   --->   Operation 111 'phi' 'p_ZZN4nnet24compute_output_buffer_2dINS_5arrayI8ap_fixedILi16ELi6EL9ap_q_mode5EL9_61' <Predicate = true> <Delay = 0.00>
ST_3 : Operation 112 [1/1] (0.00ns)   --->   "%p_ZZN4nnet24compute_output_buffer_2dINS_5arrayI8ap_fixedILi16ELi6EL9ap_q_mode5EL9_62 = phi i16 %p_ZZN4nnet24compute_output_buffer_2dINS_5arrayI8ap_fixedILi16ELi6EL9ap_q_mode5EL9_77, void %rewind_init, i16 %p_ZZN4nnet24compute_output_buffer_2dINS_5arrayI8ap_fixedILi16ELi6EL9ap_q_mode5EL9_114, void %rewind_header"   --->   Operation 112 'phi' 'p_ZZN4nnet24compute_output_buffer_2dINS_5arrayI8ap_fixedILi16ELi6EL9ap_q_mode5EL9_62' <Predicate = true> <Delay = 0.00>
ST_3 : Operation 113 [1/1] (0.00ns)   --->   "%p_ZZN4nnet24compute_output_buffer_2dINS_5arrayI8ap_fixedILi16ELi6EL9ap_q_mode5EL9_63 = phi i16 %p_ZZN4nnet24compute_output_buffer_2dINS_5arrayI8ap_fixedILi16ELi6EL9ap_q_mode5EL9_76, void %rewind_init, i16 %p_ZZN4nnet24compute_output_buffer_2dINS_5arrayI8ap_fixedILi16ELi6EL9ap_q_mode5EL9_115, void %rewind_header"   --->   Operation 113 'phi' 'p_ZZN4nnet24compute_output_buffer_2dINS_5arrayI8ap_fixedILi16ELi6EL9ap_q_mode5EL9_63' <Predicate = true> <Delay = 0.00>
ST_3 : Operation 114 [1/1] (0.00ns)   --->   "%p_ZZN4nnet24compute_output_buffer_2dINS_5arrayI8ap_fixedILi16ELi6EL9ap_q_mode5EL9_64 = phi i16 %p_ZZN4nnet24compute_output_buffer_2dINS_5arrayI8ap_fixedILi16ELi6EL9ap_q_mode5EL9_75, void %rewind_init, i16 %p_ZZN4nnet24compute_output_buffer_2dINS_5arrayI8ap_fixedILi16ELi6EL9ap_q_mode5EL9_116, void %rewind_header"   --->   Operation 114 'phi' 'p_ZZN4nnet24compute_output_buffer_2dINS_5arrayI8ap_fixedILi16ELi6EL9ap_q_mode5EL9_64' <Predicate = true> <Delay = 0.00>
ST_3 : Operation 115 [1/1] (0.00ns)   --->   "%p_ZZN4nnet24compute_output_buffer_2dINS_5arrayI8ap_fixedILi16ELi6EL9ap_q_mode5EL9_65 = phi i16 %p_ZZN4nnet24compute_output_buffer_2dINS_5arrayI8ap_fixedILi16ELi6EL9ap_q_mode5EL9_74, void %rewind_init, i16 %p_ZZN4nnet24compute_output_buffer_2dINS_5arrayI8ap_fixedILi16ELi6EL9ap_q_mode5EL9_117, void %rewind_header"   --->   Operation 115 'phi' 'p_ZZN4nnet24compute_output_buffer_2dINS_5arrayI8ap_fixedILi16ELi6EL9ap_q_mode5EL9_65' <Predicate = true> <Delay = 0.00>
ST_3 : Operation 116 [1/1] (0.00ns)   --->   "%p_ZZN4nnet24compute_output_buffer_2dINS_5arrayI8ap_fixedILi16ELi6EL9ap_q_mode5EL9_66 = phi i16 %p_ZZN4nnet24compute_output_buffer_2dINS_5arrayI8ap_fixedILi16ELi6EL9ap_q_mode5EL9_73, void %rewind_init, i16 %p_ZZN4nnet24compute_output_buffer_2dINS_5arrayI8ap_fixedILi16ELi6EL9ap_q_mode5EL9_118, void %rewind_header"   --->   Operation 116 'phi' 'p_ZZN4nnet24compute_output_buffer_2dINS_5arrayI8ap_fixedILi16ELi6EL9ap_q_mode5EL9_66' <Predicate = true> <Delay = 0.00>
ST_3 : Operation 117 [1/1] (0.00ns)   --->   "%p_ZZN4nnet24compute_output_buffer_2dINS_5arrayI8ap_fixedILi16ELi6EL9ap_q_mode5EL9_67 = phi i16 %p_ZZN4nnet24compute_output_buffer_2dINS_5arrayI8ap_fixedILi16ELi6EL9ap_q_mode5EL9_72, void %rewind_init, i16 %p_ZZN4nnet24compute_output_buffer_2dINS_5arrayI8ap_fixedILi16ELi6EL9ap_q_mode5EL9_119, void %rewind_header"   --->   Operation 117 'phi' 'p_ZZN4nnet24compute_output_buffer_2dINS_5arrayI8ap_fixedILi16ELi6EL9ap_q_mode5EL9_67' <Predicate = true> <Delay = 0.00>
ST_3 : Operation 118 [1/1] (0.00ns)   --->   "%p_ZZN4nnet24compute_output_buffer_2dINS_5arrayI8ap_fixedILi16ELi6EL9ap_q_mode5EL9_68 = phi i16 %p_ZZN4nnet24compute_output_buffer_2dINS_5arrayI8ap_fixedILi16ELi6EL9ap_q_mode5EL9_71, void %rewind_init, i16 %p_ZZN4nnet24compute_output_buffer_2dINS_5arrayI8ap_fixedILi16ELi6EL9ap_q_mode5EL9_120, void %rewind_header"   --->   Operation 118 'phi' 'p_ZZN4nnet24compute_output_buffer_2dINS_5arrayI8ap_fixedILi16ELi6EL9ap_q_mode5EL9_68' <Predicate = true> <Delay = 0.00>
ST_3 : Operation 119 [1/1] (0.00ns)   --->   "%p_ZZN4nnet24compute_output_buffer_2dINS_5arrayI8ap_fixedILi16ELi6EL9ap_q_mode5EL9_69 = phi i16 %p_ZZN4nnet24compute_output_buffer_2dINS_5arrayI8ap_fixedILi16ELi6EL9ap_q_mode5EL9_70, void %rewind_init, i16 %p_ZZN4nnet24compute_output_buffer_2dINS_5arrayI8ap_fixedILi16ELi6EL9ap_q_mode5EL9_121, void %rewind_header"   --->   Operation 119 'phi' 'p_ZZN4nnet24compute_output_buffer_2dINS_5arrayI8ap_fixedILi16ELi6EL9ap_q_mode5EL9_69' <Predicate = true> <Delay = 0.00>
ST_3 : Operation 120 [1/1] (0.00ns)   --->   "%void_compute_output_buffer_2d_array_const_ap_shift_reg_n_chan_stream_weig_31 = phi i16 %void_compute_output_buffer_2d_array_const_ap_shift_reg_n_chan_stream_weig_50, void %rewind_init, i16 %void_compute_output_buffer_2d_array_const_ap_shift_reg_n_chan_stream_weig_51, void %rewind_header"   --->   Operation 120 'phi' 'void_compute_output_buffer_2d_array_const_ap_shift_reg_n_chan_stream_weig_31' <Predicate = true> <Delay = 0.00>
ST_3 : Operation 121 [1/1] (0.00ns)   --->   "%void_compute_output_buffer_2d_array_const_ap_shift_reg_n_chan_stream_weig_32 = phi i16 %void_compute_output_buffer_2d_array_const_ap_shift_reg_n_chan_stream_weig_49, void %rewind_init, i16 %void_compute_output_buffer_2d_array_const_ap_shift_reg_n_chan_stream_weig_52, void %rewind_header"   --->   Operation 121 'phi' 'void_compute_output_buffer_2d_array_const_ap_shift_reg_n_chan_stream_weig_32' <Predicate = true> <Delay = 0.00>
ST_3 : Operation 122 [1/1] (0.00ns)   --->   "%void_compute_output_buffer_2d_array_const_ap_shift_reg_n_chan_stream_weig_33 = phi i16 %void_compute_output_buffer_2d_array_const_ap_shift_reg_n_chan_stream_weig_48, void %rewind_init, i16 %void_compute_output_buffer_2d_array_const_ap_shift_reg_n_chan_stream_weig_53, void %rewind_header"   --->   Operation 122 'phi' 'void_compute_output_buffer_2d_array_const_ap_shift_reg_n_chan_stream_weig_33' <Predicate = true> <Delay = 0.00>
ST_3 : Operation 123 [1/1] (0.00ns)   --->   "%void_compute_output_buffer_2d_array_const_ap_shift_reg_n_chan_stream_weig_34 = phi i16 %void_compute_output_buffer_2d_array_const_ap_shift_reg_n_chan_stream_weig_47, void %rewind_init, i16 %void_compute_output_buffer_2d_array_const_ap_shift_reg_n_chan_stream_weig_54, void %rewind_header"   --->   Operation 123 'phi' 'void_compute_output_buffer_2d_array_const_ap_shift_reg_n_chan_stream_weig_34' <Predicate = true> <Delay = 0.00>
ST_3 : Operation 124 [1/1] (0.00ns)   --->   "%void_compute_output_buffer_2d_array_const_ap_shift_reg_n_chan_stream_weig_35 = phi i16 %void_compute_output_buffer_2d_array_const_ap_shift_reg_n_chan_stream_weig_46, void %rewind_init, i16 %void_compute_output_buffer_2d_array_const_ap_shift_reg_n_chan_stream_weig_55, void %rewind_header"   --->   Operation 124 'phi' 'void_compute_output_buffer_2d_array_const_ap_shift_reg_n_chan_stream_weig_35' <Predicate = true> <Delay = 0.00>
ST_3 : Operation 125 [1/1] (0.00ns)   --->   "%void_compute_output_buffer_2d_array_const_ap_shift_reg_n_chan_stream_weig_36 = phi i16 %void_compute_output_buffer_2d_array_const_ap_shift_reg_n_chan_stream_weig_45, void %rewind_init, i16 %void_compute_output_buffer_2d_array_const_ap_shift_reg_n_chan_stream_weig_56, void %rewind_header"   --->   Operation 125 'phi' 'void_compute_output_buffer_2d_array_const_ap_shift_reg_n_chan_stream_weig_36' <Predicate = true> <Delay = 0.00>
ST_3 : Operation 126 [1/1] (0.00ns)   --->   "%void_compute_output_buffer_2d_array_const_ap_shift_reg_n_chan_stream_weig_37 = phi i16 %void_compute_output_buffer_2d_array_const_ap_shift_reg_n_chan_stream_weig_44, void %rewind_init, i16 %void_compute_output_buffer_2d_array_const_ap_shift_reg_n_chan_stream_weig_57, void %rewind_header"   --->   Operation 126 'phi' 'void_compute_output_buffer_2d_array_const_ap_shift_reg_n_chan_stream_weig_37' <Predicate = true> <Delay = 0.00>
ST_3 : Operation 127 [1/1] (0.00ns)   --->   "%void_compute_output_buffer_2d_array_const_ap_shift_reg_n_chan_stream_weig_38 = phi i16 %void_compute_output_buffer_2d_array_const_ap_shift_reg_n_chan_stream_weig_43, void %rewind_init, i16 %void_compute_output_buffer_2d_array_const_ap_shift_reg_n_chan_stream_weig_58, void %rewind_header"   --->   Operation 127 'phi' 'void_compute_output_buffer_2d_array_const_ap_shift_reg_n_chan_stream_weig_38' <Predicate = true> <Delay = 0.00>
ST_3 : Operation 128 [1/1] (0.00ns)   --->   "%void_compute_output_buffer_2d_array_const_ap_shift_reg_n_chan_stream_weig_39 = phi i16 %void_compute_output_buffer_2d_array_const_ap_shift_reg_n_chan_stream_weig_42, void %rewind_init, i16 %void_compute_output_buffer_2d_array_const_ap_shift_reg_n_chan_stream_weig_59, void %rewind_header"   --->   Operation 128 'phi' 'void_compute_output_buffer_2d_array_const_ap_shift_reg_n_chan_stream_weig_39' <Predicate = true> <Delay = 0.00>
ST_3 : Operation 129 [1/1] (0.00ns)   --->   "%void_compute_output_buffer_2d_array_const_ap_shift_reg_n_chan_stream_weig_40 = phi i16 %void_compute_output_buffer_2d_array_const_ap_shift_reg_n_chan_stream_weig_41, void %rewind_init, i16 %void_compute_output_buffer_2d_array_const_ap_shift_reg_n_chan_stream_weig_60, void %rewind_header"   --->   Operation 129 'phi' 'void_compute_output_buffer_2d_array_const_ap_shift_reg_n_chan_stream_weig_40' <Predicate = true> <Delay = 0.00>
ST_3 : Operation 130 [1/1] (0.00ns)   --->   "%trunc_ln135 = trunc i32 %in_index" [firmware/nnet_utils/nnet_dense_resource.h:135]   --->   Operation 130 'trunc' 'trunc_ln135' <Predicate = true> <Delay = 0.00>
ST_3 : Operation 131 [1/2] ( I:2.15ns O:2.15ns )   --->   "%out_index = load i9 %outidx_50_addr" [firmware/nnet_utils/nnet_dense_resource.h:139]   --->   Operation 131 'load' 'out_index' <Predicate = true> <Delay = 2.15> <CoreInst = "ROM">   --->   Core 94 'ROM' <Latency = 1> <II = 1> <Delay = 2.15> <Storage> <Opcode : 'load'> <Ports = 0> <Width = 3> <Depth = 288> <ROM>
ST_3 : Operation 132 [1/1] (3.03ns)   --->   "%a = sparsemux i16 @_ssdm_op_SparseMux.ap_auto.36i16.i16.i6, i6 0, i16 %void_compute_output_buffer_2d_array_const_ap_shift_reg_n_chan_stream_weig_40, i6 1, i16 %void_compute_output_buffer_2d_array_const_ap_shift_reg_n_chan_stream_weig_39, i6 2, i16 %void_compute_output_buffer_2d_array_const_ap_shift_reg_n_chan_stream_weig_38, i6 3, i16 %void_compute_output_buffer_2d_array_const_ap_shift_reg_n_chan_stream_weig_37, i6 4, i16 %void_compute_output_buffer_2d_array_const_ap_shift_reg_n_chan_stream_weig_36, i6 5, i16 %void_compute_output_buffer_2d_array_const_ap_shift_reg_n_chan_stream_weig_35, i6 6, i16 %void_compute_output_buffer_2d_array_const_ap_shift_reg_n_chan_stream_weig_34, i6 7, i16 %void_compute_output_buffer_2d_array_const_ap_shift_reg_n_chan_stream_weig_33, i6 8, i16 %void_compute_output_buffer_2d_array_const_ap_shift_reg_n_chan_stream_weig_32, i6 9, i16 %void_compute_output_buffer_2d_array_const_ap_shift_reg_n_chan_stream_weig_31, i6 10, i16 %p_ZZN4nnet24compute_output_buffer_2dINS_5arrayI8ap_fixedILi16ELi6EL9ap_q_mode5EL9_69, i6 11, i16 %p_ZZN4nnet24compute_output_buffer_2dINS_5arrayI8ap_fixedILi16ELi6EL9ap_q_mode5EL9_68, i6 12, i16 %p_ZZN4nnet24compute_output_buffer_2dINS_5arrayI8ap_fixedILi16ELi6EL9ap_q_mode5EL9_67, i6 13, i16 %p_ZZN4nnet24compute_output_buffer_2dINS_5arrayI8ap_fixedILi16ELi6EL9ap_q_mode5EL9_66, i6 14, i16 %p_ZZN4nnet24compute_output_buffer_2dINS_5arrayI8ap_fixedILi16ELi6EL9ap_q_mode5EL9_65, i6 15, i16 %p_ZZN4nnet24compute_output_buffer_2dINS_5arrayI8ap_fixedILi16ELi6EL9ap_q_mode5EL9_64, i6 16, i16 %p_ZZN4nnet24compute_output_buffer_2dINS_5arrayI8ap_fixedILi16ELi6EL9ap_q_mode5EL9_63, i6 17, i16 %p_ZZN4nnet24compute_output_buffer_2dINS_5arrayI8ap_fixedILi16ELi6EL9ap_q_mode5EL9_62, i6 18, i16 %p_ZZN4nnet24compute_output_buffer_2dINS_5arrayI8ap_fixedILi16ELi6EL9ap_q_mode5EL9_61, i6 19, i16 %p_ZZN4nnet24compute_output_buffer_2dINS_5arrayI8ap_fixedILi16ELi6EL9ap_q_mode5EL9_60, i6 20, i16 %p_ZZN4nnet24compute_output_buffer_2dINS_5arrayI8ap_fixedILi16ELi6EL9ap_q_mode5EL9_59, i6 21, i16 %p_ZZN4nnet24compute_output_buffer_2dINS_5arrayI8ap_fixedILi16ELi6EL9ap_q_mode5EL9_58, i6 22, i16 %p_ZZN4nnet24compute_output_buffer_2dINS_5arrayI8ap_fixedILi16ELi6EL9ap_q_mode5EL9_57, i6 23, i16 %p_ZZN4nnet24compute_output_buffer_2dINS_5arrayI8ap_fixedILi16ELi6EL9ap_q_mode5EL9_56, i6 24, i16 %p_ZZN4nnet24compute_output_buffer_2dINS_5arrayI8ap_fixedILi16ELi6EL9ap_q_mode5EL9_55, i6 25, i16 %p_ZZN4nnet24compute_output_buffer_2dINS_5arrayI8ap_fixedILi16ELi6EL9ap_q_mode5EL9_54, i6 26, i16 %p_ZZN4nnet24compute_output_buffer_2dINS_5arrayI8ap_fixedILi16ELi6EL9ap_q_mode5EL9_53, i6 27, i16 %p_ZZN4nnet24compute_output_buffer_2dINS_5arrayI8ap_fixedILi16ELi6EL9ap_q_mode5EL9_52, i6 28, i16 %p_ZZN4nnet24compute_output_buffer_2dINS_5arrayI8ap_fixedILi16ELi6EL9ap_q_mode5EL9_51, i6 29, i16 %p_ZZN4nnet24compute_output_buffer_2dINS_5arrayI8ap_fixedILi16ELi6EL9ap_q_mode5EL9_50, i6 30, i16 %p_ZZN4nnet24compute_output_buffer_2dINS_5arrayI8ap_fixedILi16ELi6EL9ap_q_mode5EL9_49, i6 31, i16 %p_ZZN4nnet24compute_output_buffer_2dINS_5arrayI8ap_fixedILi16ELi6EL9ap_q_mode5EL9_48, i6 32, i16 %p_ZZN4nnet24compute_output_buffer_2dINS_5arrayI8ap_fixedILi16ELi6EL9ap_q_mode5EL9_47, i6 33, i16 %p_ZZN4nnet24compute_output_buffer_2dINS_5arrayI8ap_fixedILi16ELi6EL9ap_q_mode5EL9_46, i6 34, i16 %p_ZZN4nnet24compute_output_buffer_2dINS_5arrayI8ap_fixedILi16ELi6EL9ap_q_mode5EL9_45, i6 35, i16 %p_ZZN4nnet24compute_output_buffer_2dINS_5arrayI8ap_fixedILi16ELi6EL9ap_q_mode5EL9_44, i16 0, i6 %trunc_ln135" [firmware/nnet_utils/nnet_dense_resource.h:135]   --->   Operation 132 'sparsemux' 'a' <Predicate = true> <Delay = 3.03> <CoreInst = "BinarySparseMux_DontCare">   --->   Core 137 'BinarySparseMux_DontCare' <Latency = 0> <II = 1> <Delay = 3.03> <FuncUnit> <Opcode : 'sparsemux'> <InPorts = 2> <OutPorts = 1>
ST_3 : Operation 133 [1/1] (0.00ns)   --->   "%sext_ln144 = sext i16 %a" [firmware/nnet_utils/nnet_dense_resource.h:144]   --->   Operation 133 'sext' 'sext_ln144' <Predicate = true> <Delay = 0.00>
ST_3 : Operation 134 [1/2] ( I:3.25ns O:3.25ns )   --->   "%w = load i9 %w28_addr" [firmware/nnet_utils/nnet_dense_resource.h:145]   --->   Operation 134 'load' 'w' <Predicate = true> <Delay = 3.25> <CoreInst = "ROM_nP_BRAM">   --->   Core 102 'ROM_nP_BRAM' <Latency = 1> <II = 1> <Delay = 3.25> <Storage> <Opcode : 'load'> <Ports = 0> <Width = 12> <Depth = 288> <ROM>
ST_3 : Operation 135 [1/1] (0.00ns)   --->   "%sext_ln144_1 = sext i12 %w" [firmware/nnet_utils/nnet_dense_resource.h:144]   --->   Operation 135 'sext' 'sext_ln144_1' <Predicate = true> <Delay = 0.00>
ST_3 : Operation 136 [2/2] (3.35ns)   --->   "%mul_ln144 = mul i26 %sext_ln144, i26 %sext_ln144_1" [firmware/nnet_utils/nnet_dense_resource.h:144]   --->   Operation 136 'mul' 'mul_ln144' <Predicate = true> <Delay = 3.35> <CoreInst = "Multiplier">   --->   Core 3 'Multiplier' <Latency = 1> <II = 1> <Delay = 3.35> <FuncUnit> <Opcode : 'mul'> <InPorts = 2> <OutPorts = 1>
ST_3 : Operation 137 [1/1] (2.70ns)   --->   "%in_index_3 = add i32 %in_index, i32 1" [firmware/nnet_utils/nnet_dense_resource.h:153]   --->   Operation 137 'add' 'in_index_3' <Predicate = true> <Delay = 2.70> <CoreInst = "Adder">   --->   Core 1 'Adder' <Latency = 0> <II = 1> <Delay = 2.70> <FuncUnit> <Opcode : 'add' 'sub'> <InPorts = 2> <OutPorts = 1>
ST_3 : Operation 138 [1/1] (2.70ns)   --->   "%icmp_ln154 = icmp_sgt  i32 %in_index_3, i32 35" [firmware/nnet_utils/nnet_dense_resource.h:154]   --->   Operation 138 'icmp' 'icmp_ln154' <Predicate = true> <Delay = 2.70> <CoreInst = "Cmp">   --->   Core 9 'Cmp' <Latency = 0> <II = 1> <Delay = 2.70> <FuncUnit> <Opcode : 'seteq' 'setne' 'setle' 'setge' 'setlt' 'setgt'> <InPorts = 2> <OutPorts = 1>
ST_3 : Operation 139 [1/1] (0.79ns)   --->   "%in_index_4 = select i1 %icmp_ln154, i32 0, i32 %in_index_3" [firmware/nnet_utils/nnet_dense_resource.h:154]   --->   Operation 139 'select' 'in_index_4' <Predicate = true> <Delay = 0.79> <CoreInst = "Sel">   --->   Core 73 'Sel' <Latency = 0> <II = 1> <Delay = 0.79> <FuncUnit> <Opcode : 'select'> <InPorts = 3> <OutPorts = 1>

State 4 <SV = 3> <Delay = 6.79>
ST_4 : Operation 140 [1/1] (0.00ns)   --->   "%acc23 = phi i16 65453, void %entry, i16 %acc_7, void %MultLoop.split.i_ifconv, i16 65453, void %dense_resource_rf_gt_nin_rem0<ap_fixed<16, 6, 5, 3, 0>, ap_fixed<16, 6, 5, 3, 0>, config28_mult>.exit"   --->   Operation 140 'phi' 'acc23' <Predicate = true> <Delay = 0.00>
ST_4 : Operation 141 [1/1] (0.00ns)   --->   "%acc_6 = phi i16 65369, void %entry, i16 %acc_16, void %MultLoop.split.i_ifconv, i16 65369, void %dense_resource_rf_gt_nin_rem0<ap_fixed<16, 6, 5, 3, 0>, ap_fixed<16, 6, 5, 3, 0>, config28_mult>.exit"   --->   Operation 141 'phi' 'acc_6' <Predicate = true> <Delay = 0.00>
ST_4 : Operation 142 [1/1] (0.00ns)   --->   "%acc_5 = phi i16 159, void %entry, i16 %acc_15, void %MultLoop.split.i_ifconv, i16 159, void %dense_resource_rf_gt_nin_rem0<ap_fixed<16, 6, 5, 3, 0>, ap_fixed<16, 6, 5, 3, 0>, config28_mult>.exit"   --->   Operation 142 'phi' 'acc_5' <Predicate = true> <Delay = 0.00>
ST_4 : Operation 143 [1/1] (0.00ns)   --->   "%acc_4 = phi i16 64884, void %entry, i16 %acc_14, void %MultLoop.split.i_ifconv, i16 64884, void %dense_resource_rf_gt_nin_rem0<ap_fixed<16, 6, 5, 3, 0>, ap_fixed<16, 6, 5, 3, 0>, config28_mult>.exit"   --->   Operation 143 'phi' 'acc_4' <Predicate = true> <Delay = 0.00>
ST_4 : Operation 144 [1/1] (0.00ns)   --->   "%acc_3 = phi i16 366, void %entry, i16 %acc_13, void %MultLoop.split.i_ifconv, i16 366, void %dense_resource_rf_gt_nin_rem0<ap_fixed<16, 6, 5, 3, 0>, ap_fixed<16, 6, 5, 3, 0>, config28_mult>.exit"   --->   Operation 144 'phi' 'acc_3' <Predicate = true> <Delay = 0.00>
ST_4 : Operation 145 [1/1] (0.00ns)   --->   "%acc_2 = phi i16 65147, void %entry, i16 %acc_12, void %MultLoop.split.i_ifconv, i16 65147, void %dense_resource_rf_gt_nin_rem0<ap_fixed<16, 6, 5, 3, 0>, ap_fixed<16, 6, 5, 3, 0>, config28_mult>.exit"   --->   Operation 145 'phi' 'acc_2' <Predicate = true> <Delay = 0.00>
ST_4 : Operation 146 [1/1] (0.00ns)   --->   "%acc_1 = phi i16 141, void %entry, i16 %acc_11, void %MultLoop.split.i_ifconv, i16 141, void %dense_resource_rf_gt_nin_rem0<ap_fixed<16, 6, 5, 3, 0>, ap_fixed<16, 6, 5, 3, 0>, config28_mult>.exit"   --->   Operation 146 'phi' 'acc_1' <Predicate = true> <Delay = 0.00>
ST_4 : Operation 147 [1/1] (0.00ns)   --->   "%acc = phi i16 65304, void %entry, i16 %acc_10, void %MultLoop.split.i_ifconv, i16 65304, void %dense_resource_rf_gt_nin_rem0<ap_fixed<16, 6, 5, 3, 0>, ap_fixed<16, 6, 5, 3, 0>, config28_mult>.exit"   --->   Operation 147 'phi' 'acc' <Predicate = true> <Delay = 0.00>
ST_4 : Operation 148 [1/2] (3.35ns)   --->   "%mul_ln144 = mul i26 %sext_ln144, i26 %sext_ln144_1" [firmware/nnet_utils/nnet_dense_resource.h:144]   --->   Operation 148 'mul' 'mul_ln144' <Predicate = true> <Delay = 3.35> <CoreInst = "Multiplier">   --->   Core 3 'Multiplier' <Latency = 1> <II = 1> <Delay = 3.35> <FuncUnit> <Opcode : 'mul'> <InPorts = 2> <OutPorts = 1>
ST_4 : Operation 149 [1/1] (0.00ns)   --->   "%trunc_ln4 = partselect i16 @_ssdm_op_PartSelect.i16.i26.i32.i32, i26 %mul_ln144, i32 10, i32 25" [firmware/nnet_utils/nnet_dense_resource.h:144]   --->   Operation 149 'partselect' 'trunc_ln4' <Predicate = true> <Delay = 0.00>
ST_4 : Operation 150 [1/1] (1.80ns)   --->   "%tmp_i = sparsemux i16 @_ssdm_op_SparseMux.ap_auto.8i16.i16.i3, i3 0, i16 %acc23, i3 1, i16 %acc_6, i3 2, i16 %acc_5, i3 3, i16 %acc_4, i3 4, i16 %acc_3, i3 5, i16 %acc_2, i3 6, i16 %acc_1, i3 7, i16 %acc, i16 0, i3 %out_index" [firmware/nnet_utils/nnet_dense_resource.h:144]   --->   Operation 150 'sparsemux' 'tmp_i' <Predicate = true> <Delay = 1.80> <CoreInst = "BinarySparseMux_DontCare">   --->   Core 137 'BinarySparseMux_DontCare' <Latency = 0> <II = 1> <Delay = 1.80> <FuncUnit> <Opcode : 'sparsemux'> <InPorts = 2> <OutPorts = 1>
ST_4 : Operation 151 [1/1] (0.00ns)   --->   "%sext_ln144_2 = sext i16 %tmp_i" [firmware/nnet_utils/nnet_dense_resource.h:144]   --->   Operation 151 'sext' 'sext_ln144_2' <Predicate = true> <Delay = 0.00>
ST_4 : Operation 152 [1/1] (0.00ns)   --->   "%sext_ln144_3 = sext i16 %trunc_ln4" [firmware/nnet_utils/nnet_dense_resource.h:144]   --->   Operation 152 'sext' 'sext_ln144_3' <Predicate = true> <Delay = 0.00>
ST_4 : Operation 153 [1/1] (2.14ns)   --->   "%acc_17 = add i16 %trunc_ln4, i16 %tmp_i" [firmware/nnet_utils/nnet_dense_resource.h:144]   --->   Operation 153 'add' 'acc_17' <Predicate = true> <Delay = 2.14> <CoreInst = "Adder">   --->   Core 1 'Adder' <Latency = 0> <II = 1> <Delay = 2.14> <FuncUnit> <Opcode : 'add' 'sub'> <InPorts = 2> <OutPorts = 1>
ST_4 : Operation 154 [1/1] (2.14ns)   --->   "%sub_ln144 = sub i17 0, i17 %sext_ln144_2" [firmware/nnet_utils/nnet_dense_resource.h:144]   --->   Operation 154 'sub' 'sub_ln144' <Predicate = true> <Delay = 2.14> <CoreInst = "Adder">   --->   Core 1 'Adder' <Latency = 0> <II = 1> <Delay = 2.14> <FuncUnit> <Opcode : 'add' 'sub'> <InPorts = 2> <OutPorts = 1>
ST_4 : Operation 155 [1/1] (1.68ns)   --->   "%icmp_ln144 = icmp_eq  i3 %out_index, i3 0" [firmware/nnet_utils/nnet_dense_resource.h:144]   --->   Operation 155 'icmp' 'icmp_ln144' <Predicate = true> <Delay = 1.68> <CoreInst = "Cmp">   --->   Core 9 'Cmp' <Latency = 0> <II = 1> <Delay = 1.68> <FuncUnit> <Opcode : 'seteq' 'setne' 'setle' 'setge' 'setlt' 'setgt'> <InPorts = 2> <OutPorts = 1>
ST_4 : Operation 156 [1/1] (1.68ns)   --->   "%icmp_ln144_1 = icmp_eq  i3 %out_index, i3 1" [firmware/nnet_utils/nnet_dense_resource.h:144]   --->   Operation 156 'icmp' 'icmp_ln144_1' <Predicate = true> <Delay = 1.68> <CoreInst = "Cmp">   --->   Core 9 'Cmp' <Latency = 0> <II = 1> <Delay = 1.68> <FuncUnit> <Opcode : 'seteq' 'setne' 'setle' 'setge' 'setlt' 'setgt'> <InPorts = 2> <OutPorts = 1>
ST_4 : Operation 157 [1/1] (1.68ns)   --->   "%icmp_ln144_2 = icmp_eq  i3 %out_index, i3 2" [firmware/nnet_utils/nnet_dense_resource.h:144]   --->   Operation 157 'icmp' 'icmp_ln144_2' <Predicate = true> <Delay = 1.68> <CoreInst = "Cmp">   --->   Core 9 'Cmp' <Latency = 0> <II = 1> <Delay = 1.68> <FuncUnit> <Opcode : 'seteq' 'setne' 'setle' 'setge' 'setlt' 'setgt'> <InPorts = 2> <OutPorts = 1>
ST_4 : Operation 158 [1/1] (1.68ns)   --->   "%icmp_ln144_3 = icmp_eq  i3 %out_index, i3 3" [firmware/nnet_utils/nnet_dense_resource.h:144]   --->   Operation 158 'icmp' 'icmp_ln144_3' <Predicate = true> <Delay = 1.68> <CoreInst = "Cmp">   --->   Core 9 'Cmp' <Latency = 0> <II = 1> <Delay = 1.68> <FuncUnit> <Opcode : 'seteq' 'setne' 'setle' 'setge' 'setlt' 'setgt'> <InPorts = 2> <OutPorts = 1>
ST_4 : Operation 159 [1/1] (1.68ns)   --->   "%icmp_ln144_4 = icmp_eq  i3 %out_index, i3 4" [firmware/nnet_utils/nnet_dense_resource.h:144]   --->   Operation 159 'icmp' 'icmp_ln144_4' <Predicate = true> <Delay = 1.68> <CoreInst = "Cmp">   --->   Core 9 'Cmp' <Latency = 0> <II = 1> <Delay = 1.68> <FuncUnit> <Opcode : 'seteq' 'setne' 'setle' 'setge' 'setlt' 'setgt'> <InPorts = 2> <OutPorts = 1>
ST_4 : Operation 160 [1/1] (1.68ns)   --->   "%icmp_ln144_5 = icmp_eq  i3 %out_index, i3 5" [firmware/nnet_utils/nnet_dense_resource.h:144]   --->   Operation 160 'icmp' 'icmp_ln144_5' <Predicate = true> <Delay = 1.68> <CoreInst = "Cmp">   --->   Core 9 'Cmp' <Latency = 0> <II = 1> <Delay = 1.68> <FuncUnit> <Opcode : 'seteq' 'setne' 'setle' 'setge' 'setlt' 'setgt'> <InPorts = 2> <OutPorts = 1>
ST_4 : Operation 161 [1/1] (1.68ns)   --->   "%icmp_ln144_6 = icmp_eq  i3 %out_index, i3 6" [firmware/nnet_utils/nnet_dense_resource.h:144]   --->   Operation 161 'icmp' 'icmp_ln144_6' <Predicate = true> <Delay = 1.68> <CoreInst = "Cmp">   --->   Core 9 'Cmp' <Latency = 0> <II = 1> <Delay = 1.68> <FuncUnit> <Opcode : 'seteq' 'setne' 'setle' 'setge' 'setlt' 'setgt'> <InPorts = 2> <OutPorts = 1>
ST_4 : Operation 162 [1/1] (2.18ns)   --->   "%icmp_ln144_7 = icmp_ne  i17 %sext_ln144_3, i17 %sub_ln144" [firmware/nnet_utils/nnet_dense_resource.h:144]   --->   Operation 162 'icmp' 'icmp_ln144_7' <Predicate = true> <Delay = 2.18> <CoreInst = "Cmp">   --->   Core 9 'Cmp' <Latency = 0> <II = 1> <Delay = 2.18> <FuncUnit> <Opcode : 'seteq' 'setne' 'setle' 'setge' 'setlt' 'setgt'> <InPorts = 2> <OutPorts = 1>
ST_4 : Operation 163 [1/1] (0.97ns)   --->   "%or_ln144_1 = or i1 %icmp_ln144_1, i1 %icmp_ln144_2" [firmware/nnet_utils/nnet_dense_resource.h:144]   --->   Operation 163 'or' 'or_ln144_1' <Predicate = true> <Delay = 0.97> <CoreInst = "LogicGate">   --->   Core 74 'LogicGate' <Latency = 0> <II = 1> <Delay = 0.97> <FuncUnit> <Opcode : 'and' 'or' 'xor'> <InPorts = 2> <OutPorts = 1>
ST_4 : Operation 164 [1/1] (0.00ns) (grouped into LUT with out node or_ln144_5)   --->   "%or_ln144_3 = or i1 %icmp_ln144_3, i1 %icmp_ln144_4" [firmware/nnet_utils/nnet_dense_resource.h:144]   --->   Operation 164 'or' 'or_ln144_3' <Predicate = true> <Delay = 0.00> <CoreInst = "LogicGate">   --->   Core 74 'LogicGate' <Latency = 0> <II = 1> <Delay = 0.97> <FuncUnit> <Opcode : 'and' 'or' 'xor'> <InPorts = 2> <OutPorts = 1>
ST_4 : Operation 165 [1/1] (0.00ns) (grouped into LUT with out node or_ln144_5)   --->   "%or_ln144_4 = or i1 %icmp_ln144_5, i1 %icmp_ln144_6" [firmware/nnet_utils/nnet_dense_resource.h:144]   --->   Operation 165 'or' 'or_ln144_4' <Predicate = true> <Delay = 0.00> <CoreInst = "LogicGate">   --->   Core 74 'LogicGate' <Latency = 0> <II = 1> <Delay = 0.97> <FuncUnit> <Opcode : 'and' 'or' 'xor'> <InPorts = 2> <OutPorts = 1>
ST_4 : Operation 166 [1/1] (0.97ns) (out node of the LUT)   --->   "%or_ln144_5 = or i1 %or_ln144_4, i1 %or_ln144_3" [firmware/nnet_utils/nnet_dense_resource.h:144]   --->   Operation 166 'or' 'or_ln144_5' <Predicate = true> <Delay = 0.97> <CoreInst = "LogicGate">   --->   Core 74 'LogicGate' <Latency = 0> <II = 1> <Delay = 0.97> <FuncUnit> <Opcode : 'and' 'or' 'xor'> <InPorts = 2> <OutPorts = 1>
ST_4 : Operation 167 [1/1] (1.29ns)   --->   "%acc_11 = select i1 %icmp_ln144_6, i16 %acc_17, i16 %acc_1" [firmware/nnet_utils/nnet_dense_resource.h:144]   --->   Operation 167 'select' 'acc_11' <Predicate = true> <Delay = 1.29> <CoreInst = "Sel">   --->   Core 73 'Sel' <Latency = 0> <II = 1> <Delay = 1.29> <FuncUnit> <Opcode : 'select'> <InPorts = 3> <OutPorts = 1>
ST_4 : Operation 168 [1/1] (1.29ns)   --->   "%acc_12 = select i1 %icmp_ln144_5, i16 %acc_17, i16 %acc_2" [firmware/nnet_utils/nnet_dense_resource.h:144]   --->   Operation 168 'select' 'acc_12' <Predicate = true> <Delay = 1.29> <CoreInst = "Sel">   --->   Core 73 'Sel' <Latency = 0> <II = 1> <Delay = 1.29> <FuncUnit> <Opcode : 'select'> <InPorts = 3> <OutPorts = 1>
ST_4 : Operation 169 [1/1] (1.29ns)   --->   "%acc_13 = select i1 %icmp_ln144_4, i16 %acc_17, i16 %acc_3" [firmware/nnet_utils/nnet_dense_resource.h:144]   --->   Operation 169 'select' 'acc_13' <Predicate = true> <Delay = 1.29> <CoreInst = "Sel">   --->   Core 73 'Sel' <Latency = 0> <II = 1> <Delay = 1.29> <FuncUnit> <Opcode : 'select'> <InPorts = 3> <OutPorts = 1>
ST_4 : Operation 170 [1/1] (1.29ns)   --->   "%acc_14 = select i1 %icmp_ln144_3, i16 %acc_17, i16 %acc_4" [firmware/nnet_utils/nnet_dense_resource.h:144]   --->   Operation 170 'select' 'acc_14' <Predicate = true> <Delay = 1.29> <CoreInst = "Sel">   --->   Core 73 'Sel' <Latency = 0> <II = 1> <Delay = 1.29> <FuncUnit> <Opcode : 'select'> <InPorts = 3> <OutPorts = 1>
ST_4 : Operation 171 [1/1] (1.29ns)   --->   "%acc_15 = select i1 %icmp_ln144_2, i16 %acc_17, i16 %acc_5" [firmware/nnet_utils/nnet_dense_resource.h:144]   --->   Operation 171 'select' 'acc_15' <Predicate = true> <Delay = 1.29> <CoreInst = "Sel">   --->   Core 73 'Sel' <Latency = 0> <II = 1> <Delay = 1.29> <FuncUnit> <Opcode : 'select'> <InPorts = 3> <OutPorts = 1>
ST_4 : Operation 172 [1/1] (1.29ns)   --->   "%acc_16 = select i1 %icmp_ln144_1, i16 %acc_17, i16 %acc_6" [firmware/nnet_utils/nnet_dense_resource.h:144]   --->   Operation 172 'select' 'acc_16' <Predicate = true> <Delay = 1.29> <CoreInst = "Sel">   --->   Core 73 'Sel' <Latency = 0> <II = 1> <Delay = 1.29> <FuncUnit> <Opcode : 'select'> <InPorts = 3> <OutPorts = 1>
ST_4 : Operation 173 [1/1] (1.29ns)   --->   "%acc_7 = select i1 %icmp_ln144, i16 %acc_17, i16 %acc23" [firmware/nnet_utils/nnet_dense_resource.h:144]   --->   Operation 173 'select' 'acc_7' <Predicate = true> <Delay = 1.29> <CoreInst = "Sel">   --->   Core 73 'Sel' <Latency = 0> <II = 1> <Delay = 1.29> <FuncUnit> <Opcode : 'select'> <InPorts = 3> <OutPorts = 1>

State 5 <SV = 4> <Delay = 10.3>
ST_5 : Operation 174 [1/1] (0.00ns)   --->   "%specpipeline_ln136 = specpipeline void @_ssdm_op_SpecPipeline, i32 1, i32 0, i32 0, i32 1, i32 4294967295, void @empty_7" [firmware/nnet_utils/nnet_dense_resource.h:136]   --->   Operation 174 'specpipeline' 'specpipeline_ln136' <Predicate = true> <Delay = 0.00>
ST_5 : Operation 175 [1/1] (0.00ns)   --->   "%speclooptripcount_ln110 = speclooptripcount void @_ssdm_op_SpecLoopTripCount, i64 288, i64 288, i64 288" [firmware/nnet_utils/nnet_dense_resource.h:110]   --->   Operation 175 'speclooptripcount' 'speclooptripcount_ln110' <Predicate = true> <Delay = 0.00>
ST_5 : Operation 176 [1/1] (0.00ns)   --->   "%specloopname_ln135 = specloopname void @_ssdm_op_SpecLoopName, void @empty_5" [firmware/nnet_utils/nnet_dense_resource.h:135]   --->   Operation 176 'specloopname' 'specloopname_ln135' <Predicate = true> <Delay = 0.00>
ST_5 : Operation 177 [1/1] (0.00ns) (grouped into LUT with out node acc_8)   --->   "%or_ln144 = or i1 %icmp_ln144, i1 %icmp_ln144_7" [firmware/nnet_utils/nnet_dense_resource.h:144]   --->   Operation 177 'or' 'or_ln144' <Predicate = true> <Delay = 0.00> <CoreInst = "LogicGate">   --->   Core 74 'LogicGate' <Latency = 0> <II = 1> <Delay = 0.97> <FuncUnit> <Opcode : 'and' 'or' 'xor'> <InPorts = 2> <OutPorts = 1>
ST_5 : Operation 178 [1/1] (0.00ns) (grouped into LUT with out node acc_8)   --->   "%or_ln144_2 = or i1 %or_ln144_1, i1 %or_ln144" [firmware/nnet_utils/nnet_dense_resource.h:144]   --->   Operation 178 'or' 'or_ln144_2' <Predicate = true> <Delay = 0.00> <CoreInst = "LogicGate">   --->   Core 74 'LogicGate' <Latency = 0> <II = 1> <Delay = 0.97> <FuncUnit> <Opcode : 'and' 'or' 'xor'> <InPorts = 2> <OutPorts = 1>
ST_5 : Operation 179 [1/1] (0.00ns) (grouped into LUT with out node acc_8)   --->   "%or_ln144_6 = or i1 %or_ln144_5, i1 %or_ln144_2" [firmware/nnet_utils/nnet_dense_resource.h:144]   --->   Operation 179 'or' 'or_ln144_6' <Predicate = true> <Delay = 0.00> <CoreInst = "LogicGate">   --->   Core 74 'LogicGate' <Latency = 0> <II = 1> <Delay = 0.97> <FuncUnit> <Opcode : 'and' 'or' 'xor'> <InPorts = 2> <OutPorts = 1>
ST_5 : Operation 180 [1/1] (1.29ns) (out node of the LUT)   --->   "%acc_8 = select i1 %or_ln144_6, i16 %acc, i16 0" [firmware/nnet_utils/nnet_dense_resource.h:144]   --->   Operation 180 'select' 'acc_8' <Predicate = true> <Delay = 1.29> <CoreInst = "Sel">   --->   Core 73 'Sel' <Latency = 0> <II = 1> <Delay = 1.29> <FuncUnit> <Opcode : 'select'> <InPorts = 3> <OutPorts = 1>
ST_5 : Operation 181 [1/1] (0.00ns) (grouped into LUT with out node acc_10)   --->   "%or_ln144_7 = or i1 %or_ln144_1, i1 %icmp_ln144" [firmware/nnet_utils/nnet_dense_resource.h:144]   --->   Operation 181 'or' 'or_ln144_7' <Predicate = true> <Delay = 0.00> <CoreInst = "LogicGate">   --->   Core 74 'LogicGate' <Latency = 0> <II = 1> <Delay = 0.97> <FuncUnit> <Opcode : 'and' 'or' 'xor'> <InPorts = 2> <OutPorts = 1>
ST_5 : Operation 182 [1/1] (0.00ns) (grouped into LUT with out node acc_10)   --->   "%or_ln144_8 = or i1 %or_ln144_5, i1 %or_ln144_7" [firmware/nnet_utils/nnet_dense_resource.h:144]   --->   Operation 182 'or' 'or_ln144_8' <Predicate = true> <Delay = 0.00> <CoreInst = "LogicGate">   --->   Core 74 'LogicGate' <Latency = 0> <II = 1> <Delay = 0.97> <FuncUnit> <Opcode : 'and' 'or' 'xor'> <InPorts = 2> <OutPorts = 1>
ST_5 : Operation 183 [1/1] (1.29ns) (out node of the LUT)   --->   "%acc_10 = select i1 %or_ln144_8, i16 %acc_8, i16 %acc_17" [firmware/nnet_utils/nnet_dense_resource.h:144]   --->   Operation 183 'select' 'acc_10' <Predicate = true> <Delay = 1.29> <CoreInst = "Sel">   --->   Core 73 'Sel' <Latency = 0> <II = 1> <Delay = 1.29> <FuncUnit> <Opcode : 'select'> <InPorts = 3> <OutPorts = 1>
ST_5 : Operation 184 [1/1] (0.00ns)   --->   "%mrv_i = insertvalue i128 <undef>, i16 %acc_7" [firmware/nnet_utils/nnet_dense_resource.h:166]   --->   Operation 184 'insertvalue' 'mrv_i' <Predicate = (icmp_ln135)> <Delay = 0.00>
ST_5 : Operation 185 [1/1] (0.00ns)   --->   "%mrv_1_i = insertvalue i128 %mrv_i, i16 %acc_16" [firmware/nnet_utils/nnet_dense_resource.h:166]   --->   Operation 185 'insertvalue' 'mrv_1_i' <Predicate = (icmp_ln135)> <Delay = 0.00>
ST_5 : Operation 186 [1/1] (0.00ns)   --->   "%mrv_2_i = insertvalue i128 %mrv_1_i, i16 %acc_15" [firmware/nnet_utils/nnet_dense_resource.h:166]   --->   Operation 186 'insertvalue' 'mrv_2_i' <Predicate = (icmp_ln135)> <Delay = 0.00>
ST_5 : Operation 187 [1/1] (0.00ns)   --->   "%mrv_3_i = insertvalue i128 %mrv_2_i, i16 %acc_14" [firmware/nnet_utils/nnet_dense_resource.h:166]   --->   Operation 187 'insertvalue' 'mrv_3_i' <Predicate = (icmp_ln135)> <Delay = 0.00>
ST_5 : Operation 188 [1/1] (0.00ns)   --->   "%mrv_4_i = insertvalue i128 %mrv_3_i, i16 %acc_13" [firmware/nnet_utils/nnet_dense_resource.h:166]   --->   Operation 188 'insertvalue' 'mrv_4_i' <Predicate = (icmp_ln135)> <Delay = 0.00>
ST_5 : Operation 189 [1/1] (0.00ns)   --->   "%mrv_5_i = insertvalue i128 %mrv_4_i, i16 %acc_12" [firmware/nnet_utils/nnet_dense_resource.h:166]   --->   Operation 189 'insertvalue' 'mrv_5_i' <Predicate = (icmp_ln135)> <Delay = 0.00>
ST_5 : Operation 190 [1/1] (0.00ns)   --->   "%mrv_6_i = insertvalue i128 %mrv_5_i, i16 %acc_11" [firmware/nnet_utils/nnet_dense_resource.h:166]   --->   Operation 190 'insertvalue' 'mrv_6_i' <Predicate = (icmp_ln135)> <Delay = 0.00>
ST_5 : Operation 191 [1/1] (0.00ns)   --->   "%mrv_7_i = insertvalue i128 %mrv_6_i, i16 %acc_10" [firmware/nnet_utils/nnet_dense_resource.h:166]   --->   Operation 191 'insertvalue' 'mrv_7_i' <Predicate = (icmp_ln135)> <Delay = 0.00>
ST_5 : Operation 192 [1/1] (0.00ns)   --->   "%return_ln166 = return void @_ssdm_op_Return, i128 %mrv_7_i" [firmware/nnet_utils/nnet_dense_resource.h:166]   --->   Operation 192 'return' 'return_ln166' <Predicate = (icmp_ln135)> <Delay = 0.00>


============================================================
+ Verbose Summary: Timing violations
============================================================
Target clock period: 5.000ns, clock uncertainty: 1.350ns.

 <State 1>: 1.610ns
The critical path consists of the following:
	multiplexor before 'phi' operation 1 bit ('do_init') [41]  (1.610 ns)
	'br' operation ('br_ln135', firmware/nnet_utils/nnet_dense_resource.h:135) [39]  (1.610 ns)

 <State 2>: 3.257ns
The critical path consists of the following:
	'phi' operation 9 bit ('w_index') with incoming values : ('w_index', firmware/nnet_utils/nnet_dense_resource.h:135) [79]  (0.000 ns)
	'getelementptr' operation 9 bit ('w28_addr', firmware/nnet_utils/nnet_dense_resource.h:145) [174]  (0.000 ns)
	'load' operation 12 bit ('w', firmware/nnet_utils/nnet_dense_resource.h:145) on array 'w28' [175]  (3.257 ns)

 <State 3>: 6.609ns
The critical path consists of the following:
	'load' operation 12 bit ('w', firmware/nnet_utils/nnet_dense_resource.h:145) on array 'w28' [175]  (3.257 ns)
	'mul' operation 26 bit ('mul_ln144', firmware/nnet_utils/nnet_dense_resource.h:144) [177]  (3.352 ns)

 <State 4>: 6.791ns
The critical path consists of the following:
	'mul' operation 26 bit ('mul_ln144', firmware/nnet_utils/nnet_dense_resource.h:144) [177]  (3.352 ns)
	'add' operation 16 bit ('acc', firmware/nnet_utils/nnet_dense_resource.h:144) [182]  (2.146 ns)
	'select' operation 16 bit ('acc', firmware/nnet_utils/nnet_dense_resource.h:144) [203]  (1.293 ns)

 <State 5>: 10.327ns
The critical path consists of the following:
	'or' operation 1 bit ('or_ln144', firmware/nnet_utils/nnet_dense_resource.h:144) [192]  (0.000 ns)
	'or' operation 1 bit ('or_ln144_2', firmware/nnet_utils/nnet_dense_resource.h:144) [194]  (0.000 ns)
	'or' operation 1 bit ('or_ln144_6', firmware/nnet_utils/nnet_dense_resource.h:144) [198]  (0.000 ns)
	'select' operation 16 bit ('acc', firmware/nnet_utils/nnet_dense_resource.h:144) [199]  (1.293 ns)
	'select' operation 16 bit ('acc', firmware/nnet_utils/nnet_dense_resource.h:144) [202]  (1.293 ns)
	multiplexor before 'phi' operation 16 bit ('acc') with incoming values : ('acc', firmware/nnet_utils/nnet_dense_resource.h:144) [87]  (1.610 ns)
	'phi' operation 16 bit ('acc') with incoming values : ('acc', firmware/nnet_utils/nnet_dense_resource.h:144) [87]  (0.000 ns)
	'sparsemux' operation 16 bit ('tmp_i', firmware/nnet_utils/nnet_dense_resource.h:144) [179]  (1.805 ns)
	'sub' operation 17 bit ('sub_ln144', firmware/nnet_utils/nnet_dense_resource.h:144) [183]  (2.146 ns)
	'icmp' operation 1 bit ('icmp_ln144_7', firmware/nnet_utils/nnet_dense_resource.h:144) [191]  (2.181 ns)


============================================================
+ Verbose Summary: Binding
============================================================
N/A
* FSMD analyzer results:
  - Output states:
 - Input state : 
  - Chain level:
	State 1
	State 2
	State 3
	State 4
	State 5


============================================================
+ Verbose Summary: Datapath Resource usage 
============================================================
N/A
