

================================================================
== Vitis HLS Report for 'relu_array_ap_fixed_8u_array_ap_fixed_16_6_5_3_0_8u_ReLU_config15_s'
================================================================
* Date:           Tue Oct  6 15:38:18 2026

* Version:        2026.1 (Build 6493734 on Jun 16 2026)
* Project:        myproject_prj
* Solution:       solution1
* Product family: artix7
* Target device:  xc7a35t-ftg256-1


================================================================
== Performance Estimates
================================================================
+ Timing: 
    * Summary: 
    +--------+---------+----------+------------+
    |  Clock |  Target | Estimated| Uncertainty|
    +--------+---------+----------+------------+
    |ap_clk  |  5.00 ns|  3.641 ns|     1.35 ns|
    +--------+---------+----------+------------+

+ Latency: 
    * Summary: 
    +---------+---------+----------+----------+-----+-----+-----------------------------------------+
    |  Latency (cycles) |  Latency (absolute) |  Interval |                 Pipeline                |
    |   min   |   max   |    min   |    max   | min | max |                   Type                  |
    +---------+---------+----------+----------+-----+-----+-----------------------------------------+
    |      125|      125|  0.625 us|  0.625 us|  121|  121|  loop auto-rewind stp (delay=0 cycle(s))|
    +---------+---------+----------+----------+-----+-----+-----------------------------------------+

    + Detail: 
        * Instance: 
        N/A

        * Loop: 
        +---------------+---------+---------+----------+-----------+-----------+------+----------+
        |               |  Latency (cycles) | Iteration|  Initiation Interval  | Trip |          |
        |   Loop Name   |   min   |   max   |  Latency |  achieved |   target  | Count| Pipelined|
        +---------------+---------+---------+----------+-----------+-----------+------+----------+
        |- ReLUActLoop  |      123|      123|         4|          1|        N/A|   121|       yes|
        +---------------+---------+---------+----------+-----------+-----------+------+----------+

============================================================
+ Verbose Summary: Synthesis Manager
============================================================
InlineROM: 1
ExposeGlobal: 0
============================================================
+ Verbose Summary: CDFG Model
============================================================
IsTopModel: 0
ResetActiveHigh: 1
IsCombinational: 2
IsDatapathOnly: 0
HasWiredReturn: 1
HasMFsm: 2
HasVarLatency: 1
IsPipeline: 0
IsRtlPipelined: 0
IsInstanceOverlapped: 0
IsDontTouch: 0
HasImplIP: 0
IsGatedGlobalClock: 0

+ Individual pipeline summary: 
  * Pipeline-0: initiation interval (II) = 1, depth = 4


============================================================
+ Verbose Summary: Schedule
============================================================
* Number of FSM states : 4
* Pipeline : 1
  Pipeline-0 : II = 1, D = 4, States = { 1 2 3 4 }
* Dataflow Pipeline: 0

* FSM state transitions: 
1 --> 2 
2 --> 3 
3 --> 4 
4 --> 

* FSM state operations: 

State 1 <SV = 0> <Delay = 1.61>
ST_1 : Operation 7 [1/1] (0.00ns)   --->   "%i = alloca i32 1" [firmware/nnet_utils/nnet_activation_stream.h:41]   --->   Operation 7 'alloca' 'i' <Predicate = true> <Delay = 0.00>
ST_1 : Operation 8 [1/1] (0.00ns)   --->   "%specinterface_ln0 = specinterface void @_ssdm_op_SpecInterface, i128 %layer15_out, void @empty, i32 0, i32 0, void @empty_7, i32 0, i32 0, void @empty_7, void @empty_7, void @empty_7, i32 0, i32 0, i32 0, i32 0, void @empty_7, void @empty_7, i32 4294967295, i32 0, i32 0, i32 0"   --->   Operation 8 'specinterface' 'specinterface_ln0' <Predicate = true> <Delay = 0.00>
ST_1 : Operation 9 [1/1] (0.00ns)   --->   "%specinterface_ln0 = specinterface void @_ssdm_op_SpecInterface, i128 %layer28_out, void @empty, i32 0, i32 0, void @empty_7, i32 0, i32 0, void @empty_7, void @empty_7, void @empty_7, i32 0, i32 0, i32 0, i32 0, void @empty_7, void @empty_7, i32 4294967295, i32 0, i32 0, i32 0"   --->   Operation 9 'specinterface' 'specinterface_ln0' <Predicate = true> <Delay = 0.00>
ST_1 : Operation 10 [1/1] (1.61ns)   --->   "%store_ln41 = store i7 0, i7 %i" [firmware/nnet_utils/nnet_activation_stream.h:41]   --->   Operation 10 'store' 'store_ln41' <Predicate = true> <Delay = 1.61>
ST_1 : Operation 11 [1/1] (0.00ns)   --->   "%br_ln41 = br void %ReLUPackLoop.split" [firmware/nnet_utils/nnet_activation_stream.h:41]   --->   Operation 11 'br' 'br_ln41' <Predicate = true> <Delay = 0.00>

State 2 <SV = 1> <Delay = 3.64>
ST_2 : Operation 12 [1/1] (0.00ns)   --->   "%i_3 = load i7 %i" [firmware/nnet_utils/nnet_activation_stream.h:41]   --->   Operation 12 'load' 'i_3' <Predicate = true> <Delay = 0.00>
ST_2 : Operation 13 [1/1] ( I:1.82ns O:1.82ns )   --->   "%layer28_out_read = read i128 @_ssdm_op_Read.ap_fifo.volatile.i128P0A, i128 %layer28_out" [firmware/nnet_utils/nnet_activation_stream.h:44]   --->   Operation 13 'read' 'layer28_out_read' <Predicate = true> <Delay = 1.82> <CoreInst = "FIFO">   --->   Core 77 'FIFO' <Latency = 0> <II = 1> <Delay = 3.74> <Storage> <Opcode : 'read' 'write' 'nbread' 'nbwrite'> <Ports = 0> <Width = 128> <Depth = 121> <FIFO>
ST_2 : Operation 14 [1/1] (0.00ns)   --->   "%trunc_ln44 = trunc i128 %layer28_out_read" [firmware/nnet_utils/nnet_activation_stream.h:44]   --->   Operation 14 'trunc' 'trunc_ln44' <Predicate = true> <Delay = 0.00>
ST_2 : Operation 15 [1/1] (0.00ns)   --->   "%trunc_ln44_14 = trunc i128 %layer28_out_read" [firmware/nnet_utils/nnet_activation_stream.h:44]   --->   Operation 15 'trunc' 'trunc_ln44_14' <Predicate = true> <Delay = 0.00>
ST_2 : Operation 16 [1/1] (0.00ns)   --->   "%trunc_ln44_1 = partselect i16 @_ssdm_op_PartSelect.i16.i128.i32.i32, i128 %layer28_out_read, i32 16, i32 31" [firmware/nnet_utils/nnet_activation_stream.h:44]   --->   Operation 16 'partselect' 'trunc_ln44_1' <Predicate = true> <Delay = 0.00>
ST_2 : Operation 17 [1/1] (0.00ns)   --->   "%trunc_ln44_8 = partselect i15 @_ssdm_op_PartSelect.i15.i128.i32.i32, i128 %layer28_out_read, i32 16, i32 30" [firmware/nnet_utils/nnet_activation_stream.h:44]   --->   Operation 17 'partselect' 'trunc_ln44_8' <Predicate = true> <Delay = 0.00>
ST_2 : Operation 18 [1/1] (0.00ns)   --->   "%trunc_ln44_2 = partselect i16 @_ssdm_op_PartSelect.i16.i128.i32.i32, i128 %layer28_out_read, i32 32, i32 47" [firmware/nnet_utils/nnet_activation_stream.h:44]   --->   Operation 18 'partselect' 'trunc_ln44_2' <Predicate = true> <Delay = 0.00>
ST_2 : Operation 19 [1/1] (0.00ns)   --->   "%trunc_ln44_9 = partselect i15 @_ssdm_op_PartSelect.i15.i128.i32.i32, i128 %layer28_out_read, i32 32, i32 46" [firmware/nnet_utils/nnet_activation_stream.h:44]   --->   Operation 19 'partselect' 'trunc_ln44_9' <Predicate = true> <Delay = 0.00>
ST_2 : Operation 20 [1/1] (0.00ns)   --->   "%trunc_ln44_3 = partselect i16 @_ssdm_op_PartSelect.i16.i128.i32.i32, i128 %layer28_out_read, i32 48, i32 63" [firmware/nnet_utils/nnet_activation_stream.h:44]   --->   Operation 20 'partselect' 'trunc_ln44_3' <Predicate = true> <Delay = 0.00>
ST_2 : Operation 21 [1/1] (0.00ns)   --->   "%trunc_ln44_s = partselect i15 @_ssdm_op_PartSelect.i15.i128.i32.i32, i128 %layer28_out_read, i32 48, i32 62" [firmware/nnet_utils/nnet_activation_stream.h:44]   --->   Operation 21 'partselect' 'trunc_ln44_s' <Predicate = true> <Delay = 0.00>
ST_2 : Operation 22 [1/1] (0.00ns)   --->   "%trunc_ln44_4 = partselect i16 @_ssdm_op_PartSelect.i16.i128.i32.i32, i128 %layer28_out_read, i32 64, i32 79" [firmware/nnet_utils/nnet_activation_stream.h:44]   --->   Operation 22 'partselect' 'trunc_ln44_4' <Predicate = true> <Delay = 0.00>
ST_2 : Operation 23 [1/1] (0.00ns)   --->   "%trunc_ln44_10 = partselect i15 @_ssdm_op_PartSelect.i15.i128.i32.i32, i128 %layer28_out_read, i32 64, i32 78" [firmware/nnet_utils/nnet_activation_stream.h:44]   --->   Operation 23 'partselect' 'trunc_ln44_10' <Predicate = true> <Delay = 0.00>
ST_2 : Operation 24 [1/1] (0.00ns)   --->   "%trunc_ln44_5 = partselect i16 @_ssdm_op_PartSelect.i16.i128.i32.i32, i128 %layer28_out_read, i32 80, i32 95" [firmware/nnet_utils/nnet_activation_stream.h:44]   --->   Operation 24 'partselect' 'trunc_ln44_5' <Predicate = true> <Delay = 0.00>
ST_2 : Operation 25 [1/1] (0.00ns)   --->   "%trunc_ln44_11 = partselect i15 @_ssdm_op_PartSelect.i15.i128.i32.i32, i128 %layer28_out_read, i32 80, i32 94" [firmware/nnet_utils/nnet_activation_stream.h:44]   --->   Operation 25 'partselect' 'trunc_ln44_11' <Predicate = true> <Delay = 0.00>
ST_2 : Operation 26 [1/1] (0.00ns)   --->   "%trunc_ln44_6 = partselect i16 @_ssdm_op_PartSelect.i16.i128.i32.i32, i128 %layer28_out_read, i32 96, i32 111" [firmware/nnet_utils/nnet_activation_stream.h:44]   --->   Operation 26 'partselect' 'trunc_ln44_6' <Predicate = true> <Delay = 0.00>
ST_2 : Operation 27 [1/1] (0.00ns)   --->   "%trunc_ln44_12 = partselect i15 @_ssdm_op_PartSelect.i15.i128.i32.i32, i128 %layer28_out_read, i32 96, i32 110" [firmware/nnet_utils/nnet_activation_stream.h:44]   --->   Operation 27 'partselect' 'trunc_ln44_12' <Predicate = true> <Delay = 0.00>
ST_2 : Operation 28 [1/1] (0.00ns)   --->   "%trunc_ln44_7 = partselect i16 @_ssdm_op_PartSelect.i16.i128.i32.i32, i128 %layer28_out_read, i32 112, i32 127" [firmware/nnet_utils/nnet_activation_stream.h:44]   --->   Operation 28 'partselect' 'trunc_ln44_7' <Predicate = true> <Delay = 0.00>
ST_2 : Operation 29 [1/1] (0.00ns)   --->   "%trunc_ln1 = partselect i15 @_ssdm_op_PartSelect.i15.i128.i32.i32, i128 %layer28_out_read, i32 112, i32 126" [firmware/nnet_utils/nnet_activation_stream.h:51]   --->   Operation 29 'partselect' 'trunc_ln1' <Predicate = true> <Delay = 0.00>
ST_2 : Operation 30 [1/1] (2.03ns)   --->   "%i_5 = add i7 %i_3, i7 1" [firmware/nnet_utils/nnet_activation_stream.h:41]   --->   Operation 30 'add' 'i_5' <Predicate = true> <Delay = 2.03> <CoreInst = "Adder">   --->   Core 1 'Adder' <Latency = 0> <II = 1> <Delay = 2.03> <FuncUnit> <Opcode : 'add' 'sub'> <InPorts = 2> <OutPorts = 1>
ST_2 : Operation 31 [1/1] (2.03ns)   --->   "%icmp_ln41 = icmp_eq  i7 %i_3, i7 120" [firmware/nnet_utils/nnet_activation_stream.h:41]   --->   Operation 31 'icmp' 'icmp_ln41' <Predicate = true> <Delay = 2.03> <CoreInst = "Cmp">   --->   Core 9 'Cmp' <Latency = 0> <II = 1> <Delay = 2.03> <FuncUnit> <Opcode : 'seteq' 'setne' 'setle' 'setge' 'setlt' 'setgt'> <InPorts = 2> <OutPorts = 1>
ST_2 : Operation 32 [1/1] (1.61ns)   --->   "%store_ln41 = store i7 %i_5, i7 %i" [firmware/nnet_utils/nnet_activation_stream.h:41]   --->   Operation 32 'store' 'store_ln41' <Predicate = true> <Delay = 1.61>
ST_2 : Operation 33 [1/1] (0.00ns)   --->   "%br_ln41 = br i1 %icmp_ln41, void %ReLUPackLoop.split, void %for.end14" [firmware/nnet_utils/nnet_activation_stream.h:41]   --->   Operation 33 'br' 'br_ln41' <Predicate = true> <Delay = 0.00>

State 3 <SV = 2> <Delay = 3.14>
ST_3 : Operation 34 [1/1] (2.14ns)   --->   "%icmp_ln51 = icmp_sgt  i16 %trunc_ln44, i16 0" [firmware/nnet_utils/nnet_activation_stream.h:51]   --->   Operation 34 'icmp' 'icmp_ln51' <Predicate = true> <Delay = 2.14> <CoreInst = "Cmp">   --->   Core 9 'Cmp' <Latency = 0> <II = 1> <Delay = 2.14> <FuncUnit> <Opcode : 'seteq' 'setne' 'setle' 'setge' 'setlt' 'setgt'> <InPorts = 2> <OutPorts = 1>
ST_3 : Operation 35 [1/1] (0.99ns)   --->   "%select_ln51 = select i1 %icmp_ln51, i15 %trunc_ln44_14, i15 0" [firmware/nnet_utils/nnet_activation_stream.h:51]   --->   Operation 35 'select' 'select_ln51' <Predicate = true> <Delay = 0.99> <CoreInst = "Sel">   --->   Core 73 'Sel' <Latency = 0> <II = 1> <Delay = 0.99> <FuncUnit> <Opcode : 'select'> <InPorts = 3> <OutPorts = 1>
ST_3 : Operation 36 [1/1] (2.14ns)   --->   "%icmp_ln51_1 = icmp_sgt  i16 %trunc_ln44_1, i16 0" [firmware/nnet_utils/nnet_activation_stream.h:51]   --->   Operation 36 'icmp' 'icmp_ln51_1' <Predicate = true> <Delay = 2.14> <CoreInst = "Cmp">   --->   Core 9 'Cmp' <Latency = 0> <II = 1> <Delay = 2.14> <FuncUnit> <Opcode : 'seteq' 'setne' 'setle' 'setge' 'setlt' 'setgt'> <InPorts = 2> <OutPorts = 1>
ST_3 : Operation 37 [1/1] (0.99ns)   --->   "%select_ln51_1 = select i1 %icmp_ln51_1, i15 %trunc_ln44_8, i15 0" [firmware/nnet_utils/nnet_activation_stream.h:51]   --->   Operation 37 'select' 'select_ln51_1' <Predicate = true> <Delay = 0.99> <CoreInst = "Sel">   --->   Core 73 'Sel' <Latency = 0> <II = 1> <Delay = 0.99> <FuncUnit> <Opcode : 'select'> <InPorts = 3> <OutPorts = 1>
ST_3 : Operation 38 [1/1] (2.14ns)   --->   "%icmp_ln51_2 = icmp_sgt  i16 %trunc_ln44_2, i16 0" [firmware/nnet_utils/nnet_activation_stream.h:51]   --->   Operation 38 'icmp' 'icmp_ln51_2' <Predicate = true> <Delay = 2.14> <CoreInst = "Cmp">   --->   Core 9 'Cmp' <Latency = 0> <II = 1> <Delay = 2.14> <FuncUnit> <Opcode : 'seteq' 'setne' 'setle' 'setge' 'setlt' 'setgt'> <InPorts = 2> <OutPorts = 1>
ST_3 : Operation 39 [1/1] (0.99ns)   --->   "%select_ln51_2 = select i1 %icmp_ln51_2, i15 %trunc_ln44_9, i15 0" [firmware/nnet_utils/nnet_activation_stream.h:51]   --->   Operation 39 'select' 'select_ln51_2' <Predicate = true> <Delay = 0.99> <CoreInst = "Sel">   --->   Core 73 'Sel' <Latency = 0> <II = 1> <Delay = 0.99> <FuncUnit> <Opcode : 'select'> <InPorts = 3> <OutPorts = 1>
ST_3 : Operation 40 [1/1] (2.14ns)   --->   "%icmp_ln51_3 = icmp_sgt  i16 %trunc_ln44_3, i16 0" [firmware/nnet_utils/nnet_activation_stream.h:51]   --->   Operation 40 'icmp' 'icmp_ln51_3' <Predicate = true> <Delay = 2.14> <CoreInst = "Cmp">   --->   Core 9 'Cmp' <Latency = 0> <II = 1> <Delay = 2.14> <FuncUnit> <Opcode : 'seteq' 'setne' 'setle' 'setge' 'setlt' 'setgt'> <InPorts = 2> <OutPorts = 1>
ST_3 : Operation 41 [1/1] (0.99ns)   --->   "%select_ln51_3 = select i1 %icmp_ln51_3, i15 %trunc_ln44_s, i15 0" [firmware/nnet_utils/nnet_activation_stream.h:51]   --->   Operation 41 'select' 'select_ln51_3' <Predicate = true> <Delay = 0.99> <CoreInst = "Sel">   --->   Core 73 'Sel' <Latency = 0> <II = 1> <Delay = 0.99> <FuncUnit> <Opcode : 'select'> <InPorts = 3> <OutPorts = 1>
ST_3 : Operation 42 [1/1] (2.14ns)   --->   "%icmp_ln51_4 = icmp_sgt  i16 %trunc_ln44_4, i16 0" [firmware/nnet_utils/nnet_activation_stream.h:51]   --->   Operation 42 'icmp' 'icmp_ln51_4' <Predicate = true> <Delay = 2.14> <CoreInst = "Cmp">   --->   Core 9 'Cmp' <Latency = 0> <II = 1> <Delay = 2.14> <FuncUnit> <Opcode : 'seteq' 'setne' 'setle' 'setge' 'setlt' 'setgt'> <InPorts = 2> <OutPorts = 1>
ST_3 : Operation 43 [1/1] (0.99ns)   --->   "%select_ln51_4 = select i1 %icmp_ln51_4, i15 %trunc_ln44_10, i15 0" [firmware/nnet_utils/nnet_activation_stream.h:51]   --->   Operation 43 'select' 'select_ln51_4' <Predicate = true> <Delay = 0.99> <CoreInst = "Sel">   --->   Core 73 'Sel' <Latency = 0> <II = 1> <Delay = 0.99> <FuncUnit> <Opcode : 'select'> <InPorts = 3> <OutPorts = 1>
ST_3 : Operation 44 [1/1] (2.14ns)   --->   "%icmp_ln51_5 = icmp_sgt  i16 %trunc_ln44_5, i16 0" [firmware/nnet_utils/nnet_activation_stream.h:51]   --->   Operation 44 'icmp' 'icmp_ln51_5' <Predicate = true> <Delay = 2.14> <CoreInst = "Cmp">   --->   Core 9 'Cmp' <Latency = 0> <II = 1> <Delay = 2.14> <FuncUnit> <Opcode : 'seteq' 'setne' 'setle' 'setge' 'setlt' 'setgt'> <InPorts = 2> <OutPorts = 1>
ST_3 : Operation 45 [1/1] (0.99ns)   --->   "%select_ln51_5 = select i1 %icmp_ln51_5, i15 %trunc_ln44_11, i15 0" [firmware/nnet_utils/nnet_activation_stream.h:51]   --->   Operation 45 'select' 'select_ln51_5' <Predicate = true> <Delay = 0.99> <CoreInst = "Sel">   --->   Core 73 'Sel' <Latency = 0> <II = 1> <Delay = 0.99> <FuncUnit> <Opcode : 'select'> <InPorts = 3> <OutPorts = 1>
ST_3 : Operation 46 [1/1] (2.14ns)   --->   "%icmp_ln51_6 = icmp_sgt  i16 %trunc_ln44_6, i16 0" [firmware/nnet_utils/nnet_activation_stream.h:51]   --->   Operation 46 'icmp' 'icmp_ln51_6' <Predicate = true> <Delay = 2.14> <CoreInst = "Cmp">   --->   Core 9 'Cmp' <Latency = 0> <II = 1> <Delay = 2.14> <FuncUnit> <Opcode : 'seteq' 'setne' 'setle' 'setge' 'setlt' 'setgt'> <InPorts = 2> <OutPorts = 1>
ST_3 : Operation 47 [1/1] (0.99ns)   --->   "%select_ln51_6 = select i1 %icmp_ln51_6, i15 %trunc_ln44_12, i15 0" [firmware/nnet_utils/nnet_activation_stream.h:51]   --->   Operation 47 'select' 'select_ln51_6' <Predicate = true> <Delay = 0.99> <CoreInst = "Sel">   --->   Core 73 'Sel' <Latency = 0> <II = 1> <Delay = 0.99> <FuncUnit> <Opcode : 'select'> <InPorts = 3> <OutPorts = 1>
ST_3 : Operation 48 [1/1] (2.14ns)   --->   "%icmp_ln51_7 = icmp_sgt  i16 %trunc_ln44_7, i16 0" [firmware/nnet_utils/nnet_activation_stream.h:51]   --->   Operation 48 'icmp' 'icmp_ln51_7' <Predicate = true> <Delay = 2.14> <CoreInst = "Cmp">   --->   Core 9 'Cmp' <Latency = 0> <II = 1> <Delay = 2.14> <FuncUnit> <Opcode : 'seteq' 'setne' 'setle' 'setge' 'setlt' 'setgt'> <InPorts = 2> <OutPorts = 1>
ST_3 : Operation 49 [1/1] (0.99ns)   --->   "%select_ln51_7 = select i1 %icmp_ln51_7, i15 %trunc_ln1, i15 0" [firmware/nnet_utils/nnet_activation_stream.h:51]   --->   Operation 49 'select' 'select_ln51_7' <Predicate = true> <Delay = 0.99> <CoreInst = "Sel">   --->   Core 73 'Sel' <Latency = 0> <II = 1> <Delay = 0.99> <FuncUnit> <Opcode : 'select'> <InPorts = 3> <OutPorts = 1>

State 4 <SV = 3> <Delay = 1.82>
ST_4 : Operation 50 [1/1] (0.00ns)   --->   "%specpipeline_ln42 = specpipeline void @_ssdm_op_SpecPipeline, i32 4294967295, i32 0, i32 0, i32 0, i32 4294967295, void @empty_7" [firmware/nnet_utils/nnet_activation_stream.h:42]   --->   Operation 50 'specpipeline' 'specpipeline_ln42' <Predicate = true> <Delay = 0.00>
ST_4 : Operation 51 [1/1] (0.00ns)   --->   "%speclooptripcount_ln41 = speclooptripcount void @_ssdm_op_SpecLoopTripCount, i64 121, i64 121, i64 121" [firmware/nnet_utils/nnet_activation_stream.h:41]   --->   Operation 51 'speclooptripcount' 'speclooptripcount_ln41' <Predicate = true> <Delay = 0.00>
ST_4 : Operation 52 [1/1] (0.00ns)   --->   "%specloopname_ln41 = specloopname void @_ssdm_op_SpecLoopName, void @empty_0" [firmware/nnet_utils/nnet_activation_stream.h:41]   --->   Operation 52 'specloopname' 'specloopname_ln41' <Predicate = true> <Delay = 0.00>
ST_4 : Operation 53 [1/1] (0.00ns)   --->   "%zext_ln51 = zext i15 %select_ln51" [firmware/nnet_utils/nnet_activation_stream.h:51]   --->   Operation 53 'zext' 'zext_ln51' <Predicate = true> <Delay = 0.00>
ST_4 : Operation 54 [1/1] (0.00ns)   --->   "%zext_ln51_1 = zext i15 %select_ln51_1" [firmware/nnet_utils/nnet_activation_stream.h:51]   --->   Operation 54 'zext' 'zext_ln51_1' <Predicate = true> <Delay = 0.00>
ST_4 : Operation 55 [1/1] (0.00ns)   --->   "%zext_ln51_2 = zext i15 %select_ln51_2" [firmware/nnet_utils/nnet_activation_stream.h:51]   --->   Operation 55 'zext' 'zext_ln51_2' <Predicate = true> <Delay = 0.00>
ST_4 : Operation 56 [1/1] (0.00ns)   --->   "%zext_ln51_3 = zext i15 %select_ln51_3" [firmware/nnet_utils/nnet_activation_stream.h:51]   --->   Operation 56 'zext' 'zext_ln51_3' <Predicate = true> <Delay = 0.00>
ST_4 : Operation 57 [1/1] (0.00ns)   --->   "%zext_ln51_4 = zext i15 %select_ln51_4" [firmware/nnet_utils/nnet_activation_stream.h:51]   --->   Operation 57 'zext' 'zext_ln51_4' <Predicate = true> <Delay = 0.00>
ST_4 : Operation 58 [1/1] (0.00ns)   --->   "%zext_ln51_5 = zext i15 %select_ln51_5" [firmware/nnet_utils/nnet_activation_stream.h:51]   --->   Operation 58 'zext' 'zext_ln51_5' <Predicate = true> <Delay = 0.00>
ST_4 : Operation 59 [1/1] (0.00ns)   --->   "%zext_ln51_6 = zext i15 %select_ln51_6" [firmware/nnet_utils/nnet_activation_stream.h:51]   --->   Operation 59 'zext' 'zext_ln51_6' <Predicate = true> <Delay = 0.00>
ST_4 : Operation 60 [1/1] (0.00ns)   --->   "%or_ln57_s = bitconcatenate i127 @_ssdm_op_BitConcatenate.i127.i15.i16.i16.i16.i16.i16.i16.i16, i15 %select_ln51_7, i16 %zext_ln51_6, i16 %zext_ln51_5, i16 %zext_ln51_4, i16 %zext_ln51_3, i16 %zext_ln51_2, i16 %zext_ln51_1, i16 %zext_ln51" [firmware/nnet_utils/nnet_activation_stream.h:57]   --->   Operation 60 'bitconcatenate' 'or_ln57_s' <Predicate = true> <Delay = 0.00>
ST_4 : Operation 61 [1/1] (0.00ns)   --->   "%zext_ln57 = zext i127 %or_ln57_s" [firmware/nnet_utils/nnet_activation_stream.h:57]   --->   Operation 61 'zext' 'zext_ln57' <Predicate = true> <Delay = 0.00>
ST_4 : Operation 62 [1/1] ( I:1.82ns O:1.82ns )   --->   "%write_ln57 = write void @_ssdm_op_Write.ap_fifo.volatile.i128P0A, i128 %layer15_out, i128 %zext_ln57" [firmware/nnet_utils/nnet_activation_stream.h:57]   --->   Operation 62 'write' 'write_ln57' <Predicate = true> <Delay = 1.82> <CoreInst = "FIFO">   --->   Core 77 'FIFO' <Latency = 0> <II = 1> <Delay = 3.74> <Storage> <Opcode : 'read' 'write' 'nbread' 'nbwrite'> <Ports = 0> <Width = 128> <Depth = 121> <FIFO>
ST_4 : Operation 63 [1/1] (1.61ns)   --->   "%ret_ln59 = ret" [firmware/nnet_utils/nnet_activation_stream.h:59]   --->   Operation 63 'ret' 'ret_ln59' <Predicate = (icmp_ln41)> <Delay = 1.61>


============================================================
+ Verbose Summary: Binding
============================================================
STG Binding: 
---------------- STG Properties BEGIN ----------------
- Is combinational: 0
- Is one-state seq: 0
- Is datapath-only: 0
- Is pipelined: 0
- Is top level: 0
Port [ Return ] is wired: 1; IO mode=ap_ctrl_hs:ce=0
Port [ layer28_out]:  wired=1; compound=1; hidden=0; nouse=0; global=0; static=0; extern=0; dir=0; type=3; pingpong=0; private_global=0; IO mode=ap_fifo:ce=0
Port [ layer15_out]:  wired=1; compound=1; hidden=0; nouse=0; global=0; static=0; extern=0; dir=1; type=3; pingpong=0; private_global=0; IO mode=ap_fifo:ce=0
---------------- STG Properties END ------------------

---------------- Datapath Model BEGIN ----------------

<LifeTime>
<method=bitvector/>
i                      (alloca           ) [ 01100]
specinterface_ln0      (specinterface    ) [ 00000]
specinterface_ln0      (specinterface    ) [ 00000]
store_ln41             (store            ) [ 00000]
br_ln41                (br               ) [ 00000]
i_3                    (load             ) [ 00000]
layer28_out_read       (read             ) [ 00000]
trunc_ln44             (trunc            ) [ 01010]
trunc_ln44_14          (trunc            ) [ 01010]
trunc_ln44_1           (partselect       ) [ 01010]
trunc_ln44_8           (partselect       ) [ 01010]
trunc_ln44_2           (partselect       ) [ 01010]
trunc_ln44_9           (partselect       ) [ 01010]
trunc_ln44_3           (partselect       ) [ 01010]
trunc_ln44_s           (partselect       ) [ 01010]
trunc_ln44_4           (partselect       ) [ 01010]
trunc_ln44_10          (partselect       ) [ 01010]
trunc_ln44_5           (partselect       ) [ 01010]
trunc_ln44_11          (partselect       ) [ 01010]
trunc_ln44_6           (partselect       ) [ 01010]
trunc_ln44_12          (partselect       ) [ 01010]
trunc_ln44_7           (partselect       ) [ 01010]
trunc_ln1              (partselect       ) [ 01010]
i_5                    (add              ) [ 00000]
icmp_ln41              (icmp             ) [ 01011]
store_ln41             (store            ) [ 00000]
br_ln41                (br               ) [ 00000]
icmp_ln51              (icmp             ) [ 00000]
select_ln51            (select           ) [ 01001]
icmp_ln51_1            (icmp             ) [ 00000]
select_ln51_1          (select           ) [ 01001]
icmp_ln51_2            (icmp             ) [ 00000]
select_ln51_2          (select           ) [ 01001]
icmp_ln51_3            (icmp             ) [ 00000]
select_ln51_3          (select           ) [ 01001]
icmp_ln51_4            (icmp             ) [ 00000]
select_ln51_4          (select           ) [ 01001]
icmp_ln51_5            (icmp             ) [ 00000]
select_ln51_5          (select           ) [ 01001]
icmp_ln51_6            (icmp             ) [ 00000]
select_ln51_6          (select           ) [ 01001]
icmp_ln51_7            (icmp             ) [ 00000]
select_ln51_7          (select           ) [ 01001]
specpipeline_ln42      (specpipeline     ) [ 00000]
speclooptripcount_ln41 (speclooptripcount) [ 00000]
specloopname_ln41      (specloopname     ) [ 00000]
zext_ln51              (zext             ) [ 00000]
zext_ln51_1            (zext             ) [ 00000]
zext_ln51_2            (zext             ) [ 00000]
zext_ln51_3            (zext             ) [ 00000]
zext_ln51_4            (zext             ) [ 00000]
zext_ln51_5            (zext             ) [ 00000]
zext_ln51_6            (zext             ) [ 00000]
or_ln57_s              (bitconcatenate   ) [ 00000]
zext_ln57              (zext             ) [ 00000]
write_ln57             (write            ) [ 00000]
ret_ln59               (ret              ) [ 00000]
</LifeTime>

<model>

<comp_list>
<comp id="0" class="1000" name="layer28_out">
<pin_list>
<pin id="1" dir="1" index="0" bw="1" slack="0"/>
</pin_list>
<bind>
<StgValue><ssdm name="layer28_out"/></StgValue>
</bind>
</comp>

<comp id="2" class="1000" name="layer15_out">
<pin_list>
<pin id="3" dir="1" index="0" bw="1" slack="0"/>
</pin_list>
<bind>
<StgValue><ssdm name="layer15_out"/></StgValue>
</bind>
</comp>

<comp id="4" class="1001" name="const_4">
<pin_list>
<pin id="5" dir="1" index="0" bw="1" slack="0"/>
</pin_list>
<bind>
<StgValue><ssdm name=""/></StgValue>
</bind>
</comp>

<comp id="6" class="1001" name="const_6">
<pin_list>
<pin id="7" dir="1" index="0" bw="1" slack="2147483647"/>
</pin_list>
<bind>
<StgValue><ssdm name="_ssdm_op_SpecInterface"/></StgValue>
</bind>
</comp>

<comp id="8" class="1001" name="const_8">
<pin_list>
<pin id="9" dir="1" index="0" bw="1" slack="2147483647"/>
</pin_list>
<bind>
<StgValue><ssdm name="empty"/></StgValue>
</bind>
</comp>

<comp id="10" class="1001" name="const_10">
<pin_list>
<pin id="11" dir="1" index="0" bw="1" slack="2147483647"/>
</pin_list>
<bind>
<StgValue><ssdm name=""/></StgValue>
</bind>
</comp>

<comp id="12" class="1001" name="const_12">
<pin_list>
<pin id="13" dir="1" index="0" bw="1" slack="2147483647"/>
</pin_list>
<bind>
<StgValue><ssdm name="empty_7"/></StgValue>
</bind>
</comp>

<comp id="14" class="1001" name="const_14">
<pin_list>
<pin id="15" dir="1" index="0" bw="1" slack="2147483647"/>
</pin_list>
<bind>
<StgValue><ssdm name=""/></StgValue>
</bind>
</comp>

<comp id="16" class="1001" name="const_16">
<pin_list>
<pin id="17" dir="1" index="0" bw="1" slack="0"/>
</pin_list>
<bind>
<StgValue><ssdm name=""/></StgValue>
</bind>
</comp>

<comp id="18" class="1001" name="const_18">
<pin_list>
<pin id="19" dir="1" index="0" bw="1" slack="0"/>
</pin_list>
<bind>
<StgValue><ssdm name="_ssdm_op_Read.ap_fifo.volatile.i128P0A"/></StgValue>
</bind>
</comp>

<comp id="20" class="1001" name="const_20">
<pin_list>
<pin id="21" dir="1" index="0" bw="1" slack="0"/>
</pin_list>
<bind>
<StgValue><ssdm name="_ssdm_op_PartSelect.i16.i128.i32.i32"/></StgValue>
</bind>
</comp>

<comp id="22" class="1001" name="const_22">
<pin_list>
<pin id="23" dir="1" index="0" bw="1" slack="0"/>
</pin_list>
<bind>
<StgValue><ssdm name=""/></StgValue>
</bind>
</comp>

<comp id="24" class="1001" name="const_24">
<pin_list>
<pin id="25" dir="1" index="0" bw="1" slack="0"/>
</pin_list>
<bind>
<StgValue><ssdm name=""/></StgValue>
</bind>
</comp>

<comp id="26" class="1001" name="const_26">
<pin_list>
<pin id="27" dir="1" index="0" bw="1" slack="0"/>
</pin_list>
<bind>
<StgValue><ssdm name="_ssdm_op_PartSelect.i15.i128.i32.i32"/></StgValue>
</bind>
</comp>

<comp id="28" class="1001" name="const_28">
<pin_list>
<pin id="29" dir="1" index="0" bw="1" slack="0"/>
</pin_list>
<bind>
<StgValue><ssdm name=""/></StgValue>
</bind>
</comp>

<comp id="30" class="1001" name="const_30">
<pin_list>
<pin id="31" dir="1" index="0" bw="1" slack="0"/>
</pin_list>
<bind>
<StgValue><ssdm name=""/></StgValue>
</bind>
</comp>

<comp id="32" class="1001" name="const_32">
<pin_list>
<pin id="33" dir="1" index="0" bw="1" slack="0"/>
</pin_list>
<bind>
<StgValue><ssdm name=""/></StgValue>
</bind>
</comp>

<comp id="34" class="1001" name="const_34">
<pin_list>
<pin id="35" dir="1" index="0" bw="1" slack="0"/>
</pin_list>
<bind>
<StgValue><ssdm name=""/></StgValue>
</bind>
</comp>

<comp id="36" class="1001" name="const_36">
<pin_list>
<pin id="37" dir="1" index="0" bw="1" slack="0"/>
</pin_list>
<bind>
<StgValue><ssdm name=""/></StgValue>
</bind>
</comp>

<comp id="38" class="1001" name="const_38">
<pin_list>
<pin id="39" dir="1" index="0" bw="1" slack="0"/>
</pin_list>
<bind>
<StgValue><ssdm name=""/></StgValue>
</bind>
</comp>

<comp id="40" class="1001" name="const_40">
<pin_list>
<pin id="41" dir="1" index="0" bw="1" slack="0"/>
</pin_list>
<bind>
<StgValue><ssdm name=""/></StgValue>
</bind>
</comp>

<comp id="42" class="1001" name="const_42">
<pin_list>
<pin id="43" dir="1" index="0" bw="1" slack="0"/>
</pin_list>
<bind>
<StgValue><ssdm name=""/></StgValue>
</bind>
</comp>

<comp id="44" class="1001" name="const_44">
<pin_list>
<pin id="45" dir="1" index="0" bw="1" slack="0"/>
</pin_list>
<bind>
<StgValue><ssdm name=""/></StgValue>
</bind>
</comp>

<comp id="46" class="1001" name="const_46">
<pin_list>
<pin id="47" dir="1" index="0" bw="1" slack="0"/>
</pin_list>
<bind>
<StgValue><ssdm name=""/></StgValue>
</bind>
</comp>

<comp id="48" class="1001" name="const_48">
<pin_list>
<pin id="49" dir="1" index="0" bw="1" slack="0"/>
</pin_list>
<bind>
<StgValue><ssdm name=""/></StgValue>
</bind>
</comp>

<comp id="50" class="1001" name="const_50">
<pin_list>
<pin id="51" dir="1" index="0" bw="1" slack="0"/>
</pin_list>
<bind>
<StgValue><ssdm name=""/></StgValue>
</bind>
</comp>

<comp id="52" class="1001" name="const_52">
<pin_list>
<pin id="53" dir="1" index="0" bw="1" slack="0"/>
</pin_list>
<bind>
<StgValue><ssdm name=""/></StgValue>
</bind>
</comp>

<comp id="54" class="1001" name="const_54">
<pin_list>
<pin id="55" dir="1" index="0" bw="1" slack="0"/>
</pin_list>
<bind>
<StgValue><ssdm name=""/></StgValue>
</bind>
</comp>

<comp id="56" class="1001" name="const_56">
<pin_list>
<pin id="57" dir="1" index="0" bw="1" slack="0"/>
</pin_list>
<bind>
<StgValue><ssdm name=""/></StgValue>
</bind>
</comp>

<comp id="58" class="1001" name="const_58">
<pin_list>
<pin id="59" dir="1" index="0" bw="1" slack="0"/>
</pin_list>
<bind>
<StgValue><ssdm name=""/></StgValue>
</bind>
</comp>

<comp id="60" class="1001" name="const_60">
<pin_list>
<pin id="61" dir="1" index="0" bw="1" slack="0"/>
</pin_list>
<bind>
<StgValue><ssdm name=""/></StgValue>
</bind>
</comp>

<comp id="62" class="1001" name="const_62">
<pin_list>
<pin id="63" dir="1" index="0" bw="1" slack="0"/>
</pin_list>
<bind>
<StgValue><ssdm name=""/></StgValue>
</bind>
</comp>

<comp id="64" class="1001" name="const_64">
<pin_list>
<pin id="65" dir="1" index="0" bw="1" slack="0"/>
</pin_list>
<bind>
<StgValue><ssdm name=""/></StgValue>
</bind>
</comp>

<comp id="66" class="1001" name="const_66">
<pin_list>
<pin id="67" dir="1" index="0" bw="1" slack="0"/>
</pin_list>
<bind>
<StgValue><ssdm name=""/></StgValue>
</bind>
</comp>

<comp id="68" class="1001" name="const_68">
<pin_list>
<pin id="69" dir="1" index="0" bw="1" slack="0"/>
</pin_list>
<bind>
<StgValue><ssdm name=""/></StgValue>
</bind>
</comp>

<comp id="70" class="1001" name="const_70">
<pin_list>
<pin id="71" dir="1" index="0" bw="1" slack="0"/>
</pin_list>
<bind>
<StgValue><ssdm name=""/></StgValue>
</bind>
</comp>

<comp id="72" class="1001" name="const_72">
<pin_list>
<pin id="73" dir="1" index="0" bw="1" slack="0"/>
</pin_list>
<bind>
<StgValue><ssdm name=""/></StgValue>
</bind>
</comp>

<comp id="74" class="1001" name="const_74">
<pin_list>
<pin id="75" dir="1" index="0" bw="1" slack="2147483647"/>
</pin_list>
<bind>
<StgValue><ssdm name="_ssdm_op_SpecPipeline"/></StgValue>
</bind>
</comp>

<comp id="76" class="1001" name="const_76">
<pin_list>
<pin id="77" dir="1" index="0" bw="1" slack="2147483647"/>
</pin_list>
<bind>
<StgValue><ssdm name="_ssdm_op_SpecLoopTripCount"/></StgValue>
</bind>
</comp>

<comp id="78" class="1001" name="const_78">
<pin_list>
<pin id="79" dir="1" index="0" bw="1" slack="2147483647"/>
</pin_list>
<bind>
<StgValue><ssdm name=""/></StgValue>
</bind>
</comp>

<comp id="80" class="1001" name="const_80">
<pin_list>
<pin id="81" dir="1" index="0" bw="1" slack="2147483647"/>
</pin_list>
<bind>
<StgValue><ssdm name="_ssdm_op_SpecLoopName"/></StgValue>
</bind>
</comp>

<comp id="82" class="1001" name="const_82">
<pin_list>
<pin id="83" dir="1" index="0" bw="1" slack="2147483647"/>
</pin_list>
<bind>
<StgValue><ssdm name="empty_0"/></StgValue>
</bind>
</comp>

<comp id="84" class="1001" name="const_84">
<pin_list>
<pin id="85" dir="1" index="0" bw="1" slack="0"/>
</pin_list>
<bind>
<StgValue><ssdm name="_ssdm_op_BitConcatenate.i127.i15.i16.i16.i16.i16.i16.i16.i16"/></StgValue>
</bind>
</comp>

<comp id="86" class="1001" name="const_86">
<pin_list>
<pin id="87" dir="1" index="0" bw="1" slack="0"/>
</pin_list>
<bind>
<StgValue><ssdm name="_ssdm_op_Write.ap_fifo.volatile.i128P0A"/></StgValue>
</bind>
</comp>

<comp id="88" class="1004" name="i_fu_88">
<pin_list>
<pin id="89" dir="0" index="0" bw="1" slack="0"/>
<pin id="90" dir="1" index="1" bw="7" slack="0"/>
</pin_list>
<bind>
<opcode="alloca(26) " fcode="alloca"/>
<opset="i/1 "/>
</bind>
</comp>

<comp id="92" class="1004" name="layer28_out_read_read_fu_92">
<pin_list>
<pin id="93" dir="0" index="0" bw="128" slack="0"/>
<pin id="94" dir="0" index="1" bw="128" slack="0"/>
<pin id="95" dir="1" index="2" bw="128" slack="0"/>
</pin_list>
<bind>
<opcode="read(1150) " fcode="read"/>
<opset="layer28_out_read/2 "/>
</bind>
</comp>

<comp id="98" class="1004" name="write_ln57_write_fu_98">
<pin_list>
<pin id="99" dir="0" index="0" bw="0" slack="0"/>
<pin id="100" dir="0" index="1" bw="128" slack="0"/>
<pin id="101" dir="0" index="2" bw="127" slack="0"/>
<pin id="102" dir="1" index="3" bw="0" slack="2147483647"/>
</pin_list>
<bind>
<opcode="write(1151) " fcode="write"/>
<opset="write_ln57/4 "/>
</bind>
</comp>

<comp id="105" class="1004" name="store_ln41_store_fu_105">
<pin_list>
<pin id="106" dir="0" index="0" bw="1" slack="0"/>
<pin id="107" dir="0" index="1" bw="7" slack="0"/>
<pin id="108" dir="1" index="2" bw="0" slack="2147483647"/>
</pin_list>
<bind>
<opcode="store(28) " fcode="store"/>
<opset="store_ln41/1 "/>
</bind>
</comp>

<comp id="110" class="1004" name="i_3_load_fu_110">
<pin_list>
<pin id="111" dir="0" index="0" bw="7" slack="1"/>
<pin id="112" dir="1" index="1" bw="7" slack="0"/>
</pin_list>
<bind>
<opcode="load(27) " fcode="load"/>
<opset="i_3/2 "/>
</bind>
</comp>

<comp id="113" class="1004" name="trunc_ln44_fu_113">
<pin_list>
<pin id="114" dir="0" index="0" bw="128" slack="0"/>
<pin id="115" dir="1" index="1" bw="16" slack="1"/>
</pin_list>
<bind>
<opcode="trunc(33) " fcode="trunc"/>
<opset="trunc_ln44/2 "/>
</bind>
</comp>

<comp id="117" class="1004" name="trunc_ln44_14_fu_117">
<pin_list>
<pin id="118" dir="0" index="0" bw="128" slack="0"/>
<pin id="119" dir="1" index="1" bw="15" slack="1"/>
</pin_list>
<bind>
<opcode="trunc(33) " fcode="trunc"/>
<opset="trunc_ln44_14/2 "/>
</bind>
</comp>

<comp id="121" class="1004" name="trunc_ln44_1_fu_121">
<pin_list>
<pin id="122" dir="0" index="0" bw="16" slack="0"/>
<pin id="123" dir="0" index="1" bw="128" slack="0"/>
<pin id="124" dir="0" index="2" bw="6" slack="0"/>
<pin id="125" dir="0" index="3" bw="6" slack="0"/>
<pin id="126" dir="1" index="4" bw="16" slack="1"/>
</pin_list>
<bind>
<opcode="partselect(1002) " fcode="partselect"/>
<opset="trunc_ln44_1/2 "/>
</bind>
</comp>

<comp id="131" class="1004" name="trunc_ln44_8_fu_131">
<pin_list>
<pin id="132" dir="0" index="0" bw="15" slack="0"/>
<pin id="133" dir="0" index="1" bw="128" slack="0"/>
<pin id="134" dir="0" index="2" bw="6" slack="0"/>
<pin id="135" dir="0" index="3" bw="6" slack="0"/>
<pin id="136" dir="1" index="4" bw="15" slack="1"/>
</pin_list>
<bind>
<opcode="partselect(1002) " fcode="partselect"/>
<opset="trunc_ln44_8/2 "/>
</bind>
</comp>

<comp id="141" class="1004" name="trunc_ln44_2_fu_141">
<pin_list>
<pin id="142" dir="0" index="0" bw="16" slack="0"/>
<pin id="143" dir="0" index="1" bw="128" slack="0"/>
<pin id="144" dir="0" index="2" bw="7" slack="0"/>
<pin id="145" dir="0" index="3" bw="7" slack="0"/>
<pin id="146" dir="1" index="4" bw="16" slack="1"/>
</pin_list>
<bind>
<opcode="partselect(1002) " fcode="partselect"/>
<opset="trunc_ln44_2/2 "/>
</bind>
</comp>

<comp id="151" class="1004" name="trunc_ln44_9_fu_151">
<pin_list>
<pin id="152" dir="0" index="0" bw="15" slack="0"/>
<pin id="153" dir="0" index="1" bw="128" slack="0"/>
<pin id="154" dir="0" index="2" bw="7" slack="0"/>
<pin id="155" dir="0" index="3" bw="7" slack="0"/>
<pin id="156" dir="1" index="4" bw="15" slack="1"/>
</pin_list>
<bind>
<opcode="partselect(1002) " fcode="partselect"/>
<opset="trunc_ln44_9/2 "/>
</bind>
</comp>

<comp id="161" class="1004" name="trunc_ln44_3_fu_161">
<pin_list>
<pin id="162" dir="0" index="0" bw="16" slack="0"/>
<pin id="163" dir="0" index="1" bw="128" slack="0"/>
<pin id="164" dir="0" index="2" bw="7" slack="0"/>
<pin id="165" dir="0" index="3" bw="7" slack="0"/>
<pin id="166" dir="1" index="4" bw="16" slack="1"/>
</pin_list>
<bind>
<opcode="partselect(1002) " fcode="partselect"/>
<opset="trunc_ln44_3/2 "/>
</bind>
</comp>

<comp id="171" class="1004" name="trunc_ln44_s_fu_171">
<pin_list>
<pin id="172" dir="0" index="0" bw="15" slack="0"/>
<pin id="173" dir="0" index="1" bw="128" slack="0"/>
<pin id="174" dir="0" index="2" bw="7" slack="0"/>
<pin id="175" dir="0" index="3" bw="7" slack="0"/>
<pin id="176" dir="1" index="4" bw="15" slack="1"/>
</pin_list>
<bind>
<opcode="partselect(1002) " fcode="partselect"/>
<opset="trunc_ln44_s/2 "/>
</bind>
</comp>

<comp id="181" class="1004" name="trunc_ln44_4_fu_181">
<pin_list>
<pin id="182" dir="0" index="0" bw="16" slack="0"/>
<pin id="183" dir="0" index="1" bw="128" slack="0"/>
<pin id="184" dir="0" index="2" bw="8" slack="0"/>
<pin id="185" dir="0" index="3" bw="8" slack="0"/>
<pin id="186" dir="1" index="4" bw="16" slack="1"/>
</pin_list>
<bind>
<opcode="partselect(1002) " fcode="partselect"/>
<opset="trunc_ln44_4/2 "/>
</bind>
</comp>

<comp id="191" class="1004" name="trunc_ln44_10_fu_191">
<pin_list>
<pin id="192" dir="0" index="0" bw="15" slack="0"/>
<pin id="193" dir="0" index="1" bw="128" slack="0"/>
<pin id="194" dir="0" index="2" bw="8" slack="0"/>
<pin id="195" dir="0" index="3" bw="8" slack="0"/>
<pin id="196" dir="1" index="4" bw="15" slack="1"/>
</pin_list>
<bind>
<opcode="partselect(1002) " fcode="partselect"/>
<opset="trunc_ln44_10/2 "/>
</bind>
</comp>

<comp id="201" class="1004" name="trunc_ln44_5_fu_201">
<pin_list>
<pin id="202" dir="0" index="0" bw="16" slack="0"/>
<pin id="203" dir="0" index="1" bw="128" slack="0"/>
<pin id="204" dir="0" index="2" bw="8" slack="0"/>
<pin id="205" dir="0" index="3" bw="8" slack="0"/>
<pin id="206" dir="1" index="4" bw="16" slack="1"/>
</pin_list>
<bind>
<opcode="partselect(1002) " fcode="partselect"/>
<opset="trunc_ln44_5/2 "/>
</bind>
</comp>

<comp id="211" class="1004" name="trunc_ln44_11_fu_211">
<pin_list>
<pin id="212" dir="0" index="0" bw="15" slack="0"/>
<pin id="213" dir="0" index="1" bw="128" slack="0"/>
<pin id="214" dir="0" index="2" bw="8" slack="0"/>
<pin id="215" dir="0" index="3" bw="8" slack="0"/>
<pin id="216" dir="1" index="4" bw="15" slack="1"/>
</pin_list>
<bind>
<opcode="partselect(1002) " fcode="partselect"/>
<opset="trunc_ln44_11/2 "/>
</bind>
</comp>

<comp id="221" class="1004" name="trunc_ln44_6_fu_221">
<pin_list>
<pin id="222" dir="0" index="0" bw="16" slack="0"/>
<pin id="223" dir="0" index="1" bw="128" slack="0"/>
<pin id="224" dir="0" index="2" bw="8" slack="0"/>
<pin id="225" dir="0" index="3" bw="8" slack="0"/>
<pin id="226" dir="1" index="4" bw="16" slack="1"/>
</pin_list>
<bind>
<opcode="partselect(1002) " fcode="partselect"/>
<opset="trunc_ln44_6/2 "/>
</bind>
</comp>

<comp id="231" class="1004" name="trunc_ln44_12_fu_231">
<pin_list>
<pin id="232" dir="0" index="0" bw="15" slack="0"/>
<pin id="233" dir="0" index="1" bw="128" slack="0"/>
<pin id="234" dir="0" index="2" bw="8" slack="0"/>
<pin id="235" dir="0" index="3" bw="8" slack="0"/>
<pin id="236" dir="1" index="4" bw="15" slack="1"/>
</pin_list>
<bind>
<opcode="partselect(1002) " fcode="partselect"/>
<opset="trunc_ln44_12/2 "/>
</bind>
</comp>

<comp id="241" class="1004" name="trunc_ln44_7_fu_241">
<pin_list>
<pin id="242" dir="0" index="0" bw="16" slack="0"/>
<pin id="243" dir="0" index="1" bw="128" slack="0"/>
<pin id="244" dir="0" index="2" bw="8" slack="0"/>
<pin id="245" dir="0" index="3" bw="8" slack="0"/>
<pin id="246" dir="1" index="4" bw="16" slack="1"/>
</pin_list>
<bind>
<opcode="partselect(1002) " fcode="partselect"/>
<opset="trunc_ln44_7/2 "/>
</bind>
</comp>

<comp id="251" class="1004" name="trunc_ln1_fu_251">
<pin_list>
<pin id="252" dir="0" index="0" bw="15" slack="0"/>
<pin id="253" dir="0" index="1" bw="128" slack="0"/>
<pin id="254" dir="0" index="2" bw="8" slack="0"/>
<pin id="255" dir="0" index="3" bw="8" slack="0"/>
<pin id="256" dir="1" index="4" bw="15" slack="1"/>
</pin_list>
<bind>
<opcode="partselect(1002) " fcode="partselect"/>
<opset="trunc_ln1/2 "/>
</bind>
</comp>

<comp id="261" class="1004" name="i_5_fu_261">
<pin_list>
<pin id="262" dir="0" index="0" bw="7" slack="0"/>
<pin id="263" dir="0" index="1" bw="1" slack="0"/>
<pin id="264" dir="1" index="2" bw="7" slack="0"/>
</pin_list>
<bind>
<opcode="add(8) " fcode="add"/>
<opset="i_5/2 "/>
</bind>
</comp>

<comp id="267" class="1004" name="icmp_ln41_fu_267">
<pin_list>
<pin id="268" dir="0" index="0" bw="7" slack="0"/>
<pin id="269" dir="0" index="1" bw="4" slack="0"/>
<pin id="270" dir="1" index="2" bw="1" slack="2"/>
</pin_list>
<bind>
<opcode="icmp(45) " fcode="icmp"/>
<opset="icmp_ln41/2 "/>
</bind>
</comp>

<comp id="273" class="1004" name="store_ln41_store_fu_273">
<pin_list>
<pin id="274" dir="0" index="0" bw="7" slack="0"/>
<pin id="275" dir="0" index="1" bw="7" slack="1"/>
<pin id="276" dir="1" index="2" bw="0" slack="2147483647"/>
</pin_list>
<bind>
<opcode="store(28) " fcode="store"/>
<opset="store_ln41/2 "/>
</bind>
</comp>

<comp id="278" class="1004" name="icmp_ln51_fu_278">
<pin_list>
<pin id="279" dir="0" index="0" bw="16" slack="1"/>
<pin id="280" dir="0" index="1" bw="1" slack="0"/>
<pin id="281" dir="1" index="2" bw="1" slack="0"/>
</pin_list>
<bind>
<opcode="icmp(45) " fcode="icmp"/>
<opset="icmp_ln51/3 "/>
</bind>
</comp>

<comp id="283" class="1004" name="select_ln51_fu_283">
<pin_list>
<pin id="284" dir="0" index="0" bw="1" slack="0"/>
<pin id="285" dir="0" index="1" bw="15" slack="1"/>
<pin id="286" dir="0" index="2" bw="1" slack="0"/>
<pin id="287" dir="1" index="3" bw="15" slack="1"/>
</pin_list>
<bind>
<opcode="select(49) " fcode="select"/>
<opset="select_ln51/3 "/>
</bind>
</comp>

<comp id="290" class="1004" name="icmp_ln51_1_fu_290">
<pin_list>
<pin id="291" dir="0" index="0" bw="16" slack="1"/>
<pin id="292" dir="0" index="1" bw="1" slack="0"/>
<pin id="293" dir="1" index="2" bw="1" slack="0"/>
</pin_list>
<bind>
<opcode="icmp(45) " fcode="icmp"/>
<opset="icmp_ln51_1/3 "/>
</bind>
</comp>

<comp id="295" class="1004" name="select_ln51_1_fu_295">
<pin_list>
<pin id="296" dir="0" index="0" bw="1" slack="0"/>
<pin id="297" dir="0" index="1" bw="15" slack="1"/>
<pin id="298" dir="0" index="2" bw="1" slack="0"/>
<pin id="299" dir="1" index="3" bw="15" slack="1"/>
</pin_list>
<bind>
<opcode="select(49) " fcode="select"/>
<opset="select_ln51_1/3 "/>
</bind>
</comp>

<comp id="302" class="1004" name="icmp_ln51_2_fu_302">
<pin_list>
<pin id="303" dir="0" index="0" bw="16" slack="1"/>
<pin id="304" dir="0" index="1" bw="1" slack="0"/>
<pin id="305" dir="1" index="2" bw="1" slack="0"/>
</pin_list>
<bind>
<opcode="icmp(45) " fcode="icmp"/>
<opset="icmp_ln51_2/3 "/>
</bind>
</comp>

<comp id="307" class="1004" name="select_ln51_2_fu_307">
<pin_list>
<pin id="308" dir="0" index="0" bw="1" slack="0"/>
<pin id="309" dir="0" index="1" bw="15" slack="1"/>
<pin id="310" dir="0" index="2" bw="1" slack="0"/>
<pin id="311" dir="1" index="3" bw="15" slack="1"/>
</pin_list>
<bind>
<opcode="select(49) " fcode="select"/>
<opset="select_ln51_2/3 "/>
</bind>
</comp>

<comp id="314" class="1004" name="icmp_ln51_3_fu_314">
<pin_list>
<pin id="315" dir="0" index="0" bw="16" slack="1"/>
<pin id="316" dir="0" index="1" bw="1" slack="0"/>
<pin id="317" dir="1" index="2" bw="1" slack="0"/>
</pin_list>
<bind>
<opcode="icmp(45) " fcode="icmp"/>
<opset="icmp_ln51_3/3 "/>
</bind>
</comp>

<comp id="319" class="1004" name="select_ln51_3_fu_319">
<pin_list>
<pin id="320" dir="0" index="0" bw="1" slack="0"/>
<pin id="321" dir="0" index="1" bw="15" slack="1"/>
<pin id="322" dir="0" index="2" bw="1" slack="0"/>
<pin id="323" dir="1" index="3" bw="15" slack="1"/>
</pin_list>
<bind>
<opcode="select(49) " fcode="select"/>
<opset="select_ln51_3/3 "/>
</bind>
</comp>

<comp id="326" class="1004" name="icmp_ln51_4_fu_326">
<pin_list>
<pin id="327" dir="0" index="0" bw="16" slack="1"/>
<pin id="328" dir="0" index="1" bw="1" slack="0"/>
<pin id="329" dir="1" index="2" bw="1" slack="0"/>
</pin_list>
<bind>
<opcode="icmp(45) " fcode="icmp"/>
<opset="icmp_ln51_4/3 "/>
</bind>
</comp>

<comp id="331" class="1004" name="select_ln51_4_fu_331">
<pin_list>
<pin id="332" dir="0" index="0" bw="1" slack="0"/>
<pin id="333" dir="0" index="1" bw="15" slack="1"/>
<pin id="334" dir="0" index="2" bw="1" slack="0"/>
<pin id="335" dir="1" index="3" bw="15" slack="1"/>
</pin_list>
<bind>
<opcode="select(49) " fcode="select"/>
<opset="select_ln51_4/3 "/>
</bind>
</comp>

<comp id="338" class="1004" name="icmp_ln51_5_fu_338">
<pin_list>
<pin id="339" dir="0" index="0" bw="16" slack="1"/>
<pin id="340" dir="0" index="1" bw="1" slack="0"/>
<pin id="341" dir="1" index="2" bw="1" slack="0"/>
</pin_list>
<bind>
<opcode="icmp(45) " fcode="icmp"/>
<opset="icmp_ln51_5/3 "/>
</bind>
</comp>

<comp id="343" class="1004" name="select_ln51_5_fu_343">
<pin_list>
<pin id="344" dir="0" index="0" bw="1" slack="0"/>
<pin id="345" dir="0" index="1" bw="15" slack="1"/>
<pin id="346" dir="0" index="2" bw="1" slack="0"/>
<pin id="347" dir="1" index="3" bw="15" slack="1"/>
</pin_list>
<bind>
<opcode="select(49) " fcode="select"/>
<opset="select_ln51_5/3 "/>
</bind>
</comp>

<comp id="350" class="1004" name="icmp_ln51_6_fu_350">
<pin_list>
<pin id="351" dir="0" index="0" bw="16" slack="1"/>
<pin id="352" dir="0" index="1" bw="1" slack="0"/>
<pin id="353" dir="1" index="2" bw="1" slack="0"/>
</pin_list>
<bind>
<opcode="icmp(45) " fcode="icmp"/>
<opset="icmp_ln51_6/3 "/>
</bind>
</comp>

<comp id="355" class="1004" name="select_ln51_6_fu_355">
<pin_list>
<pin id="356" dir="0" index="0" bw="1" slack="0"/>
<pin id="357" dir="0" index="1" bw="15" slack="1"/>
<pin id="358" dir="0" index="2" bw="1" slack="0"/>
<pin id="359" dir="1" index="3" bw="15" slack="1"/>
</pin_list>
<bind>
<opcode="select(49) " fcode="select"/>
<opset="select_ln51_6/3 "/>
</bind>
</comp>

<comp id="362" class="1004" name="icmp_ln51_7_fu_362">
<pin_list>
<pin id="363" dir="0" index="0" bw="16" slack="1"/>
<pin id="364" dir="0" index="1" bw="1" slack="0"/>
<pin id="365" dir="1" index="2" bw="1" slack="0"/>
</pin_list>
<bind>
<opcode="icmp(45) " fcode="icmp"/>
<opset="icmp_ln51_7/3 "/>
</bind>
</comp>

<comp id="367" class="1004" name="select_ln51_7_fu_367">
<pin_list>
<pin id="368" dir="0" index="0" bw="1" slack="0"/>
<pin id="369" dir="0" index="1" bw="15" slack="1"/>
<pin id="370" dir="0" index="2" bw="1" slack="0"/>
<pin id="371" dir="1" index="3" bw="15" slack="1"/>
</pin_list>
<bind>
<opcode="select(49) " fcode="select"/>
<opset="select_ln51_7/3 "/>
</bind>
</comp>

<comp id="374" class="1004" name="zext_ln51_fu_374">
<pin_list>
<pin id="375" dir="0" index="0" bw="15" slack="1"/>
<pin id="376" dir="1" index="1" bw="16" slack="0"/>
</pin_list>
<bind>
<opcode="zext(34) " fcode="zext"/>
<opset="zext_ln51/4 "/>
</bind>
</comp>

<comp id="377" class="1004" name="zext_ln51_1_fu_377">
<pin_list>
<pin id="378" dir="0" index="0" bw="15" slack="1"/>
<pin id="379" dir="1" index="1" bw="16" slack="0"/>
</pin_list>
<bind>
<opcode="zext(34) " fcode="zext"/>
<opset="zext_ln51_1/4 "/>
</bind>
</comp>

<comp id="380" class="1004" name="zext_ln51_2_fu_380">
<pin_list>
<pin id="381" dir="0" index="0" bw="15" slack="1"/>
<pin id="382" dir="1" index="1" bw="16" slack="0"/>
</pin_list>
<bind>
<opcode="zext(34) " fcode="zext"/>
<opset="zext_ln51_2/4 "/>
</bind>
</comp>

<comp id="383" class="1004" name="zext_ln51_3_fu_383">
<pin_list>
<pin id="384" dir="0" index="0" bw="15" slack="1"/>
<pin id="385" dir="1" index="1" bw="16" slack="0"/>
</pin_list>
<bind>
<opcode="zext(34) " fcode="zext"/>
<opset="zext_ln51_3/4 "/>
</bind>
</comp>

<comp id="386" class="1004" name="zext_ln51_4_fu_386">
<pin_list>
<pin id="387" dir="0" index="0" bw="15" slack="1"/>
<pin id="388" dir="1" index="1" bw="16" slack="0"/>
</pin_list>
<bind>
<opcode="zext(34) " fcode="zext"/>
<opset="zext_ln51_4/4 "/>
</bind>
</comp>

<comp id="389" class="1004" name="zext_ln51_5_fu_389">
<pin_list>
<pin id="390" dir="0" index="0" bw="15" slack="1"/>
<pin id="391" dir="1" index="1" bw="16" slack="0"/>
</pin_list>
<bind>
<opcode="zext(34) " fcode="zext"/>
<opset="zext_ln51_5/4 "/>
</bind>
</comp>

<comp id="392" class="1004" name="zext_ln51_6_fu_392">
<pin_list>
<pin id="393" dir="0" index="0" bw="15" slack="1"/>
<pin id="394" dir="1" index="1" bw="16" slack="0"/>
</pin_list>
<bind>
<opcode="zext(34) " fcode="zext"/>
<opset="zext_ln51_6/4 "/>
</bind>
</comp>

<comp id="395" class="1004" name="or_ln57_s_fu_395">
<pin_list>
<pin id="396" dir="0" index="0" bw="127" slack="0"/>
<pin id="397" dir="0" index="1" bw="15" slack="1"/>
<pin id="398" dir="0" index="2" bw="15" slack="0"/>
<pin id="399" dir="0" index="3" bw="15" slack="0"/>
<pin id="400" dir="0" index="4" bw="15" slack="0"/>
<pin id="401" dir="0" index="5" bw="15" slack="0"/>
<pin id="402" dir="0" index="6" bw="15" slack="0"/>
<pin id="403" dir="0" index="7" bw="15" slack="0"/>
<pin id="404" dir="0" index="8" bw="15" slack="0"/>
<pin id="405" dir="1" index="9" bw="127" slack="0"/>
</pin_list>
<bind>
<opcode="bitconcatenate(1004) " fcode="bitconcatenate"/>
<opset="or_ln57_s/4 "/>
</bind>
</comp>

<comp id="414" class="1004" name="zext_ln57_fu_414">
<pin_list>
<pin id="415" dir="0" index="0" bw="127" slack="0"/>
<pin id="416" dir="1" index="1" bw="128" slack="0"/>
</pin_list>
<bind>
<opcode="zext(34) " fcode="zext"/>
<opset="zext_ln57/4 "/>
</bind>
</comp>

<comp id="419" class="1005" name="i_reg_419">
<pin_list>
<pin id="420" dir="0" index="0" bw="7" slack="0"/>
<pin id="421" dir="1" index="1" bw="7" slack="0"/>
</pin_list>
<bind>
<opset="i "/>
</bind>
</comp>

<comp id="426" class="1005" name="trunc_ln44_reg_426">
<pin_list>
<pin id="427" dir="0" index="0" bw="16" slack="1"/>
<pin id="428" dir="1" index="1" bw="16" slack="1"/>
</pin_list>
<bind>
<opset="trunc_ln44 "/>
</bind>
</comp>

<comp id="431" class="1005" name="trunc_ln44_14_reg_431">
<pin_list>
<pin id="432" dir="0" index="0" bw="15" slack="1"/>
<pin id="433" dir="1" index="1" bw="15" slack="1"/>
</pin_list>
<bind>
<opset="trunc_ln44_14 "/>
</bind>
</comp>

<comp id="436" class="1005" name="trunc_ln44_1_reg_436">
<pin_list>
<pin id="437" dir="0" index="0" bw="16" slack="1"/>
<pin id="438" dir="1" index="1" bw="16" slack="1"/>
</pin_list>
<bind>
<opset="trunc_ln44_1 "/>
</bind>
</comp>

<comp id="441" class="1005" name="trunc_ln44_8_reg_441">
<pin_list>
<pin id="442" dir="0" index="0" bw="15" slack="1"/>
<pin id="443" dir="1" index="1" bw="15" slack="1"/>
</pin_list>
<bind>
<opset="trunc_ln44_8 "/>
</bind>
</comp>

<comp id="446" class="1005" name="trunc_ln44_2_reg_446">
<pin_list>
<pin id="447" dir="0" index="0" bw="16" slack="1"/>
<pin id="448" dir="1" index="1" bw="16" slack="1"/>
</pin_list>
<bind>
<opset="trunc_ln44_2 "/>
</bind>
</comp>

<comp id="451" class="1005" name="trunc_ln44_9_reg_451">
<pin_list>
<pin id="452" dir="0" index="0" bw="15" slack="1"/>
<pin id="453" dir="1" index="1" bw="15" slack="1"/>
</pin_list>
<bind>
<opset="trunc_ln44_9 "/>
</bind>
</comp>

<comp id="456" class="1005" name="trunc_ln44_3_reg_456">
<pin_list>
<pin id="457" dir="0" index="0" bw="16" slack="1"/>
<pin id="458" dir="1" index="1" bw="16" slack="1"/>
</pin_list>
<bind>
<opset="trunc_ln44_3 "/>
</bind>
</comp>

<comp id="461" class="1005" name="trunc_ln44_s_reg_461">
<pin_list>
<pin id="462" dir="0" index="0" bw="15" slack="1"/>
<pin id="463" dir="1" index="1" bw="15" slack="1"/>
</pin_list>
<bind>
<opset="trunc_ln44_s "/>
</bind>
</comp>

<comp id="466" class="1005" name="trunc_ln44_4_reg_466">
<pin_list>
<pin id="467" dir="0" index="0" bw="16" slack="1"/>
<pin id="468" dir="1" index="1" bw="16" slack="1"/>
</pin_list>
<bind>
<opset="trunc_ln44_4 "/>
</bind>
</comp>

<comp id="471" class="1005" name="trunc_ln44_10_reg_471">
<pin_list>
<pin id="472" dir="0" index="0" bw="15" slack="1"/>
<pin id="473" dir="1" index="1" bw="15" slack="1"/>
</pin_list>
<bind>
<opset="trunc_ln44_10 "/>
</bind>
</comp>

<comp id="476" class="1005" name="trunc_ln44_5_reg_476">
<pin_list>
<pin id="477" dir="0" index="0" bw="16" slack="1"/>
<pin id="478" dir="1" index="1" bw="16" slack="1"/>
</pin_list>
<bind>
<opset="trunc_ln44_5 "/>
</bind>
</comp>

<comp id="481" class="1005" name="trunc_ln44_11_reg_481">
<pin_list>
<pin id="482" dir="0" index="0" bw="15" slack="1"/>
<pin id="483" dir="1" index="1" bw="15" slack="1"/>
</pin_list>
<bind>
<opset="trunc_ln44_11 "/>
</bind>
</comp>

<comp id="486" class="1005" name="trunc_ln44_6_reg_486">
<pin_list>
<pin id="487" dir="0" index="0" bw="16" slack="1"/>
<pin id="488" dir="1" index="1" bw="16" slack="1"/>
</pin_list>
<bind>
<opset="trunc_ln44_6 "/>
</bind>
</comp>

<comp id="491" class="1005" name="trunc_ln44_12_reg_491">
<pin_list>
<pin id="492" dir="0" index="0" bw="15" slack="1"/>
<pin id="493" dir="1" index="1" bw="15" slack="1"/>
</pin_list>
<bind>
<opset="trunc_ln44_12 "/>
</bind>
</comp>

<comp id="496" class="1005" name="trunc_ln44_7_reg_496">
<pin_list>
<pin id="497" dir="0" index="0" bw="16" slack="1"/>
<pin id="498" dir="1" index="1" bw="16" slack="1"/>
</pin_list>
<bind>
<opset="trunc_ln44_7 "/>
</bind>
</comp>

<comp id="501" class="1005" name="trunc_ln1_reg_501">
<pin_list>
<pin id="502" dir="0" index="0" bw="15" slack="1"/>
<pin id="503" dir="1" index="1" bw="15" slack="1"/>
</pin_list>
<bind>
<opset="trunc_ln1 "/>
</bind>
</comp>

<comp id="506" class="1005" name="icmp_ln41_reg_506">
<pin_list>
<pin id="507" dir="0" index="0" bw="1" slack="2"/>
<pin id="508" dir="1" index="1" bw="1" slack="2147483647"/>
</pin_list>
<bind>
<opset="icmp_ln41 "/>
</bind>
</comp>

<comp id="510" class="1005" name="select_ln51_reg_510">
<pin_list>
<pin id="511" dir="0" index="0" bw="15" slack="1"/>
<pin id="512" dir="1" index="1" bw="15" slack="1"/>
</pin_list>
<bind>
<opset="select_ln51 "/>
</bind>
</comp>

<comp id="515" class="1005" name="select_ln51_1_reg_515">
<pin_list>
<pin id="516" dir="0" index="0" bw="15" slack="1"/>
<pin id="517" dir="1" index="1" bw="15" slack="1"/>
</pin_list>
<bind>
<opset="select_ln51_1 "/>
</bind>
</comp>

<comp id="520" class="1005" name="select_ln51_2_reg_520">
<pin_list>
<pin id="521" dir="0" index="0" bw="15" slack="1"/>
<pin id="522" dir="1" index="1" bw="15" slack="1"/>
</pin_list>
<bind>
<opset="select_ln51_2 "/>
</bind>
</comp>

<comp id="525" class="1005" name="select_ln51_3_reg_525">
<pin_list>
<pin id="526" dir="0" index="0" bw="15" slack="1"/>
<pin id="527" dir="1" index="1" bw="15" slack="1"/>
</pin_list>
<bind>
<opset="select_ln51_3 "/>
</bind>
</comp>

<comp id="530" class="1005" name="select_ln51_4_reg_530">
<pin_list>
<pin id="531" dir="0" index="0" bw="15" slack="1"/>
<pin id="532" dir="1" index="1" bw="15" slack="1"/>
</pin_list>
<bind>
<opset="select_ln51_4 "/>
</bind>
</comp>

<comp id="535" class="1005" name="select_ln51_5_reg_535">
<pin_list>
<pin id="536" dir="0" index="0" bw="15" slack="1"/>
<pin id="537" dir="1" index="1" bw="15" slack="1"/>
</pin_list>
<bind>
<opset="select_ln51_5 "/>
</bind>
</comp>

<comp id="540" class="1005" name="select_ln51_6_reg_540">
<pin_list>
<pin id="541" dir="0" index="0" bw="15" slack="1"/>
<pin id="542" dir="1" index="1" bw="15" slack="1"/>
</pin_list>
<bind>
<opset="select_ln51_6 "/>
</bind>
</comp>

<comp id="545" class="1005" name="select_ln51_7_reg_545">
<pin_list>
<pin id="546" dir="0" index="0" bw="15" slack="1"/>
<pin id="547" dir="1" index="1" bw="15" slack="1"/>
</pin_list>
<bind>
<opset="select_ln51_7 "/>
</bind>
</comp>

</comp_list>

<net_list>
<net id="91"><net_src comp="4" pin="0"/><net_sink comp="88" pin=0"/></net>

<net id="96"><net_src comp="18" pin="0"/><net_sink comp="92" pin=0"/></net>

<net id="97"><net_src comp="0" pin="0"/><net_sink comp="92" pin=1"/></net>

<net id="103"><net_src comp="86" pin="0"/><net_sink comp="98" pin=0"/></net>

<net id="104"><net_src comp="2" pin="0"/><net_sink comp="98" pin=1"/></net>

<net id="109"><net_src comp="16" pin="0"/><net_sink comp="105" pin=0"/></net>

<net id="116"><net_src comp="92" pin="2"/><net_sink comp="113" pin=0"/></net>

<net id="120"><net_src comp="92" pin="2"/><net_sink comp="117" pin=0"/></net>

<net id="127"><net_src comp="20" pin="0"/><net_sink comp="121" pin=0"/></net>

<net id="128"><net_src comp="92" pin="2"/><net_sink comp="121" pin=1"/></net>

<net id="129"><net_src comp="22" pin="0"/><net_sink comp="121" pin=2"/></net>

<net id="130"><net_src comp="24" pin="0"/><net_sink comp="121" pin=3"/></net>

<net id="137"><net_src comp="26" pin="0"/><net_sink comp="131" pin=0"/></net>

<net id="138"><net_src comp="92" pin="2"/><net_sink comp="131" pin=1"/></net>

<net id="139"><net_src comp="22" pin="0"/><net_sink comp="131" pin=2"/></net>

<net id="140"><net_src comp="28" pin="0"/><net_sink comp="131" pin=3"/></net>

<net id="147"><net_src comp="20" pin="0"/><net_sink comp="141" pin=0"/></net>

<net id="148"><net_src comp="92" pin="2"/><net_sink comp="141" pin=1"/></net>

<net id="149"><net_src comp="30" pin="0"/><net_sink comp="141" pin=2"/></net>

<net id="150"><net_src comp="32" pin="0"/><net_sink comp="141" pin=3"/></net>

<net id="157"><net_src comp="26" pin="0"/><net_sink comp="151" pin=0"/></net>

<net id="158"><net_src comp="92" pin="2"/><net_sink comp="151" pin=1"/></net>

<net id="159"><net_src comp="30" pin="0"/><net_sink comp="151" pin=2"/></net>

<net id="160"><net_src comp="34" pin="0"/><net_sink comp="151" pin=3"/></net>

<net id="167"><net_src comp="20" pin="0"/><net_sink comp="161" pin=0"/></net>

<net id="168"><net_src comp="92" pin="2"/><net_sink comp="161" pin=1"/></net>

<net id="169"><net_src comp="36" pin="0"/><net_sink comp="161" pin=2"/></net>

<net id="170"><net_src comp="38" pin="0"/><net_sink comp="161" pin=3"/></net>

<net id="177"><net_src comp="26" pin="0"/><net_sink comp="171" pin=0"/></net>

<net id="178"><net_src comp="92" pin="2"/><net_sink comp="171" pin=1"/></net>

<net id="179"><net_src comp="36" pin="0"/><net_sink comp="171" pin=2"/></net>

<net id="180"><net_src comp="40" pin="0"/><net_sink comp="171" pin=3"/></net>

<net id="187"><net_src comp="20" pin="0"/><net_sink comp="181" pin=0"/></net>

<net id="188"><net_src comp="92" pin="2"/><net_sink comp="181" pin=1"/></net>

<net id="189"><net_src comp="42" pin="0"/><net_sink comp="181" pin=2"/></net>

<net id="190"><net_src comp="44" pin="0"/><net_sink comp="181" pin=3"/></net>

<net id="197"><net_src comp="26" pin="0"/><net_sink comp="191" pin=0"/></net>

<net id="198"><net_src comp="92" pin="2"/><net_sink comp="191" pin=1"/></net>

<net id="199"><net_src comp="42" pin="0"/><net_sink comp="191" pin=2"/></net>

<net id="200"><net_src comp="46" pin="0"/><net_sink comp="191" pin=3"/></net>

<net id="207"><net_src comp="20" pin="0"/><net_sink comp="201" pin=0"/></net>

<net id="208"><net_src comp="92" pin="2"/><net_sink comp="201" pin=1"/></net>

<net id="209"><net_src comp="48" pin="0"/><net_sink comp="201" pin=2"/></net>

<net id="210"><net_src comp="50" pin="0"/><net_sink comp="201" pin=3"/></net>

<net id="217"><net_src comp="26" pin="0"/><net_sink comp="211" pin=0"/></net>

<net id="218"><net_src comp="92" pin="2"/><net_sink comp="211" pin=1"/></net>

<net id="219"><net_src comp="48" pin="0"/><net_sink comp="211" pin=2"/></net>

<net id="220"><net_src comp="52" pin="0"/><net_sink comp="211" pin=3"/></net>

<net id="227"><net_src comp="20" pin="0"/><net_sink comp="221" pin=0"/></net>

<net id="228"><net_src comp="92" pin="2"/><net_sink comp="221" pin=1"/></net>

<net id="229"><net_src comp="54" pin="0"/><net_sink comp="221" pin=2"/></net>

<net id="230"><net_src comp="56" pin="0"/><net_sink comp="221" pin=3"/></net>

<net id="237"><net_src comp="26" pin="0"/><net_sink comp="231" pin=0"/></net>

<net id="238"><net_src comp="92" pin="2"/><net_sink comp="231" pin=1"/></net>

<net id="239"><net_src comp="54" pin="0"/><net_sink comp="231" pin=2"/></net>

<net id="240"><net_src comp="58" pin="0"/><net_sink comp="231" pin=3"/></net>

<net id="247"><net_src comp="20" pin="0"/><net_sink comp="241" pin=0"/></net>

<net id="248"><net_src comp="92" pin="2"/><net_sink comp="241" pin=1"/></net>

<net id="249"><net_src comp="60" pin="0"/><net_sink comp="241" pin=2"/></net>

<net id="250"><net_src comp="62" pin="0"/><net_sink comp="241" pin=3"/></net>

<net id="257"><net_src comp="26" pin="0"/><net_sink comp="251" pin=0"/></net>

<net id="258"><net_src comp="92" pin="2"/><net_sink comp="251" pin=1"/></net>

<net id="259"><net_src comp="60" pin="0"/><net_sink comp="251" pin=2"/></net>

<net id="260"><net_src comp="64" pin="0"/><net_sink comp="251" pin=3"/></net>

<net id="265"><net_src comp="110" pin="1"/><net_sink comp="261" pin=0"/></net>

<net id="266"><net_src comp="66" pin="0"/><net_sink comp="261" pin=1"/></net>

<net id="271"><net_src comp="110" pin="1"/><net_sink comp="267" pin=0"/></net>

<net id="272"><net_src comp="68" pin="0"/><net_sink comp="267" pin=1"/></net>

<net id="277"><net_src comp="261" pin="2"/><net_sink comp="273" pin=0"/></net>

<net id="282"><net_src comp="70" pin="0"/><net_sink comp="278" pin=1"/></net>

<net id="288"><net_src comp="278" pin="2"/><net_sink comp="283" pin=0"/></net>

<net id="289"><net_src comp="72" pin="0"/><net_sink comp="283" pin=2"/></net>

<net id="294"><net_src comp="70" pin="0"/><net_sink comp="290" pin=1"/></net>

<net id="300"><net_src comp="290" pin="2"/><net_sink comp="295" pin=0"/></net>

<net id="301"><net_src comp="72" pin="0"/><net_sink comp="295" pin=2"/></net>

<net id="306"><net_src comp="70" pin="0"/><net_sink comp="302" pin=1"/></net>

<net id="312"><net_src comp="302" pin="2"/><net_sink comp="307" pin=0"/></net>

<net id="313"><net_src comp="72" pin="0"/><net_sink comp="307" pin=2"/></net>

<net id="318"><net_src comp="70" pin="0"/><net_sink comp="314" pin=1"/></net>

<net id="324"><net_src comp="314" pin="2"/><net_sink comp="319" pin=0"/></net>

<net id="325"><net_src comp="72" pin="0"/><net_sink comp="319" pin=2"/></net>

<net id="330"><net_src comp="70" pin="0"/><net_sink comp="326" pin=1"/></net>

<net id="336"><net_src comp="326" pin="2"/><net_sink comp="331" pin=0"/></net>

<net id="337"><net_src comp="72" pin="0"/><net_sink comp="331" pin=2"/></net>

<net id="342"><net_src comp="70" pin="0"/><net_sink comp="338" pin=1"/></net>

<net id="348"><net_src comp="338" pin="2"/><net_sink comp="343" pin=0"/></net>

<net id="349"><net_src comp="72" pin="0"/><net_sink comp="343" pin=2"/></net>

<net id="354"><net_src comp="70" pin="0"/><net_sink comp="350" pin=1"/></net>

<net id="360"><net_src comp="350" pin="2"/><net_sink comp="355" pin=0"/></net>

<net id="361"><net_src comp="72" pin="0"/><net_sink comp="355" pin=2"/></net>

<net id="366"><net_src comp="70" pin="0"/><net_sink comp="362" pin=1"/></net>

<net id="372"><net_src comp="362" pin="2"/><net_sink comp="367" pin=0"/></net>

<net id="373"><net_src comp="72" pin="0"/><net_sink comp="367" pin=2"/></net>

<net id="406"><net_src comp="84" pin="0"/><net_sink comp="395" pin=0"/></net>

<net id="407"><net_src comp="392" pin="1"/><net_sink comp="395" pin=2"/></net>

<net id="408"><net_src comp="389" pin="1"/><net_sink comp="395" pin=3"/></net>

<net id="409"><net_src comp="386" pin="1"/><net_sink comp="395" pin=4"/></net>

<net id="410"><net_src comp="383" pin="1"/><net_sink comp="395" pin=5"/></net>

<net id="411"><net_src comp="380" pin="1"/><net_sink comp="395" pin=6"/></net>

<net id="412"><net_src comp="377" pin="1"/><net_sink comp="395" pin=7"/></net>

<net id="413"><net_src comp="374" pin="1"/><net_sink comp="395" pin=8"/></net>

<net id="417"><net_src comp="395" pin="9"/><net_sink comp="414" pin=0"/></net>

<net id="418"><net_src comp="414" pin="1"/><net_sink comp="98" pin=2"/></net>

<net id="422"><net_src comp="88" pin="1"/><net_sink comp="419" pin=0"/></net>

<net id="423"><net_src comp="419" pin="1"/><net_sink comp="105" pin=1"/></net>

<net id="424"><net_src comp="419" pin="1"/><net_sink comp="110" pin=0"/></net>

<net id="425"><net_src comp="419" pin="1"/><net_sink comp="273" pin=1"/></net>

<net id="429"><net_src comp="113" pin="1"/><net_sink comp="426" pin=0"/></net>

<net id="430"><net_src comp="426" pin="1"/><net_sink comp="278" pin=0"/></net>

<net id="434"><net_src comp="117" pin="1"/><net_sink comp="431" pin=0"/></net>

<net id="435"><net_src comp="431" pin="1"/><net_sink comp="283" pin=1"/></net>

<net id="439"><net_src comp="121" pin="4"/><net_sink comp="436" pin=0"/></net>

<net id="440"><net_src comp="436" pin="1"/><net_sink comp="290" pin=0"/></net>

<net id="444"><net_src comp="131" pin="4"/><net_sink comp="441" pin=0"/></net>

<net id="445"><net_src comp="441" pin="1"/><net_sink comp="295" pin=1"/></net>

<net id="449"><net_src comp="141" pin="4"/><net_sink comp="446" pin=0"/></net>

<net id="450"><net_src comp="446" pin="1"/><net_sink comp="302" pin=0"/></net>

<net id="454"><net_src comp="151" pin="4"/><net_sink comp="451" pin=0"/></net>

<net id="455"><net_src comp="451" pin="1"/><net_sink comp="307" pin=1"/></net>

<net id="459"><net_src comp="161" pin="4"/><net_sink comp="456" pin=0"/></net>

<net id="460"><net_src comp="456" pin="1"/><net_sink comp="314" pin=0"/></net>

<net id="464"><net_src comp="171" pin="4"/><net_sink comp="461" pin=0"/></net>

<net id="465"><net_src comp="461" pin="1"/><net_sink comp="319" pin=1"/></net>

<net id="469"><net_src comp="181" pin="4"/><net_sink comp="466" pin=0"/></net>

<net id="470"><net_src comp="466" pin="1"/><net_sink comp="326" pin=0"/></net>

<net id="474"><net_src comp="191" pin="4"/><net_sink comp="471" pin=0"/></net>

<net id="475"><net_src comp="471" pin="1"/><net_sink comp="331" pin=1"/></net>

<net id="479"><net_src comp="201" pin="4"/><net_sink comp="476" pin=0"/></net>

<net id="480"><net_src comp="476" pin="1"/><net_sink comp="338" pin=0"/></net>

<net id="484"><net_src comp="211" pin="4"/><net_sink comp="481" pin=0"/></net>

<net id="485"><net_src comp="481" pin="1"/><net_sink comp="343" pin=1"/></net>

<net id="489"><net_src comp="221" pin="4"/><net_sink comp="486" pin=0"/></net>

<net id="490"><net_src comp="486" pin="1"/><net_sink comp="350" pin=0"/></net>

<net id="494"><net_src comp="231" pin="4"/><net_sink comp="491" pin=0"/></net>

<net id="495"><net_src comp="491" pin="1"/><net_sink comp="355" pin=1"/></net>

<net id="499"><net_src comp="241" pin="4"/><net_sink comp="496" pin=0"/></net>

<net id="500"><net_src comp="496" pin="1"/><net_sink comp="362" pin=0"/></net>

<net id="504"><net_src comp="251" pin="4"/><net_sink comp="501" pin=0"/></net>

<net id="505"><net_src comp="501" pin="1"/><net_sink comp="367" pin=1"/></net>

<net id="509"><net_src comp="267" pin="2"/><net_sink comp="506" pin=0"/></net>

<net id="513"><net_src comp="283" pin="3"/><net_sink comp="510" pin=0"/></net>

<net id="514"><net_src comp="510" pin="1"/><net_sink comp="374" pin=0"/></net>

<net id="518"><net_src comp="295" pin="3"/><net_sink comp="515" pin=0"/></net>

<net id="519"><net_src comp="515" pin="1"/><net_sink comp="377" pin=0"/></net>

<net id="523"><net_src comp="307" pin="3"/><net_sink comp="520" pin=0"/></net>

<net id="524"><net_src comp="520" pin="1"/><net_sink comp="380" pin=0"/></net>

<net id="528"><net_src comp="319" pin="3"/><net_sink comp="525" pin=0"/></net>

<net id="529"><net_src comp="525" pin="1"/><net_sink comp="383" pin=0"/></net>

<net id="533"><net_src comp="331" pin="3"/><net_sink comp="530" pin=0"/></net>

<net id="534"><net_src comp="530" pin="1"/><net_sink comp="386" pin=0"/></net>

<net id="538"><net_src comp="343" pin="3"/><net_sink comp="535" pin=0"/></net>

<net id="539"><net_src comp="535" pin="1"/><net_sink comp="389" pin=0"/></net>

<net id="543"><net_src comp="355" pin="3"/><net_sink comp="540" pin=0"/></net>

<net id="544"><net_src comp="540" pin="1"/><net_sink comp="392" pin=0"/></net>

<net id="548"><net_src comp="367" pin="3"/><net_sink comp="545" pin=0"/></net>

<net id="549"><net_src comp="545" pin="1"/><net_sink comp="395" pin=1"/></net>

</net_list>

</model> 
---------------- Datapath Model END ------------------

* FSMD analyzer results:
  - Output states:
	Port: layer15_out | {4 }
 - Input state : 
	Port: relu<array<ap_fixed,8u>,array<ap_fixed<16,6,5,3,0>,8u>,ReLU_config15> : layer28_out | {2 }
  - Chain level:
	State 1
		store_ln41 : 1
	State 2
		i_5 : 1
		icmp_ln41 : 1
		store_ln41 : 2
		br_ln41 : 2
	State 3
		select_ln51 : 1
		select_ln51_1 : 1
		select_ln51_2 : 1
		select_ln51_3 : 1
		select_ln51_4 : 1
		select_ln51_5 : 1
		select_ln51_6 : 1
		select_ln51_7 : 1
	State 4
		or_ln57_s : 1
		zext_ln57 : 2
		write_ln57 : 3


============================================================
+ Verbose Summary: Datapath Resource usage 
============================================================

* Functional unit list:
|----------|-----------------------------|---------|---------|
| Operation|       Functional Unit       |    FF   |   LUT   |
|----------|-----------------------------|---------|---------|
|          |       icmp_ln41_fu_267      |    0    |    14   |
|          |       icmp_ln51_fu_278      |    0    |    23   |
|          |      icmp_ln51_1_fu_290     |    0    |    23   |
|          |      icmp_ln51_2_fu_302     |    0    |    23   |
|   icmp   |      icmp_ln51_3_fu_314     |    0    |    23   |
|          |      icmp_ln51_4_fu_326     |    0    |    23   |
|          |      icmp_ln51_5_fu_338     |    0    |    23   |
|          |      icmp_ln51_6_fu_350     |    0    |    23   |
|          |      icmp_ln51_7_fu_362     |    0    |    23   |
|----------|-----------------------------|---------|---------|
|          |      select_ln51_fu_283     |    0    |    15   |
|          |     select_ln51_1_fu_295    |    0    |    15   |
|          |     select_ln51_2_fu_307    |    0    |    15   |
|  select  |     select_ln51_3_fu_319    |    0    |    15   |
|          |     select_ln51_4_fu_331    |    0    |    15   |
|          |     select_ln51_5_fu_343    |    0    |    15   |
|          |     select_ln51_6_fu_355    |    0    |    15   |
|          |     select_ln51_7_fu_367    |    0    |    15   |
|----------|-----------------------------|---------|---------|
|    add   |          i_5_fu_261         |    0    |    14   |
|----------|-----------------------------|---------|---------|
|   read   | layer28_out_read_read_fu_92 |    0    |    0    |
|----------|-----------------------------|---------|---------|
|   write  |    write_ln57_write_fu_98   |    0    |    0    |
|----------|-----------------------------|---------|---------|
|   trunc  |      trunc_ln44_fu_113      |    0    |    0    |
|          |     trunc_ln44_14_fu_117    |    0    |    0    |
|----------|-----------------------------|---------|---------|
|          |     trunc_ln44_1_fu_121     |    0    |    0    |
|          |     trunc_ln44_8_fu_131     |    0    |    0    |
|          |     trunc_ln44_2_fu_141     |    0    |    0    |
|          |     trunc_ln44_9_fu_151     |    0    |    0    |
|          |     trunc_ln44_3_fu_161     |    0    |    0    |
|          |     trunc_ln44_s_fu_171     |    0    |    0    |
|partselect|     trunc_ln44_4_fu_181     |    0    |    0    |
|          |     trunc_ln44_10_fu_191    |    0    |    0    |
|          |     trunc_ln44_5_fu_201     |    0    |    0    |
|          |     trunc_ln44_11_fu_211    |    0    |    0    |
|          |     trunc_ln44_6_fu_221     |    0    |    0    |
|          |     trunc_ln44_12_fu_231    |    0    |    0    |
|          |     trunc_ln44_7_fu_241     |    0    |    0    |
|          |       trunc_ln1_fu_251      |    0    |    0    |
|----------|-----------------------------|---------|---------|
|          |       zext_ln51_fu_374      |    0    |    0    |
|          |      zext_ln51_1_fu_377     |    0    |    0    |
|          |      zext_ln51_2_fu_380     |    0    |    0    |
|   zext   |      zext_ln51_3_fu_383     |    0    |    0    |
|          |      zext_ln51_4_fu_386     |    0    |    0    |
|          |      zext_ln51_5_fu_389     |    0    |    0    |
|          |      zext_ln51_6_fu_392     |    0    |    0    |
|          |       zext_ln57_fu_414      |    0    |    0    |
|----------|-----------------------------|---------|---------|
|bitconcatenate|       or_ln57_s_fu_395      |    0    |    0    |
|----------|-----------------------------|---------|---------|
|   Total  |                             |    0    |   332   |
|----------|-----------------------------|---------|---------|

Memories:
N/A

* Register list:
+---------------------+--------+
|                     |   FF   |
+---------------------+--------+
|      i_reg_419      |    7   |
|  icmp_ln41_reg_506  |    1   |
|select_ln51_1_reg_515|   15   |
|select_ln51_2_reg_520|   15   |
|select_ln51_3_reg_525|   15   |
|select_ln51_4_reg_530|   15   |
|select_ln51_5_reg_535|   15   |
|select_ln51_6_reg_540|   15   |
|select_ln51_7_reg_545|   15   |
| select_ln51_reg_510 |   15   |
|  trunc_ln1_reg_501  |   15   |
|trunc_ln44_10_reg_471|   15   |
|trunc_ln44_11_reg_481|   15   |
|trunc_ln44_12_reg_491|   15   |
|trunc_ln44_14_reg_431|   15   |
| trunc_ln44_1_reg_436|   16   |
| trunc_ln44_2_reg_446|   16   |
| trunc_ln44_3_reg_456|   16   |
| trunc_ln44_4_reg_466|   16   |
| trunc_ln44_5_reg_476|   16   |
| trunc_ln44_6_reg_486|   16   |
| trunc_ln44_7_reg_496|   16   |
| trunc_ln44_8_reg_441|   15   |
| trunc_ln44_9_reg_451|   15   |
|  trunc_ln44_reg_426 |   16   |
| trunc_ln44_s_reg_461|   15   |
+---------------------+--------+
|        Total        |   376  |
+---------------------+--------+

* Multiplexer (MUX) list: 
|--------|------|------|------|--------|
|  Comp  |  Pin | Size |  BW  | S x BW |
|--------|------|------|------|--------|
|  Total |      |      |      |    0   |
|--------|------|------|------|--------|



* Summary:
+-----------+--------+--------+
|           |   FF   |   LUT  |
+-----------+--------+--------+
|  Function |    0   |   332  |
|   Memory  |    -   |    -   |
|Multiplexer|    -   |    -   |
|  Register |   376  |    -   |
+-----------+--------+--------+
|   Total   |   376  |   332  |
+-----------+--------+--------+
