

================================================================
== Vitis HLS Report for 'compute_output_buffer_2d_array_array_ap_fixed_16_6_5_3_0_16u_config28_s'
================================================================
* Date:           Tue Oct  6 08:54:17 2026

* Version:        2026.1 (Build 6493734 on Jun 16 2026)
* Project:        myproject_prj
* Solution:       solution1
* Product family: artix7
* Target device:  xc7a35t-ftg256-1


================================================================
== Performance Estimates
================================================================
+ Timing: 
    * Summary: 
    +--------+---------+----------+------------+
    |  Clock |  Target | Estimated| Uncertainty|
    +--------+---------+----------+------------+
    |ap_clk  |  5.00 ns|  9.816 ns|     1.35 ns|
    +--------+---------+----------+------------+

+ Latency: 
    * Summary: 
    +---------+---------+-----------+----------+-----+-----+---------+
    |  Latency (cycles) |  Latency (absolute)  |  Interval | Pipeline|
    |   min   |   max   |    min    |    max   | min | max |   Type  |
    +---------+---------+-----------+----------+-----+-----+---------+
    |        4|      153|  39.263 ns|  1.502 us|    4|  153|       no|
    +---------+---------+-----------+----------+-----+-----+---------+

    + Detail: 
        * Instance: 
        +---------------------------------------------------------------------------------------+----------------------------------------------------------------------------+---------+---------+----------+----------+-----+-----+------------------------------------+
        |                                                                                       |                                                                            |  Latency (cycles) |  Latency (absolute) |  Interval |              Pipeline              |
        |                                        Instance                                       |                                   Module                                   |   min   |   max   |    min   |    max   | min | max |                Type                |
        +---------------------------------------------------------------------------------------+----------------------------------------------------------------------------+---------+---------+----------+----------+-----+-----+------------------------------------+
        |call_ln281_shift_line_buffer_array_ap_fixed_16_6_5_3_0_8u_config28_s_fu_303            |shift_line_buffer_array_ap_fixed_16_6_5_3_0_8u_config28_s                   |        0|        0|      0 ns|      0 ns|    1|    1|                                 yes|
        |grp_dense_resource_rf_gt_nin_rem0_ap_fixed_ap_fixed_16_6_5_3_0_config28_mult_s_fu_499  |dense_resource_rf_gt_nin_rem0_ap_fixed_ap_fixed_16_6_5_3_0_config28_mult_s  |      146|      147|  1.433 us|  1.443 us|  144|  144|  loop rewind stp (delay=0 cycle(s))|
        +---------------------------------------------------------------------------------------+----------------------------------------------------------------------------+---------+---------+----------+----------+-----+-----+------------------------------------+

        * Loop: 
        N/A



================================================================
== Utilization Estimates
================================================================
* Summary: 
+-----------------+---------+----+-------+-------+-----+
|       Name      | BRAM_18K| DSP|   FF  |  LUT  | URAM|
+-----------------+---------+----+-------+-------+-----+
|DSP              |        -|   -|      -|      -|    -|
|Expression       |        -|   -|      0|    499|    -|
|FIFO             |        -|   -|      -|      -|    -|
|Instance         |        4|   8|   3515|   5241|    -|
|Memory           |        -|   -|      -|      -|    -|
|Multiplexer      |        -|   -|      0|     86|    -|
|Register         |        -|   -|   1678|      -|    -|
+-----------------+---------+----+-------+-------+-----+
|Total            |        4|   8|   5193|   5826|    0|
+-----------------+---------+----+-------+-------+-----+
|Available        |      100|  90|  41600|  20800|    0|
+-----------------+---------+----+-------+-------+-----+
|Utilization (%)  |        4|   8|     12|     28|    0|
+-----------------+---------+----+-------+-------+-----+

+ Detail: 
    * Instance: 
    +---------------------------------------------------------------------------------------+----------------------------------------------------------------------------+---------+----+------+------+-----+
    |                                        Instance                                       |                                   Module                                   | BRAM_18K| DSP|  FF  |  LUT | URAM|
    +---------------------------------------------------------------------------------------+----------------------------------------------------------------------------+---------+----+------+------+-----+
    |grp_dense_resource_rf_gt_nin_rem0_ap_fixed_ap_fixed_16_6_5_3_0_config28_mult_s_fu_499  |dense_resource_rf_gt_nin_rem0_ap_fixed_ap_fixed_16_6_5_3_0_config28_mult_s  |        4|   8|  2490|  4297|    0|
    |call_ln281_shift_line_buffer_array_ap_fixed_16_6_5_3_0_8u_config28_s_fu_303            |shift_line_buffer_array_ap_fixed_16_6_5_3_0_8u_config28_s                   |        0|   0|  1025|   944|    0|
    +---------------------------------------------------------------------------------------+----------------------------------------------------------------------------+---------+----+------+------+-----+
    |Total                                                                                  |                                                                            |        4|   8|  3515|  5241|    0|
    +---------------------------------------------------------------------------------------+----------------------------------------------------------------------------+---------+----+------+------+-----+

    * DSP: 
    N/A

    * Memory: 
    N/A

    * FIFO: 
    N/A

    * Expression: 
    +--------------------------------+----------+----+---+----+------------+------------+
    |          Variable Name         | Operation| DSP| FF| LUT| Bitwidth P0| Bitwidth P1|
    +--------------------------------+----------+----+---+----+------------+------------+
    |add_ln303_fu_805_p2             |         +|   0|  0|  39|          32|           1|
    |add_ln307_fu_827_p2             |         +|   0|  0|  39|          32|           1|
    |add_ln313_fu_864_p2             |         +|   0|  0|  39|          32|           1|
    |add_ln318_fu_815_p2             |         +|   0|  0|  39|          32|           1|
    |and_ln284_1_fu_715_p2           |       and|   0|  0|   2|           1|           1|
    |and_ln284_fu_709_p2             |       and|   0|  0|   2|           1|           1|
    |ap_block_state4                 |       and|   0|  0|   2|           1|           1|
    |ap_predicate_op52_write_state4  |       and|   0|  0|   2|           1|           1|
    |icmp_ln284_1_fu_673_p2          |      icmp|   0|  0|  39|          32|           2|
    |icmp_ln284_4_fu_688_p2          |      icmp|   0|  0|  38|          31|           1|
    |icmp_ln284_5_fu_703_p2          |      icmp|   0|  0|  38|          31|           1|
    |icmp_ln284_fu_655_p2            |      icmp|   0|  0|  39|          32|           2|
    |icmp_ln303_fu_810_p2            |      icmp|   0|  0|  39|          32|           4|
    |icmp_ln307_fu_854_p2            |      icmp|   0|  0|  39|          32|           4|
    |icmp_ln313_fu_859_p2            |      icmp|   0|  0|  39|          32|           2|
    |select_ln313_fu_869_p3          |    select|   0|  0|  32|           1|           2|
    |select_ln318_fu_820_p3          |    select|   0|  0|  32|           1|           2|
    +--------------------------------+----------+----+---+----+------------+------------+
    |Total                           |          |   0|  0| 499|         356|          28|
    +--------------------------------+----------+----+---+----+------------+------------+

    * Multiplexer: 
    +-------------------------------------+----+-----------+-----+-----------+
    |                 Name                | LUT| Input Size| Bits| Total Bits|
    +-------------------------------------+----+-----------+-----+-----------+
    |ap_NS_fsm                            |  37|          9|    1|          9|
    |ap_phi_mux_storemerge_phi_fu_296_p4  |  13|          3|   32|         96|
    |layer28_out_blk_n                    |   9|          2|    1|          2|
    |pX_2                                 |   9|          2|   32|         64|
    |pY_2                                 |   9|          2|   32|         64|
    |sX_2                                 |   9|          2|   32|         64|
    +-------------------------------------+----+-----------+-----+-----------+
    |Total                                |  86|         20|  130|        299|
    +-------------------------------------+----+-----------+-----+-----------+

    * Register: 
    +----------------------------------------------------------------------------------------------------+----+----+-----+-----------+
    |                                                Name                                                | FF | LUT| Bits| Const Bits|
    +----------------------------------------------------------------------------------------------------+----+----+-----+-----------+
    |add_ln303_reg_1000                                                                                  |  32|   0|   32|          0|
    |add_ln307_reg_1015                                                                                  |  32|   0|   32|          0|
    |and_ln284_1_reg_916                                                                                 |   1|   0|    1|          0|
    |ap_CS_fsm                                                                                           |   8|   0|    8|          0|
    |grp_dense_resource_rf_gt_nin_rem0_ap_fixed_ap_fixed_16_6_5_3_0_config28_mult_s_fu_499_ap_start_reg  |   1|   0|    1|          0|
    |icmp_ln284_1_reg_911                                                                                |   1|   0|    1|          0|
    |icmp_ln284_reg_897                                                                                  |   1|   0|    1|          0|
    |icmp_ln303_reg_1006                                                                                 |   1|   0|    1|          0|
    |icmp_ln307_reg_1021                                                                                 |   1|   0|    1|          0|
    |pX_2                                                                                                |  32|   0|   32|          0|
    |pY_2                                                                                                |  32|   0|   32|          0|
    |p_ZZN4nnet24compute_output_buffer_2dINS_5arrayI8ap_fixedILi16ELi6EL9ap_q_mode5EL9                   |  16|   0|   16|          0|
    |p_ZZN4nnet24compute_output_buffer_2dINS_5arrayI8ap_fixedILi16ELi6EL9ap_q_mode5EL9_1                 |  16|   0|   16|          0|
    |p_ZZN4nnet24compute_output_buffer_2dINS_5arrayI8ap_fixedILi16ELi6EL9ap_q_mode5EL9_10                |  16|   0|   16|          0|
    |p_ZZN4nnet24compute_output_buffer_2dINS_5arrayI8ap_fixedILi16ELi6EL9ap_q_mode5EL9_11                |  16|   0|   16|          0|
    |p_ZZN4nnet24compute_output_buffer_2dINS_5arrayI8ap_fixedILi16ELi6EL9ap_q_mode5EL9_12                |  16|   0|   16|          0|
    |p_ZZN4nnet24compute_output_buffer_2dINS_5arrayI8ap_fixedILi16ELi6EL9ap_q_mode5EL9_13                |  16|   0|   16|          0|
    |p_ZZN4nnet24compute_output_buffer_2dINS_5arrayI8ap_fixedILi16ELi6EL9ap_q_mode5EL9_14                |  16|   0|   16|          0|
    |p_ZZN4nnet24compute_output_buffer_2dINS_5arrayI8ap_fixedILi16ELi6EL9ap_q_mode5EL9_15                |  16|   0|   16|          0|
    |p_ZZN4nnet24compute_output_buffer_2dINS_5arrayI8ap_fixedILi16ELi6EL9ap_q_mode5EL9_16                |  16|   0|   16|          0|
    |p_ZZN4nnet24compute_output_buffer_2dINS_5arrayI8ap_fixedILi16ELi6EL9ap_q_mode5EL9_17                |  16|   0|   16|          0|
    |p_ZZN4nnet24compute_output_buffer_2dINS_5arrayI8ap_fixedILi16ELi6EL9ap_q_mode5EL9_18                |  16|   0|   16|          0|
    |p_ZZN4nnet24compute_output_buffer_2dINS_5arrayI8ap_fixedILi16ELi6EL9ap_q_mode5EL9_19                |  16|   0|   16|          0|
    |p_ZZN4nnet24compute_output_buffer_2dINS_5arrayI8ap_fixedILi16ELi6EL9ap_q_mode5EL9_2                 |  16|   0|   16|          0|
    |p_ZZN4nnet24compute_output_buffer_2dINS_5arrayI8ap_fixedILi16ELi6EL9ap_q_mode5EL9_20                |  16|   0|   16|          0|
    |p_ZZN4nnet24compute_output_buffer_2dINS_5arrayI8ap_fixedILi16ELi6EL9ap_q_mode5EL9_21                |  16|   0|   16|          0|
    |p_ZZN4nnet24compute_output_buffer_2dINS_5arrayI8ap_fixedILi16ELi6EL9ap_q_mode5EL9_22                |  16|   0|   16|          0|
    |p_ZZN4nnet24compute_output_buffer_2dINS_5arrayI8ap_fixedILi16ELi6EL9ap_q_mode5EL9_23                |  16|   0|   16|          0|
    |p_ZZN4nnet24compute_output_buffer_2dINS_5arrayI8ap_fixedILi16ELi6EL9ap_q_mode5EL9_24                |  16|   0|   16|          0|
    |p_ZZN4nnet24compute_output_buffer_2dINS_5arrayI8ap_fixedILi16ELi6EL9ap_q_mode5EL9_25                |  16|   0|   16|          0|
    |p_ZZN4nnet24compute_output_buffer_2dINS_5arrayI8ap_fixedILi16ELi6EL9ap_q_mode5EL9_26                |  16|   0|   16|          0|
    |p_ZZN4nnet24compute_output_buffer_2dINS_5arrayI8ap_fixedILi16ELi6EL9ap_q_mode5EL9_27                |  16|   0|   16|          0|
    |p_ZZN4nnet24compute_output_buffer_2dINS_5arrayI8ap_fixedILi16ELi6EL9ap_q_mode5EL9_28                |  16|   0|   16|          0|
    |p_ZZN4nnet24compute_output_buffer_2dINS_5arrayI8ap_fixedILi16ELi6EL9ap_q_mode5EL9_29                |  16|   0|   16|          0|
    |p_ZZN4nnet24compute_output_buffer_2dINS_5arrayI8ap_fixedILi16ELi6EL9ap_q_mode5EL9_3                 |  16|   0|   16|          0|
    |p_ZZN4nnet24compute_output_buffer_2dINS_5arrayI8ap_fixedILi16ELi6EL9ap_q_mode5EL9_30                |  16|   0|   16|          0|
    |p_ZZN4nnet24compute_output_buffer_2dINS_5arrayI8ap_fixedILi16ELi6EL9ap_q_mode5EL9_31                |  16|   0|   16|          0|
    |p_ZZN4nnet24compute_output_buffer_2dINS_5arrayI8ap_fixedILi16ELi6EL9ap_q_mode5EL9_32                |  16|   0|   16|          0|
    |p_ZZN4nnet24compute_output_buffer_2dINS_5arrayI8ap_fixedILi16ELi6EL9ap_q_mode5EL9_33                |  16|   0|   16|          0|
    |p_ZZN4nnet24compute_output_buffer_2dINS_5arrayI8ap_fixedILi16ELi6EL9ap_q_mode5EL9_34                |  16|   0|   16|          0|
    |p_ZZN4nnet24compute_output_buffer_2dINS_5arrayI8ap_fixedILi16ELi6EL9ap_q_mode5EL9_35                |  16|   0|   16|          0|
    |p_ZZN4nnet24compute_output_buffer_2dINS_5arrayI8ap_fixedILi16ELi6EL9ap_q_mode5EL9_36                |  16|   0|   16|          0|
    |p_ZZN4nnet24compute_output_buffer_2dINS_5arrayI8ap_fixedILi16ELi6EL9ap_q_mode5EL9_37                |  16|   0|   16|          0|
    |p_ZZN4nnet24compute_output_buffer_2dINS_5arrayI8ap_fixedILi16ELi6EL9ap_q_mode5EL9_38                |  16|   0|   16|          0|
    |p_ZZN4nnet24compute_output_buffer_2dINS_5arrayI8ap_fixedILi16ELi6EL9ap_q_mode5EL9_39                |  16|   0|   16|          0|
    |p_ZZN4nnet24compute_output_buffer_2dINS_5arrayI8ap_fixedILi16ELi6EL9ap_q_mode5EL9_4                 |  16|   0|   16|          0|
    |p_ZZN4nnet24compute_output_buffer_2dINS_5arrayI8ap_fixedILi16ELi6EL9ap_q_mode5EL9_40                |  16|   0|   16|          0|
    |p_ZZN4nnet24compute_output_buffer_2dINS_5arrayI8ap_fixedILi16ELi6EL9ap_q_mode5EL9_41                |  16|   0|   16|          0|
    |p_ZZN4nnet24compute_output_buffer_2dINS_5arrayI8ap_fixedILi16ELi6EL9ap_q_mode5EL9_42                |  16|   0|   16|          0|
    |p_ZZN4nnet24compute_output_buffer_2dINS_5arrayI8ap_fixedILi16ELi6EL9ap_q_mode5EL9_43                |  16|   0|   16|          0|
    |p_ZZN4nnet24compute_output_buffer_2dINS_5arrayI8ap_fixedILi16ELi6EL9ap_q_mode5EL9_44                |  16|   0|   16|          0|
    |p_ZZN4nnet24compute_output_buffer_2dINS_5arrayI8ap_fixedILi16ELi6EL9ap_q_mode5EL9_45                |  16|   0|   16|          0|
    |p_ZZN4nnet24compute_output_buffer_2dINS_5arrayI8ap_fixedILi16ELi6EL9ap_q_mode5EL9_46                |  16|   0|   16|          0|
    |p_ZZN4nnet24compute_output_buffer_2dINS_5arrayI8ap_fixedILi16ELi6EL9ap_q_mode5EL9_47                |  16|   0|   16|          0|
    |p_ZZN4nnet24compute_output_buffer_2dINS_5arrayI8ap_fixedILi16ELi6EL9ap_q_mode5EL9_48                |  16|   0|   16|          0|
    |p_ZZN4nnet24compute_output_buffer_2dINS_5arrayI8ap_fixedILi16ELi6EL9ap_q_mode5EL9_49                |  16|   0|   16|          0|
    |p_ZZN4nnet24compute_output_buffer_2dINS_5arrayI8ap_fixedILi16ELi6EL9ap_q_mode5EL9_5                 |  16|   0|   16|          0|
    |p_ZZN4nnet24compute_output_buffer_2dINS_5arrayI8ap_fixedILi16ELi6EL9ap_q_mode5EL9_50                |  16|   0|   16|          0|
    |p_ZZN4nnet24compute_output_buffer_2dINS_5arrayI8ap_fixedILi16ELi6EL9ap_q_mode5EL9_51                |  16|   0|   16|          0|
    |p_ZZN4nnet24compute_output_buffer_2dINS_5arrayI8ap_fixedILi16ELi6EL9ap_q_mode5EL9_52                |  16|   0|   16|          0|
    |p_ZZN4nnet24compute_output_buffer_2dINS_5arrayI8ap_fixedILi16ELi6EL9ap_q_mode5EL9_53                |  16|   0|   16|          0|
    |p_ZZN4nnet24compute_output_buffer_2dINS_5arrayI8ap_fixedILi16ELi6EL9ap_q_mode5EL9_54                |  16|   0|   16|          0|
    |p_ZZN4nnet24compute_output_buffer_2dINS_5arrayI8ap_fixedILi16ELi6EL9ap_q_mode5EL9_55                |  16|   0|   16|          0|
    |p_ZZN4nnet24compute_output_buffer_2dINS_5arrayI8ap_fixedILi16ELi6EL9ap_q_mode5EL9_56                |  16|   0|   16|          0|
    |p_ZZN4nnet24compute_output_buffer_2dINS_5arrayI8ap_fixedILi16ELi6EL9ap_q_mode5EL9_57                |  16|   0|   16|          0|
    |p_ZZN4nnet24compute_output_buffer_2dINS_5arrayI8ap_fixedILi16ELi6EL9ap_q_mode5EL9_58                |  16|   0|   16|          0|
    |p_ZZN4nnet24compute_output_buffer_2dINS_5arrayI8ap_fixedILi16ELi6EL9ap_q_mode5EL9_59                |  16|   0|   16|          0|
    |p_ZZN4nnet24compute_output_buffer_2dINS_5arrayI8ap_fixedILi16ELi6EL9ap_q_mode5EL9_6                 |  16|   0|   16|          0|
    |p_ZZN4nnet24compute_output_buffer_2dINS_5arrayI8ap_fixedILi16ELi6EL9ap_q_mode5EL9_60                |  16|   0|   16|          0|
    |p_ZZN4nnet24compute_output_buffer_2dINS_5arrayI8ap_fixedILi16ELi6EL9ap_q_mode5EL9_61                |  16|   0|   16|          0|
    |p_ZZN4nnet24compute_output_buffer_2dINS_5arrayI8ap_fixedILi16ELi6EL9ap_q_mode5EL9_7                 |  16|   0|   16|          0|
    |p_ZZN4nnet24compute_output_buffer_2dINS_5arrayI8ap_fixedILi16ELi6EL9ap_q_mode5EL9_8                 |  16|   0|   16|          0|
    |p_ZZN4nnet24compute_output_buffer_2dINS_5arrayI8ap_fixedILi16ELi6EL9ap_q_mode5EL9_9                 |  16|   0|   16|          0|
    |res_out_14_reg_970                                                                                  |  16|   0|   16|          0|
    |res_out_15_reg_975                                                                                  |  16|   0|   16|          0|
    |res_out_16_reg_980                                                                                  |  16|   0|   16|          0|
    |res_out_17_reg_985                                                                                  |  16|   0|   16|          0|
    |res_out_18_reg_990                                                                                  |  16|   0|   16|          0|
    |res_out_19_reg_995                                                                                  |  16|   0|   16|          0|
    |res_out_20_reg_925                                                                                  |  16|   0|   16|          0|
    |res_out_21_reg_930                                                                                  |  16|   0|   16|          0|
    |res_out_22_reg_935                                                                                  |  16|   0|   16|          0|
    |res_out_4_reg_940                                                                                   |  16|   0|   16|          0|
    |res_out_5_reg_945                                                                                   |  16|   0|   16|          0|
    |res_out_6_reg_950                                                                                   |  16|   0|   16|          0|
    |res_out_7_reg_955                                                                                   |  16|   0|   16|          0|
    |res_out_8_reg_960                                                                                   |  16|   0|   16|          0|
    |res_out_9_reg_965                                                                                   |  16|   0|   16|          0|
    |res_out_reg_920                                                                                     |  16|   0|   16|          0|
    |sX_2                                                                                                |  32|   0|   32|          0|
    |sY_2                                                                                                |  32|   0|   32|          0|
    |select_ln313_reg_1025                                                                               |  32|   0|   32|          0|
    |select_ln318_reg_1010                                                                               |  32|   0|   32|          0|
    |void_compute_output_buffer_2d_array_const_ap_shift_reg_n_chan_stream_weig                           |  16|   0|   16|          0|
    |void_compute_output_buffer_2d_array_const_ap_shift_reg_n_chan_stream_weig_1                         |  16|   0|   16|          0|
    |void_compute_output_buffer_2d_array_const_ap_shift_reg_n_chan_stream_weig_2                         |  16|   0|   16|          0|
    |void_compute_output_buffer_2d_array_const_ap_shift_reg_n_chan_stream_weig_3                         |  16|   0|   16|          0|
    |void_compute_output_buffer_2d_array_const_ap_shift_reg_n_chan_stream_weig_4                         |  16|   0|   16|          0|
    |void_compute_output_buffer_2d_array_const_ap_shift_reg_n_chan_stream_weig_5                         |  16|   0|   16|          0|
    |void_compute_output_buffer_2d_array_const_ap_shift_reg_n_chan_stream_weig_6                         |  16|   0|   16|          0|
    |void_compute_output_buffer_2d_array_const_ap_shift_reg_n_chan_stream_weig_7                         |  16|   0|   16|          0|
    |void_compute_output_buffer_2d_array_const_ap_shift_reg_n_chan_stream_weig_8                         |  16|   0|   16|          0|
    |void_compute_output_buffer_2d_array_const_ap_shift_reg_n_chan_stream_weig_9                         |  16|   0|   16|          0|
    +----------------------------------------------------------------------------------------------------+----+----+-----+-----------+
    |Total                                                                                               |1678|   0| 1678|          0|
    +----------------------------------------------------------------------------------------------------+----+----+-----+-----------+



================================================================
== Interface
================================================================
* Summary: 
+----------------------------+-----+-----+------------+--------------------------------------------------------------------------+--------------+
|          RTL Ports         | Dir | Bits|  Protocol  |                               Source Object                              |    C Type    |
+----------------------------+-----+-----+------------+--------------------------------------------------------------------------+--------------+
|ap_clk                      |   in|    1|  ap_ctrl_hs|  compute_output_buffer_2d<array,array<ap_fixed<16,6,5,3,0>,16u>,config28>|  return value|
|ap_rst                      |   in|    1|  ap_ctrl_hs|  compute_output_buffer_2d<array,array<ap_fixed<16,6,5,3,0>,16u>,config28>|  return value|
|ap_start                    |   in|    1|  ap_ctrl_hs|  compute_output_buffer_2d<array,array<ap_fixed<16,6,5,3,0>,16u>,config28>|  return value|
|ap_done                     |  out|    1|  ap_ctrl_hs|  compute_output_buffer_2d<array,array<ap_fixed<16,6,5,3,0>,16u>,config28>|  return value|
|ap_idle                     |  out|    1|  ap_ctrl_hs|  compute_output_buffer_2d<array,array<ap_fixed<16,6,5,3,0>,16u>,config28>|  return value|
|ap_ready                    |  out|    1|  ap_ctrl_hs|  compute_output_buffer_2d<array,array<ap_fixed<16,6,5,3,0>,16u>,config28>|  return value|
|p_read                      |   in|   16|     ap_none|                                                                    p_read|        scalar|
|p_read1                     |   in|   16|     ap_none|                                                                   p_read1|        scalar|
|p_read2                     |   in|   16|     ap_none|                                                                   p_read2|        scalar|
|p_read3                     |   in|   16|     ap_none|                                                                   p_read3|        scalar|
|p_read4                     |   in|   16|     ap_none|                                                                   p_read4|        scalar|
|p_read5                     |   in|   16|     ap_none|                                                                   p_read5|        scalar|
|p_read6                     |   in|   16|     ap_none|                                                                   p_read6|        scalar|
|p_read7                     |   in|   16|     ap_none|                                                                   p_read7|        scalar|
|layer28_out_din             |  out|  256|     ap_fifo|                                                               layer28_out|       pointer|
|layer28_out_full_n          |   in|    1|     ap_fifo|                                                               layer28_out|       pointer|
|layer28_out_write           |  out|    1|     ap_fifo|                                                               layer28_out|       pointer|
|layer28_out_num_data_valid  |   in|    8|     ap_fifo|                                                               layer28_out|       pointer|
|layer28_out_fifo_cap        |   in|    8|     ap_fifo|                                                               layer28_out|       pointer|
+----------------------------+-----+-----+------------+--------------------------------------------------------------------------+--------------+

