

================================================================
== Vitis HLS Report for 'compute_output_buffer_2d_array_array_ap_fixed_16_6_5_3_0_8u_config27_s'
================================================================
* Date:           Tue Oct  6 08:54:11 2026

* Version:        2026.1 (Build 6493734 on Jun 16 2026)
* Project:        myproject_prj
* Solution:       solution1
* Product family: artix7
* Target device:  xc7a35t-ftg256-1


================================================================
== Performance Estimates
================================================================
+ Timing: 
    * Summary: 
    +--------+---------+----------+------------+
    |  Clock |  Target | Estimated| Uncertainty|
    +--------+---------+----------+------------+
    |ap_clk  |  5.00 ns|  3.645 ns|     1.35 ns|
    +--------+---------+----------+------------+

+ Latency: 
    * Summary: 
    +---------+---------+-----------+----------+-----+-----+---------+
    |  Latency (cycles) |  Latency (absolute)  |  Interval | Pipeline|
    |   min   |   max   |    min    |    max   | min | max |   Type  |
    +---------+---------+-----------+----------+-----+-----+---------+
    |        4|       19|  39.263 ns|  0.186 us|    4|   19|       no|
    +---------+---------+-----------+----------+-----+-----+---------+

    + Detail: 
        * Instance: 
        +-----------------------------------------------------------------------------------+------------------------------------------------------------------------+---------+---------+----------+----------+-----+-----+------------------------------------+
        |                                                                                   |                                                                        |  Latency (cycles) |  Latency (absolute) |  Interval |              Pipeline              |
        |                                      Instance                                     |                                 Module                                 |   min   |   max   |    min   |    max   | min | max |                Type                |
        +-----------------------------------------------------------------------------------+------------------------------------------------------------------------+---------+---------+----------+----------+-----+-----+------------------------------------+
        |call_ln281_shift_line_buffer_array_ap_fixed_16_6_5_3_0_1u_config27_s_fu_91         |shift_line_buffer_array_ap_fixed_16_6_5_3_0_1u_config27_s               |        0|        0|      0 ns|      0 ns|    1|    1|                                 yes|
        |grp_dense_resource_rf_leq_nin_ap_fixed_ap_fixed_16_6_5_3_0_config27_mult_s_fu_119  |dense_resource_rf_leq_nin_ap_fixed_ap_fixed_16_6_5_3_0_config27_mult_s  |       12|       13|  0.118 us|  0.128 us|    9|    9|  loop rewind stp (delay=0 cycle(s))|
        +-----------------------------------------------------------------------------------+------------------------------------------------------------------------+---------+---------+----------+----------+-----+-----+------------------------------------+

        * Loop: 
        N/A



================================================================
== Utilization Estimates
================================================================
* Summary: 
+-----------------+---------+----+-------+-------+-----+
|       Name      | BRAM_18K| DSP|   FF  |  LUT  | URAM|
+-----------------+---------+----+-------+-------+-----+
|DSP              |        -|   -|      -|      -|    -|
|Expression       |        -|   -|      0|    499|    -|
|FIFO             |        -|   -|      -|      -|    -|
|Instance         |        4|   8|   1412|    850|    -|
|Memory           |        -|   -|      -|      -|    -|
|Multiplexer      |        -|   -|      0|     86|    -|
|Register         |        -|   -|    542|      -|    -|
+-----------------+---------+----+-------+-------+-----+
|Total            |        4|   8|   1954|   1435|    0|
+-----------------+---------+----+-------+-------+-----+
|Available        |      100|  90|  41600|  20800|    0|
+-----------------+---------+----+-------+-------+-----+
|Utilization (%)  |        4|   8|      4|      6|    0|
+-----------------+---------+----+-------+-------+-----+

+ Detail: 
    * Instance: 
    +-----------------------------------------------------------------------------------+------------------------------------------------------------------------+---------+----+------+-----+-----+
    |                                      Instance                                     |                                 Module                                 | BRAM_18K| DSP|  FF  | LUT | URAM|
    +-----------------------------------------------------------------------------------+------------------------------------------------------------------------+---------+----+------+-----+-----+
    |grp_dense_resource_rf_leq_nin_ap_fixed_ap_fixed_16_6_5_3_0_config27_mult_s_fu_119  |dense_resource_rf_leq_nin_ap_fixed_ap_fixed_16_6_5_3_0_config27_mult_s  |        4|   8|  1283|  732|    0|
    |call_ln281_shift_line_buffer_array_ap_fixed_16_6_5_3_0_1u_config27_s_fu_91         |shift_line_buffer_array_ap_fixed_16_6_5_3_0_1u_config27_s               |        0|   0|   129|  118|    0|
    +-----------------------------------------------------------------------------------+------------------------------------------------------------------------+---------+----+------+-----+-----+
    |Total                                                                              |                                                                        |        4|   8|  1412|  850|    0|
    +-----------------------------------------------------------------------------------+------------------------------------------------------------------------+---------+----+------+-----+-----+

    * DSP: 
    N/A

    * Memory: 
    N/A

    * FIFO: 
    N/A

    * Expression: 
    +--------------------------------+----------+----+---+----+------------+------------+
    |          Variable Name         | Operation| DSP| FF| LUT| Bitwidth P0| Bitwidth P1|
    +--------------------------------+----------+----+---+----+------------+------------+
    |add_ln303_fu_257_p2             |         +|   0|  0|  39|          32|           1|
    |add_ln307_fu_279_p2             |         +|   0|  0|  39|          32|           1|
    |add_ln313_fu_316_p2             |         +|   0|  0|  39|          32|           1|
    |add_ln318_fu_267_p2             |         +|   0|  0|  39|          32|           1|
    |and_ln284_1_fu_207_p2           |       and|   0|  0|   2|           1|           1|
    |and_ln284_fu_201_p2             |       and|   0|  0|   2|           1|           1|
    |ap_block_state4                 |       and|   0|  0|   2|           1|           1|
    |ap_predicate_op37_write_state4  |       and|   0|  0|   2|           1|           1|
    |icmp_ln284_1_fu_165_p2          |      icmp|   0|  0|  39|          32|           2|
    |icmp_ln284_2_fu_180_p2          |      icmp|   0|  0|  38|          31|           1|
    |icmp_ln284_3_fu_195_p2          |      icmp|   0|  0|  38|          31|           1|
    |icmp_ln284_fu_147_p2            |      icmp|   0|  0|  39|          32|           2|
    |icmp_ln303_fu_262_p2            |      icmp|   0|  0|  39|          32|           5|
    |icmp_ln307_fu_306_p2            |      icmp|   0|  0|  39|          32|           5|
    |icmp_ln313_fu_311_p2            |      icmp|   0|  0|  39|          32|           2|
    |select_ln313_fu_321_p3          |    select|   0|  0|  32|           1|           2|
    |select_ln318_fu_272_p3          |    select|   0|  0|  32|           1|           2|
    +--------------------------------+----------+----+---+----+------------+------------+
    |Total                           |          |   0|  0| 499|         356|          30|
    +--------------------------------+----------+----+---+----+------------+------------+

    * Multiplexer: 
    +------------------------------------+----+-----------+-----+-----------+
    |                Name                | LUT| Input Size| Bits| Total Bits|
    +------------------------------------+----+-----------+-----+-----------+
    |ap_NS_fsm                           |  37|          9|    1|          9|
    |ap_phi_mux_storemerge_phi_fu_84_p4  |  13|          3|   32|         96|
    |layer27_out_blk_n                   |   9|          2|    1|          2|
    |pX_3                                |   9|          2|   32|         64|
    |pY_3                                |   9|          2|   32|         64|
    |sX_3                                |   9|          2|   32|         64|
    +------------------------------------+----+-----------+-----+-----------+
    |Total                               |  86|         20|  130|        299|
    +------------------------------------+----+-----------+-----+-----------+

    * Register: 
    +------------------------------------------------------------------------------------------------+----+----+-----+-----------+
    |                                              Name                                              | FF | LUT| Bits| Const Bits|
    +------------------------------------------------------------------------------------------------+----+----+-----+-----------+
    |add_ln303_reg_412                                                                               |  32|   0|   32|          0|
    |add_ln307_reg_427                                                                               |  32|   0|   32|          0|
    |and_ln284_1_reg_368                                                                             |   1|   0|    1|          0|
    |ap_CS_fsm                                                                                       |   8|   0|    8|          0|
    |grp_dense_resource_rf_leq_nin_ap_fixed_ap_fixed_16_6_5_3_0_config27_mult_s_fu_119_ap_start_reg  |   1|   0|    1|          0|
    |icmp_ln284_1_reg_363                                                                            |   1|   0|    1|          0|
    |icmp_ln284_reg_349                                                                              |   1|   0|    1|          0|
    |icmp_ln303_reg_418                                                                              |   1|   0|    1|          0|
    |icmp_ln307_reg_433                                                                              |   1|   0|    1|          0|
    |pX_3                                                                                            |  32|   0|   32|          0|
    |pY_3                                                                                            |  32|   0|   32|          0|
    |res_out_10_reg_387                                                                              |  16|   0|   16|          0|
    |res_out_4_reg_392                                                                               |  16|   0|   16|          0|
    |res_out_5_reg_397                                                                               |  16|   0|   16|          0|
    |res_out_6_reg_402                                                                               |  16|   0|   16|          0|
    |res_out_7_reg_407                                                                               |  16|   0|   16|          0|
    |res_out_8_reg_377                                                                               |  16|   0|   16|          0|
    |res_out_9_reg_382                                                                               |  16|   0|   16|          0|
    |res_out_reg_372                                                                                 |  16|   0|   16|          0|
    |sX_3                                                                                            |  32|   0|   32|          0|
    |sY_3                                                                                            |  32|   0|   32|          0|
    |select_ln313_reg_437                                                                            |  32|   0|   32|          0|
    |select_ln318_reg_422                                                                            |  32|   0|   32|          0|
    |void_compute_output_buffer_2d_array_const_ap_shift_reg_n_chan_stream_weig_10                    |  16|   0|   16|          0|
    |void_compute_output_buffer_2d_array_const_ap_shift_reg_n_chan_stream_weig_11                    |  16|   0|   16|          0|
    |void_compute_output_buffer_2d_array_const_ap_shift_reg_n_chan_stream_weig_12                    |  16|   0|   16|          0|
    |void_compute_output_buffer_2d_array_const_ap_shift_reg_n_chan_stream_weig_13                    |  16|   0|   16|          0|
    |void_compute_output_buffer_2d_array_const_ap_shift_reg_n_chan_stream_weig_14                    |  16|   0|   16|          0|
    |void_compute_output_buffer_2d_array_const_ap_shift_reg_n_chan_stream_weig_15                    |  16|   0|   16|          0|
    |void_compute_output_buffer_2d_array_const_ap_shift_reg_n_chan_stream_weig_16                    |  16|   0|   16|          0|
    |void_compute_output_buffer_2d_array_const_ap_shift_reg_n_chan_stream_weig_17                    |  16|   0|   16|          0|
    |void_compute_output_buffer_2d_array_const_ap_shift_reg_n_chan_stream_weig_18                    |  16|   0|   16|          0|
    +------------------------------------------------------------------------------------------------+----+----+-----+-----------+
    |Total                                                                                           | 542|   0|  542|          0|
    +------------------------------------------------------------------------------------------------+----+----+-----+-----------+



================================================================
== Interface
================================================================
* Summary: 
+----------------------------+-----+-----+------------+-------------------------------------------------------------------------+--------------+
|          RTL Ports         | Dir | Bits|  Protocol  |                              Source Object                              |    C Type    |
+----------------------------+-----+-----+------------+-------------------------------------------------------------------------+--------------+
|ap_clk                      |   in|    1|  ap_ctrl_hs|  compute_output_buffer_2d<array,array<ap_fixed<16,6,5,3,0>,8u>,config27>|  return value|
|ap_rst                      |   in|    1|  ap_ctrl_hs|  compute_output_buffer_2d<array,array<ap_fixed<16,6,5,3,0>,8u>,config27>|  return value|
|ap_start                    |   in|    1|  ap_ctrl_hs|  compute_output_buffer_2d<array,array<ap_fixed<16,6,5,3,0>,8u>,config27>|  return value|
|ap_done                     |  out|    1|  ap_ctrl_hs|  compute_output_buffer_2d<array,array<ap_fixed<16,6,5,3,0>,8u>,config27>|  return value|
|ap_idle                     |  out|    1|  ap_ctrl_hs|  compute_output_buffer_2d<array,array<ap_fixed<16,6,5,3,0>,8u>,config27>|  return value|
|ap_ready                    |  out|    1|  ap_ctrl_hs|  compute_output_buffer_2d<array,array<ap_fixed<16,6,5,3,0>,8u>,config27>|  return value|
|in_elem_0_0_0_0_0_val       |   in|   16|     ap_none|                                                    in_elem_0_0_0_0_0_val|        scalar|
|layer27_out_din             |  out|  128|     ap_fifo|                                                              layer27_out|       pointer|
|layer27_out_full_n          |   in|    1|     ap_fifo|                                                              layer27_out|       pointer|
|layer27_out_write           |  out|    1|     ap_fifo|                                                              layer27_out|       pointer|
|layer27_out_num_data_valid  |   in|   11|     ap_fifo|                                                              layer27_out|       pointer|
|layer27_out_fifo_cap        |   in|   11|     ap_fifo|                                                              layer27_out|       pointer|
+----------------------------+-----+-----+------------+-------------------------------------------------------------------------+--------------+

