

================================================================
== Vitis HLS Report for 'conv_2d_cl_array_ap_fixed_1u_array_ap_fixed_16_6_5_3_0_8u_config27_s'
================================================================
* Date:           Tue Oct  6 08:54:11 2026

* Version:        2026.1 (Build 6493734 on Jun 16 2026)
* Project:        myproject_prj
* Solution:       solution1
* Product family: artix7
* Target device:  xc7a35t-ftg256-1


================================================================
== Performance Estimates
================================================================
+ Timing: 
    * Summary: 
    +--------+---------+----------+------------+
    |  Clock |  Target | Estimated| Uncertainty|
    +--------+---------+----------+------------+
    |ap_clk  |  5.00 ns|  3.645 ns|     1.35 ns|
    +--------+---------+----------+------------+

+ Latency: 
    * Summary: 
    +---------+---------+-----------+----------+------+-------+---------+
    |  Latency (cycles) |  Latency (absolute)  |   Interval   | Pipeline|
    |   min   |   max   |    min    |    max   |  min |  max  |   Type  |
    +---------+---------+-----------+----------+------+-------+---------+
    |     5489|    17249|  53.879 us|  0.169 ms|  5489|  17249|       no|
    +---------+---------+-----------+----------+------+-------+---------+

    + Detail: 
        * Instance: 
        +----------------------------------------------------------------------------------+------------------------------------------------------------------------+---------+---------+-----------+----------+-----+-----+---------+
        |                                                                                  |                                                                        |  Latency (cycles) |  Latency (absolute)  |  Interval | Pipeline|
        |                                     Instance                                     |                                 Module                                 |   min   |   max   |    min    |    max   | min | max |   Type  |
        +----------------------------------------------------------------------------------+------------------------------------------------------------------------+---------+---------+-----------+----------+-----+-----+---------+
        |grp_compute_output_buffer_2d_array_array_ap_fixed_16_6_5_3_0_8u_config27_s_fu_76  |compute_output_buffer_2d_array_array_ap_fixed_16_6_5_3_0_8u_config27_s  |        4|       19|  39.263 ns|  0.186 us|    4|   19|       no|
        +----------------------------------------------------------------------------------+------------------------------------------------------------------------+---------+---------+-----------+----------+-----+-----+---------+

        * Loop: 
        +----------------------------------+---------+---------+----------+-----------+-----------+------+----------+
        |                                  |  Latency (cycles) | Iteration|  Initiation Interval  | Trip |          |
        |             Loop Name            |   min   |   max   |  Latency |  achieved |   target  | Count| Pipelined|
        +----------------------------------+---------+---------+----------+-----------+-----------+------+----------+
        |- ReadInputHeight_ReadInputWidth  |     5488|    17248|    7 ~ 22|          -|          -|   784|        no|
        +----------------------------------+---------+---------+----------+-----------+-----------+------+----------+



================================================================
== Utilization Estimates
================================================================
* Summary: 
+-----------------+---------+----+-------+-------+-----+
|       Name      | BRAM_18K| DSP|   FF  |  LUT  | URAM|
+-----------------+---------+----+-------+-------+-----+
|DSP              |        -|   -|      -|      -|    -|
|Expression       |        -|   -|      0|     36|    -|
|FIFO             |        -|   -|      -|      -|    -|
|Instance         |        4|   8|   1954|   1435|    -|
|Memory           |        -|   -|      -|      -|    -|
|Multiplexer      |        -|   -|      0|     57|    -|
|Register         |        -|   -|     43|      -|    -|
+-----------------+---------+----+-------+-------+-----+
|Total            |        4|   8|   1997|   1528|    0|
+-----------------+---------+----+-------+-------+-----+
|Available        |      100|  90|  41600|  20800|    0|
+-----------------+---------+----+-------+-------+-----+
|Utilization (%)  |        4|   8|      4|      7|    0|
+-----------------+---------+----+-------+-------+-----+

+ Detail: 
    * Instance: 
    +----------------------------------------------------------------------------------+------------------------------------------------------------------------+---------+----+------+------+-----+
    |                                     Instance                                     |                                 Module                                 | BRAM_18K| DSP|  FF  |  LUT | URAM|
    +----------------------------------------------------------------------------------+------------------------------------------------------------------------+---------+----+------+------+-----+
    |grp_compute_output_buffer_2d_array_array_ap_fixed_16_6_5_3_0_8u_config27_s_fu_76  |compute_output_buffer_2d_array_array_ap_fixed_16_6_5_3_0_8u_config27_s  |        4|   8|  1954|  1435|    0|
    +----------------------------------------------------------------------------------+------------------------------------------------------------------------+---------+----+------+------+-----+
    |Total                                                                             |                                                                        |        4|   8|  1954|  1435|    0|
    +----------------------------------------------------------------------------------+------------------------------------------------------------------------+---------+----+------+------+-----+

    * DSP: 
    N/A

    * Memory: 
    N/A

    * FIFO: 
    N/A

    * Expression: 
    +---------------------+----------+----+---+----+------------+------------+
    |    Variable Name    | Operation| DSP| FF| LUT| Bitwidth P0| Bitwidth P1|
    +---------------------+----------+----+---+----+------------+------------+
    |add_ln52_fu_130_p2   |         +|   0|  0|  17|          10|           1|
    |icmp_ln52_fu_124_p2  |      icmp|   0|  0|  17|          10|           9|
    |ap_block_state1      |        or|   0|  0|   2|           1|           1|
    +---------------------+----------+----+---+----+------------+------------+
    |Total                |          |   0|  0|  36|          21|          11|
    +---------------------+----------+----+---+----+------------+------------+

    * Multiplexer: 
    +----------------------+----+-----------+-----+-----------+
    |         Name         | LUT| Input Size| Bits| Total Bits|
    +----------------------+----+-----------+-----+-----------+
    |ap_NS_fsm             |  21|          5|    1|          5|
    |ap_done               |   9|          2|    1|          2|
    |indvar_flatten_fu_66  |   9|          2|   10|         20|
    |layer10_out_blk_n     |   9|          2|    1|          2|
    |real_start            |   9|          2|    1|          2|
    +----------------------+----+-----------+-----+-----------+
    |Total                 |  57|         13|   14|         31|
    +----------------------+----+-----------+-----+-----------+

    * Register: 
    +-----------------------------------------------------------------------------------------------+----+----+-----+-----------+
    |                                              Name                                             | FF | LUT| Bits| Const Bits|
    +-----------------------------------------------------------------------------------------------+----+----+-----+-----------+
    |add_ln52_reg_150                                                                               |  10|   0|   10|          0|
    |ap_CS_fsm                                                                                      |   4|   0|    4|          0|
    |ap_done_reg                                                                                    |   1|   0|    1|          0|
    |grp_compute_output_buffer_2d_array_array_ap_fixed_16_6_5_3_0_8u_config27_s_fu_76_ap_start_reg  |   1|   0|    1|          0|
    |indvar_flatten_fu_66                                                                           |  10|   0|   10|          0|
    |layer10_out_read_reg_155                                                                       |  16|   0|   16|          0|
    |start_once_reg                                                                                 |   1|   0|    1|          0|
    +-----------------------------------------------------------------------------------------------+----+----+-----+-----------+
    |Total                                                                                          |  43|   0|   43|          0|
    +-----------------------------------------------------------------------------------------------+----+----+-----+-----------+



================================================================
== Interface
================================================================
* Summary: 
+----------------------------+-----+-----+------------+------------------------------------------------------------------------+--------------+
|          RTL Ports         | Dir | Bits|  Protocol  |                              Source Object                             |    C Type    |
+----------------------------+-----+-----+------------+------------------------------------------------------------------------+--------------+
|ap_clk                      |   in|    1|  ap_ctrl_hs|  conv_2d_cl<array<ap_fixed,1u>,array<ap_fixed<16,6,5,3,0>,8u>,config27>|  return value|
|ap_rst                      |   in|    1|  ap_ctrl_hs|  conv_2d_cl<array<ap_fixed,1u>,array<ap_fixed<16,6,5,3,0>,8u>,config27>|  return value|
|ap_start                    |   in|    1|  ap_ctrl_hs|  conv_2d_cl<array<ap_fixed,1u>,array<ap_fixed<16,6,5,3,0>,8u>,config27>|  return value|
|start_full_n                |   in|    1|  ap_ctrl_hs|  conv_2d_cl<array<ap_fixed,1u>,array<ap_fixed<16,6,5,3,0>,8u>,config27>|  return value|
|ap_done                     |  out|    1|  ap_ctrl_hs|  conv_2d_cl<array<ap_fixed,1u>,array<ap_fixed<16,6,5,3,0>,8u>,config27>|  return value|
|ap_continue                 |   in|    1|  ap_ctrl_hs|  conv_2d_cl<array<ap_fixed,1u>,array<ap_fixed<16,6,5,3,0>,8u>,config27>|  return value|
|ap_idle                     |  out|    1|  ap_ctrl_hs|  conv_2d_cl<array<ap_fixed,1u>,array<ap_fixed<16,6,5,3,0>,8u>,config27>|  return value|
|ap_ready                    |  out|    1|  ap_ctrl_hs|  conv_2d_cl<array<ap_fixed,1u>,array<ap_fixed<16,6,5,3,0>,8u>,config27>|  return value|
|start_out                   |  out|    1|  ap_ctrl_hs|  conv_2d_cl<array<ap_fixed,1u>,array<ap_fixed<16,6,5,3,0>,8u>,config27>|  return value|
|start_write                 |  out|    1|  ap_ctrl_hs|  conv_2d_cl<array<ap_fixed,1u>,array<ap_fixed<16,6,5,3,0>,8u>,config27>|  return value|
|layer10_out_dout            |   in|   16|     ap_fifo|                                                             layer10_out|       pointer|
|layer10_out_empty_n         |   in|    1|     ap_fifo|                                                             layer10_out|       pointer|
|layer10_out_read            |  out|    1|     ap_fifo|                                                             layer10_out|       pointer|
|layer10_out_num_data_valid  |   in|   11|     ap_fifo|                                                             layer10_out|       pointer|
|layer10_out_fifo_cap        |   in|   11|     ap_fifo|                                                             layer10_out|       pointer|
|layer27_out_din             |  out|  128|     ap_fifo|                                                             layer27_out|       pointer|
|layer27_out_full_n          |   in|    1|     ap_fifo|                                                             layer27_out|       pointer|
|layer27_out_write           |  out|    1|     ap_fifo|                                                             layer27_out|       pointer|
|layer27_out_num_data_valid  |   in|   11|     ap_fifo|                                                             layer27_out|       pointer|
|layer27_out_fifo_cap        |   in|   11|     ap_fifo|                                                             layer27_out|       pointer|
+----------------------------+-----+-----+------------+------------------------------------------------------------------------+--------------+

