

================================================================
== Vitis HLS Report for 'dense_resource_rf_leq_nin_ap_fixed_ap_fixed_16_6_5_3_0_config27_mult_s'
================================================================
* Date:           Tue Oct  6 08:54:10 2026

* Version:        2026.1 (Build 6493734 on Jun 16 2026)
* Project:        myproject_prj
* Solution:       solution1
* Product family: artix7
* Target device:  xc7a35t-ftg256-1


================================================================
== Performance Estimates
================================================================
+ Timing: 
    * Summary: 
    +--------+---------+----------+------------+
    |  Clock |  Target | Estimated| Uncertainty|
    +--------+---------+----------+------------+
    |ap_clk  |  5.00 ns|  3.352 ns|     1.35 ns|
    +--------+---------+----------+------------+

+ Latency: 
    * Summary: 
    +---------+---------+----------+----------+-----+-----+------------------------------------+
    |  Latency (cycles) |  Latency (absolute) |  Interval |              Pipeline              |
    |   min   |   max   |    min   |    max   | min | max |                Type                |
    +---------+---------+----------+----------+-----+-----+------------------------------------+
    |       12|       13|  0.118 us|  0.128 us|    9|    9|  loop rewind stp (delay=0 cycle(s))|
    +---------+---------+----------+----------+-----+-----+------------------------------------+

    + Detail: 
        * Instance: 
        N/A

        * Loop: 
        +-------------+---------+---------+----------+-----------+-----------+------+----------+
        |             |  Latency (cycles) | Iteration|  Initiation Interval  | Trip |          |
        |  Loop Name  |   min   |   max   |  Latency |  achieved |   target  | Count| Pipelined|
        +-------------+---------+---------+----------+-----------+-----------+------+----------+
        |- ReuseLoop  |       12|       12|         5|          1|          1|     9|       yes|
        +-------------+---------+---------+----------+-----------+-----------+------+----------+



================================================================
== Utilization Estimates
================================================================
* Summary: 
+-----------------+---------+----+-------+-------+-----+
|       Name      | BRAM_18K| DSP|   FF  |  LUT  | URAM|
+-----------------+---------+----+-------+-------+-----+
|DSP              |        -|   -|      -|      -|    -|
|Expression       |        -|   -|      0|    216|    -|
|FIFO             |        -|   -|      -|      -|    -|
|Instance         |        -|   8|    536|     53|    -|
|Memory           |        4|   -|      0|      0|    -|
|Multiplexer      |        -|   -|      0|    431|    -|
|Register         |        -|   -|    747|     32|    -|
+-----------------+---------+----+-------+-------+-----+
|Total            |        4|   8|   1283|    732|    0|
+-----------------+---------+----+-------+-------+-----+
|Available        |      100|  90|  41600|  20800|    0|
+-----------------+---------+----+-------+-------+-----+
|Utilization (%)  |        4|   8|      3|      3|    0|
+-----------------+---------+----+-------+-------+-----+

+ Detail: 
    * Instance: 
    +-----------------------------+-----------------------+---------+----+----+----+-----+
    |           Instance          |         Module        | BRAM_18K| DSP| FF | LUT| URAM|
    +-----------------------------+-----------------------+---------+----+----+----+-----+
    |mul_16s_11s_26_2_1_U1595     |mul_16s_11s_26_2_1     |        0|   1|  67|   2|    0|
    |mul_16s_16s_26_2_1_U1588     |mul_16s_16s_26_2_1     |        0|   1|  67|   2|    0|
    |mul_16s_16s_26_2_1_U1589     |mul_16s_16s_26_2_1     |        0|   1|  67|   2|    0|
    |mul_16s_16s_26_2_1_U1590     |mul_16s_16s_26_2_1     |        0|   1|  67|   2|    0|
    |mul_16s_16s_26_2_1_U1591     |mul_16s_16s_26_2_1     |        0|   1|  67|   2|    0|
    |mul_16s_16s_26_2_1_U1592     |mul_16s_16s_26_2_1     |        0|   1|  67|   2|    0|
    |mul_16s_16s_26_2_1_U1593     |mul_16s_16s_26_2_1     |        0|   1|  67|   2|    0|
    |mul_16s_16s_26_2_1_U1594     |mul_16s_16s_26_2_1     |        0|   1|  67|   2|    0|
    |sparsemux_19_4_16_1_1_U1587  |sparsemux_19_4_16_1_1  |        0|   0|   0|  37|    0|
    +-----------------------------+-----------------------+---------+----+----+----+-----+
    |Total                        |                       |        0|   8| 536|  53|    0|
    +-----------------------------+-----------------------+---------+----+----+----+-----+

    * DSP: 
    N/A

    * Memory: 
    +-------+----------------------------------------------------------------------------------+---------+---+----+-----+------+-----+------+-------------+
    | Memory|                                      Module                                      | BRAM_18K| FF| LUT| URAM| Words| Bits| Banks| W*Bits*Banks|
    +-------+----------------------------------------------------------------------------------+---------+---+----+-----+------+-----+------+-------------+
    |w27_U  |dense_resource_rf_leq_nin_ap_fixed_ap_fixed_16_6_5_3_0_config27_mult_s_w27_ROdEe  |        4|  0|   0|    0|     9|  123|     1|         1107|
    +-------+----------------------------------------------------------------------------------+---------+---+----+-----+------+-----+------+-------------+
    |Total  |                                                                                  |        4|  0|   0|    0|     9|  123|     1|         1107|
    +-------+----------------------------------------------------------------------------------+---------+---+----+-----+------+-----+------+-------------+

    * FIFO: 
    N/A

    * Expression: 
    +----------------------+----------+----+---+----+------------+------------+
    |     Variable Name    | Operation| DSP| FF| LUT| Bitwidth P0| Bitwidth P1|
    +----------------------+----------+----+---+----+------------+------------+
    |add_ln58_1_fu_860_p2  |         +|   0|  0|  23|          16|          16|
    |add_ln58_2_fu_865_p2  |         +|   0|  0|  23|          16|          16|
    |add_ln58_3_fu_870_p2  |         +|   0|  0|  23|          16|          16|
    |add_ln58_4_fu_875_p2  |         +|   0|  0|  23|          16|          16|
    |add_ln58_5_fu_880_p2  |         +|   0|  0|  23|          16|          16|
    |add_ln58_6_fu_885_p2  |         +|   0|  0|  23|          16|          16|
    |add_ln58_7_fu_890_p2  |         +|   0|  0|  23|          16|          16|
    |add_ln58_fu_855_p2    |         +|   0|  0|  23|          16|          16|
    |w_index_fu_525_p2     |         +|   0|  0|  13|           4|           1|
    |ap_condition_225      |       and|   0|  0|   2|           1|           1|
    |ap_condition_231      |       and|   0|  0|   2|           1|           1|
    |icmp_ln46_fu_531_p2   |      icmp|   0|  0|  13|           4|           5|
    |ap_enable_pp0         |       xor|   0|  0|   2|           1|           2|
    +----------------------+----------+----+---+----+------------+------------+
    |Total                 |          |   0|  0| 216|         139|         138|
    +----------------------+----------+----+---+----+------------+------------+

    * Multiplexer: 
    +-------------------------------------------------------------------------------------------------------+----+-----------+-----+-----------+
    |                                                  Name                                                 | LUT| Input Size| Bits| Total Bits|
    +-------------------------------------------------------------------------------------------------------+----+-----------+-----+-----------+
    |ap_NS_fsm                                                                                              |  13|          3|    1|          3|
    |ap_enable_reg_pp0_iter1                                                                                |   9|          2|    1|          2|
    |ap_enable_reg_pp0_iter4                                                                                |   9|          2|    1|          2|
    |ap_phi_mux_ir_phi_fu_163_p6                                                                            |  13|          3|    4|         12|
    |ap_phi_mux_void_compute_output_buffer_2d_array_const_ap_shift_reg_n_chan_stream_weig_27_phi_fu_304_p4  |  13|          3|   16|         48|
    |ap_phi_mux_void_compute_output_buffer_2d_array_const_ap_shift_reg_n_chan_stream_weig_28_phi_fu_316_p4  |  13|          3|   16|         48|
    |ap_phi_mux_void_compute_output_buffer_2d_array_const_ap_shift_reg_n_chan_stream_weig_29_phi_fu_328_p4  |  13|          3|   16|         48|
    |ap_phi_mux_void_compute_output_buffer_2d_array_const_ap_shift_reg_n_chan_stream_weig_30_phi_fu_340_p4  |  13|          3|   16|         48|
    |ap_phi_mux_void_compute_output_buffer_2d_array_const_ap_shift_reg_n_chan_stream_weig_31_phi_fu_352_p4  |  13|          3|   16|         48|
    |ap_phi_mux_void_compute_output_buffer_2d_array_const_ap_shift_reg_n_chan_stream_weig_32_phi_fu_364_p4  |  13|          3|   16|         48|
    |ap_phi_mux_void_compute_output_buffer_2d_array_const_ap_shift_reg_n_chan_stream_weig_33_phi_fu_376_p4  |  13|          3|   16|         48|
    |ap_phi_mux_void_compute_output_buffer_2d_array_const_ap_shift_reg_n_chan_stream_weig_34_phi_fu_388_p4  |  13|          3|   16|         48|
    |ap_phi_mux_void_compute_output_buffer_2d_array_const_ap_shift_reg_n_chan_stream_weig_35_phi_fu_400_p4  |  13|          3|   16|         48|
    |ap_return_0                                                                                            |   9|          2|   16|         32|
    |ap_return_1                                                                                            |   9|          2|   16|         32|
    |ap_return_2                                                                                            |   9|          2|   16|         32|
    |ap_return_3                                                                                            |   9|          2|   16|         32|
    |ap_return_4                                                                                            |   9|          2|   16|         32|
    |ap_return_5                                                                                            |   9|          2|   16|         32|
    |ap_return_6                                                                                            |   9|          2|   16|         32|
    |ap_return_7                                                                                            |   9|          2|   16|         32|
    |ir_reg_159                                                                                             |   9|          2|    4|          8|
    |res_0_0_i18_reg_408                                                                                    |   9|          2|   16|         32|
    |res_1_0_i16_reg_422                                                                                    |   9|          2|   16|         32|
    |res_2_0_i14_reg_436                                                                                    |   9|          2|   16|         32|
    |res_3_0_i12_reg_450                                                                                    |   9|          2|   16|         32|
    |res_4_0_i10_reg_464                                                                                    |   9|          2|   16|         32|
    |res_5_0_i8_reg_478                                                                                     |   9|          2|   16|         32|
    |res_6_0_i6_reg_492                                                                                     |   9|          2|   16|         32|
    |res_7_0_i4_reg_506                                                                                     |   9|          2|   16|         32|
    |void_compute_output_buffer_2d_array_const_ap_shift_reg_n_chan_stream_weig_27_reg_300                   |  13|          3|   16|         48|
    |void_compute_output_buffer_2d_array_const_ap_shift_reg_n_chan_stream_weig_28_reg_312                   |  13|          3|   16|         48|
    |void_compute_output_buffer_2d_array_const_ap_shift_reg_n_chan_stream_weig_29_reg_324                   |  13|          3|   16|         48|
    |void_compute_output_buffer_2d_array_const_ap_shift_reg_n_chan_stream_weig_30_reg_336                   |  13|          3|   16|         48|
    |void_compute_output_buffer_2d_array_const_ap_shift_reg_n_chan_stream_weig_31_reg_348                   |  13|          3|   16|         48|
    |void_compute_output_buffer_2d_array_const_ap_shift_reg_n_chan_stream_weig_32_reg_360                   |  13|          3|   16|         48|
    |void_compute_output_buffer_2d_array_const_ap_shift_reg_n_chan_stream_weig_33_reg_372                   |  13|          3|   16|         48|
    |void_compute_output_buffer_2d_array_const_ap_shift_reg_n_chan_stream_weig_34_reg_384                   |  13|          3|   16|         48|
    |void_compute_output_buffer_2d_array_const_ap_shift_reg_n_chan_stream_weig_35_reg_396                   |  13|          3|   16|         48|
    +-------------------------------------------------------------------------------------------------------+----+-----------+-----+-----------+
    |Total                                                                                                  | 431|         98|  555|       1403|
    +-------------------------------------------------------------------------------------------------------+----+-----------+-----+-----------+

    * Register: 
    +--------------------------------------------------------------------------------------+----+----+-----+-----------+
    |                                         Name                                         | FF | LUT| Bits| Const Bits|
    +--------------------------------------------------------------------------------------+----+----+-----+-----------+
    |a_reg_961                                                                             |  16|   0|   16|          0|
    |ap_CS_fsm                                                                             |   2|   0|    2|          0|
    |ap_enable_reg_pp0_iter1                                                               |   1|   0|    1|          0|
    |ap_enable_reg_pp0_iter2                                                               |   1|   0|    1|          0|
    |ap_enable_reg_pp0_iter3                                                               |   1|   0|    1|          0|
    |ap_enable_reg_pp0_iter4                                                               |   1|   0|    1|          0|
    |ap_return_0_preg                                                                      |  16|   0|   16|          0|
    |ap_return_1_preg                                                                      |  16|   0|   16|          0|
    |ap_return_2_preg                                                                      |  16|   0|   16|          0|
    |ap_return_3_preg                                                                      |  16|   0|   16|          0|
    |ap_return_4_preg                                                                      |  16|   0|   16|          0|
    |ap_return_5_preg                                                                      |  16|   0|   16|          0|
    |ap_return_6_preg                                                                      |  16|   0|   16|          0|
    |ap_return_7_preg                                                                      |  16|   0|   16|          0|
    |do_init_reg_143                                                                       |   1|   0|    1|          0|
    |icmp_ln46_reg_957                                                                     |   1|   0|    1|          0|
    |ir_reg_159                                                                            |   4|   0|    4|          0|
    |res_0_0_i18_reg_408                                                                   |  16|   0|   16|          0|
    |res_1_0_i16_reg_422                                                                   |  16|   0|   16|          0|
    |res_2_0_i14_reg_436                                                                   |  16|   0|   16|          0|
    |res_3_0_i12_reg_450                                                                   |  16|   0|   16|          0|
    |res_4_0_i10_reg_464                                                                   |  16|   0|   16|          0|
    |res_5_0_i8_reg_478                                                                    |  16|   0|   16|          0|
    |res_6_0_i6_reg_492                                                                    |  16|   0|   16|          0|
    |res_7_0_i4_reg_506                                                                    |  16|   0|   16|          0|
    |tmp_reg_1001                                                                          |  11|   0|   11|          0|
    |trunc_ln58_1_reg_1063                                                                 |  16|   0|   16|          0|
    |trunc_ln58_2_reg_1068                                                                 |  16|   0|   16|          0|
    |trunc_ln58_3_reg_1073                                                                 |  16|   0|   16|          0|
    |trunc_ln58_4_reg_1078                                                                 |  16|   0|   16|          0|
    |trunc_ln58_5_reg_1083                                                                 |  16|   0|   16|          0|
    |trunc_ln58_6_reg_1088                                                                 |  16|   0|   16|          0|
    |trunc_ln58_7_reg_1093                                                                 |  16|   0|   16|          0|
    |trunc_ln_reg_1058                                                                     |  16|   0|   16|          0|
    |void_compute_output_buffer_2d_array_const_ap_shift_reg_n_chan_stream_weig_27_reg_300  |  16|   0|   16|          0|
    |void_compute_output_buffer_2d_array_const_ap_shift_reg_n_chan_stream_weig_28_reg_312  |  16|   0|   16|          0|
    |void_compute_output_buffer_2d_array_const_ap_shift_reg_n_chan_stream_weig_29_reg_324  |  16|   0|   16|          0|
    |void_compute_output_buffer_2d_array_const_ap_shift_reg_n_chan_stream_weig_30_reg_336  |  16|   0|   16|          0|
    |void_compute_output_buffer_2d_array_const_ap_shift_reg_n_chan_stream_weig_31_reg_348  |  16|   0|   16|          0|
    |void_compute_output_buffer_2d_array_const_ap_shift_reg_n_chan_stream_weig_32_reg_360  |  16|   0|   16|          0|
    |void_compute_output_buffer_2d_array_const_ap_shift_reg_n_chan_stream_weig_33_reg_372  |  16|   0|   16|          0|
    |void_compute_output_buffer_2d_array_const_ap_shift_reg_n_chan_stream_weig_34_reg_384  |  16|   0|   16|          0|
    |void_compute_output_buffer_2d_array_const_ap_shift_reg_n_chan_stream_weig_35_reg_396  |  16|   0|   16|          0|
    |w_1_reg_971                                                                           |  16|   0|   16|          0|
    |w_2_reg_976                                                                           |  16|   0|   16|          0|
    |w_3_reg_981                                                                           |  16|   0|   16|          0|
    |w_4_reg_986                                                                           |  16|   0|   16|          0|
    |w_5_reg_991                                                                           |  16|   0|   16|          0|
    |w_6_reg_996                                                                           |  16|   0|   16|          0|
    |w_index_reg_952                                                                       |   4|   0|    4|          0|
    |w_reg_966                                                                             |  16|   0|   16|          0|
    |icmp_ln46_reg_957                                                                     |  64|  32|    1|          0|
    +--------------------------------------------------------------------------------------+----+----+-----+-----------+
    |Total                                                                                 | 747|  32|  684|          0|
    +--------------------------------------------------------------------------------------+----+----+-----+-----------+



================================================================
== Interface
================================================================
* Summary: 
+------------------------------------------------------------------------------+-----+-----+------------+------------------------------------------------------------------------------+--------------+
|                                   RTL Ports                                  | Dir | Bits|  Protocol  |                                 Source Object                                |    C Type    |
+------------------------------------------------------------------------------+-----+-----+------------+------------------------------------------------------------------------------+--------------+
|ap_clk                                                                        |   in|    1|  ap_ctrl_hs|        dense_resource_rf_leq_nin<ap_fixed,ap_fixed<16,6,5,3,0>,config27_mult>|  return value|
|ap_rst                                                                        |   in|    1|  ap_ctrl_hs|        dense_resource_rf_leq_nin<ap_fixed,ap_fixed<16,6,5,3,0>,config27_mult>|  return value|
|ap_start                                                                      |   in|    1|  ap_ctrl_hs|        dense_resource_rf_leq_nin<ap_fixed,ap_fixed<16,6,5,3,0>,config27_mult>|  return value|
|ap_done                                                                       |  out|    1|  ap_ctrl_hs|        dense_resource_rf_leq_nin<ap_fixed,ap_fixed<16,6,5,3,0>,config27_mult>|  return value|
|ap_idle                                                                       |  out|    1|  ap_ctrl_hs|        dense_resource_rf_leq_nin<ap_fixed,ap_fixed<16,6,5,3,0>,config27_mult>|  return value|
|ap_ready                                                                      |  out|    1|  ap_ctrl_hs|        dense_resource_rf_leq_nin<ap_fixed,ap_fixed<16,6,5,3,0>,config27_mult>|  return value|
|ap_return_0                                                                   |  out|   16|  ap_ctrl_hs|        dense_resource_rf_leq_nin<ap_fixed,ap_fixed<16,6,5,3,0>,config27_mult>|  return value|
|ap_return_1                                                                   |  out|   16|  ap_ctrl_hs|        dense_resource_rf_leq_nin<ap_fixed,ap_fixed<16,6,5,3,0>,config27_mult>|  return value|
|ap_return_2                                                                   |  out|   16|  ap_ctrl_hs|        dense_resource_rf_leq_nin<ap_fixed,ap_fixed<16,6,5,3,0>,config27_mult>|  return value|
|ap_return_3                                                                   |  out|   16|  ap_ctrl_hs|        dense_resource_rf_leq_nin<ap_fixed,ap_fixed<16,6,5,3,0>,config27_mult>|  return value|
|ap_return_4                                                                   |  out|   16|  ap_ctrl_hs|        dense_resource_rf_leq_nin<ap_fixed,ap_fixed<16,6,5,3,0>,config27_mult>|  return value|
|ap_return_5                                                                   |  out|   16|  ap_ctrl_hs|        dense_resource_rf_leq_nin<ap_fixed,ap_fixed<16,6,5,3,0>,config27_mult>|  return value|
|ap_return_6                                                                   |  out|   16|  ap_ctrl_hs|        dense_resource_rf_leq_nin<ap_fixed,ap_fixed<16,6,5,3,0>,config27_mult>|  return value|
|ap_return_7                                                                   |  out|   16|  ap_ctrl_hs|        dense_resource_rf_leq_nin<ap_fixed,ap_fixed<16,6,5,3,0>,config27_mult>|  return value|
|void_compute_output_buffer_2d_array_const_ap_shift_reg_n_chan_stream_weig_18  |   in|   16|     ap_none|  void_compute_output_buffer_2d_array_const_ap_shift_reg_n_chan_stream_weig_18|       pointer|
|void_compute_output_buffer_2d_array_const_ap_shift_reg_n_chan_stream_weig_17  |   in|   16|     ap_none|  void_compute_output_buffer_2d_array_const_ap_shift_reg_n_chan_stream_weig_17|       pointer|
|void_compute_output_buffer_2d_array_const_ap_shift_reg_n_chan_stream_weig_16  |   in|   16|     ap_none|  void_compute_output_buffer_2d_array_const_ap_shift_reg_n_chan_stream_weig_16|       pointer|
|void_compute_output_buffer_2d_array_const_ap_shift_reg_n_chan_stream_weig_15  |   in|   16|     ap_none|  void_compute_output_buffer_2d_array_const_ap_shift_reg_n_chan_stream_weig_15|       pointer|
|void_compute_output_buffer_2d_array_const_ap_shift_reg_n_chan_stream_weig_14  |   in|   16|     ap_none|  void_compute_output_buffer_2d_array_const_ap_shift_reg_n_chan_stream_weig_14|       pointer|
|void_compute_output_buffer_2d_array_const_ap_shift_reg_n_chan_stream_weig_13  |   in|   16|     ap_none|  void_compute_output_buffer_2d_array_const_ap_shift_reg_n_chan_stream_weig_13|       pointer|
|void_compute_output_buffer_2d_array_const_ap_shift_reg_n_chan_stream_weig_12  |   in|   16|     ap_none|  void_compute_output_buffer_2d_array_const_ap_shift_reg_n_chan_stream_weig_12|       pointer|
|void_compute_output_buffer_2d_array_const_ap_shift_reg_n_chan_stream_weig_11  |   in|   16|     ap_none|  void_compute_output_buffer_2d_array_const_ap_shift_reg_n_chan_stream_weig_11|       pointer|
|void_compute_output_buffer_2d_array_const_ap_shift_reg_n_chan_stream_weig_10  |   in|   16|     ap_none|  void_compute_output_buffer_2d_array_const_ap_shift_reg_n_chan_stream_weig_10|       pointer|
+------------------------------------------------------------------------------+-----+-----+------------+------------------------------------------------------------------------------+--------------+

