

================================================================
== Vitis HLS Report for 'dense_array_ap_fixed_16u_array_ap_fixed_16_6_5_3_0_32u_config25_s'
================================================================
* Date:           Tue Oct  6 08:54:23 2026

* Version:        2026.1 (Build 6493734 on Jun 16 2026)
* Project:        myproject_prj
* Solution:       solution1
* Product family: artix7
* Target device:  xc7a35t-ftg256-1


================================================================
== Performance Estimates
================================================================
+ Timing: 
    * Summary: 
    +--------+---------+----------+------------+
    |  Clock |  Target | Estimated| Uncertainty|
    +--------+---------+----------+------------+
    |ap_clk  |  5.00 ns|  9.816 ns|     1.35 ns|
    +--------+---------+----------+------------+

+ Latency: 
    * Summary: 
    +---------+---------+----------+----------+-----+-----+---------+
    |  Latency (cycles) |  Latency (absolute) |  Interval | Pipeline|
    |   min   |   max   |    min   |    max   | min | max |   Type  |
    +---------+---------+----------+----------+-----+-----+---------+
    |      833|      834|  8.177 us|  8.186 us|  833|  834|       no|
    +---------+---------+----------+----------+-----+-----+---------+

    + Detail: 
        * Instance: 
        +-------------------------------------------------------------------------------------+-------------------------------------------------------------------------+---------+---------+----------+----------+-----+-----+------------------------------------+
        |                                                                                     |                                                                         |  Latency (cycles) |  Latency (absolute) |  Interval |              Pipeline              |
        |                                       Instance                                      |                                  Module                                 |   min   |   max   |    min   |    max   | min | max |                Type                |
        +-------------------------------------------------------------------------------------+-------------------------------------------------------------------------+---------+---------+----------+----------+-----+-----+------------------------------------+
        |grp_dense_array_array_ap_fixed_16_6_5_3_0_32u_config25_Pipeline_DataPrepare_fu_1637  |dense_array_array_ap_fixed_16_6_5_3_0_32u_config25_Pipeline_DataPrepare  |       27|       27|  0.265 us|  0.265 us|    0|    0|                   loop pipeline stp|
        |grp_dense_resource_rf_gt_nin_rem0_ap_fixed_ap_fixed_16_6_5_3_0_config25_s_fu_2043    |dense_resource_rf_gt_nin_rem0_ap_fixed_ap_fixed_16_6_5_3_0_config25_s    |      802|      803|  7.872 us|  7.882 us|  800|  800|  loop rewind stp (delay=0 cycle(s))|
        +-------------------------------------------------------------------------------------+-------------------------------------------------------------------------+---------+---------+----------+----------+-----+-----+------------------------------------+

        * Loop: 
        N/A



================================================================
== Utilization Estimates
================================================================
* Summary: 
+-----------------+---------+----+-------+-------+-----+
|       Name      | BRAM_18K| DSP|   FF  |  LUT  | URAM|
+-----------------+---------+----+-------+-------+-----+
|DSP              |        -|   -|      -|      -|    -|
|Expression       |        -|   -|      0|      2|    -|
|FIFO             |        -|   -|      -|      -|    -|
|Instance         |       14|  16|  15350|  16523|    -|
|Memory           |        -|   -|      -|      -|    -|
|Multiplexer      |        -|   -|      0|     52|    -|
|Register         |        -|   -|    521|      -|    -|
+-----------------+---------+----+-------+-------+-----+
|Total            |       14|  16|  15871|  16577|    0|
+-----------------+---------+----+-------+-------+-----+
|Available        |      100|  90|  41600|  20800|    0|
+-----------------+---------+----+-------+-------+-----+
|Utilization (%)  |       14|  17|     38|     79|    0|
+-----------------+---------+----+-------+-------+-----+

+ Detail: 
    * Instance: 
    +-------------------------------------------------------------------------------------+-------------------------------------------------------------------------+---------+----+------+-------+-----+
    |                                       Instance                                      |                                  Module                                 | BRAM_18K| DSP|  FF  |  LUT  | URAM|
    +-------------------------------------------------------------------------------------+-------------------------------------------------------------------------+---------+----+------+-------+-----+
    |grp_dense_array_array_ap_fixed_16_6_5_3_0_32u_config25_Pipeline_DataPrepare_fu_1637  |dense_array_array_ap_fixed_16_6_5_3_0_32u_config25_Pipeline_DataPrepare  |        0|   0|  6408|     66|    0|
    |grp_dense_resource_rf_gt_nin_rem0_ap_fixed_ap_fixed_16_6_5_3_0_config25_s_fu_2043    |dense_resource_rf_gt_nin_rem0_ap_fixed_ap_fixed_16_6_5_3_0_config25_s    |       14|  16|  8942|  16457|    0|
    +-------------------------------------------------------------------------------------+-------------------------------------------------------------------------+---------+----+------+-------+-----+
    |Total                                                                                |                                                                         |       14|  16| 15350|  16523|    0|
    +-------------------------------------------------------------------------------------+-------------------------------------------------------------------------+---------+----+------+-------+-----+

    * DSP: 
    N/A

    * Memory: 
    N/A

    * FIFO: 
    N/A

    * Expression: 
    +-----------------+----------+----+---+----+------------+------------+
    |  Variable Name  | Operation| DSP| FF| LUT| Bitwidth P0| Bitwidth P1|
    +-----------------+----------+----+---+----+------------+------------+
    |ap_block_state1  |        or|   0|  0|   2|           1|           1|
    +-----------------+----------+----+---+----+------------+------------+
    |Total            |          |   0|  0|   2|           1|           1|
    +-----------------+----------+----+---+----+------------+------------+

    * Multiplexer: 
    +-------------------+----+-----------+-----+-----------+
    |        Name       | LUT| Input Size| Bits| Total Bits|
    +-------------------+----+-----------+-----+-----------+
    |ap_NS_fsm          |  25|          6|    1|          6|
    |ap_done            |   9|          2|    1|          2|
    |layer25_out_blk_n  |   9|          2|    1|          2|
    |real_start         |   9|          2|    1|          2|
    +-------------------+----+-----------+-----+-----------+
    |Total              |  52|         12|    4|         12|
    +-------------------+----+-----------+-----+-----------+

    * Register: 
    +--------------------------------------------------------------------------------------------------+----+----+-----+-----------+
    |                                               Name                                               | FF | LUT| Bits| Const Bits|
    +--------------------------------------------------------------------------------------------------+----+----+-----+-----------+
    |ap_CS_fsm                                                                                         |   5|   0|    5|          0|
    |ap_done_reg                                                                                       |   1|   0|    1|          0|
    |grp_dense_array_array_ap_fixed_16_6_5_3_0_32u_config25_Pipeline_DataPrepare_fu_1637_ap_start_reg  |   1|   0|    1|          0|
    |grp_dense_resource_rf_gt_nin_rem0_ap_fixed_ap_fixed_16_6_5_3_0_config25_s_fu_2043_ap_start_reg    |   1|   0|    1|          0|
    |res_1_reg_7833                                                                                    |  16|   0|   16|          0|
    |res_2_reg_7838                                                                                    |  16|   0|   16|          0|
    |res_3_reg_7843                                                                                    |  16|   0|   16|          0|
    |res_47_reg_7878                                                                                   |  16|   0|   16|          0|
    |res_48_reg_7883                                                                                   |  16|   0|   16|          0|
    |res_49_reg_7888                                                                                   |  16|   0|   16|          0|
    |res_4_reg_7848                                                                                    |  16|   0|   16|          0|
    |res_50_reg_7893                                                                                   |  16|   0|   16|          0|
    |res_51_reg_7898                                                                                   |  16|   0|   16|          0|
    |res_52_reg_7903                                                                                   |  16|   0|   16|          0|
    |res_53_reg_7908                                                                                   |  16|   0|   16|          0|
    |res_54_reg_7913                                                                                   |  16|   0|   16|          0|
    |res_55_reg_7918                                                                                   |  16|   0|   16|          0|
    |res_56_reg_7923                                                                                   |  16|   0|   16|          0|
    |res_57_reg_7928                                                                                   |  16|   0|   16|          0|
    |res_58_reg_7933                                                                                   |  16|   0|   16|          0|
    |res_59_reg_7938                                                                                   |  16|   0|   16|          0|
    |res_5_reg_7853                                                                                    |  16|   0|   16|          0|
    |res_60_reg_7943                                                                                   |  16|   0|   16|          0|
    |res_61_reg_7948                                                                                   |  16|   0|   16|          0|
    |res_62_reg_7953                                                                                   |  16|   0|   16|          0|
    |res_63_reg_7958                                                                                   |  16|   0|   16|          0|
    |res_64_reg_7963                                                                                   |  16|   0|   16|          0|
    |res_65_reg_7968                                                                                   |  16|   0|   16|          0|
    |res_66_reg_7973                                                                                   |  16|   0|   16|          0|
    |res_67_reg_7978                                                                                   |  16|   0|   16|          0|
    |res_68_reg_7983                                                                                   |  16|   0|   16|          0|
    |res_6_reg_7858                                                                                    |  16|   0|   16|          0|
    |res_7_reg_7863                                                                                    |  16|   0|   16|          0|
    |res_8_reg_7868                                                                                    |  16|   0|   16|          0|
    |res_9_reg_7873                                                                                    |  16|   0|   16|          0|
    |res_reg_7828                                                                                      |  16|   0|   16|          0|
    |start_once_reg                                                                                    |   1|   0|    1|          0|
    +--------------------------------------------------------------------------------------------------+----+----+-----+-----------+
    |Total                                                                                             | 521|   0|  521|          0|
    +--------------------------------------------------------------------------------------------------+----+----+-----+-----------+



================================================================
== Interface
================================================================
* Summary: 
+----------------------------+-----+-----+------------+---------------------------------------------------------------------+--------------+
|          RTL Ports         | Dir | Bits|  Protocol  |                            Source Object                            |    C Type    |
+----------------------------+-----+-----+------------+---------------------------------------------------------------------+--------------+
|ap_clk                      |   in|    1|  ap_ctrl_hs|  dense<array<ap_fixed,16u>,array<ap_fixed<16,6,5,3,0>,32u>,config25>|  return value|
|ap_rst                      |   in|    1|  ap_ctrl_hs|  dense<array<ap_fixed,16u>,array<ap_fixed<16,6,5,3,0>,32u>,config25>|  return value|
|ap_start                    |   in|    1|  ap_ctrl_hs|  dense<array<ap_fixed,16u>,array<ap_fixed<16,6,5,3,0>,32u>,config25>|  return value|
|start_full_n                |   in|    1|  ap_ctrl_hs|  dense<array<ap_fixed,16u>,array<ap_fixed<16,6,5,3,0>,32u>,config25>|  return value|
|ap_done                     |  out|    1|  ap_ctrl_hs|  dense<array<ap_fixed,16u>,array<ap_fixed<16,6,5,3,0>,32u>,config25>|  return value|
|ap_continue                 |   in|    1|  ap_ctrl_hs|  dense<array<ap_fixed,16u>,array<ap_fixed<16,6,5,3,0>,32u>,config25>|  return value|
|ap_idle                     |  out|    1|  ap_ctrl_hs|  dense<array<ap_fixed,16u>,array<ap_fixed<16,6,5,3,0>,32u>,config25>|  return value|
|ap_ready                    |  out|    1|  ap_ctrl_hs|  dense<array<ap_fixed,16u>,array<ap_fixed<16,6,5,3,0>,32u>,config25>|  return value|
|start_out                   |  out|    1|  ap_ctrl_hs|  dense<array<ap_fixed,16u>,array<ap_fixed<16,6,5,3,0>,32u>,config25>|  return value|
|start_write                 |  out|    1|  ap_ctrl_hs|  dense<array<ap_fixed,16u>,array<ap_fixed<16,6,5,3,0>,32u>,config25>|  return value|
|layer16_out_dout            |   in|  256|     ap_fifo|                                                          layer16_out|       pointer|
|layer16_out_empty_n         |   in|    1|     ap_fifo|                                                          layer16_out|       pointer|
|layer16_out_read            |  out|    1|     ap_fifo|                                                          layer16_out|       pointer|
|layer16_out_num_data_valid  |   in|    6|     ap_fifo|                                                          layer16_out|       pointer|
|layer16_out_fifo_cap        |   in|    6|     ap_fifo|                                                          layer16_out|       pointer|
|layer25_out_din             |  out|  512|     ap_fifo|                                                          layer25_out|       pointer|
|layer25_out_full_n          |   in|    1|     ap_fifo|                                                          layer25_out|       pointer|
|layer25_out_write           |  out|    1|     ap_fifo|                                                          layer25_out|       pointer|
|layer25_out_num_data_valid  |   in|    2|     ap_fifo|                                                          layer25_out|       pointer|
|layer25_out_fifo_cap        |   in|    2|     ap_fifo|                                                          layer25_out|       pointer|
+----------------------------+-----+-----+------------+---------------------------------------------------------------------+--------------+

