

================================================================
== Vitis HLS Report for 'dense_array_ap_fixed_32u_array_ap_fixed_16_6_5_3_0_47u_config26_s'
================================================================
* Date:           Tue Oct  6 08:54:25 2026

* Version:        2026.1 (Build 6493734 on Jun 16 2026)
* Project:        myproject_prj
* Solution:       solution1
* Product family: artix7
* Target device:  xc7a35t-ftg256-1


================================================================
== Performance Estimates
================================================================
+ Timing: 
    * Summary: 
    +--------+---------+----------+------------+
    |  Clock |  Target | Estimated| Uncertainty|
    +--------+---------+----------+------------+
    |ap_clk  |  5.00 ns|  3.352 ns|     1.35 ns|
    +--------+---------+----------+------------+

+ Latency: 
    * Summary: 
    +---------+---------+----------+----------+-----+-----+---------+
    |  Latency (cycles) |  Latency (absolute) |  Interval | Pipeline|
    |   min   |   max   |    min   |    max   | min | max |   Type  |
    +---------+---------+----------+----------+-----+-----+---------+
    |       38|       39|  0.373 us|  0.383 us|   38|   39|       no|
    +---------+---------+----------+----------+-----+-----+---------+

    + Detail: 
        * Instance: 
        +------------------------------------------------------------------------------+-------------------------------------------------------------------+---------+---------+----------+----------+-----+-----+------------------------------------+
        |                                                                              |                                                                   |  Latency (cycles) |  Latency (absolute) |  Interval |              Pipeline              |
        |                                   Instance                                   |                               Module                              |   min   |   max   |    min   |    max   | min | max |                Type                |
        +------------------------------------------------------------------------------+-------------------------------------------------------------------+---------+---------+----------+----------+-----+-----+------------------------------------+
        |grp_dense_resource_rf_leq_nin_ap_fixed_ap_fixed_16_6_5_3_0_config26_s_fu_163  |dense_resource_rf_leq_nin_ap_fixed_ap_fixed_16_6_5_3_0_config26_s  |       35|       36|  0.344 us|  0.353 us|   32|   32|  loop rewind stp (delay=0 cycle(s))|
        +------------------------------------------------------------------------------+-------------------------------------------------------------------+---------+---------+----------+----------+-----+-----+------------------------------------+

        * Loop: 
        N/A



================================================================
== Utilization Estimates
================================================================
* Summary: 
+-----------------+---------+----+-------+-------+-----+
|       Name      | BRAM_18K| DSP|   FF  |  LUT  | URAM|
+-----------------+---------+----+-------+-------+-----+
|DSP              |        -|   -|      -|      -|    -|
|Expression       |        -|   -|      0|      2|    -|
|FIFO             |        -|   -|      -|      -|    -|
|Instance         |       21|  47|   6762|   3118|    -|
|Memory           |        -|   -|      -|      -|    -|
|Multiplexer      |        -|   -|      0|     57|    -|
|Register         |        -|   -|   1271|      -|    -|
+-----------------+---------+----+-------+-------+-----+
|Total            |       21|  47|   8033|   3177|    0|
+-----------------+---------+----+-------+-------+-----+
|Available        |      100|  90|  41600|  20800|    0|
+-----------------+---------+----+-------+-------+-----+
|Utilization (%)  |       21|  52|     19|     15|    0|
+-----------------+---------+----+-------+-------+-----+

+ Detail: 
    * Instance: 
    +------------------------------------------------------------------------------+-------------------------------------------------------------------+---------+----+------+------+-----+
    |                                   Instance                                   |                               Module                              | BRAM_18K| DSP|  FF  |  LUT | URAM|
    +------------------------------------------------------------------------------+-------------------------------------------------------------------+---------+----+------+------+-----+
    |grp_dense_resource_rf_leq_nin_ap_fixed_ap_fixed_16_6_5_3_0_config26_s_fu_163  |dense_resource_rf_leq_nin_ap_fixed_ap_fixed_16_6_5_3_0_config26_s  |       21|  47|  6762|  3118|    0|
    +------------------------------------------------------------------------------+-------------------------------------------------------------------+---------+----+------+------+-----+
    |Total                                                                         |                                                                   |       21|  47|  6762|  3118|    0|
    +------------------------------------------------------------------------------+-------------------------------------------------------------------+---------+----+------+------+-----+

    * DSP: 
    N/A

    * Memory: 
    N/A

    * FIFO: 
    N/A

    * Expression: 
    +-----------------+----------+----+---+----+------------+------------+
    |  Variable Name  | Operation| DSP| FF| LUT| Bitwidth P0| Bitwidth P1|
    +-----------------+----------+----+---+----+------------+------------+
    |ap_block_state1  |        or|   0|  0|   2|           1|           1|
    +-----------------+----------+----+---+----+------------+------------+
    |Total            |          |   0|  0|   2|           1|           1|
    +-----------------+----------+----+---+----+------------+------------+

    * Multiplexer: 
    +-------------------+----+-----------+-----+-----------+
    |        Name       | LUT| Input Size| Bits| Total Bits|
    +-------------------+----+-----------+-----+-----------+
    |ap_NS_fsm          |  21|          5|    1|          5|
    |ap_done            |   9|          2|    1|          2|
    |layer20_out_blk_n  |   9|          2|    1|          2|
    |layer26_out_blk_n  |   9|          2|    1|          2|
    |real_start         |   9|          2|    1|          2|
    +-------------------+----+-----------+-----+-----------+
    |Total              |  57|         13|    5|         13|
    +-------------------+----+-----------+-----+-----------+

    * Register: 
    +-------------------------------------------------------------------------------------------+----+----+-----+-----------+
    |                                            Name                                           | FF | LUT| Bits| Const Bits|
    +-------------------------------------------------------------------------------------------+----+----+-----+-----------+
    |ap_CS_fsm                                                                                  |   4|   0|    4|          0|
    |ap_done_reg                                                                                |   1|   0|    1|          0|
    |data_10_reg_810                                                                            |  16|   0|   16|          0|
    |data_11_reg_815                                                                            |  16|   0|   16|          0|
    |data_12_reg_820                                                                            |  16|   0|   16|          0|
    |data_13_reg_825                                                                            |  16|   0|   16|          0|
    |data_14_reg_830                                                                            |  16|   0|   16|          0|
    |data_15_reg_835                                                                            |  16|   0|   16|          0|
    |data_16_reg_840                                                                            |  16|   0|   16|          0|
    |data_17_reg_845                                                                            |  16|   0|   16|          0|
    |data_18_reg_850                                                                            |  16|   0|   16|          0|
    |data_19_reg_855                                                                            |  16|   0|   16|          0|
    |data_1_reg_760                                                                             |  16|   0|   16|          0|
    |data_20_reg_860                                                                            |  16|   0|   16|          0|
    |data_21_reg_865                                                                            |  16|   0|   16|          0|
    |data_22_reg_870                                                                            |  16|   0|   16|          0|
    |data_23_reg_875                                                                            |  16|   0|   16|          0|
    |data_24_reg_880                                                                            |  16|   0|   16|          0|
    |data_25_reg_885                                                                            |  16|   0|   16|          0|
    |data_26_reg_890                                                                            |  16|   0|   16|          0|
    |data_27_reg_895                                                                            |  16|   0|   16|          0|
    |data_28_reg_900                                                                            |  16|   0|   16|          0|
    |data_29_reg_905                                                                            |  16|   0|   16|          0|
    |data_2_reg_765                                                                             |  16|   0|   16|          0|
    |data_30_reg_910                                                                            |  16|   0|   16|          0|
    |data_31_reg_805                                                                            |  16|   0|   16|          0|
    |data_3_reg_770                                                                             |  16|   0|   16|          0|
    |data_4_reg_775                                                                             |  16|   0|   16|          0|
    |data_5_reg_780                                                                             |  16|   0|   16|          0|
    |data_6_reg_785                                                                             |  16|   0|   16|          0|
    |data_7_reg_790                                                                             |  16|   0|   16|          0|
    |data_8_reg_795                                                                             |  16|   0|   16|          0|
    |data_9_reg_800                                                                             |  16|   0|   16|          0|
    |data_reg_755                                                                               |  16|   0|   16|          0|
    |grp_dense_resource_rf_leq_nin_ap_fixed_ap_fixed_16_6_5_3_0_config26_s_fu_163_ap_start_reg  |   1|   0|    1|          0|
    |res_10_reg_965                                                                             |  16|   0|   16|          0|
    |res_11_reg_970                                                                             |  16|   0|   16|          0|
    |res_12_reg_975                                                                             |  16|   0|   16|          0|
    |res_13_reg_980                                                                             |  16|   0|   16|          0|
    |res_14_reg_985                                                                             |  16|   0|   16|          0|
    |res_15_reg_990                                                                             |  16|   0|   16|          0|
    |res_16_reg_995                                                                             |  16|   0|   16|          0|
    |res_17_reg_1000                                                                            |  16|   0|   16|          0|
    |res_18_reg_1005                                                                            |  16|   0|   16|          0|
    |res_19_reg_1010                                                                            |  16|   0|   16|          0|
    |res_1_reg_920                                                                              |  16|   0|   16|          0|
    |res_20_reg_1015                                                                            |  16|   0|   16|          0|
    |res_21_reg_1020                                                                            |  16|   0|   16|          0|
    |res_22_reg_1025                                                                            |  16|   0|   16|          0|
    |res_23_reg_1030                                                                            |  16|   0|   16|          0|
    |res_24_reg_1035                                                                            |  16|   0|   16|          0|
    |res_25_reg_1040                                                                            |  16|   0|   16|          0|
    |res_26_reg_1045                                                                            |  16|   0|   16|          0|
    |res_27_reg_1050                                                                            |  16|   0|   16|          0|
    |res_28_reg_1055                                                                            |  16|   0|   16|          0|
    |res_29_reg_1060                                                                            |  16|   0|   16|          0|
    |res_2_reg_925                                                                              |  16|   0|   16|          0|
    |res_30_reg_1065                                                                            |  16|   0|   16|          0|
    |res_31_reg_1070                                                                            |  16|   0|   16|          0|
    |res_32_reg_1075                                                                            |  16|   0|   16|          0|
    |res_33_reg_1080                                                                            |  16|   0|   16|          0|
    |res_34_reg_1085                                                                            |  16|   0|   16|          0|
    |res_35_reg_1090                                                                            |  16|   0|   16|          0|
    |res_36_reg_1095                                                                            |  16|   0|   16|          0|
    |res_37_reg_1100                                                                            |  16|   0|   16|          0|
    |res_38_reg_1105                                                                            |  16|   0|   16|          0|
    |res_39_reg_1110                                                                            |  16|   0|   16|          0|
    |res_3_reg_930                                                                              |  16|   0|   16|          0|
    |res_40_reg_1115                                                                            |  16|   0|   16|          0|
    |res_41_reg_1120                                                                            |  16|   0|   16|          0|
    |res_42_reg_1125                                                                            |  16|   0|   16|          0|
    |res_43_reg_1130                                                                            |  16|   0|   16|          0|
    |res_44_reg_1135                                                                            |  16|   0|   16|          0|
    |res_45_reg_1140                                                                            |  16|   0|   16|          0|
    |res_46_reg_1145                                                                            |  16|   0|   16|          0|
    |res_4_reg_935                                                                              |  16|   0|   16|          0|
    |res_5_reg_940                                                                              |  16|   0|   16|          0|
    |res_6_reg_945                                                                              |  16|   0|   16|          0|
    |res_7_reg_950                                                                              |  16|   0|   16|          0|
    |res_8_reg_955                                                                              |  16|   0|   16|          0|
    |res_9_reg_960                                                                              |  16|   0|   16|          0|
    |res_reg_915                                                                                |  16|   0|   16|          0|
    |start_once_reg                                                                             |   1|   0|    1|          0|
    +-------------------------------------------------------------------------------------------+----+----+-----+-----------+
    |Total                                                                                      |1271|   0| 1271|          0|
    +-------------------------------------------------------------------------------------------+----+----+-----+-----------+



================================================================
== Interface
================================================================
* Summary: 
+----------------------------+-----+-----+------------+---------------------------------------------------------------------+--------------+
|          RTL Ports         | Dir | Bits|  Protocol  |                            Source Object                            |    C Type    |
+----------------------------+-----+-----+------------+---------------------------------------------------------------------+--------------+
|ap_clk                      |   in|    1|  ap_ctrl_hs|  dense<array<ap_fixed,32u>,array<ap_fixed<16,6,5,3,0>,47u>,config26>|  return value|
|ap_rst                      |   in|    1|  ap_ctrl_hs|  dense<array<ap_fixed,32u>,array<ap_fixed<16,6,5,3,0>,47u>,config26>|  return value|
|ap_start                    |   in|    1|  ap_ctrl_hs|  dense<array<ap_fixed,32u>,array<ap_fixed<16,6,5,3,0>,47u>,config26>|  return value|
|start_full_n                |   in|    1|  ap_ctrl_hs|  dense<array<ap_fixed,32u>,array<ap_fixed<16,6,5,3,0>,47u>,config26>|  return value|
|ap_done                     |  out|    1|  ap_ctrl_hs|  dense<array<ap_fixed,32u>,array<ap_fixed<16,6,5,3,0>,47u>,config26>|  return value|
|ap_continue                 |   in|    1|  ap_ctrl_hs|  dense<array<ap_fixed,32u>,array<ap_fixed<16,6,5,3,0>,47u>,config26>|  return value|
|ap_idle                     |  out|    1|  ap_ctrl_hs|  dense<array<ap_fixed,32u>,array<ap_fixed<16,6,5,3,0>,47u>,config26>|  return value|
|ap_ready                    |  out|    1|  ap_ctrl_hs|  dense<array<ap_fixed,32u>,array<ap_fixed<16,6,5,3,0>,47u>,config26>|  return value|
|start_out                   |  out|    1|  ap_ctrl_hs|  dense<array<ap_fixed,32u>,array<ap_fixed<16,6,5,3,0>,47u>,config26>|  return value|
|start_write                 |  out|    1|  ap_ctrl_hs|  dense<array<ap_fixed,32u>,array<ap_fixed<16,6,5,3,0>,47u>,config26>|  return value|
|layer20_out_dout            |   in|  512|     ap_fifo|                                                          layer20_out|       pointer|
|layer20_out_empty_n         |   in|    1|     ap_fifo|                                                          layer20_out|       pointer|
|layer20_out_read            |  out|    1|     ap_fifo|                                                          layer20_out|       pointer|
|layer20_out_num_data_valid  |   in|    2|     ap_fifo|                                                          layer20_out|       pointer|
|layer20_out_fifo_cap        |   in|    2|     ap_fifo|                                                          layer20_out|       pointer|
|layer26_out_din             |  out|  752|     ap_fifo|                                                          layer26_out|       pointer|
|layer26_out_full_n          |   in|    1|     ap_fifo|                                                          layer26_out|       pointer|
|layer26_out_write           |  out|    1|     ap_fifo|                                                          layer26_out|       pointer|
|layer26_out_num_data_valid  |   in|    2|     ap_fifo|                                                          layer26_out|       pointer|
|layer26_out_fifo_cap        |   in|    2|     ap_fifo|                                                          layer26_out|       pointer|
+----------------------------+-----+-----+------------+---------------------------------------------------------------------+--------------+

