

================================================================
== Vitis HLS Report for 'normalize_array_ap_fixed_47u_array_ap_fixed_16_6_5_3_0_47u_config24_s'
================================================================
* Date:           Tue Oct  6 08:54:25 2026

* Version:        2026.1 (Build 6493734 on Jun 16 2026)
* Project:        myproject_prj
* Solution:       solution1
* Product family: artix7
* Target device:  xc7a35t-ftg256-1


================================================================
== Performance Estimates
================================================================
+ Timing: 
    * Summary: 
    +--------+---------+----------+------------+
    |  Clock |  Target | Estimated| Uncertainty|
    +--------+---------+----------+------------+
    |ap_clk  |  5.00 ns|  2.146 ns|     1.35 ns|
    +--------+---------+----------+------------+

+ Latency: 
    * Summary: 
    +---------+---------+-----------+-----------+-----+-----+---------+
    |  Latency (cycles) |   Latency (absolute)  |  Interval | Pipeline|
    |   min   |   max   |    min    |    max    | min | max |   Type  |
    +---------+---------+-----------+-----------+-----+-----+---------+
    |        3|        3|  29.447 ns|  29.447 ns|    3|    3|       no|
    +---------+---------+-----------+-----------+-----+-----+---------+

    + Detail: 
        * Instance: 
        N/A

        * Loop: 
        N/A



================================================================
== Utilization Estimates
================================================================
* Summary: 
+-----------------+---------+----+-------+-------+-----+
|       Name      | BRAM_18K| DSP|   FF  |  LUT  | URAM|
+-----------------+---------+----+-------+-------+-----+
|DSP              |        -|   -|      -|      -|    -|
|Expression       |        -|   -|      0|   1085|    -|
|FIFO             |        -|   -|      -|      -|    -|
|Instance         |        -|   -|      -|      -|    -|
|Memory           |        -|   -|      -|      -|    -|
|Multiplexer      |        -|   -|      0|     48|    -|
|Register         |        -|   -|   1509|      -|    -|
+-----------------+---------+----+-------+-------+-----+
|Total            |        0|   0|   1509|   1133|    0|
+-----------------+---------+----+-------+-------+-----+
|Available        |      100|  90|  41600|  20800|    0|
+-----------------+---------+----+-------+-------+-----+
|Utilization (%)  |        0|   0|      3|      5|    0|
+-----------------+---------+----+-------+-------+-----+

+ Detail: 
    * Instance: 
    N/A

    * DSP: 
    N/A

    * Memory: 
    N/A

    * FIFO: 
    N/A

    * Expression: 
    +------------------------+----------+----+---+----+------------+------------+
    |      Variable Name     | Operation| DSP| FF| LUT| Bitwidth P0| Bitwidth P1|
    +------------------------+----------+----+---+----+------------+------------+
    |add_ln42_10_fu_837_p2   |         +|   0|  0|  23|          16|           6|
    |add_ln42_11_fu_842_p2   |         +|   0|  0|  23|          16|           8|
    |add_ln42_12_fu_847_p2   |         +|   0|  0|  23|          16|           8|
    |add_ln42_13_fu_852_p2   |         +|   0|  0|  23|          16|           9|
    |add_ln42_14_fu_857_p2   |         +|   0|  0|  23|          16|           9|
    |add_ln42_15_fu_862_p2   |         +|   0|  0|  23|          16|           7|
    |add_ln42_16_fu_867_p2   |         +|   0|  0|  23|          16|           8|
    |add_ln42_17_fu_872_p2   |         +|   0|  0|  23|          16|           7|
    |add_ln42_18_fu_877_p2   |         +|   0|  0|  23|          16|           7|
    |add_ln42_19_fu_882_p2   |         +|   0|  0|  23|          16|           7|
    |add_ln42_1_fu_792_p2    |         +|   0|  0|  23|          16|           9|
    |add_ln42_20_fu_887_p2   |         +|   0|  0|  23|          16|           7|
    |add_ln42_21_fu_892_p2   |         +|   0|  0|  23|          16|           8|
    |add_ln42_22_fu_897_p2   |         +|   0|  0|  23|          16|           8|
    |add_ln42_23_fu_902_p2   |         +|   0|  0|  23|          16|           9|
    |add_ln42_24_fu_907_p2   |         +|   0|  0|  23|          16|           8|
    |add_ln42_25_fu_912_p2   |         +|   0|  0|  23|          16|           6|
    |add_ln42_26_fu_917_p2   |         +|   0|  0|  23|          16|          10|
    |add_ln42_27_fu_922_p2   |         +|   0|  0|  23|          16|           7|
    |add_ln42_28_fu_927_p2   |         +|   0|  0|  23|          16|           5|
    |add_ln42_29_fu_932_p2   |         +|   0|  0|  23|          16|           7|
    |add_ln42_2_fu_797_p2    |         +|   0|  0|  23|          16|           6|
    |add_ln42_30_fu_937_p2   |         +|   0|  0|  23|          16|          10|
    |add_ln42_31_fu_942_p2   |         +|   0|  0|  23|          16|           9|
    |add_ln42_32_fu_947_p2   |         +|   0|  0|  23|          16|           9|
    |add_ln42_33_fu_952_p2   |         +|   0|  0|  23|          16|          10|
    |add_ln42_34_fu_957_p2   |         +|   0|  0|  23|          16|           8|
    |add_ln42_35_fu_962_p2   |         +|   0|  0|  23|          16|           8|
    |add_ln42_36_fu_967_p2   |         +|   0|  0|  23|          16|           7|
    |add_ln42_37_fu_972_p2   |         +|   0|  0|  23|          16|           7|
    |add_ln42_38_fu_977_p2   |         +|   0|  0|  23|          16|           7|
    |add_ln42_39_fu_982_p2   |         +|   0|  0|  23|          16|           9|
    |add_ln42_3_fu_802_p2    |         +|   0|  0|  23|          16|           5|
    |add_ln42_40_fu_987_p2   |         +|   0|  0|  23|          16|           9|
    |add_ln42_41_fu_992_p2   |         +|   0|  0|  23|          16|           9|
    |add_ln42_42_fu_997_p2   |         +|   0|  0|  23|          16|           7|
    |add_ln42_43_fu_1002_p2  |         +|   0|  0|  23|          16|           2|
    |add_ln42_44_fu_1007_p2  |         +|   0|  0|  23|          16|           5|
    |add_ln42_45_fu_1012_p2  |         +|   0|  0|  23|          16|           6|
    |add_ln42_46_fu_1017_p2  |         +|   0|  0|  23|          16|           7|
    |add_ln42_4_fu_807_p2    |         +|   0|  0|  23|          16|           7|
    |add_ln42_5_fu_812_p2    |         +|   0|  0|  23|          16|           7|
    |add_ln42_6_fu_817_p2    |         +|   0|  0|  23|          16|           7|
    |add_ln42_7_fu_822_p2    |         +|   0|  0|  23|          16|           7|
    |add_ln42_8_fu_827_p2    |         +|   0|  0|  23|          16|           5|
    |add_ln42_9_fu_832_p2    |         +|   0|  0|  23|          16|           7|
    |add_ln42_fu_787_p2      |         +|   0|  0|  23|          16|           5|
    |ap_block_state1         |        or|   0|  0|   2|           1|           1|
    |ap_block_state4         |        or|   0|  0|   2|           1|           1|
    +------------------------+----------+----+---+----+------------+------------+
    |Total                   |          |   0|  0|1085|         754|         347|
    +------------------------+----------+----+---+----+------------+------------+

    * Multiplexer: 
    +-------------------------+----+-----------+-----+-----------+
    |           Name          | LUT| Input Size| Bits| Total Bits|
    +-------------------------+----+-----------+-----+-----------+
    |ap_NS_fsm                |  21|          5|    1|          5|
    |ap_done                  |   9|          2|    1|          2|
    |layer24_out_TDATA_blk_n  |   9|          2|    1|          2|
    |layer26_out_blk_n        |   9|          2|    1|          2|
    +-------------------------+----+-----------+-----+-----------+
    |Total                    |  48|         11|    4|         11|
    +-------------------------+----+-----------+-----+-----------+

    * Register: 
    +------------------------+----+----+-----+-----------+
    |          Name          | FF | LUT| Bits| Const Bits|
    +------------------------+----+----+-----+-----------+
    |add_ln42_10_reg_1359    |  16|   0|   16|          0|
    |add_ln42_11_reg_1364    |  16|   0|   16|          0|
    |add_ln42_12_reg_1369    |  16|   0|   16|          0|
    |add_ln42_13_reg_1374    |  16|   0|   16|          0|
    |add_ln42_14_reg_1379    |  16|   0|   16|          0|
    |add_ln42_15_reg_1384    |  16|   0|   16|          0|
    |add_ln42_16_reg_1389    |  16|   0|   16|          0|
    |add_ln42_17_reg_1394    |  16|   0|   16|          0|
    |add_ln42_18_reg_1399    |  16|   0|   16|          0|
    |add_ln42_19_reg_1404    |  16|   0|   16|          0|
    |add_ln42_1_reg_1314     |  16|   0|   16|          0|
    |add_ln42_20_reg_1409    |  16|   0|   16|          0|
    |add_ln42_21_reg_1414    |  16|   0|   16|          0|
    |add_ln42_22_reg_1419    |  16|   0|   16|          0|
    |add_ln42_23_reg_1424    |  16|   0|   16|          0|
    |add_ln42_24_reg_1429    |  16|   0|   16|          0|
    |add_ln42_25_reg_1434    |  16|   0|   16|          0|
    |add_ln42_26_reg_1439    |  16|   0|   16|          0|
    |add_ln42_27_reg_1444    |  16|   0|   16|          0|
    |add_ln42_28_reg_1449    |  16|   0|   16|          0|
    |add_ln42_29_reg_1454    |  16|   0|   16|          0|
    |add_ln42_2_reg_1319     |  16|   0|   16|          0|
    |add_ln42_30_reg_1459    |  16|   0|   16|          0|
    |add_ln42_31_reg_1464    |  16|   0|   16|          0|
    |add_ln42_32_reg_1469    |  16|   0|   16|          0|
    |add_ln42_33_reg_1474    |  16|   0|   16|          0|
    |add_ln42_34_reg_1479    |  16|   0|   16|          0|
    |add_ln42_35_reg_1484    |  16|   0|   16|          0|
    |add_ln42_36_reg_1489    |  16|   0|   16|          0|
    |add_ln42_37_reg_1494    |  16|   0|   16|          0|
    |add_ln42_38_reg_1499    |  16|   0|   16|          0|
    |add_ln42_39_reg_1504    |  16|   0|   16|          0|
    |add_ln42_3_reg_1324     |  16|   0|   16|          0|
    |add_ln42_40_reg_1509    |  16|   0|   16|          0|
    |add_ln42_41_reg_1514    |  16|   0|   16|          0|
    |add_ln42_42_reg_1519    |  16|   0|   16|          0|
    |add_ln42_43_reg_1524    |  16|   0|   16|          0|
    |add_ln42_44_reg_1529    |  16|   0|   16|          0|
    |add_ln42_45_reg_1534    |  16|   0|   16|          0|
    |add_ln42_46_reg_1539    |  16|   0|   16|          0|
    |add_ln42_4_reg_1329     |  16|   0|   16|          0|
    |add_ln42_5_reg_1334     |  16|   0|   16|          0|
    |add_ln42_6_reg_1339     |  16|   0|   16|          0|
    |add_ln42_7_reg_1344     |  16|   0|   16|          0|
    |add_ln42_8_reg_1349     |  16|   0|   16|          0|
    |add_ln42_9_reg_1354     |  16|   0|   16|          0|
    |add_ln42_reg_1309       |  16|   0|   16|          0|
    |ap_CS_fsm               |   4|   0|    4|          0|
    |ap_done_reg             |   1|   0|    1|          0|
    |trunc_ln28_10_reg_1129  |  16|   0|   16|          0|
    |trunc_ln28_11_reg_1134  |  16|   0|   16|          0|
    |trunc_ln28_12_reg_1139  |  16|   0|   16|          0|
    |trunc_ln28_13_reg_1144  |  16|   0|   16|          0|
    |trunc_ln28_14_reg_1149  |  16|   0|   16|          0|
    |trunc_ln28_15_reg_1154  |  16|   0|   16|          0|
    |trunc_ln28_16_reg_1159  |  16|   0|   16|          0|
    |trunc_ln28_17_reg_1164  |  16|   0|   16|          0|
    |trunc_ln28_18_reg_1169  |  16|   0|   16|          0|
    |trunc_ln28_19_reg_1174  |  16|   0|   16|          0|
    |trunc_ln28_1_reg_1079   |  16|   0|   16|          0|
    |trunc_ln28_20_reg_1179  |  16|   0|   16|          0|
    |trunc_ln28_21_reg_1184  |  16|   0|   16|          0|
    |trunc_ln28_22_reg_1189  |  16|   0|   16|          0|
    |trunc_ln28_23_reg_1194  |  16|   0|   16|          0|
    |trunc_ln28_24_reg_1199  |  16|   0|   16|          0|
    |trunc_ln28_25_reg_1204  |  16|   0|   16|          0|
    |trunc_ln28_26_reg_1209  |  16|   0|   16|          0|
    |trunc_ln28_27_reg_1214  |  16|   0|   16|          0|
    |trunc_ln28_28_reg_1219  |  16|   0|   16|          0|
    |trunc_ln28_29_reg_1224  |  16|   0|   16|          0|
    |trunc_ln28_2_reg_1084   |  16|   0|   16|          0|
    |trunc_ln28_30_reg_1229  |  16|   0|   16|          0|
    |trunc_ln28_31_reg_1234  |  16|   0|   16|          0|
    |trunc_ln28_32_reg_1239  |  16|   0|   16|          0|
    |trunc_ln28_33_reg_1244  |  16|   0|   16|          0|
    |trunc_ln28_34_reg_1249  |  16|   0|   16|          0|
    |trunc_ln28_35_reg_1254  |  16|   0|   16|          0|
    |trunc_ln28_36_reg_1259  |  16|   0|   16|          0|
    |trunc_ln28_37_reg_1264  |  16|   0|   16|          0|
    |trunc_ln28_38_reg_1269  |  16|   0|   16|          0|
    |trunc_ln28_39_reg_1274  |  16|   0|   16|          0|
    |trunc_ln28_3_reg_1089   |  16|   0|   16|          0|
    |trunc_ln28_40_reg_1279  |  16|   0|   16|          0|
    |trunc_ln28_41_reg_1284  |  16|   0|   16|          0|
    |trunc_ln28_42_reg_1289  |  16|   0|   16|          0|
    |trunc_ln28_43_reg_1294  |  16|   0|   16|          0|
    |trunc_ln28_44_reg_1299  |  16|   0|   16|          0|
    |trunc_ln28_45_reg_1304  |  16|   0|   16|          0|
    |trunc_ln28_4_reg_1094   |  16|   0|   16|          0|
    |trunc_ln28_5_reg_1099   |  16|   0|   16|          0|
    |trunc_ln28_6_reg_1104   |  16|   0|   16|          0|
    |trunc_ln28_7_reg_1109   |  16|   0|   16|          0|
    |trunc_ln28_8_reg_1114   |  16|   0|   16|          0|
    |trunc_ln28_9_reg_1119   |  16|   0|   16|          0|
    |trunc_ln28_reg_1074     |  16|   0|   16|          0|
    |trunc_ln28_s_reg_1124   |  16|   0|   16|          0|
    +------------------------+----+----+-----+-----------+
    |Total                   |1509|   0| 1509|          0|
    +------------------------+----+----+-----+-----------+



================================================================
== Interface
================================================================
* Summary: 
+----------------------------+-----+-----+------------+-------------------------------------------------------------------------+--------------+
|          RTL Ports         | Dir | Bits|  Protocol  |                              Source Object                              |    C Type    |
+----------------------------+-----+-----+------------+-------------------------------------------------------------------------+--------------+
|ap_clk                      |   in|    1|  ap_ctrl_hs|  normalize<array<ap_fixed,47u>,array<ap_fixed<16,6,5,3,0>,47u>,config24>|  return value|
|ap_rst                      |   in|    1|  ap_ctrl_hs|  normalize<array<ap_fixed,47u>,array<ap_fixed<16,6,5,3,0>,47u>,config24>|  return value|
|ap_start                    |   in|    1|  ap_ctrl_hs|  normalize<array<ap_fixed,47u>,array<ap_fixed<16,6,5,3,0>,47u>,config24>|  return value|
|ap_done                     |  out|    1|  ap_ctrl_hs|  normalize<array<ap_fixed,47u>,array<ap_fixed<16,6,5,3,0>,47u>,config24>|  return value|
|ap_continue                 |   in|    1|  ap_ctrl_hs|  normalize<array<ap_fixed,47u>,array<ap_fixed<16,6,5,3,0>,47u>,config24>|  return value|
|ap_idle                     |  out|    1|  ap_ctrl_hs|  normalize<array<ap_fixed,47u>,array<ap_fixed<16,6,5,3,0>,47u>,config24>|  return value|
|ap_ready                    |  out|    1|  ap_ctrl_hs|  normalize<array<ap_fixed,47u>,array<ap_fixed<16,6,5,3,0>,47u>,config24>|  return value|
|layer26_out_dout            |   in|  752|     ap_fifo|                                                              layer26_out|       pointer|
|layer26_out_empty_n         |   in|    1|     ap_fifo|                                                              layer26_out|       pointer|
|layer26_out_read            |  out|    1|     ap_fifo|                                                              layer26_out|       pointer|
|layer26_out_num_data_valid  |   in|    2|     ap_fifo|                                                              layer26_out|       pointer|
|layer26_out_fifo_cap        |   in|    2|     ap_fifo|                                                              layer26_out|       pointer|
|layer24_out_TDATA           |  out|  752|        axis|                                                              layer24_out|       pointer|
|layer24_out_TVALID          |  out|    1|        axis|                                                              layer24_out|       pointer|
|layer24_out_TREADY          |   in|    1|        axis|                                                              layer24_out|       pointer|
+----------------------------+-----+-----+------------+-------------------------------------------------------------------------+--------------+

