

================================================================
== Vitis HLS Report for 'normalize_array_ap_fixed_32u_array_ap_fixed_16_6_5_3_0_32u_config23_s'
================================================================
* Date:           Tue Oct  6 08:54:23 2026

* Version:        2026.1 (Build 6493734 on Jun 16 2026)
* Project:        myproject_prj
* Solution:       solution1
* Product family: artix7
* Target device:  xc7a35t-ftg256-1


================================================================
== Performance Estimates
================================================================
+ Timing: 
    * Summary: 
    +--------+---------+----------+------------+
    |  Clock |  Target | Estimated| Uncertainty|
    +--------+---------+----------+------------+
    |ap_clk  |  5.00 ns|  2.146 ns|     1.35 ns|
    +--------+---------+----------+------------+

+ Latency: 
    * Summary: 
    +---------+---------+-----------+-----------+-----+-----+---------+
    |  Latency (cycles) |   Latency (absolute)  |  Interval | Pipeline|
    |   min   |   max   |    min    |    max    | min | max |   Type  |
    +---------+---------+-----------+-----------+-----+-----+---------+
    |        2|        2|  19.631 ns|  19.631 ns|    2|    2|       no|
    +---------+---------+-----------+-----------+-----+-----+---------+

    + Detail: 
        * Instance: 
        N/A

        * Loop: 
        N/A



================================================================
== Utilization Estimates
================================================================
* Summary: 
+-----------------+---------+----+-------+-------+-----+
|       Name      | BRAM_18K| DSP|   FF  |  LUT  | URAM|
+-----------------+---------+----+-------+-------+-----+
|DSP              |        -|   -|      -|      -|    -|
|Expression       |        -|   -|      0|    738|    -|
|FIFO             |        -|   -|      -|      -|    -|
|Instance         |        -|   -|      -|      -|    -|
|Memory           |        -|   -|      -|      -|    -|
|Multiplexer      |        -|   -|      0|     53|    -|
|Register         |        -|   -|   1029|      -|    -|
+-----------------+---------+----+-------+-------+-----+
|Total            |        0|   0|   1029|    791|    0|
+-----------------+---------+----+-------+-------+-----+
|Available        |      100|  90|  41600|  20800|    0|
+-----------------+---------+----+-------+-------+-----+
|Utilization (%)  |        0|   0|      2|      3|    0|
+-----------------+---------+----+-------+-------+-----+

+ Detail: 
    * Instance: 
    N/A

    * DSP: 
    N/A

    * Memory: 
    N/A

    * FIFO: 
    N/A

    * Expression: 
    +-----------------------+----------+----+---+----+------------+------------+
    |     Variable Name     | Operation| DSP| FF| LUT| Bitwidth P0| Bitwidth P1|
    +-----------------------+----------+----+---+----+------------+------------+
    |add_ln42_47_fu_548_p2  |         +|   0|  0|  23|          16|           7|
    |add_ln42_48_fu_553_p2  |         +|   0|  0|  23|          16|           7|
    |add_ln42_49_fu_558_p2  |         +|   0|  0|  23|          16|           5|
    |add_ln42_50_fu_563_p2  |         +|   0|  0|  23|          16|           2|
    |add_ln42_51_fu_568_p2  |         +|   0|  0|  23|          16|           5|
    |add_ln42_52_fu_573_p2  |         +|   0|  0|  23|          16|           7|
    |add_ln42_53_fu_578_p2  |         +|   0|  0|  23|          16|           3|
    |add_ln42_54_fu_583_p2  |         +|   0|  0|  23|          16|           8|
    |add_ln42_55_fu_588_p2  |         +|   0|  0|  23|          16|           8|
    |add_ln42_56_fu_593_p2  |         +|   0|  0|  23|          16|           5|
    |add_ln42_57_fu_598_p2  |         +|   0|  0|  23|          16|           6|
    |add_ln42_58_fu_603_p2  |         +|   0|  0|  23|          16|           7|
    |add_ln42_59_fu_608_p2  |         +|   0|  0|  23|          16|           2|
    |add_ln42_60_fu_613_p2  |         +|   0|  0|  23|          16|           8|
    |add_ln42_61_fu_618_p2  |         +|   0|  0|  23|          16|           4|
    |add_ln42_62_fu_623_p2  |         +|   0|  0|  23|          16|           8|
    |add_ln42_63_fu_628_p2  |         +|   0|  0|  23|          16|           7|
    |add_ln42_64_fu_633_p2  |         +|   0|  0|  23|          16|           6|
    |add_ln42_65_fu_638_p2  |         +|   0|  0|  23|          16|           9|
    |add_ln42_66_fu_643_p2  |         +|   0|  0|  23|          16|           6|
    |add_ln42_67_fu_648_p2  |         +|   0|  0|  23|          16|           8|
    |add_ln42_68_fu_653_p2  |         +|   0|  0|  23|          16|           8|
    |add_ln42_69_fu_658_p2  |         +|   0|  0|  23|          16|           8|
    |add_ln42_70_fu_663_p2  |         +|   0|  0|  23|          16|           6|
    |add_ln42_71_fu_668_p2  |         +|   0|  0|  23|          16|           7|
    |add_ln42_72_fu_673_p2  |         +|   0|  0|  23|          16|           6|
    |add_ln42_73_fu_678_p2  |         +|   0|  0|  23|          16|           4|
    |add_ln42_74_fu_683_p2  |         +|   0|  0|  23|          16|           7|
    |add_ln42_75_fu_688_p2  |         +|   0|  0|  23|          16|           8|
    |add_ln42_76_fu_693_p2  |         +|   0|  0|  23|          16|           6|
    |add_ln42_77_fu_698_p2  |         +|   0|  0|  23|          16|           7|
    |add_ln42_fu_543_p2     |         +|   0|  0|  23|          16|           7|
    |ap_block_state1        |        or|   0|  0|   2|           1|           1|
    +-----------------------+----------+----+---+----+------------+------------+
    |Total                  |          |   0|  0| 738|         513|         203|
    +-----------------------+----------+----+---+----+------------+------------+

    * Multiplexer: 
    +-------------------+----+-----------+-----+-----------+
    |        Name       | LUT| Input Size| Bits| Total Bits|
    +-------------------+----+-----------+-----+-----------+
    |ap_NS_fsm          |  17|          4|    1|          4|
    |ap_done            |   9|          2|    1|          2|
    |layer23_out_blk_n  |   9|          2|    1|          2|
    |layer25_out_blk_n  |   9|          2|    1|          2|
    |real_start         |   9|          2|    1|          2|
    +-------------------+----+-----------+-----+-----------+
    |Total              |  53|         12|    5|         12|
    +-------------------+----+-----------+-----+-----------+

    * Register: 
    +-----------------------+----+----+-----+-----------+
    |          Name         | FF | LUT| Bits| Const Bits|
    +-----------------------+----+----+-----+-----------+
    |add_ln42_47_reg_905    |  16|   0|   16|          0|
    |add_ln42_48_reg_910    |  16|   0|   16|          0|
    |add_ln42_49_reg_915    |  16|   0|   16|          0|
    |add_ln42_50_reg_920    |  16|   0|   16|          0|
    |add_ln42_51_reg_925    |  16|   0|   16|          0|
    |add_ln42_52_reg_930    |  16|   0|   16|          0|
    |add_ln42_53_reg_935    |  16|   0|   16|          0|
    |add_ln42_54_reg_940    |  16|   0|   16|          0|
    |add_ln42_55_reg_945    |  16|   0|   16|          0|
    |add_ln42_56_reg_950    |  16|   0|   16|          0|
    |add_ln42_57_reg_955    |  16|   0|   16|          0|
    |add_ln42_58_reg_960    |  16|   0|   16|          0|
    |add_ln42_59_reg_965    |  16|   0|   16|          0|
    |add_ln42_60_reg_970    |  16|   0|   16|          0|
    |add_ln42_61_reg_975    |  16|   0|   16|          0|
    |add_ln42_62_reg_980    |  16|   0|   16|          0|
    |add_ln42_63_reg_985    |  16|   0|   16|          0|
    |add_ln42_64_reg_990    |  16|   0|   16|          0|
    |add_ln42_65_reg_995    |  16|   0|   16|          0|
    |add_ln42_66_reg_1000   |  16|   0|   16|          0|
    |add_ln42_67_reg_1005   |  16|   0|   16|          0|
    |add_ln42_68_reg_1010   |  16|   0|   16|          0|
    |add_ln42_69_reg_1015   |  16|   0|   16|          0|
    |add_ln42_70_reg_1020   |  16|   0|   16|          0|
    |add_ln42_71_reg_1025   |  16|   0|   16|          0|
    |add_ln42_72_reg_1030   |  16|   0|   16|          0|
    |add_ln42_73_reg_1035   |  16|   0|   16|          0|
    |add_ln42_74_reg_1040   |  16|   0|   16|          0|
    |add_ln42_75_reg_1045   |  16|   0|   16|          0|
    |add_ln42_76_reg_1050   |  16|   0|   16|          0|
    |add_ln42_77_reg_1055   |  16|   0|   16|          0|
    |add_ln42_reg_900       |  16|   0|   16|          0|
    |ap_CS_fsm              |   3|   0|    3|          0|
    |ap_done_reg            |   1|   0|    1|          0|
    |start_once_reg         |   1|   0|    1|          0|
    |trunc_ln28_46_reg_750  |  16|   0|   16|          0|
    |trunc_ln28_47_reg_755  |  16|   0|   16|          0|
    |trunc_ln28_48_reg_760  |  16|   0|   16|          0|
    |trunc_ln28_49_reg_765  |  16|   0|   16|          0|
    |trunc_ln28_50_reg_770  |  16|   0|   16|          0|
    |trunc_ln28_51_reg_775  |  16|   0|   16|          0|
    |trunc_ln28_52_reg_780  |  16|   0|   16|          0|
    |trunc_ln28_53_reg_785  |  16|   0|   16|          0|
    |trunc_ln28_54_reg_790  |  16|   0|   16|          0|
    |trunc_ln28_55_reg_795  |  16|   0|   16|          0|
    |trunc_ln28_56_reg_800  |  16|   0|   16|          0|
    |trunc_ln28_57_reg_805  |  16|   0|   16|          0|
    |trunc_ln28_58_reg_810  |  16|   0|   16|          0|
    |trunc_ln28_59_reg_815  |  16|   0|   16|          0|
    |trunc_ln28_60_reg_820  |  16|   0|   16|          0|
    |trunc_ln28_61_reg_825  |  16|   0|   16|          0|
    |trunc_ln28_62_reg_830  |  16|   0|   16|          0|
    |trunc_ln28_63_reg_835  |  16|   0|   16|          0|
    |trunc_ln28_64_reg_840  |  16|   0|   16|          0|
    |trunc_ln28_65_reg_845  |  16|   0|   16|          0|
    |trunc_ln28_66_reg_850  |  16|   0|   16|          0|
    |trunc_ln28_67_reg_855  |  16|   0|   16|          0|
    |trunc_ln28_68_reg_860  |  16|   0|   16|          0|
    |trunc_ln28_69_reg_865  |  16|   0|   16|          0|
    |trunc_ln28_70_reg_870  |  16|   0|   16|          0|
    |trunc_ln28_71_reg_875  |  16|   0|   16|          0|
    |trunc_ln28_72_reg_880  |  16|   0|   16|          0|
    |trunc_ln28_73_reg_885  |  16|   0|   16|          0|
    |trunc_ln28_74_reg_890  |  16|   0|   16|          0|
    |trunc_ln28_75_reg_895  |  16|   0|   16|          0|
    |trunc_ln28_reg_740     |  16|   0|   16|          0|
    |trunc_ln28_s_reg_745   |  16|   0|   16|          0|
    +-----------------------+----+----+-----+-----------+
    |Total                  |1029|   0| 1029|          0|
    +-----------------------+----+----+-----+-----------+



================================================================
== Interface
================================================================
* Summary: 
+----------------------------+-----+-----+------------+-------------------------------------------------------------------------+--------------+
|          RTL Ports         | Dir | Bits|  Protocol  |                              Source Object                              |    C Type    |
+----------------------------+-----+-----+------------+-------------------------------------------------------------------------+--------------+
|ap_clk                      |   in|    1|  ap_ctrl_hs|  normalize<array<ap_fixed,32u>,array<ap_fixed<16,6,5,3,0>,32u>,config23>|  return value|
|ap_rst                      |   in|    1|  ap_ctrl_hs|  normalize<array<ap_fixed,32u>,array<ap_fixed<16,6,5,3,0>,32u>,config23>|  return value|
|ap_start                    |   in|    1|  ap_ctrl_hs|  normalize<array<ap_fixed,32u>,array<ap_fixed<16,6,5,3,0>,32u>,config23>|  return value|
|start_full_n                |   in|    1|  ap_ctrl_hs|  normalize<array<ap_fixed,32u>,array<ap_fixed<16,6,5,3,0>,32u>,config23>|  return value|
|ap_done                     |  out|    1|  ap_ctrl_hs|  normalize<array<ap_fixed,32u>,array<ap_fixed<16,6,5,3,0>,32u>,config23>|  return value|
|ap_continue                 |   in|    1|  ap_ctrl_hs|  normalize<array<ap_fixed,32u>,array<ap_fixed<16,6,5,3,0>,32u>,config23>|  return value|
|ap_idle                     |  out|    1|  ap_ctrl_hs|  normalize<array<ap_fixed,32u>,array<ap_fixed<16,6,5,3,0>,32u>,config23>|  return value|
|ap_ready                    |  out|    1|  ap_ctrl_hs|  normalize<array<ap_fixed,32u>,array<ap_fixed<16,6,5,3,0>,32u>,config23>|  return value|
|start_out                   |  out|    1|  ap_ctrl_hs|  normalize<array<ap_fixed,32u>,array<ap_fixed<16,6,5,3,0>,32u>,config23>|  return value|
|start_write                 |  out|    1|  ap_ctrl_hs|  normalize<array<ap_fixed,32u>,array<ap_fixed<16,6,5,3,0>,32u>,config23>|  return value|
|layer25_out_dout            |   in|  512|     ap_fifo|                                                              layer25_out|       pointer|
|layer25_out_empty_n         |   in|    1|     ap_fifo|                                                              layer25_out|       pointer|
|layer25_out_read            |  out|    1|     ap_fifo|                                                              layer25_out|       pointer|
|layer25_out_num_data_valid  |   in|    2|     ap_fifo|                                                              layer25_out|       pointer|
|layer25_out_fifo_cap        |   in|    2|     ap_fifo|                                                              layer25_out|       pointer|
|layer23_out_din             |  out|  512|     ap_fifo|                                                              layer23_out|       pointer|
|layer23_out_full_n          |   in|    1|     ap_fifo|                                                              layer23_out|       pointer|
|layer23_out_write           |  out|    1|     ap_fifo|                                                              layer23_out|       pointer|
|layer23_out_num_data_valid  |   in|    2|     ap_fifo|                                                              layer23_out|       pointer|
|layer23_out_fifo_cap        |   in|    2|     ap_fifo|                                                              layer23_out|       pointer|
+----------------------------+-----+-----+------------+-------------------------------------------------------------------------+--------------+

