

================================================================
== Vitis HLS Report for 'relu_array_ap_fixed_32u_array_ap_fixed_16_6_5_3_0_32u_ReLU_config20_s'
================================================================
* Date:           Tue Oct  6 08:54:24 2026

* Version:        2026.1 (Build 6493734 on Jun 16 2026)
* Project:        myproject_prj
* Solution:       solution1
* Product family: artix7
* Target device:  xc7a35t-ftg256-1


================================================================
== Performance Estimates
================================================================
+ Timing: 
    * Summary: 
    +--------+---------+----------+------------+
    |  Clock |  Target | Estimated| Uncertainty|
    +--------+---------+----------+------------+
    |ap_clk  |  5.00 ns|  3.141 ns|     1.35 ns|
    +--------+---------+----------+------------+

+ Latency: 
    * Summary: 
    +---------+---------+-----------+-----------+-----+-----+---------+
    |  Latency (cycles) |   Latency (absolute)  |  Interval | Pipeline|
    |   min   |   max   |    min    |    max    | min | max |   Type  |
    +---------+---------+-----------+-----------+-----+-----+---------+
    |        2|        2|  19.631 ns|  19.631 ns|    2|    2|       no|
    +---------+---------+-----------+-----------+-----+-----+---------+

    + Detail: 
        * Instance: 
        N/A

        * Loop: 
        N/A



================================================================
== Utilization Estimates
================================================================
* Summary: 
+-----------------+---------+----+-------+-------+-----+
|       Name      | BRAM_18K| DSP|   FF  |  LUT  | URAM|
+-----------------+---------+----+-------+-------+-----+
|DSP              |        -|   -|      -|      -|    -|
|Expression       |        -|   -|      0|   1218|    -|
|FIFO             |        -|   -|      -|      -|    -|
|Instance         |        -|   -|      -|      -|    -|
|Memory           |        -|   -|      -|      -|    -|
|Multiplexer      |        -|   -|      0|     53|    -|
|Register         |        -|   -|   1477|      -|    -|
+-----------------+---------+----+-------+-------+-----+
|Total            |        0|   0|   1477|   1271|    0|
+-----------------+---------+----+-------+-------+-----+
|Available        |      100|  90|  41600|  20800|    0|
+-----------------+---------+----+-------+-------+-----+
|Utilization (%)  |        0|   0|      3|      6|    0|
+-----------------+---------+----+-------+-------+-----+

+ Detail: 
    * Instance: 
    N/A

    * DSP: 
    N/A

    * Memory: 
    N/A

    * FIFO: 
    N/A

    * Expression: 
    +---------------------------+----------+----+---+----+------------+------------+
    |       Variable Name       | Operation| DSP| FF| LUT| Bitwidth P0| Bitwidth P1|
    +---------------------------+----------+----+---+----+------------+------------+
    |icmp_ln51_10_fu_891_p2     |      icmp|   0|  0|  23|          16|           1|
    |icmp_ln51_11_fu_903_p2     |      icmp|   0|  0|  23|          16|           1|
    |icmp_ln51_12_fu_915_p2     |      icmp|   0|  0|  23|          16|           1|
    |icmp_ln51_13_fu_927_p2     |      icmp|   0|  0|  23|          16|           1|
    |icmp_ln51_14_fu_939_p2     |      icmp|   0|  0|  23|          16|           1|
    |icmp_ln51_15_fu_951_p2     |      icmp|   0|  0|  23|          16|           1|
    |icmp_ln51_16_fu_963_p2     |      icmp|   0|  0|  23|          16|           1|
    |icmp_ln51_17_fu_975_p2     |      icmp|   0|  0|  23|          16|           1|
    |icmp_ln51_18_fu_987_p2     |      icmp|   0|  0|  23|          16|           1|
    |icmp_ln51_19_fu_999_p2     |      icmp|   0|  0|  23|          16|           1|
    |icmp_ln51_20_fu_1011_p2    |      icmp|   0|  0|  23|          16|           1|
    |icmp_ln51_21_fu_1023_p2    |      icmp|   0|  0|  23|          16|           1|
    |icmp_ln51_22_fu_1035_p2    |      icmp|   0|  0|  23|          16|           1|
    |icmp_ln51_23_fu_1047_p2    |      icmp|   0|  0|  23|          16|           1|
    |icmp_ln51_24_fu_1059_p2    |      icmp|   0|  0|  23|          16|           1|
    |icmp_ln51_25_fu_1071_p2    |      icmp|   0|  0|  23|          16|           1|
    |icmp_ln51_26_fu_1083_p2    |      icmp|   0|  0|  23|          16|           1|
    |icmp_ln51_27_fu_1095_p2    |      icmp|   0|  0|  23|          16|           1|
    |icmp_ln51_28_fu_1107_p2    |      icmp|   0|  0|  23|          16|           1|
    |icmp_ln51_29_fu_1119_p2    |      icmp|   0|  0|  23|          16|           1|
    |icmp_ln51_30_fu_1131_p2    |      icmp|   0|  0|  23|          16|           1|
    |icmp_ln51_31_fu_1143_p2    |      icmp|   0|  0|  23|          16|           1|
    |icmp_ln51_32_fu_1155_p2    |      icmp|   0|  0|  23|          16|           1|
    |icmp_ln51_33_fu_1167_p2    |      icmp|   0|  0|  23|          16|           1|
    |icmp_ln51_34_fu_1179_p2    |      icmp|   0|  0|  23|          16|           1|
    |icmp_ln51_35_fu_1191_p2    |      icmp|   0|  0|  23|          16|           1|
    |icmp_ln51_36_fu_1203_p2    |      icmp|   0|  0|  23|          16|           1|
    |icmp_ln51_37_fu_1215_p2    |      icmp|   0|  0|  23|          16|           1|
    |icmp_ln51_38_fu_1227_p2    |      icmp|   0|  0|  23|          16|           1|
    |icmp_ln51_8_fu_867_p2      |      icmp|   0|  0|  23|          16|           1|
    |icmp_ln51_9_fu_879_p2      |      icmp|   0|  0|  23|          16|           1|
    |icmp_ln51_fu_855_p2        |      icmp|   0|  0|  23|          16|           1|
    |ap_block_state1            |        or|   0|  0|   2|           1|           1|
    |select_ln51_10_fu_896_p3   |    select|   0|  0|  15|           1|          15|
    |select_ln51_11_fu_908_p3   |    select|   0|  0|  15|           1|          15|
    |select_ln51_12_fu_920_p3   |    select|   0|  0|  15|           1|          15|
    |select_ln51_13_fu_932_p3   |    select|   0|  0|  15|           1|          15|
    |select_ln51_14_fu_944_p3   |    select|   0|  0|  15|           1|          15|
    |select_ln51_15_fu_956_p3   |    select|   0|  0|  15|           1|          15|
    |select_ln51_16_fu_968_p3   |    select|   0|  0|  15|           1|          15|
    |select_ln51_17_fu_980_p3   |    select|   0|  0|  15|           1|          15|
    |select_ln51_18_fu_992_p3   |    select|   0|  0|  15|           1|          15|
    |select_ln51_19_fu_1004_p3  |    select|   0|  0|  15|           1|          15|
    |select_ln51_20_fu_1016_p3  |    select|   0|  0|  15|           1|          15|
    |select_ln51_21_fu_1028_p3  |    select|   0|  0|  15|           1|          15|
    |select_ln51_22_fu_1040_p3  |    select|   0|  0|  15|           1|          15|
    |select_ln51_23_fu_1052_p3  |    select|   0|  0|  15|           1|          15|
    |select_ln51_24_fu_1064_p3  |    select|   0|  0|  15|           1|          15|
    |select_ln51_25_fu_1076_p3  |    select|   0|  0|  15|           1|          15|
    |select_ln51_26_fu_1088_p3  |    select|   0|  0|  15|           1|          15|
    |select_ln51_27_fu_1100_p3  |    select|   0|  0|  15|           1|          15|
    |select_ln51_28_fu_1112_p3  |    select|   0|  0|  15|           1|          15|
    |select_ln51_29_fu_1124_p3  |    select|   0|  0|  15|           1|          15|
    |select_ln51_30_fu_1136_p3  |    select|   0|  0|  15|           1|          15|
    |select_ln51_31_fu_1148_p3  |    select|   0|  0|  15|           1|          15|
    |select_ln51_32_fu_1160_p3  |    select|   0|  0|  15|           1|          15|
    |select_ln51_33_fu_1172_p3  |    select|   0|  0|  15|           1|          15|
    |select_ln51_34_fu_1184_p3  |    select|   0|  0|  15|           1|          15|
    |select_ln51_35_fu_1196_p3  |    select|   0|  0|  15|           1|          15|
    |select_ln51_36_fu_1208_p3  |    select|   0|  0|  15|           1|          15|
    |select_ln51_37_fu_1220_p3  |    select|   0|  0|  15|           1|          15|
    |select_ln51_38_fu_1232_p3  |    select|   0|  0|  15|           1|          15|
    |select_ln51_8_fu_872_p3    |    select|   0|  0|  15|           1|          15|
    |select_ln51_9_fu_884_p3    |    select|   0|  0|  15|           1|          15|
    |select_ln51_fu_860_p3      |    select|   0|  0|  15|           1|          15|
    +---------------------------+----------+----+---+----+------------+------------+
    |Total                      |          |   0|  0|1218|         545|         513|
    +---------------------------+----------+----+---+----+------------+------------+

    * Multiplexer: 
    +-------------------+----+-----------+-----+-----------+
    |        Name       | LUT| Input Size| Bits| Total Bits|
    +-------------------+----+-----------+-----+-----------+
    |ap_NS_fsm          |  17|          4|    1|          4|
    |ap_done            |   9|          2|    1|          2|
    |layer20_out_blk_n  |   9|          2|    1|          2|
    |layer23_out_blk_n  |   9|          2|    1|          2|
    |real_start         |   9|          2|    1|          2|
    +-------------------+----+-----------+-----+-----------+
    |Total              |  53|         12|    5|         12|
    +-------------------+----+-----------+-----+-----------+

    * Register: 
    +-------------------------+----+----+-----+-----------+
    |           Name          | FF | LUT| Bits| Const Bits|
    +-------------------------+----+----+-----+-----------+
    |ap_CS_fsm                |   3|   0|    3|          0|
    |ap_done_reg              |   1|   0|    1|          0|
    |select_ln51_10_reg_1739  |  15|   0|   15|          0|
    |select_ln51_11_reg_1744  |  15|   0|   15|          0|
    |select_ln51_12_reg_1749  |  15|   0|   15|          0|
    |select_ln51_13_reg_1754  |  15|   0|   15|          0|
    |select_ln51_14_reg_1759  |  15|   0|   15|          0|
    |select_ln51_15_reg_1764  |  15|   0|   15|          0|
    |select_ln51_16_reg_1769  |  15|   0|   15|          0|
    |select_ln51_17_reg_1774  |  15|   0|   15|          0|
    |select_ln51_18_reg_1779  |  15|   0|   15|          0|
    |select_ln51_19_reg_1784  |  15|   0|   15|          0|
    |select_ln51_20_reg_1789  |  15|   0|   15|          0|
    |select_ln51_21_reg_1794  |  15|   0|   15|          0|
    |select_ln51_22_reg_1799  |  15|   0|   15|          0|
    |select_ln51_23_reg_1804  |  15|   0|   15|          0|
    |select_ln51_24_reg_1809  |  15|   0|   15|          0|
    |select_ln51_25_reg_1814  |  15|   0|   15|          0|
    |select_ln51_26_reg_1819  |  15|   0|   15|          0|
    |select_ln51_27_reg_1824  |  15|   0|   15|          0|
    |select_ln51_28_reg_1829  |  15|   0|   15|          0|
    |select_ln51_29_reg_1834  |  15|   0|   15|          0|
    |select_ln51_30_reg_1839  |  15|   0|   15|          0|
    |select_ln51_31_reg_1844  |  15|   0|   15|          0|
    |select_ln51_32_reg_1849  |  15|   0|   15|          0|
    |select_ln51_33_reg_1854  |  15|   0|   15|          0|
    |select_ln51_34_reg_1859  |  15|   0|   15|          0|
    |select_ln51_35_reg_1864  |  15|   0|   15|          0|
    |select_ln51_36_reg_1869  |  15|   0|   15|          0|
    |select_ln51_37_reg_1874  |  15|   0|   15|          0|
    |select_ln51_38_reg_1879  |  15|   0|   15|          0|
    |select_ln51_8_reg_1729   |  15|   0|   15|          0|
    |select_ln51_9_reg_1734   |  15|   0|   15|          0|
    |select_ln51_reg_1724     |  15|   0|   15|          0|
    |start_once_reg           |   1|   0|    1|          0|
    |trunc_ln2_reg_1719       |  15|   0|   15|          0|
    |trunc_ln44_10_reg_1434   |  16|   0|   16|          0|
    |trunc_ln44_11_reg_1444   |  16|   0|   16|          0|
    |trunc_ln44_12_reg_1454   |  16|   0|   16|          0|
    |trunc_ln44_13_reg_1464   |  16|   0|   16|          0|
    |trunc_ln44_14_reg_1474   |  16|   0|   16|          0|
    |trunc_ln44_15_reg_1484   |  16|   0|   16|          0|
    |trunc_ln44_16_reg_1494   |  16|   0|   16|          0|
    |trunc_ln44_17_reg_1504   |  16|   0|   16|          0|
    |trunc_ln44_18_reg_1514   |  16|   0|   16|          0|
    |trunc_ln44_19_reg_1524   |  16|   0|   16|          0|
    |trunc_ln44_20_reg_1534   |  16|   0|   16|          0|
    |trunc_ln44_21_reg_1544   |  16|   0|   16|          0|
    |trunc_ln44_22_reg_1554   |  16|   0|   16|          0|
    |trunc_ln44_23_reg_1564   |  16|   0|   16|          0|
    |trunc_ln44_24_reg_1574   |  16|   0|   16|          0|
    |trunc_ln44_25_reg_1584   |  16|   0|   16|          0|
    |trunc_ln44_26_reg_1594   |  16|   0|   16|          0|
    |trunc_ln44_27_reg_1604   |  16|   0|   16|          0|
    |trunc_ln44_28_reg_1614   |  16|   0|   16|          0|
    |trunc_ln44_29_reg_1624   |  16|   0|   16|          0|
    |trunc_ln44_30_reg_1634   |  16|   0|   16|          0|
    |trunc_ln44_31_reg_1644   |  16|   0|   16|          0|
    |trunc_ln44_32_reg_1654   |  16|   0|   16|          0|
    |trunc_ln44_33_reg_1664   |  16|   0|   16|          0|
    |trunc_ln44_34_reg_1674   |  16|   0|   16|          0|
    |trunc_ln44_35_reg_1684   |  16|   0|   16|          0|
    |trunc_ln44_36_reg_1694   |  16|   0|   16|          0|
    |trunc_ln44_37_reg_1704   |  16|   0|   16|          0|
    |trunc_ln44_38_reg_1714   |  16|   0|   16|          0|
    |trunc_ln44_39_reg_1429   |  15|   0|   15|          0|
    |trunc_ln44_40_reg_1439   |  15|   0|   15|          0|
    |trunc_ln44_41_reg_1449   |  15|   0|   15|          0|
    |trunc_ln44_42_reg_1459   |  15|   0|   15|          0|
    |trunc_ln44_43_reg_1469   |  15|   0|   15|          0|
    |trunc_ln44_44_reg_1479   |  15|   0|   15|          0|
    |trunc_ln44_45_reg_1489   |  15|   0|   15|          0|
    |trunc_ln44_46_reg_1499   |  15|   0|   15|          0|
    |trunc_ln44_47_reg_1509   |  15|   0|   15|          0|
    |trunc_ln44_48_reg_1519   |  15|   0|   15|          0|
    |trunc_ln44_49_reg_1529   |  15|   0|   15|          0|
    |trunc_ln44_50_reg_1539   |  15|   0|   15|          0|
    |trunc_ln44_51_reg_1549   |  15|   0|   15|          0|
    |trunc_ln44_52_reg_1559   |  15|   0|   15|          0|
    |trunc_ln44_53_reg_1569   |  15|   0|   15|          0|
    |trunc_ln44_54_reg_1579   |  15|   0|   15|          0|
    |trunc_ln44_55_reg_1589   |  15|   0|   15|          0|
    |trunc_ln44_56_reg_1599   |  15|   0|   15|          0|
    |trunc_ln44_57_reg_1609   |  15|   0|   15|          0|
    |trunc_ln44_58_reg_1619   |  15|   0|   15|          0|
    |trunc_ln44_59_reg_1629   |  15|   0|   15|          0|
    |trunc_ln44_60_reg_1639   |  15|   0|   15|          0|
    |trunc_ln44_61_reg_1649   |  15|   0|   15|          0|
    |trunc_ln44_62_reg_1659   |  15|   0|   15|          0|
    |trunc_ln44_63_reg_1669   |  15|   0|   15|          0|
    |trunc_ln44_64_reg_1679   |  15|   0|   15|          0|
    |trunc_ln44_65_reg_1689   |  15|   0|   15|          0|
    |trunc_ln44_66_reg_1699   |  15|   0|   15|          0|
    |trunc_ln44_67_reg_1709   |  15|   0|   15|          0|
    |trunc_ln44_69_reg_1409   |  15|   0|   15|          0|
    |trunc_ln44_8_reg_1414    |  16|   0|   16|          0|
    |trunc_ln44_9_reg_1424    |  16|   0|   16|          0|
    |trunc_ln44_reg_1404      |  16|   0|   16|          0|
    |trunc_ln44_s_reg_1419    |  15|   0|   15|          0|
    +-------------------------+----+----+-----+-----------+
    |Total                    |1477|   0| 1477|          0|
    +-------------------------+----+----+-----+-----------+



================================================================
== Interface
================================================================
* Summary: 
+----------------------------+-----+-----+------------+-------------------------------------------------------------------------+--------------+
|          RTL Ports         | Dir | Bits|  Protocol  |                              Source Object                              |    C Type    |
+----------------------------+-----+-----+------------+-------------------------------------------------------------------------+--------------+
|ap_clk                      |   in|    1|  ap_ctrl_hs|  relu<array<ap_fixed,32u>,array<ap_fixed<16,6,5,3,0>,32u>,ReLU_config20>|  return value|
|ap_rst                      |   in|    1|  ap_ctrl_hs|  relu<array<ap_fixed,32u>,array<ap_fixed<16,6,5,3,0>,32u>,ReLU_config20>|  return value|
|ap_start                    |   in|    1|  ap_ctrl_hs|  relu<array<ap_fixed,32u>,array<ap_fixed<16,6,5,3,0>,32u>,ReLU_config20>|  return value|
|start_full_n                |   in|    1|  ap_ctrl_hs|  relu<array<ap_fixed,32u>,array<ap_fixed<16,6,5,3,0>,32u>,ReLU_config20>|  return value|
|ap_done                     |  out|    1|  ap_ctrl_hs|  relu<array<ap_fixed,32u>,array<ap_fixed<16,6,5,3,0>,32u>,ReLU_config20>|  return value|
|ap_continue                 |   in|    1|  ap_ctrl_hs|  relu<array<ap_fixed,32u>,array<ap_fixed<16,6,5,3,0>,32u>,ReLU_config20>|  return value|
|ap_idle                     |  out|    1|  ap_ctrl_hs|  relu<array<ap_fixed,32u>,array<ap_fixed<16,6,5,3,0>,32u>,ReLU_config20>|  return value|
|ap_ready                    |  out|    1|  ap_ctrl_hs|  relu<array<ap_fixed,32u>,array<ap_fixed<16,6,5,3,0>,32u>,ReLU_config20>|  return value|
|start_out                   |  out|    1|  ap_ctrl_hs|  relu<array<ap_fixed,32u>,array<ap_fixed<16,6,5,3,0>,32u>,ReLU_config20>|  return value|
|start_write                 |  out|    1|  ap_ctrl_hs|  relu<array<ap_fixed,32u>,array<ap_fixed<16,6,5,3,0>,32u>,ReLU_config20>|  return value|
|layer23_out_dout            |   in|  512|     ap_fifo|                                                              layer23_out|       pointer|
|layer23_out_empty_n         |   in|    1|     ap_fifo|                                                              layer23_out|       pointer|
|layer23_out_read            |  out|    1|     ap_fifo|                                                              layer23_out|       pointer|
|layer23_out_num_data_valid  |   in|    2|     ap_fifo|                                                              layer23_out|       pointer|
|layer23_out_fifo_cap        |   in|    2|     ap_fifo|                                                              layer23_out|       pointer|
|layer20_out_din             |  out|  512|     ap_fifo|                                                              layer20_out|       pointer|
|layer20_out_full_n          |   in|    1|     ap_fifo|                                                              layer20_out|       pointer|
|layer20_out_write           |  out|    1|     ap_fifo|                                                              layer20_out|       pointer|
|layer20_out_num_data_valid  |   in|    2|     ap_fifo|                                                              layer20_out|       pointer|
|layer20_out_fifo_cap        |   in|    2|     ap_fifo|                                                              layer20_out|       pointer|
+----------------------------+-----+-----+------------+-------------------------------------------------------------------------+--------------+

