

================================================================
== Vitis HLS Report for 'transpose_array_ap_fixed_28u_array_ap_fixed_16_6_5_3_0_1u_config10_s'
================================================================
* Date:           Tue Oct  6 08:54:09 2026

* Version:        2026.1 (Build 6493734 on Jun 16 2026)
* Project:        myproject_prj
* Solution:       solution1
* Product family: artix7
* Target device:  xc7a35t-ftg256-1


================================================================
== Performance Estimates
================================================================
+ Timing: 
    * Summary: 
    +--------+---------+----------+------------+
    |  Clock |  Target | Estimated| Uncertainty|
    +--------+---------+----------+------------+
    |ap_clk  |  5.00 ns|  5.082 ns|     1.35 ns|
    +--------+---------+----------+------------+

+ Latency: 
    * Summary: 
    +---------+---------+-----------+-----------+------+------+---------+
    |  Latency (cycles) |   Latency (absolute)  |   Interval  | Pipeline|
    |   min   |   max   |    min    |    max    |  min |  max |   Type  |
    +---------+---------+-----------+-----------+------+------+---------+
    |     1605|     1605|  15.754 us|  15.754 us|  1605|  1605|       no|
    +---------+---------+-----------+-----------+------+------+---------+

    + Detail: 
        * Instance: 
        +---------------------------------------------------------------------------------+---------------------------------------------------------------------+---------+---------+-----------+-----------+-----+-----+-------------------+
        |                                                                                 |                                                                     |  Latency (cycles) |   Latency (absolute)  |  Interval |      Pipeline     |
        |                                     Instance                                    |                                Module                               |   min   |   max   |    min    |    max    | min | max |        Type       |
        +---------------------------------------------------------------------------------+---------------------------------------------------------------------+---------+---------+-----------+-----------+-----+-----+-------------------+
        |grp_transpose_array_array_ap_fixed_1u_config10_Pipeline_VITIS_LOOP_45_1_fu_3164  |transpose_array_array_ap_fixed_1u_config10_Pipeline_VITIS_LOOP_45_1  |       30|       30|   0.294 us|   0.294 us|    0|    0|  loop pipeline stp|
        |grp_transpose_array_array_ap_fixed_1u_config10_Pipeline_VITIS_LOOP_54_3_fu_3954  |transpose_array_array_ap_fixed_1u_config10_Pipeline_VITIS_LOOP_54_3  |     1571|     1571|  15.421 us|  15.421 us|    0|    0|  loop pipeline stp|
        +---------------------------------------------------------------------------------+---------------------------------------------------------------------+---------+---------+-----------+-----------+-----+-----+-------------------+

        * Loop: 
        N/A



================================================================
== Utilization Estimates
================================================================
* Summary: 
+-----------------+---------+----+-------+-------+-----+
|       Name      | BRAM_18K| DSP|   FF  |  LUT  | URAM|
+-----------------+---------+----+-------+-------+-----+
|DSP              |        -|   -|      -|      -|    -|
|Expression       |        -|   -|      0|      2|    -|
|FIFO             |        -|   -|      -|      -|    -|
|Instance         |        -|   -|  12604|   2870|    -|
|Memory           |        -|   -|      -|      -|    -|
|Multiplexer      |        -|   -|      0|     52|    -|
|Register         |        -|   -|      9|      -|    -|
+-----------------+---------+----+-------+-------+-----+
|Total            |        0|   0|  12613|   2924|    0|
+-----------------+---------+----+-------+-------+-----+
|Available        |      100|  90|  41600|  20800|    0|
+-----------------+---------+----+-------+-------+-----+
|Utilization (%)  |        0|   0|     30|     14|    0|
+-----------------+---------+----+-------+-------+-----+

+ Detail: 
    * Instance: 
    +---------------------------------------------------------------------------------+---------------------------------------------------------------------+---------+----+-------+------+-----+
    |                                     Instance                                    |                                Module                               | BRAM_18K| DSP|   FF  |  LUT | URAM|
    +---------------------------------------------------------------------------------+---------------------------------------------------------------------+---------+----+-------+------+-----+
    |grp_transpose_array_array_ap_fixed_1u_config10_Pipeline_VITIS_LOOP_45_1_fu_3164  |transpose_array_array_ap_fixed_1u_config10_Pipeline_VITIS_LOOP_45_1  |        0|   0|  12562|    79|    0|
    |grp_transpose_array_array_ap_fixed_1u_config10_Pipeline_VITIS_LOOP_54_3_fu_3954  |transpose_array_array_ap_fixed_1u_config10_Pipeline_VITIS_LOOP_54_3  |        0|   0|     42|  2791|    0|
    +---------------------------------------------------------------------------------+---------------------------------------------------------------------+---------+----+-------+------+-----+
    |Total                                                                            |                                                                     |        0|   0|  12604|  2870|    0|
    +---------------------------------------------------------------------------------+---------------------------------------------------------------------+---------+----+-------+------+-----+

    * DSP: 
    N/A

    * Memory: 
    N/A

    * FIFO: 
    N/A

    * Expression: 
    +-----------------+----------+----+---+----+------------+------------+
    |  Variable Name  | Operation| DSP| FF| LUT| Bitwidth P0| Bitwidth P1|
    +-----------------+----------+----+---+----+------------+------------+
    |ap_block_state1  |        or|   0|  0|   2|           1|           1|
    +-----------------+----------+----+---+----+------------+------------+
    |Total            |          |   0|  0|   2|           1|           1|
    +-----------------+----------+----+---+----+------------+------------+

    * Multiplexer: 
    +-------------------------------+----+-----------+-----+-----------+
    |              Name             | LUT| Input Size| Bits| Total Bits|
    +-------------------------------+----+-----------+-----+-----------+
    |ap_NS_fsm                      |  25|          6|    1|          6|
    |ap_done                        |   9|          2|    1|          2|
    |global_in_TREADY_int_regslice  |   9|          2|    1|          2|
    |real_start                     |   9|          2|    1|          2|
    +-------------------------------+----+-----------+-----+-----------+
    |Total                          |  52|         12|    4|         12|
    +-------------------------------+----+-----------+-----+-----------+

    * Register: 
    +----------------------------------------------------------------------------------------------+---+----+-----+-----------+
    |                                             Name                                             | FF| LUT| Bits| Const Bits|
    +----------------------------------------------------------------------------------------------+---+----+-----+-----------+
    |ap_CS_fsm                                                                                     |  5|   0|    5|          0|
    |ap_done_reg                                                                                   |  1|   0|    1|          0|
    |grp_transpose_array_array_ap_fixed_1u_config10_Pipeline_VITIS_LOOP_45_1_fu_3164_ap_start_reg  |  1|   0|    1|          0|
    |grp_transpose_array_array_ap_fixed_1u_config10_Pipeline_VITIS_LOOP_54_3_fu_3954_ap_start_reg  |  1|   0|    1|          0|
    |start_once_reg                                                                                |  1|   0|    1|          0|
    +----------------------------------------------------------------------------------------------+---+----+-----+-----------+
    |Total                                                                                         |  9|   0|    9|          0|
    +----------------------------------------------------------------------------------------------+---+----+-----+-----------+



================================================================
== Interface
================================================================
* Summary: 
+----------------------------+-----+-----+------------+------------------------------------------------------------------------+--------------+
|          RTL Ports         | Dir | Bits|  Protocol  |                              Source Object                             |    C Type    |
+----------------------------+-----+-----+------------+------------------------------------------------------------------------+--------------+
|ap_clk                      |   in|    1|  ap_ctrl_hs|  transpose<array<ap_fixed,28u>,array<ap_fixed<16,6,5,3,0>,1u>,config10>|  return value|
|ap_rst                      |   in|    1|  ap_ctrl_hs|  transpose<array<ap_fixed,28u>,array<ap_fixed<16,6,5,3,0>,1u>,config10>|  return value|
|ap_start                    |   in|    1|  ap_ctrl_hs|  transpose<array<ap_fixed,28u>,array<ap_fixed<16,6,5,3,0>,1u>,config10>|  return value|
|start_full_n                |   in|    1|  ap_ctrl_hs|  transpose<array<ap_fixed,28u>,array<ap_fixed<16,6,5,3,0>,1u>,config10>|  return value|
|ap_done                     |  out|    1|  ap_ctrl_hs|  transpose<array<ap_fixed,28u>,array<ap_fixed<16,6,5,3,0>,1u>,config10>|  return value|
|ap_continue                 |   in|    1|  ap_ctrl_hs|  transpose<array<ap_fixed,28u>,array<ap_fixed<16,6,5,3,0>,1u>,config10>|  return value|
|ap_idle                     |  out|    1|  ap_ctrl_hs|  transpose<array<ap_fixed,28u>,array<ap_fixed<16,6,5,3,0>,1u>,config10>|  return value|
|ap_ready                    |  out|    1|  ap_ctrl_hs|  transpose<array<ap_fixed,28u>,array<ap_fixed<16,6,5,3,0>,1u>,config10>|  return value|
|start_out                   |  out|    1|  ap_ctrl_hs|  transpose<array<ap_fixed,28u>,array<ap_fixed<16,6,5,3,0>,1u>,config10>|  return value|
|start_write                 |  out|    1|  ap_ctrl_hs|  transpose<array<ap_fixed,28u>,array<ap_fixed<16,6,5,3,0>,1u>,config10>|  return value|
|global_in_TDATA             |   in|  448|        axis|                                                               global_in|       pointer|
|global_in_TVALID            |   in|    1|        axis|                                                               global_in|       pointer|
|global_in_TREADY            |  out|    1|        axis|                                                               global_in|       pointer|
|layer10_out_din             |  out|   16|     ap_fifo|                                                             layer10_out|       pointer|
|layer10_out_full_n          |   in|    1|     ap_fifo|                                                             layer10_out|       pointer|
|layer10_out_write           |  out|    1|     ap_fifo|                                                             layer10_out|       pointer|
|layer10_out_num_data_valid  |   in|   32|     ap_fifo|                                                             layer10_out|       pointer|
|layer10_out_fifo_cap        |   in|   32|     ap_fifo|                                                             layer10_out|       pointer|
+----------------------------+-----+-----+------------+------------------------------------------------------------------------+--------------+

