

================================================================
== Vitis HLS Report for 'compute_output_buffer_2d_array_array_ap_fixed_16_6_5_3_0_4u_config27_s'
================================================================
* Date:           Tue Oct  6 15:38:36 2026

* Version:        2026.1 (Build 6493734 on Jun 16 2026)
* Project:        myproject_prj
* Solution:       solution1
* Product family: artix7
* Target device:  xc7a35t-ftg256-1


================================================================
== Performance Estimates
================================================================
+ Timing: 
    * Summary: 
    +--------+---------+-----------+------------+
    |  Clock |  Target | Estimated | Uncertainty|
    +--------+---------+-----------+------------+
    |ap_clk  |  5.00 ns|  10.198 ns|     1.35 ns|
    +--------+---------+-----------+------------+

+ Latency: 
    * Summary: 
    +---------+---------+-----------+----------+-----+-----+---------+
    |  Latency (cycles) |  Latency (absolute)  |  Interval | Pipeline|
    |   min   |   max   |    min    |    max   | min | max |   Type  |
    +---------+---------+-----------+----------+-----+-----+---------+
    |        4|       45|  50.229 ns|  0.565 us|    4|   45|       no|
    +---------+---------+-----------+----------+-----+-----+---------+

    + Detail: 
        * Instance: 
        +---------------------------------------------------------------------------------------+----------------------------------------------------------------------------+---------+---------+----------+----------+-----+-----+------------------------------------+
        |                                                                                       |                                                                            |  Latency (cycles) |  Latency (absolute) |  Interval |              Pipeline              |
        |                                        Instance                                       |                                   Module                                   |   min   |   max   |    min   |    max   | min | max |                Type                |
        +---------------------------------------------------------------------------------------+----------------------------------------------------------------------------+---------+---------+----------+----------+-----+-----+------------------------------------+
        |call_ln281_shift_line_buffer_array_ap_fixed_16_6_5_3_0_1u_config27_s_fu_93             |shift_line_buffer_array_ap_fixed_16_6_5_3_0_1u_config27_s                   |        0|        0|      0 ns|      0 ns|    1|    1|                                 yes|
        |grp_dense_resource_rf_gt_nin_rem0_ap_fixed_ap_fixed_16_6_5_3_0_config27_mult_s_fu_121  |dense_resource_rf_gt_nin_rem0_ap_fixed_ap_fixed_16_6_5_3_0_config27_mult_s  |       38|       39|  0.477 us|  0.490 us|   36|   36|  loop rewind stp (delay=0 cycle(s))|
        +---------------------------------------------------------------------------------------+----------------------------------------------------------------------------+---------+---------+----------+----------+-----+-----+------------------------------------+

        * Loop: 
        N/A



================================================================
== Utilization Estimates
================================================================
* Summary: 
+-----------------+---------+----+-------+-------+-----+
|       Name      | BRAM_18K| DSP|   FF  |  LUT  | URAM|
+-----------------+---------+----+-------+-------+-----+
|DSP              |        -|   -|      -|      -|    -|
|Expression       |        -|   -|      0|    499|    -|
|FIFO             |        -|   -|      -|      -|    -|
|Instance         |        1|   1|    638|    952|    -|
|Memory           |        -|   -|      -|      -|    -|
|Multiplexer      |        -|   -|      0|     86|    -|
|Register         |        -|   -|    478|      -|    -|
+-----------------+---------+----+-------+-------+-----+
|Total            |        1|   1|   1116|   1537|    0|
+-----------------+---------+----+-------+-------+-----+
|Available        |      100|  90|  41600|  20800|    0|
+-----------------+---------+----+-------+-------+-----+
|Utilization (%)  |        1|   1|      2|      7|    0|
+-----------------+---------+----+-------+-------+-----+

+ Detail: 
    * Instance: 
    +---------------------------------------------------------------------------------------+----------------------------------------------------------------------------+---------+----+-----+-----+-----+
    |                                        Instance                                       |                                   Module                                   | BRAM_18K| DSP|  FF | LUT | URAM|
    +---------------------------------------------------------------------------------------+----------------------------------------------------------------------------+---------+----+-----+-----+-----+
    |grp_dense_resource_rf_gt_nin_rem0_ap_fixed_ap_fixed_16_6_5_3_0_config27_mult_s_fu_121  |dense_resource_rf_gt_nin_rem0_ap_fixed_ap_fixed_16_6_5_3_0_config27_mult_s  |        1|   1|  509|  834|    0|
    |call_ln281_shift_line_buffer_array_ap_fixed_16_6_5_3_0_1u_config27_s_fu_93             |shift_line_buffer_array_ap_fixed_16_6_5_3_0_1u_config27_s                   |        0|   0|  129|  118|    0|
    +---------------------------------------------------------------------------------------+----------------------------------------------------------------------------+---------+----+-----+-----+-----+
    |Total                                                                                  |                                                                            |        1|   1|  638|  952|    0|
    +---------------------------------------------------------------------------------------+----------------------------------------------------------------------------+---------+----+-----+-----+-----+

    * DSP: 
    N/A

    * Memory: 
    N/A

    * FIFO: 
    N/A

    * Expression: 
    +--------------------------------+----------+----+---+----+------------+------------+
    |          Variable Name         | Operation| DSP| FF| LUT| Bitwidth P0| Bitwidth P1|
    +--------------------------------+----------+----+---+----+------------+------------+
    |add_ln303_fu_241_p2             |         +|   0|  0|  39|          32|           1|
    |add_ln307_fu_263_p2             |         +|   0|  0|  39|          32|           1|
    |add_ln313_fu_300_p2             |         +|   0|  0|  39|          32|           1|
    |add_ln318_fu_251_p2             |         +|   0|  0|  39|          32|           1|
    |and_ln284_2_fu_211_p2           |       and|   0|  0|   2|           1|           1|
    |and_ln284_fu_205_p2             |       and|   0|  0|   2|           1|           1|
    |ap_block_state4                 |       and|   0|  0|   2|           1|           1|
    |ap_predicate_op33_write_state4  |       and|   0|  0|   2|           1|           1|
    |icmp_ln284_4_fu_169_p2          |      icmp|   0|  0|  39|          32|           2|
    |icmp_ln284_5_fu_184_p2          |      icmp|   0|  0|  38|          31|           1|
    |icmp_ln284_6_fu_199_p2          |      icmp|   0|  0|  38|          31|           1|
    |icmp_ln284_fu_151_p2            |      icmp|   0|  0|  39|          32|           2|
    |icmp_ln303_fu_246_p2            |      icmp|   0|  0|  39|          32|           5|
    |icmp_ln307_fu_290_p2            |      icmp|   0|  0|  39|          32|           5|
    |icmp_ln313_fu_295_p2            |      icmp|   0|  0|  39|          32|           2|
    |select_ln313_fu_305_p3          |    select|   0|  0|  32|           1|           2|
    |select_ln318_fu_256_p3          |    select|   0|  0|  32|           1|           2|
    +--------------------------------+----------+----+---+----+------------+------------+
    |Total                           |          |   0|  0| 499|         356|          30|
    +--------------------------------+----------+----+---+----+------------+------------+

    * Multiplexer: 
    +------------------------------------+----+-----------+-----+-----------+
    |                Name                | LUT| Input Size| Bits| Total Bits|
    +------------------------------------+----+-----------+-----+-----------+
    |ap_NS_fsm                           |  37|          9|    1|          9|
    |ap_phi_mux_storemerge_phi_fu_86_p4  |  13|          3|   32|         96|
    |layer27_out_blk_n                   |   9|          2|    1|          2|
    |pX_3                                |   9|          2|   32|         64|
    |pY_3                                |   9|          2|   32|         64|
    |sX_3                                |   9|          2|   32|         64|
    +------------------------------------+----+-----------+-----+-----------+
    |Total                               |  86|         20|  130|        299|
    +------------------------------------+----+-----------+-----+-----------+

    * Register: 
    +----------------------------------------------------------------------------------------------------+----+----+-----+-----------+
    |                                                Name                                                | FF | LUT| Bits| Const Bits|
    +----------------------------------------------------------------------------------------------------+----+----+-----+-----------+
    |add_ln303_reg_376                                                                                   |  32|   0|   32|          0|
    |add_ln307_reg_391                                                                                   |  32|   0|   32|          0|
    |and_ln284_2_reg_352                                                                                 |   1|   0|    1|          0|
    |ap_CS_fsm                                                                                           |   8|   0|    8|          0|
    |grp_dense_resource_rf_gt_nin_rem0_ap_fixed_ap_fixed_16_6_5_3_0_config27_mult_s_fu_121_ap_start_reg  |   1|   0|    1|          0|
    |icmp_ln284_4_reg_347                                                                                |   1|   0|    1|          0|
    |icmp_ln284_reg_333                                                                                  |   1|   0|    1|          0|
    |icmp_ln303_reg_382                                                                                  |   1|   0|    1|          0|
    |icmp_ln307_reg_397                                                                                  |   1|   0|    1|          0|
    |pX_3                                                                                                |  32|   0|   32|          0|
    |pY_3                                                                                                |  32|   0|   32|          0|
    |res_out_14_reg_361                                                                                  |  16|   0|   16|          0|
    |res_out_15_reg_366                                                                                  |  16|   0|   16|          0|
    |res_out_16_reg_371                                                                                  |  16|   0|   16|          0|
    |res_out_reg_356                                                                                     |  16|   0|   16|          0|
    |sX_3                                                                                                |  32|   0|   32|          0|
    |sY_3                                                                                                |  32|   0|   32|          0|
    |select_ln313_reg_401                                                                                |  32|   0|   32|          0|
    |select_ln318_reg_386                                                                                |  32|   0|   32|          0|
    |void_compute_output_buffer_2d_array_const_ap_shift_reg_n_chan_stream_weig_10                        |  16|   0|   16|          0|
    |void_compute_output_buffer_2d_array_const_ap_shift_reg_n_chan_stream_weig_11                        |  16|   0|   16|          0|
    |void_compute_output_buffer_2d_array_const_ap_shift_reg_n_chan_stream_weig_12                        |  16|   0|   16|          0|
    |void_compute_output_buffer_2d_array_const_ap_shift_reg_n_chan_stream_weig_13                        |  16|   0|   16|          0|
    |void_compute_output_buffer_2d_array_const_ap_shift_reg_n_chan_stream_weig_14                        |  16|   0|   16|          0|
    |void_compute_output_buffer_2d_array_const_ap_shift_reg_n_chan_stream_weig_15                        |  16|   0|   16|          0|
    |void_compute_output_buffer_2d_array_const_ap_shift_reg_n_chan_stream_weig_16                        |  16|   0|   16|          0|
    |void_compute_output_buffer_2d_array_const_ap_shift_reg_n_chan_stream_weig_17                        |  16|   0|   16|          0|
    |void_compute_output_buffer_2d_array_const_ap_shift_reg_n_chan_stream_weig_18                        |  16|   0|   16|          0|
    +----------------------------------------------------------------------------------------------------+----+----+-----+-----------+
    |Total                                                                                               | 478|   0|  478|          0|
    +----------------------------------------------------------------------------------------------------+----+----+-----+-----------+



================================================================
== Interface
================================================================
* Summary: 
+----------------------------+-----+-----+------------+-------------------------------------------------------------------------+--------------+
|          RTL Ports         | Dir | Bits|  Protocol  |                              Source Object                              |    C Type    |
+----------------------------+-----+-----+------------+-------------------------------------------------------------------------+--------------+
|ap_clk                      |   in|    1|  ap_ctrl_hs|  compute_output_buffer_2d<array,array<ap_fixed<16,6,5,3,0>,4u>,config27>|  return value|
|ap_rst                      |   in|    1|  ap_ctrl_hs|  compute_output_buffer_2d<array,array<ap_fixed<16,6,5,3,0>,4u>,config27>|  return value|
|ap_start                    |   in|    1|  ap_ctrl_hs|  compute_output_buffer_2d<array,array<ap_fixed<16,6,5,3,0>,4u>,config27>|  return value|
|ap_done                     |  out|    1|  ap_ctrl_hs|  compute_output_buffer_2d<array,array<ap_fixed<16,6,5,3,0>,4u>,config27>|  return value|
|ap_idle                     |  out|    1|  ap_ctrl_hs|  compute_output_buffer_2d<array,array<ap_fixed<16,6,5,3,0>,4u>,config27>|  return value|
|ap_ready                    |  out|    1|  ap_ctrl_hs|  compute_output_buffer_2d<array,array<ap_fixed<16,6,5,3,0>,4u>,config27>|  return value|
|in_elem_0_0_0_0_0_val       |   in|   16|     ap_none|                                                    in_elem_0_0_0_0_0_val|        scalar|
|layer27_out_din             |  out|   64|     ap_fifo|                                                              layer27_out|       pointer|
|layer27_out_full_n          |   in|    1|     ap_fifo|                                                              layer27_out|       pointer|
|layer27_out_write           |  out|    1|     ap_fifo|                                                              layer27_out|       pointer|
|layer27_out_num_data_valid  |   in|   11|     ap_fifo|                                                              layer27_out|       pointer|
|layer27_out_fifo_cap        |   in|   11|     ap_fifo|                                                              layer27_out|       pointer|
+----------------------------+-----+-----+------------+-------------------------------------------------------------------------+--------------+

