

================================================================
== Vitis HLS Report for 'conv_2d_cl_array_ap_fixed_4u_array_ap_fixed_16_6_5_3_0_8u_config28_s'
================================================================
* Date:           Tue Oct  6 15:38:43 2026

* Version:        2026.1 (Build 6493734 on Jun 16 2026)
* Project:        myproject_prj
* Solution:       solution1
* Product family: artix7
* Target device:  xc7a35t-ftg256-1


================================================================
== Performance Estimates
================================================================
+ Timing: 
    * Summary: 
    +--------+---------+-----------+------------+
    |  Clock |  Target | Estimated | Uncertainty|
    +--------+---------+-----------+------------+
    |ap_clk  |  5.00 ns|  10.327 ns|     1.35 ns|
    +--------+---------+-----------+------------+

+ Latency: 
    * Summary: 
    +---------+---------+-----------+----------+------+-------+---------+
    |  Latency (cycles) |  Latency (absolute)  |   Interval   | Pipeline|
    |   min   |   max   |    min    |    max   |  min |  max  |   Type  |
    +---------+---------+-----------+----------+------+-------+---------+
    |     1184|    50701|  14.868 us|  0.637 ms|  1184|  50701|       no|
    +---------+---------+-----------+----------+------+-------+---------+

    + Detail: 
        * Instance: 
        +-----------------------------------------------------------------------------------+------------------------------------------------------------------------+---------+---------+-----------+----------+-----+-----+---------+
        |                                                                                   |                                                                        |  Latency (cycles) |  Latency (absolute)  |  Interval | Pipeline|
        |                                      Instance                                     |                                 Module                                 |   min   |   max   |    min    |    max   | min | max |   Type  |
        +-----------------------------------------------------------------------------------+------------------------------------------------------------------------+---------+---------+-----------+----------+-----+-----+---------+
        |grp_compute_output_buffer_2d_array_array_ap_fixed_16_6_5_3_0_8u_config28_s_fu_158  |compute_output_buffer_2d_array_array_ap_fixed_16_6_5_3_0_8u_config28_s  |        4|      297|  50.229 ns|  3.729 us|    4|  297|       no|
        +-----------------------------------------------------------------------------------+------------------------------------------------------------------------+---------+---------+-----------+----------+-----+-----+---------+

        * Loop: 
        +----------------------------------+---------+---------+----------+-----------+-----------+------+----------+
        |                                  |  Latency (cycles) | Iteration|  Initiation Interval  | Trip |          |
        |             Loop Name            |   min   |   max   |  Latency |  achieved |   target  | Count| Pipelined|
        +----------------------------------+---------+---------+----------+-----------+-----------+------+----------+
        |- ReadInputHeight_ReadInputWidth  |     1183|    50700|   7 ~ 300|          -|          -|   169|        no|
        +----------------------------------+---------+---------+----------+-----------+-----------+------+----------+



================================================================
== Utilization Estimates
================================================================
* Summary: 
+-----------------+---------+----+-------+-------+-----+
|       Name      | BRAM_18K| DSP|   FF  |  LUT  | URAM|
+-----------------+---------+----+-------+-------+-----+
|DSP              |        -|   -|      -|      -|    -|
|Expression       |        -|   -|      0|     32|    -|
|FIFO             |        -|   -|      -|      -|    -|
|Instance         |        1|   1|   2549|   2947|    -|
|Memory           |        -|   -|      -|      -|    -|
|Multiplexer      |        -|   -|      0|     57|    -|
|Register         |        -|   -|     87|      -|    -|
+-----------------+---------+----+-------+-------+-----+
|Total            |        1|   1|   2636|   3036|    0|
+-----------------+---------+----+-------+-------+-----+
|Available        |      100|  90|  41600|  20800|    0|
+-----------------+---------+----+-------+-------+-----+
|Utilization (%)  |        1|   1|      6|     14|    0|
+-----------------+---------+----+-------+-------+-----+

+ Detail: 
    * Instance: 
    +-----------------------------------------------------------------------------------+------------------------------------------------------------------------+---------+----+------+------+-----+
    |                                      Instance                                     |                                 Module                                 | BRAM_18K| DSP|  FF  |  LUT | URAM|
    +-----------------------------------------------------------------------------------+------------------------------------------------------------------------+---------+----+------+------+-----+
    |grp_compute_output_buffer_2d_array_array_ap_fixed_16_6_5_3_0_8u_config28_s_fu_158  |compute_output_buffer_2d_array_array_ap_fixed_16_6_5_3_0_8u_config28_s  |        1|   1|  2549|  2947|    0|
    +-----------------------------------------------------------------------------------+------------------------------------------------------------------------+---------+----+------+------+-----+
    |Total                                                                              |                                                                        |        1|   1|  2549|  2947|    0|
    +-----------------------------------------------------------------------------------+------------------------------------------------------------------------+---------+----+------+------+-----+

    * DSP: 
    N/A

    * Memory: 
    N/A

    * FIFO: 
    N/A

    * Expression: 
    +---------------------+----------+----+---+----+------------+------------+
    |    Variable Name    | Operation| DSP| FF| LUT| Bitwidth P0| Bitwidth P1|
    +---------------------+----------+----+---+----+------------+------------+
    |add_ln52_fu_282_p2   |         +|   0|  0|  15|           8|           1|
    |icmp_ln52_fu_276_p2  |      icmp|   0|  0|  15|           8|           8|
    |ap_block_state1      |        or|   0|  0|   2|           1|           1|
    +---------------------+----------+----+---+----+------------+------------+
    |Total                |          |   0|  0|  32|          17|          10|
    +---------------------+----------+----+---+----+------------+------------+

    * Multiplexer: 
    +-----------------------+----+-----------+-----+-----------+
    |          Name         | LUT| Input Size| Bits| Total Bits|
    +-----------------------+----+-----------+-----+-----------+
    |ap_NS_fsm              |  21|          5|    1|          5|
    |ap_done                |   9|          2|    1|          2|
    |indvar_flatten_fu_148  |   9|          2|    8|         16|
    |layer13_out_blk_n      |   9|          2|    1|          2|
    |real_start             |   9|          2|    1|          2|
    +-----------------------+----+-----------+-----+-----------+
    |Total                  |  57|         13|   12|         27|
    +-----------------------+----+-----------+-----+-----------+

    * Register: 
    +------------------------------------------------------------------------------------------------+----+----+-----+-----------+
    |                                              Name                                              | FF | LUT| Bits| Const Bits|
    +------------------------------------------------------------------------------------------------+----+----+-----+-----------+
    |add_ln52_reg_340                                                                                |   8|   0|    8|          0|
    |ap_CS_fsm                                                                                       |   4|   0|    4|          0|
    |ap_done_reg                                                                                     |   1|   0|    1|          0|
    |grp_compute_output_buffer_2d_array_array_ap_fixed_16_6_5_3_0_8u_config28_s_fu_158_ap_start_reg  |   1|   0|    1|          0|
    |indvar_flatten_fu_148                                                                           |   8|   0|    8|          0|
    |start_once_reg                                                                                  |   1|   0|    1|          0|
    |trunc_ln58_1_reg_350                                                                            |  16|   0|   16|          0|
    |trunc_ln58_2_reg_355                                                                            |  16|   0|   16|          0|
    |trunc_ln58_3_reg_360                                                                            |  16|   0|   16|          0|
    |trunc_ln58_reg_345                                                                              |  16|   0|   16|          0|
    +------------------------------------------------------------------------------------------------+----+----+-----+-----------+
    |Total                                                                                           |  87|   0|   87|          0|
    +------------------------------------------------------------------------------------------------+----+----+-----+-----------+



================================================================
== Interface
================================================================
* Summary: 
+----------------------------+-----+-----+------------+------------------------------------------------------------------------+--------------+
|          RTL Ports         | Dir | Bits|  Protocol  |                              Source Object                             |    C Type    |
+----------------------------+-----+-----+------------+------------------------------------------------------------------------+--------------+
|ap_clk                      |   in|    1|  ap_ctrl_hs|  conv_2d_cl<array<ap_fixed,4u>,array<ap_fixed<16,6,5,3,0>,8u>,config28>|  return value|
|ap_rst                      |   in|    1|  ap_ctrl_hs|  conv_2d_cl<array<ap_fixed,4u>,array<ap_fixed<16,6,5,3,0>,8u>,config28>|  return value|
|ap_start                    |   in|    1|  ap_ctrl_hs|  conv_2d_cl<array<ap_fixed,4u>,array<ap_fixed<16,6,5,3,0>,8u>,config28>|  return value|
|start_full_n                |   in|    1|  ap_ctrl_hs|  conv_2d_cl<array<ap_fixed,4u>,array<ap_fixed<16,6,5,3,0>,8u>,config28>|  return value|
|ap_done                     |  out|    1|  ap_ctrl_hs|  conv_2d_cl<array<ap_fixed,4u>,array<ap_fixed<16,6,5,3,0>,8u>,config28>|  return value|
|ap_continue                 |   in|    1|  ap_ctrl_hs|  conv_2d_cl<array<ap_fixed,4u>,array<ap_fixed<16,6,5,3,0>,8u>,config28>|  return value|
|ap_idle                     |  out|    1|  ap_ctrl_hs|  conv_2d_cl<array<ap_fixed,4u>,array<ap_fixed<16,6,5,3,0>,8u>,config28>|  return value|
|ap_ready                    |  out|    1|  ap_ctrl_hs|  conv_2d_cl<array<ap_fixed,4u>,array<ap_fixed<16,6,5,3,0>,8u>,config28>|  return value|
|start_out                   |  out|    1|  ap_ctrl_hs|  conv_2d_cl<array<ap_fixed,4u>,array<ap_fixed<16,6,5,3,0>,8u>,config28>|  return value|
|start_write                 |  out|    1|  ap_ctrl_hs|  conv_2d_cl<array<ap_fixed,4u>,array<ap_fixed<16,6,5,3,0>,8u>,config28>|  return value|
|layer13_out_dout            |   in|   64|     ap_fifo|                                                             layer13_out|       pointer|
|layer13_out_empty_n         |   in|    1|     ap_fifo|                                                             layer13_out|       pointer|
|layer13_out_read            |  out|    1|     ap_fifo|                                                             layer13_out|       pointer|
|layer13_out_num_data_valid  |   in|    9|     ap_fifo|                                                             layer13_out|       pointer|
|layer13_out_fifo_cap        |   in|    9|     ap_fifo|                                                             layer13_out|       pointer|
|layer28_out_din             |  out|  128|     ap_fifo|                                                             layer28_out|       pointer|
|layer28_out_full_n          |   in|    1|     ap_fifo|                                                             layer28_out|       pointer|
|layer28_out_write           |  out|    1|     ap_fifo|                                                             layer28_out|       pointer|
|layer28_out_num_data_valid  |   in|    8|     ap_fifo|                                                             layer28_out|       pointer|
|layer28_out_fifo_cap        |   in|    8|     ap_fifo|                                                             layer28_out|       pointer|
+----------------------------+-----+-----+------------+------------------------------------------------------------------------+--------------+

