

================================================================
== Vitis HLS Report for 'dense_array_array_ap_fixed_16_6_5_3_0_24u_config25_Pipeline_DataPrepare'
================================================================
* Date:           Tue Oct  6 15:38:45 2026

* Version:        2026.1 (Build 6493734 on Jun 16 2026)
* Project:        myproject_prj
* Solution:       solution1
* Product family: artix7
* Target device:  xc7a35t-ftg256-1


================================================================
== Performance Estimates
================================================================
+ Timing: 
    * Summary: 
    +--------+---------+----------+------------+
    |  Clock |  Target | Estimated| Uncertainty|
    +--------+---------+----------+------------+
    |ap_clk  |  5.00 ns|  3.471 ns|     1.35 ns|
    +--------+---------+----------+------------+

+ Latency: 
    * Summary: 
    +---------+---------+----------+----------+-----+-----+-------------------+
    |  Latency (cycles) |  Latency (absolute) |  Interval |      Pipeline     |
    |   min   |   max   |    min   |    max   | min | max |        Type       |
    +---------+---------+----------+----------+-----+-----+-------------------+
    |       27|       27|  0.339 us|  0.339 us|    0|    0|  loop pipeline stp|
    +---------+---------+----------+----------+-----+-----+-------------------+

    + Detail: 
        * Instance: 
        N/A

        * Loop: 
        +---------------+---------+---------+----------+-----------+-----------+------+----------+
        |               |  Latency (cycles) | Iteration|  Initiation Interval  | Trip |          |
        |   Loop Name   |   min   |   max   |  Latency |  achieved |   target  | Count| Pipelined|
        +---------------+---------+---------+----------+-----------+-----------+------+----------+
        |- DataPrepare  |       25|       25|         2|          1|        N/A|    25|       yes|
        +---------------+---------+---------+----------+-----------+-----------+------+----------+



================================================================
== Utilization Estimates
================================================================
* Summary: 
+-----------------+---------+----+-------+-------+-----+
|       Name      | BRAM_18K| DSP|   FF  |  LUT  | URAM|
+-----------------+---------+----+-------+-------+-----+
|DSP              |        -|   -|      -|      -|    -|
|Expression       |        -|   -|      0|     30|    -|
|FIFO             |        -|   -|      -|      -|    -|
|Instance         |        -|   -|      -|      -|    -|
|Memory           |        -|   -|      -|      -|    -|
|Multiplexer      |        -|   -|      0|     36|    -|
|Register         |        -|   -|   3208|      -|    -|
+-----------------+---------+----+-------+-------+-----+
|Total            |        0|   0|   3208|     66|    0|
+-----------------+---------+----+-------+-------+-----+
|Available        |      100|  90|  41600|  20800|    0|
+-----------------+---------+----+-------+-------+-----+
|Utilization (%)  |        0|   0|      7|     ~0|    0|
+-----------------+---------+----+-------+-------+-----+

+ Detail: 
    * Instance: 
    N/A

    * DSP: 
    N/A

    * Memory: 
    N/A

    * FIFO: 
    N/A

    * Expression: 
    +---------------------------+----------+----+---+----+------------+------------+
    |       Variable Name       | Operation| DSP| FF| LUT| Bitwidth P0| Bitwidth P1|
    +---------------------------+----------+----+---+----+------------+------------+
    |i_in_3_fu_2800_p2          |         +|   0|  0|  13|           5|           1|
    |ap_block_pp0_stage0_01001  |       and|   0|  0|   2|           1|           1|
    |icmp_ln33_fu_3858_p2       |      icmp|   0|  0|  13|           5|           5|
    |ap_enable_pp0              |       xor|   0|  0|   2|           1|           2|
    +---------------------------+----------+----+---+----+------------+------------+
    |Total                      |          |   0|  0|  30|          12|           9|
    +---------------------------+----------+----+---+----+------------+------------+

    * Multiplexer: 
    +-------------------------+----+-----------+-----+-----------+
    |           Name          | LUT| Input Size| Bits| Total Bits|
    +-------------------------+----+-----------+-----+-----------+
    |ap_done_int              |   9|          2|    1|          2|
    |ap_enable_reg_pp0_iter1  |   9|          2|    1|          2|
    |i_in_fu_508              |   9|          2|    5|         10|
    |layer16_out_blk_n        |   9|          2|    1|          2|
    +-------------------------+----+-----------+-----+-----------+
    |Total                    |  36|          8|    8|         16|
    +-------------------------+----+-----------+-----+-----------+

    * Register: 
    +---------------------------+----+----+-----+-----------+
    |            Name           | FF | LUT| Bits| Const Bits|
    +---------------------------+----+----+-----+-----------+
    |ap_CS_fsm                  |   1|   0|    1|          0|
    |ap_done_reg                |   1|   0|    1|          0|
    |ap_enable_reg_pp0_iter1    |   1|   0|    1|          0|
    |i_in_fu_508                |   5|   0|    5|          0|
    |p_0_0_0_0_0113288_fu_1084  |  16|   0|   16|          0|
    |p_0_0_0_0_0129272_fu_1052  |  16|   0|   16|          0|
    |p_0_0_0_0_01400_fu_1308    |  16|   0|   16|          0|
    |p_0_0_0_0_0145256_fu_1020  |  16|   0|   16|          0|
    |p_0_0_0_0_0161240_fu_988   |  16|   0|   16|          0|
    |p_0_0_0_0_017384_fu_1276   |  16|   0|   16|          0|
    |p_0_0_0_0_0177224_fu_956   |  16|   0|   16|          0|
    |p_0_0_0_0_0193208_fu_924   |  16|   0|   16|          0|
    |p_0_0_0_0_0209192_fu_892   |  16|   0|   16|          0|
    |p_0_0_0_0_0225176_fu_860   |  16|   0|   16|          0|
    |p_0_0_0_0_0241160_fu_828   |  16|   0|   16|          0|
    |p_0_0_0_0_0257144_fu_796   |  16|   0|   16|          0|
    |p_0_0_0_0_0273128_fu_764   |  16|   0|   16|          0|
    |p_0_0_0_0_0289112_fu_732   |  16|   0|   16|          0|
    |p_0_0_0_0_030596_fu_700    |  16|   0|   16|          0|
    |p_0_0_0_0_032180_fu_668    |  16|   0|   16|          0|
    |p_0_0_0_0_033368_fu_1244   |  16|   0|   16|          0|
    |p_0_0_0_0_033764_fu_636    |  16|   0|   16|          0|
    |p_0_0_0_0_035348_fu_604    |  16|   0|   16|          0|
    |p_0_0_0_0_036932_fu_572    |  16|   0|   16|          0|
    |p_0_0_0_0_038516_fu_540    |  16|   0|   16|          0|
    |p_0_0_0_0_049352_fu_1212   |  16|   0|   16|          0|
    |p_0_0_0_0_065336_fu_1180   |  16|   0|   16|          0|
    |p_0_0_0_0_081320_fu_1148   |  16|   0|   16|          0|
    |p_0_0_0_0_097304_fu_1116   |  16|   0|   16|          0|
    |p_0_1_0_0_0115286_fu_1080  |  16|   0|   16|          0|
    |p_0_1_0_0_0131270_fu_1048  |  16|   0|   16|          0|
    |p_0_1_0_0_0147254_fu_1016  |  16|   0|   16|          0|
    |p_0_1_0_0_0163238_fu_984   |  16|   0|   16|          0|
    |p_0_1_0_0_0179222_fu_952   |  16|   0|   16|          0|
    |p_0_1_0_0_019382_fu_1272   |  16|   0|   16|          0|
    |p_0_1_0_0_0195206_fu_920   |  16|   0|   16|          0|
    |p_0_1_0_0_0211190_fu_888   |  16|   0|   16|          0|
    |p_0_1_0_0_0227174_fu_856   |  16|   0|   16|          0|
    |p_0_1_0_0_0243158_fu_824   |  16|   0|   16|          0|
    |p_0_1_0_0_0259142_fu_792   |  16|   0|   16|          0|
    |p_0_1_0_0_0275126_fu_760   |  16|   0|   16|          0|
    |p_0_1_0_0_0291110_fu_728   |  16|   0|   16|          0|
    |p_0_1_0_0_030794_fu_696    |  16|   0|   16|          0|
    |p_0_1_0_0_032378_fu_664    |  16|   0|   16|          0|
    |p_0_1_0_0_033962_fu_632    |  16|   0|   16|          0|
    |p_0_1_0_0_03398_fu_1304    |  16|   0|   16|          0|
    |p_0_1_0_0_035366_fu_1240   |  16|   0|   16|          0|
    |p_0_1_0_0_035546_fu_600    |  16|   0|   16|          0|
    |p_0_1_0_0_037130_fu_568    |  16|   0|   16|          0|
    |p_0_1_0_0_038714_fu_536    |  16|   0|   16|          0|
    |p_0_1_0_0_051350_fu_1208   |  16|   0|   16|          0|
    |p_0_1_0_0_067334_fu_1176   |  16|   0|   16|          0|
    |p_0_1_0_0_083318_fu_1144   |  16|   0|   16|          0|
    |p_0_1_0_0_099302_fu_1112   |  16|   0|   16|          0|
    |p_0_2_0_0_0101300_fu_1108  |  16|   0|   16|          0|
    |p_0_2_0_0_0117284_fu_1076  |  16|   0|   16|          0|
    |p_0_2_0_0_0133268_fu_1044  |  16|   0|   16|          0|
    |p_0_2_0_0_0149252_fu_1012  |  16|   0|   16|          0|
    |p_0_2_0_0_0165236_fu_980   |  16|   0|   16|          0|
    |p_0_2_0_0_0181220_fu_948   |  16|   0|   16|          0|
    |p_0_2_0_0_0197204_fu_916   |  16|   0|   16|          0|
    |p_0_2_0_0_0213188_fu_884   |  16|   0|   16|          0|
    |p_0_2_0_0_021380_fu_1268   |  16|   0|   16|          0|
    |p_0_2_0_0_0229172_fu_852   |  16|   0|   16|          0|
    |p_0_2_0_0_0245156_fu_820   |  16|   0|   16|          0|
    |p_0_2_0_0_0261140_fu_788   |  16|   0|   16|          0|
    |p_0_2_0_0_0277124_fu_756   |  16|   0|   16|          0|
    |p_0_2_0_0_0293108_fu_724   |  16|   0|   16|          0|
    |p_0_2_0_0_030992_fu_692    |  16|   0|   16|          0|
    |p_0_2_0_0_032576_fu_660    |  16|   0|   16|          0|
    |p_0_2_0_0_034160_fu_628    |  16|   0|   16|          0|
    |p_0_2_0_0_035744_fu_596    |  16|   0|   16|          0|
    |p_0_2_0_0_037328_fu_564    |  16|   0|   16|          0|
    |p_0_2_0_0_037364_fu_1236   |  16|   0|   16|          0|
    |p_0_2_0_0_038912_fu_532    |  16|   0|   16|          0|
    |p_0_2_0_0_053348_fu_1204   |  16|   0|   16|          0|
    |p_0_2_0_0_05396_fu_1300    |  16|   0|   16|          0|
    |p_0_2_0_0_069332_fu_1172   |  16|   0|   16|          0|
    |p_0_2_0_0_085316_fu_1140   |  16|   0|   16|          0|
    |p_0_3_0_0_0103298_fu_1104  |  16|   0|   16|          0|
    |p_0_3_0_0_0119282_fu_1072  |  16|   0|   16|          0|
    |p_0_3_0_0_0135266_fu_1040  |  16|   0|   16|          0|
    |p_0_3_0_0_0151250_fu_1008  |  16|   0|   16|          0|
    |p_0_3_0_0_0167234_fu_976   |  16|   0|   16|          0|
    |p_0_3_0_0_0183218_fu_944   |  16|   0|   16|          0|
    |p_0_3_0_0_0199202_fu_912   |  16|   0|   16|          0|
    |p_0_3_0_0_0215186_fu_880   |  16|   0|   16|          0|
    |p_0_3_0_0_0231170_fu_848   |  16|   0|   16|          0|
    |p_0_3_0_0_023378_fu_1264   |  16|   0|   16|          0|
    |p_0_3_0_0_0247154_fu_816   |  16|   0|   16|          0|
    |p_0_3_0_0_0263138_fu_784   |  16|   0|   16|          0|
    |p_0_3_0_0_0279122_fu_752   |  16|   0|   16|          0|
    |p_0_3_0_0_0295106_fu_720   |  16|   0|   16|          0|
    |p_0_3_0_0_031190_fu_688    |  16|   0|   16|          0|
    |p_0_3_0_0_032774_fu_656    |  16|   0|   16|          0|
    |p_0_3_0_0_034358_fu_624    |  16|   0|   16|          0|
    |p_0_3_0_0_035942_fu_592    |  16|   0|   16|          0|
    |p_0_3_0_0_037526_fu_560    |  16|   0|   16|          0|
    |p_0_3_0_0_039110_fu_528    |  16|   0|   16|          0|
    |p_0_3_0_0_039362_fu_1232   |  16|   0|   16|          0|
    |p_0_3_0_0_055346_fu_1200   |  16|   0|   16|          0|
    |p_0_3_0_0_071330_fu_1168   |  16|   0|   16|          0|
    |p_0_3_0_0_07394_fu_1296    |  16|   0|   16|          0|
    |p_0_3_0_0_087314_fu_1136   |  16|   0|   16|          0|
    |p_0_4_0_0_0105296_fu_1100  |  16|   0|   16|          0|
    |p_0_4_0_0_0121280_fu_1068  |  16|   0|   16|          0|
    |p_0_4_0_0_0137264_fu_1036  |  16|   0|   16|          0|
    |p_0_4_0_0_0153248_fu_1004  |  16|   0|   16|          0|
    |p_0_4_0_0_0169232_fu_972   |  16|   0|   16|          0|
    |p_0_4_0_0_0185216_fu_940   |  16|   0|   16|          0|
    |p_0_4_0_0_0201200_fu_908   |  16|   0|   16|          0|
    |p_0_4_0_0_0217184_fu_876   |  16|   0|   16|          0|
    |p_0_4_0_0_0233168_fu_844   |  16|   0|   16|          0|
    |p_0_4_0_0_0249152_fu_812   |  16|   0|   16|          0|
    |p_0_4_0_0_025376_fu_1260   |  16|   0|   16|          0|
    |p_0_4_0_0_0265136_fu_780   |  16|   0|   16|          0|
    |p_0_4_0_0_0281120_fu_748   |  16|   0|   16|          0|
    |p_0_4_0_0_0297104_fu_716   |  16|   0|   16|          0|
    |p_0_4_0_0_031388_fu_684    |  16|   0|   16|          0|
    |p_0_4_0_0_032972_fu_652    |  16|   0|   16|          0|
    |p_0_4_0_0_034556_fu_620    |  16|   0|   16|          0|
    |p_0_4_0_0_036140_fu_588    |  16|   0|   16|          0|
    |p_0_4_0_0_037724_fu_556    |  16|   0|   16|          0|
    |p_0_4_0_0_03938_fu_524     |  16|   0|   16|          0|
    |p_0_4_0_0_041360_fu_1228   |  16|   0|   16|          0|
    |p_0_4_0_0_057344_fu_1196   |  16|   0|   16|          0|
    |p_0_4_0_0_073328_fu_1164   |  16|   0|   16|          0|
    |p_0_4_0_0_089312_fu_1132   |  16|   0|   16|          0|
    |p_0_4_0_0_09392_fu_1292    |  16|   0|   16|          0|
    |p_0_5_0_0_0107294_fu_1096  |  16|   0|   16|          0|
    |p_0_5_0_0_011390_fu_1288   |  16|   0|   16|          0|
    |p_0_5_0_0_0123278_fu_1064  |  16|   0|   16|          0|
    |p_0_5_0_0_0139262_fu_1032  |  16|   0|   16|          0|
    |p_0_5_0_0_0155246_fu_1000  |  16|   0|   16|          0|
    |p_0_5_0_0_0171230_fu_968   |  16|   0|   16|          0|
    |p_0_5_0_0_0187214_fu_936   |  16|   0|   16|          0|
    |p_0_5_0_0_0203198_fu_904   |  16|   0|   16|          0|
    |p_0_5_0_0_0219182_fu_872   |  16|   0|   16|          0|
    |p_0_5_0_0_0235166_fu_840   |  16|   0|   16|          0|
    |p_0_5_0_0_0251150_fu_808   |  16|   0|   16|          0|
    |p_0_5_0_0_0267134_fu_776   |  16|   0|   16|          0|
    |p_0_5_0_0_027374_fu_1256   |  16|   0|   16|          0|
    |p_0_5_0_0_0283118_fu_744   |  16|   0|   16|          0|
    |p_0_5_0_0_0299102_fu_712   |  16|   0|   16|          0|
    |p_0_5_0_0_031586_fu_680    |  16|   0|   16|          0|
    |p_0_5_0_0_033170_fu_648    |  16|   0|   16|          0|
    |p_0_5_0_0_034754_fu_616    |  16|   0|   16|          0|
    |p_0_5_0_0_036338_fu_584    |  16|   0|   16|          0|
    |p_0_5_0_0_037922_fu_552    |  16|   0|   16|          0|
    |p_0_5_0_0_03956_fu_520     |  16|   0|   16|          0|
    |p_0_5_0_0_043358_fu_1224   |  16|   0|   16|          0|
    |p_0_5_0_0_059342_fu_1192   |  16|   0|   16|          0|
    |p_0_5_0_0_075326_fu_1160   |  16|   0|   16|          0|
    |p_0_5_0_0_091310_fu_1128   |  16|   0|   16|          0|
    |p_0_6_0_0_0109292_fu_1092  |  16|   0|   16|          0|
    |p_0_6_0_0_0125276_fu_1060  |  16|   0|   16|          0|
    |p_0_6_0_0_013388_fu_1284   |  16|   0|   16|          0|
    |p_0_6_0_0_0141260_fu_1028  |  16|   0|   16|          0|
    |p_0_6_0_0_0157244_fu_996   |  16|   0|   16|          0|
    |p_0_6_0_0_0173228_fu_964   |  16|   0|   16|          0|
    |p_0_6_0_0_0189212_fu_932   |  16|   0|   16|          0|
    |p_0_6_0_0_0205196_fu_900   |  16|   0|   16|          0|
    |p_0_6_0_0_0221180_fu_868   |  16|   0|   16|          0|
    |p_0_6_0_0_0237164_fu_836   |  16|   0|   16|          0|
    |p_0_6_0_0_0253148_fu_804   |  16|   0|   16|          0|
    |p_0_6_0_0_0269132_fu_772   |  16|   0|   16|          0|
    |p_0_6_0_0_0285116_fu_740   |  16|   0|   16|          0|
    |p_0_6_0_0_029372_fu_1252   |  16|   0|   16|          0|
    |p_0_6_0_0_0301100_fu_708   |  16|   0|   16|          0|
    |p_0_6_0_0_031784_fu_676    |  16|   0|   16|          0|
    |p_0_6_0_0_033368_fu_644    |  16|   0|   16|          0|
    |p_0_6_0_0_034952_fu_612    |  16|   0|   16|          0|
    |p_0_6_0_0_036536_fu_580    |  16|   0|   16|          0|
    |p_0_6_0_0_038120_fu_548    |  16|   0|   16|          0|
    |p_0_6_0_0_03974_fu_516     |  16|   0|   16|          0|
    |p_0_6_0_0_045356_fu_1220   |  16|   0|   16|          0|
    |p_0_6_0_0_061340_fu_1188   |  16|   0|   16|          0|
    |p_0_6_0_0_077324_fu_1156   |  16|   0|   16|          0|
    |p_0_6_0_0_093308_fu_1124   |  16|   0|   16|          0|
    |p_0_7_0_0_0111290_fu_1088  |  16|   0|   16|          0|
    |p_0_7_0_0_0127274_fu_1056  |  16|   0|   16|          0|
    |p_0_7_0_0_0143258_fu_1024  |  16|   0|   16|          0|
    |p_0_7_0_0_015386_fu_1280   |  16|   0|   16|          0|
    |p_0_7_0_0_0159242_fu_992   |  16|   0|   16|          0|
    |p_0_7_0_0_0175226_fu_960   |  16|   0|   16|          0|
    |p_0_7_0_0_0191210_fu_928   |  16|   0|   16|          0|
    |p_0_7_0_0_0207194_fu_896   |  16|   0|   16|          0|
    |p_0_7_0_0_0223178_fu_864   |  16|   0|   16|          0|
    |p_0_7_0_0_0239162_fu_832   |  16|   0|   16|          0|
    |p_0_7_0_0_0255146_fu_800   |  16|   0|   16|          0|
    |p_0_7_0_0_0271130_fu_768   |  16|   0|   16|          0|
    |p_0_7_0_0_0287114_fu_736   |  16|   0|   16|          0|
    |p_0_7_0_0_030398_fu_704    |  16|   0|   16|          0|
    |p_0_7_0_0_031370_fu_1248   |  16|   0|   16|          0|
    |p_0_7_0_0_031982_fu_672    |  16|   0|   16|          0|
    |p_0_7_0_0_033566_fu_640    |  16|   0|   16|          0|
    |p_0_7_0_0_035150_fu_608    |  16|   0|   16|          0|
    |p_0_7_0_0_036734_fu_576    |  16|   0|   16|          0|
    |p_0_7_0_0_038318_fu_544    |  16|   0|   16|          0|
    |p_0_7_0_0_03992_fu_512     |  16|   0|   16|          0|
    |p_0_7_0_0_047354_fu_1216   |  16|   0|   16|          0|
    |p_0_7_0_0_063338_fu_1184   |  16|   0|   16|          0|
    |p_0_7_0_0_079322_fu_1152   |  16|   0|   16|          0|
    |p_0_7_0_0_095306_fu_1120   |  16|   0|   16|          0|
    +---------------------------+----+----+-----+-----------+
    |Total                      |3208|   0| 3208|          0|
    +---------------------------+----+----+-----+-----------+



================================================================
== Interface
================================================================
* Summary: 
+----------------------------+-----+-----+------------+----------------------------------------------------------------------------+--------------+
|          RTL Ports         | Dir | Bits|  Protocol  |                                Source Object                               |    C Type    |
+----------------------------+-----+-----+------------+----------------------------------------------------------------------------+--------------+
|ap_clk                      |   in|    1|  ap_ctrl_hs|  dense<array,array<ap_fixed<16,6,5,3,0>,24u>,config25>_Pipeline_DataPrepare|  return value|
|ap_rst                      |   in|    1|  ap_ctrl_hs|  dense<array,array<ap_fixed<16,6,5,3,0>,24u>,config25>_Pipeline_DataPrepare|  return value|
|ap_start                    |   in|    1|  ap_ctrl_hs|  dense<array,array<ap_fixed<16,6,5,3,0>,24u>,config25>_Pipeline_DataPrepare|  return value|
|ap_done                     |  out|    1|  ap_ctrl_hs|  dense<array,array<ap_fixed<16,6,5,3,0>,24u>,config25>_Pipeline_DataPrepare|  return value|
|ap_idle                     |  out|    1|  ap_ctrl_hs|  dense<array,array<ap_fixed<16,6,5,3,0>,24u>,config25>_Pipeline_DataPrepare|  return value|
|ap_ready                    |  out|    1|  ap_ctrl_hs|  dense<array,array<ap_fixed<16,6,5,3,0>,24u>,config25>_Pipeline_DataPrepare|  return value|
|layer16_out_dout            |   in|  128|     ap_fifo|                                                                 layer16_out|       pointer|
|layer16_out_empty_n         |   in|    1|     ap_fifo|                                                                 layer16_out|       pointer|
|layer16_out_read            |  out|    1|     ap_fifo|                                                                 layer16_out|       pointer|
|layer16_out_num_data_valid  |   in|    6|     ap_fifo|                                                                 layer16_out|       pointer|
|layer16_out_fifo_cap        |   in|    6|     ap_fifo|                                                                 layer16_out|       pointer|
|data_199_out                |  out|   16|      ap_vld|                                                                data_199_out|       pointer|
|data_199_out_ap_vld         |  out|    1|      ap_vld|                                                                data_199_out|       pointer|
|data_198_out                |  out|   16|      ap_vld|                                                                data_198_out|       pointer|
|data_198_out_ap_vld         |  out|    1|      ap_vld|                                                                data_198_out|       pointer|
|data_197_out                |  out|   16|      ap_vld|                                                                data_197_out|       pointer|
|data_197_out_ap_vld         |  out|    1|      ap_vld|                                                                data_197_out|       pointer|
|data_196_out                |  out|   16|      ap_vld|                                                                data_196_out|       pointer|
|data_196_out_ap_vld         |  out|    1|      ap_vld|                                                                data_196_out|       pointer|
|data_195_out                |  out|   16|      ap_vld|                                                                data_195_out|       pointer|
|data_195_out_ap_vld         |  out|    1|      ap_vld|                                                                data_195_out|       pointer|
|data_194_out                |  out|   16|      ap_vld|                                                                data_194_out|       pointer|
|data_194_out_ap_vld         |  out|    1|      ap_vld|                                                                data_194_out|       pointer|
|data_193_out                |  out|   16|      ap_vld|                                                                data_193_out|       pointer|
|data_193_out_ap_vld         |  out|    1|      ap_vld|                                                                data_193_out|       pointer|
|data_192_out                |  out|   16|      ap_vld|                                                                data_192_out|       pointer|
|data_192_out_ap_vld         |  out|    1|      ap_vld|                                                                data_192_out|       pointer|
|data_191_out                |  out|   16|      ap_vld|                                                                data_191_out|       pointer|
|data_191_out_ap_vld         |  out|    1|      ap_vld|                                                                data_191_out|       pointer|
|data_190_out                |  out|   16|      ap_vld|                                                                data_190_out|       pointer|
|data_190_out_ap_vld         |  out|    1|      ap_vld|                                                                data_190_out|       pointer|
|data_189_out                |  out|   16|      ap_vld|                                                                data_189_out|       pointer|
|data_189_out_ap_vld         |  out|    1|      ap_vld|                                                                data_189_out|       pointer|
|data_188_out                |  out|   16|      ap_vld|                                                                data_188_out|       pointer|
|data_188_out_ap_vld         |  out|    1|      ap_vld|                                                                data_188_out|       pointer|
|data_187_out                |  out|   16|      ap_vld|                                                                data_187_out|       pointer|
|data_187_out_ap_vld         |  out|    1|      ap_vld|                                                                data_187_out|       pointer|
|data_186_out                |  out|   16|      ap_vld|                                                                data_186_out|       pointer|
|data_186_out_ap_vld         |  out|    1|      ap_vld|                                                                data_186_out|       pointer|
|data_185_out                |  out|   16|      ap_vld|                                                                data_185_out|       pointer|
|data_185_out_ap_vld         |  out|    1|      ap_vld|                                                                data_185_out|       pointer|
|data_184_out                |  out|   16|      ap_vld|                                                                data_184_out|       pointer|
|data_184_out_ap_vld         |  out|    1|      ap_vld|                                                                data_184_out|       pointer|
|data_183_out                |  out|   16|      ap_vld|                                                                data_183_out|       pointer|
|data_183_out_ap_vld         |  out|    1|      ap_vld|                                                                data_183_out|       pointer|
|data_182_out                |  out|   16|      ap_vld|                                                                data_182_out|       pointer|
|data_182_out_ap_vld         |  out|    1|      ap_vld|                                                                data_182_out|       pointer|
|data_181_out                |  out|   16|      ap_vld|                                                                data_181_out|       pointer|
|data_181_out_ap_vld         |  out|    1|      ap_vld|                                                                data_181_out|       pointer|
|data_180_out                |  out|   16|      ap_vld|                                                                data_180_out|       pointer|
|data_180_out_ap_vld         |  out|    1|      ap_vld|                                                                data_180_out|       pointer|
|data_179_out                |  out|   16|      ap_vld|                                                                data_179_out|       pointer|
|data_179_out_ap_vld         |  out|    1|      ap_vld|                                                                data_179_out|       pointer|
|data_178_out                |  out|   16|      ap_vld|                                                                data_178_out|       pointer|
|data_178_out_ap_vld         |  out|    1|      ap_vld|                                                                data_178_out|       pointer|
|data_177_out                |  out|   16|      ap_vld|                                                                data_177_out|       pointer|
|data_177_out_ap_vld         |  out|    1|      ap_vld|                                                                data_177_out|       pointer|
|data_176_out                |  out|   16|      ap_vld|                                                                data_176_out|       pointer|
|data_176_out_ap_vld         |  out|    1|      ap_vld|                                                                data_176_out|       pointer|
|data_175_out                |  out|   16|      ap_vld|                                                                data_175_out|       pointer|
|data_175_out_ap_vld         |  out|    1|      ap_vld|                                                                data_175_out|       pointer|
|data_174_out                |  out|   16|      ap_vld|                                                                data_174_out|       pointer|
|data_174_out_ap_vld         |  out|    1|      ap_vld|                                                                data_174_out|       pointer|
|data_173_out                |  out|   16|      ap_vld|                                                                data_173_out|       pointer|
|data_173_out_ap_vld         |  out|    1|      ap_vld|                                                                data_173_out|       pointer|
|data_172_out                |  out|   16|      ap_vld|                                                                data_172_out|       pointer|
|data_172_out_ap_vld         |  out|    1|      ap_vld|                                                                data_172_out|       pointer|
|data_171_out                |  out|   16|      ap_vld|                                                                data_171_out|       pointer|
|data_171_out_ap_vld         |  out|    1|      ap_vld|                                                                data_171_out|       pointer|
|data_170_out                |  out|   16|      ap_vld|                                                                data_170_out|       pointer|
|data_170_out_ap_vld         |  out|    1|      ap_vld|                                                                data_170_out|       pointer|
|data_169_out                |  out|   16|      ap_vld|                                                                data_169_out|       pointer|
|data_169_out_ap_vld         |  out|    1|      ap_vld|                                                                data_169_out|       pointer|
|data_168_out                |  out|   16|      ap_vld|                                                                data_168_out|       pointer|
|data_168_out_ap_vld         |  out|    1|      ap_vld|                                                                data_168_out|       pointer|
|data_167_out                |  out|   16|      ap_vld|                                                                data_167_out|       pointer|
|data_167_out_ap_vld         |  out|    1|      ap_vld|                                                                data_167_out|       pointer|
|data_166_out                |  out|   16|      ap_vld|                                                                data_166_out|       pointer|
|data_166_out_ap_vld         |  out|    1|      ap_vld|                                                                data_166_out|       pointer|
|data_165_out                |  out|   16|      ap_vld|                                                                data_165_out|       pointer|
|data_165_out_ap_vld         |  out|    1|      ap_vld|                                                                data_165_out|       pointer|
|data_164_out                |  out|   16|      ap_vld|                                                                data_164_out|       pointer|
|data_164_out_ap_vld         |  out|    1|      ap_vld|                                                                data_164_out|       pointer|
|data_163_out                |  out|   16|      ap_vld|                                                                data_163_out|       pointer|
|data_163_out_ap_vld         |  out|    1|      ap_vld|                                                                data_163_out|       pointer|
|data_162_out                |  out|   16|      ap_vld|                                                                data_162_out|       pointer|
|data_162_out_ap_vld         |  out|    1|      ap_vld|                                                                data_162_out|       pointer|
|data_161_out                |  out|   16|      ap_vld|                                                                data_161_out|       pointer|
|data_161_out_ap_vld         |  out|    1|      ap_vld|                                                                data_161_out|       pointer|
|data_160_out                |  out|   16|      ap_vld|                                                                data_160_out|       pointer|
|data_160_out_ap_vld         |  out|    1|      ap_vld|                                                                data_160_out|       pointer|
|data_159_out                |  out|   16|      ap_vld|                                                                data_159_out|       pointer|
|data_159_out_ap_vld         |  out|    1|      ap_vld|                                                                data_159_out|       pointer|
|data_158_out                |  out|   16|      ap_vld|                                                                data_158_out|       pointer|
|data_158_out_ap_vld         |  out|    1|      ap_vld|                                                                data_158_out|       pointer|
|data_157_out                |  out|   16|      ap_vld|                                                                data_157_out|       pointer|
|data_157_out_ap_vld         |  out|    1|      ap_vld|                                                                data_157_out|       pointer|
|data_156_out                |  out|   16|      ap_vld|                                                                data_156_out|       pointer|
|data_156_out_ap_vld         |  out|    1|      ap_vld|                                                                data_156_out|       pointer|
|data_155_out                |  out|   16|      ap_vld|                                                                data_155_out|       pointer|
|data_155_out_ap_vld         |  out|    1|      ap_vld|                                                                data_155_out|       pointer|
|data_154_out                |  out|   16|      ap_vld|                                                                data_154_out|       pointer|
|data_154_out_ap_vld         |  out|    1|      ap_vld|                                                                data_154_out|       pointer|
|data_153_out                |  out|   16|      ap_vld|                                                                data_153_out|       pointer|
|data_153_out_ap_vld         |  out|    1|      ap_vld|                                                                data_153_out|       pointer|
|data_152_out                |  out|   16|      ap_vld|                                                                data_152_out|       pointer|
|data_152_out_ap_vld         |  out|    1|      ap_vld|                                                                data_152_out|       pointer|
|data_151_out                |  out|   16|      ap_vld|                                                                data_151_out|       pointer|
|data_151_out_ap_vld         |  out|    1|      ap_vld|                                                                data_151_out|       pointer|
|data_150_out                |  out|   16|      ap_vld|                                                                data_150_out|       pointer|
|data_150_out_ap_vld         |  out|    1|      ap_vld|                                                                data_150_out|       pointer|
|data_149_out                |  out|   16|      ap_vld|                                                                data_149_out|       pointer|
|data_149_out_ap_vld         |  out|    1|      ap_vld|                                                                data_149_out|       pointer|
|data_148_out                |  out|   16|      ap_vld|                                                                data_148_out|       pointer|
|data_148_out_ap_vld         |  out|    1|      ap_vld|                                                                data_148_out|       pointer|
|data_147_out                |  out|   16|      ap_vld|                                                                data_147_out|       pointer|
|data_147_out_ap_vld         |  out|    1|      ap_vld|                                                                data_147_out|       pointer|
|data_146_out                |  out|   16|      ap_vld|                                                                data_146_out|       pointer|
|data_146_out_ap_vld         |  out|    1|      ap_vld|                                                                data_146_out|       pointer|
|data_145_out                |  out|   16|      ap_vld|                                                                data_145_out|       pointer|
|data_145_out_ap_vld         |  out|    1|      ap_vld|                                                                data_145_out|       pointer|
|data_144_out                |  out|   16|      ap_vld|                                                                data_144_out|       pointer|
|data_144_out_ap_vld         |  out|    1|      ap_vld|                                                                data_144_out|       pointer|
|data_143_out                |  out|   16|      ap_vld|                                                                data_143_out|       pointer|
|data_143_out_ap_vld         |  out|    1|      ap_vld|                                                                data_143_out|       pointer|
|data_142_out                |  out|   16|      ap_vld|                                                                data_142_out|       pointer|
|data_142_out_ap_vld         |  out|    1|      ap_vld|                                                                data_142_out|       pointer|
|data_141_out                |  out|   16|      ap_vld|                                                                data_141_out|       pointer|
|data_141_out_ap_vld         |  out|    1|      ap_vld|                                                                data_141_out|       pointer|
|data_140_out                |  out|   16|      ap_vld|                                                                data_140_out|       pointer|
|data_140_out_ap_vld         |  out|    1|      ap_vld|                                                                data_140_out|       pointer|
|data_139_out                |  out|   16|      ap_vld|                                                                data_139_out|       pointer|
|data_139_out_ap_vld         |  out|    1|      ap_vld|                                                                data_139_out|       pointer|
|data_138_out                |  out|   16|      ap_vld|                                                                data_138_out|       pointer|
|data_138_out_ap_vld         |  out|    1|      ap_vld|                                                                data_138_out|       pointer|
|data_137_out                |  out|   16|      ap_vld|                                                                data_137_out|       pointer|
|data_137_out_ap_vld         |  out|    1|      ap_vld|                                                                data_137_out|       pointer|
|data_136_out                |  out|   16|      ap_vld|                                                                data_136_out|       pointer|
|data_136_out_ap_vld         |  out|    1|      ap_vld|                                                                data_136_out|       pointer|
|data_135_out                |  out|   16|      ap_vld|                                                                data_135_out|       pointer|
|data_135_out_ap_vld         |  out|    1|      ap_vld|                                                                data_135_out|       pointer|
|data_134_out                |  out|   16|      ap_vld|                                                                data_134_out|       pointer|
|data_134_out_ap_vld         |  out|    1|      ap_vld|                                                                data_134_out|       pointer|
|data_133_out                |  out|   16|      ap_vld|                                                                data_133_out|       pointer|
|data_133_out_ap_vld         |  out|    1|      ap_vld|                                                                data_133_out|       pointer|
|data_132_out                |  out|   16|      ap_vld|                                                                data_132_out|       pointer|
|data_132_out_ap_vld         |  out|    1|      ap_vld|                                                                data_132_out|       pointer|
|data_131_out                |  out|   16|      ap_vld|                                                                data_131_out|       pointer|
|data_131_out_ap_vld         |  out|    1|      ap_vld|                                                                data_131_out|       pointer|
|data_130_out                |  out|   16|      ap_vld|                                                                data_130_out|       pointer|
|data_130_out_ap_vld         |  out|    1|      ap_vld|                                                                data_130_out|       pointer|
|data_129_out                |  out|   16|      ap_vld|                                                                data_129_out|       pointer|
|data_129_out_ap_vld         |  out|    1|      ap_vld|                                                                data_129_out|       pointer|
|data_128_out                |  out|   16|      ap_vld|                                                                data_128_out|       pointer|
|data_128_out_ap_vld         |  out|    1|      ap_vld|                                                                data_128_out|       pointer|
|data_127_out                |  out|   16|      ap_vld|                                                                data_127_out|       pointer|
|data_127_out_ap_vld         |  out|    1|      ap_vld|                                                                data_127_out|       pointer|
|data_126_out                |  out|   16|      ap_vld|                                                                data_126_out|       pointer|
|data_126_out_ap_vld         |  out|    1|      ap_vld|                                                                data_126_out|       pointer|
|data_125_out                |  out|   16|      ap_vld|                                                                data_125_out|       pointer|
|data_125_out_ap_vld         |  out|    1|      ap_vld|                                                                data_125_out|       pointer|
|data_124_out                |  out|   16|      ap_vld|                                                                data_124_out|       pointer|
|data_124_out_ap_vld         |  out|    1|      ap_vld|                                                                data_124_out|       pointer|
|data_123_out                |  out|   16|      ap_vld|                                                                data_123_out|       pointer|
|data_123_out_ap_vld         |  out|    1|      ap_vld|                                                                data_123_out|       pointer|
|data_122_out                |  out|   16|      ap_vld|                                                                data_122_out|       pointer|
|data_122_out_ap_vld         |  out|    1|      ap_vld|                                                                data_122_out|       pointer|
|data_121_out                |  out|   16|      ap_vld|                                                                data_121_out|       pointer|
|data_121_out_ap_vld         |  out|    1|      ap_vld|                                                                data_121_out|       pointer|
|data_120_out                |  out|   16|      ap_vld|                                                                data_120_out|       pointer|
|data_120_out_ap_vld         |  out|    1|      ap_vld|                                                                data_120_out|       pointer|
|data_119_out                |  out|   16|      ap_vld|                                                                data_119_out|       pointer|
|data_119_out_ap_vld         |  out|    1|      ap_vld|                                                                data_119_out|       pointer|
|data_118_out                |  out|   16|      ap_vld|                                                                data_118_out|       pointer|
|data_118_out_ap_vld         |  out|    1|      ap_vld|                                                                data_118_out|       pointer|
|data_117_out                |  out|   16|      ap_vld|                                                                data_117_out|       pointer|
|data_117_out_ap_vld         |  out|    1|      ap_vld|                                                                data_117_out|       pointer|
|data_116_out                |  out|   16|      ap_vld|                                                                data_116_out|       pointer|
|data_116_out_ap_vld         |  out|    1|      ap_vld|                                                                data_116_out|       pointer|
|data_115_out                |  out|   16|      ap_vld|                                                                data_115_out|       pointer|
|data_115_out_ap_vld         |  out|    1|      ap_vld|                                                                data_115_out|       pointer|
|data_114_out                |  out|   16|      ap_vld|                                                                data_114_out|       pointer|
|data_114_out_ap_vld         |  out|    1|      ap_vld|                                                                data_114_out|       pointer|
|data_113_out                |  out|   16|      ap_vld|                                                                data_113_out|       pointer|
|data_113_out_ap_vld         |  out|    1|      ap_vld|                                                                data_113_out|       pointer|
|data_112_out                |  out|   16|      ap_vld|                                                                data_112_out|       pointer|
|data_112_out_ap_vld         |  out|    1|      ap_vld|                                                                data_112_out|       pointer|
|data_111_out                |  out|   16|      ap_vld|                                                                data_111_out|       pointer|
|data_111_out_ap_vld         |  out|    1|      ap_vld|                                                                data_111_out|       pointer|
|data_110_out                |  out|   16|      ap_vld|                                                                data_110_out|       pointer|
|data_110_out_ap_vld         |  out|    1|      ap_vld|                                                                data_110_out|       pointer|
|data_109_out                |  out|   16|      ap_vld|                                                                data_109_out|       pointer|
|data_109_out_ap_vld         |  out|    1|      ap_vld|                                                                data_109_out|       pointer|
|data_108_out                |  out|   16|      ap_vld|                                                                data_108_out|       pointer|
|data_108_out_ap_vld         |  out|    1|      ap_vld|                                                                data_108_out|       pointer|
|data_107_out                |  out|   16|      ap_vld|                                                                data_107_out|       pointer|
|data_107_out_ap_vld         |  out|    1|      ap_vld|                                                                data_107_out|       pointer|
|data_106_out                |  out|   16|      ap_vld|                                                                data_106_out|       pointer|
|data_106_out_ap_vld         |  out|    1|      ap_vld|                                                                data_106_out|       pointer|
|data_105_out                |  out|   16|      ap_vld|                                                                data_105_out|       pointer|
|data_105_out_ap_vld         |  out|    1|      ap_vld|                                                                data_105_out|       pointer|
|data_104_out                |  out|   16|      ap_vld|                                                                data_104_out|       pointer|
|data_104_out_ap_vld         |  out|    1|      ap_vld|                                                                data_104_out|       pointer|
|data_103_out                |  out|   16|      ap_vld|                                                                data_103_out|       pointer|
|data_103_out_ap_vld         |  out|    1|      ap_vld|                                                                data_103_out|       pointer|
|data_102_out                |  out|   16|      ap_vld|                                                                data_102_out|       pointer|
|data_102_out_ap_vld         |  out|    1|      ap_vld|                                                                data_102_out|       pointer|
|data_101_out                |  out|   16|      ap_vld|                                                                data_101_out|       pointer|
|data_101_out_ap_vld         |  out|    1|      ap_vld|                                                                data_101_out|       pointer|
|data_100_out                |  out|   16|      ap_vld|                                                                data_100_out|       pointer|
|data_100_out_ap_vld         |  out|    1|      ap_vld|                                                                data_100_out|       pointer|
|data_99_out                 |  out|   16|      ap_vld|                                                                 data_99_out|       pointer|
|data_99_out_ap_vld          |  out|    1|      ap_vld|                                                                 data_99_out|       pointer|
|data_98_out                 |  out|   16|      ap_vld|                                                                 data_98_out|       pointer|
|data_98_out_ap_vld          |  out|    1|      ap_vld|                                                                 data_98_out|       pointer|
|data_97_out                 |  out|   16|      ap_vld|                                                                 data_97_out|       pointer|
|data_97_out_ap_vld          |  out|    1|      ap_vld|                                                                 data_97_out|       pointer|
|data_96_out                 |  out|   16|      ap_vld|                                                                 data_96_out|       pointer|
|data_96_out_ap_vld          |  out|    1|      ap_vld|                                                                 data_96_out|       pointer|
|data_95_out                 |  out|   16|      ap_vld|                                                                 data_95_out|       pointer|
|data_95_out_ap_vld          |  out|    1|      ap_vld|                                                                 data_95_out|       pointer|
|data_94_out                 |  out|   16|      ap_vld|                                                                 data_94_out|       pointer|
|data_94_out_ap_vld          |  out|    1|      ap_vld|                                                                 data_94_out|       pointer|
|data_93_out                 |  out|   16|      ap_vld|                                                                 data_93_out|       pointer|
|data_93_out_ap_vld          |  out|    1|      ap_vld|                                                                 data_93_out|       pointer|
|data_92_out                 |  out|   16|      ap_vld|                                                                 data_92_out|       pointer|
|data_92_out_ap_vld          |  out|    1|      ap_vld|                                                                 data_92_out|       pointer|
|data_91_out                 |  out|   16|      ap_vld|                                                                 data_91_out|       pointer|
|data_91_out_ap_vld          |  out|    1|      ap_vld|                                                                 data_91_out|       pointer|
|data_90_out                 |  out|   16|      ap_vld|                                                                 data_90_out|       pointer|
|data_90_out_ap_vld          |  out|    1|      ap_vld|                                                                 data_90_out|       pointer|
|data_89_out                 |  out|   16|      ap_vld|                                                                 data_89_out|       pointer|
|data_89_out_ap_vld          |  out|    1|      ap_vld|                                                                 data_89_out|       pointer|
|data_88_out                 |  out|   16|      ap_vld|                                                                 data_88_out|       pointer|
|data_88_out_ap_vld          |  out|    1|      ap_vld|                                                                 data_88_out|       pointer|
|data_87_out                 |  out|   16|      ap_vld|                                                                 data_87_out|       pointer|
|data_87_out_ap_vld          |  out|    1|      ap_vld|                                                                 data_87_out|       pointer|
|data_86_out                 |  out|   16|      ap_vld|                                                                 data_86_out|       pointer|
|data_86_out_ap_vld          |  out|    1|      ap_vld|                                                                 data_86_out|       pointer|
|data_85_out                 |  out|   16|      ap_vld|                                                                 data_85_out|       pointer|
|data_85_out_ap_vld          |  out|    1|      ap_vld|                                                                 data_85_out|       pointer|
|data_84_out                 |  out|   16|      ap_vld|                                                                 data_84_out|       pointer|
|data_84_out_ap_vld          |  out|    1|      ap_vld|                                                                 data_84_out|       pointer|
|data_83_out                 |  out|   16|      ap_vld|                                                                 data_83_out|       pointer|
|data_83_out_ap_vld          |  out|    1|      ap_vld|                                                                 data_83_out|       pointer|
|data_82_out                 |  out|   16|      ap_vld|                                                                 data_82_out|       pointer|
|data_82_out_ap_vld          |  out|    1|      ap_vld|                                                                 data_82_out|       pointer|
|data_81_out                 |  out|   16|      ap_vld|                                                                 data_81_out|       pointer|
|data_81_out_ap_vld          |  out|    1|      ap_vld|                                                                 data_81_out|       pointer|
|data_80_out                 |  out|   16|      ap_vld|                                                                 data_80_out|       pointer|
|data_80_out_ap_vld          |  out|    1|      ap_vld|                                                                 data_80_out|       pointer|
|data_79_out                 |  out|   16|      ap_vld|                                                                 data_79_out|       pointer|
|data_79_out_ap_vld          |  out|    1|      ap_vld|                                                                 data_79_out|       pointer|
|data_78_out                 |  out|   16|      ap_vld|                                                                 data_78_out|       pointer|
|data_78_out_ap_vld          |  out|    1|      ap_vld|                                                                 data_78_out|       pointer|
|data_77_out                 |  out|   16|      ap_vld|                                                                 data_77_out|       pointer|
|data_77_out_ap_vld          |  out|    1|      ap_vld|                                                                 data_77_out|       pointer|
|data_76_out                 |  out|   16|      ap_vld|                                                                 data_76_out|       pointer|
|data_76_out_ap_vld          |  out|    1|      ap_vld|                                                                 data_76_out|       pointer|
|data_75_out                 |  out|   16|      ap_vld|                                                                 data_75_out|       pointer|
|data_75_out_ap_vld          |  out|    1|      ap_vld|                                                                 data_75_out|       pointer|
|data_74_out                 |  out|   16|      ap_vld|                                                                 data_74_out|       pointer|
|data_74_out_ap_vld          |  out|    1|      ap_vld|                                                                 data_74_out|       pointer|
|data_73_out                 |  out|   16|      ap_vld|                                                                 data_73_out|       pointer|
|data_73_out_ap_vld          |  out|    1|      ap_vld|                                                                 data_73_out|       pointer|
|data_72_out                 |  out|   16|      ap_vld|                                                                 data_72_out|       pointer|
|data_72_out_ap_vld          |  out|    1|      ap_vld|                                                                 data_72_out|       pointer|
|data_71_out                 |  out|   16|      ap_vld|                                                                 data_71_out|       pointer|
|data_71_out_ap_vld          |  out|    1|      ap_vld|                                                                 data_71_out|       pointer|
|data_70_out                 |  out|   16|      ap_vld|                                                                 data_70_out|       pointer|
|data_70_out_ap_vld          |  out|    1|      ap_vld|                                                                 data_70_out|       pointer|
|data_69_out                 |  out|   16|      ap_vld|                                                                 data_69_out|       pointer|
|data_69_out_ap_vld          |  out|    1|      ap_vld|                                                                 data_69_out|       pointer|
|data_68_out                 |  out|   16|      ap_vld|                                                                 data_68_out|       pointer|
|data_68_out_ap_vld          |  out|    1|      ap_vld|                                                                 data_68_out|       pointer|
|data_67_out                 |  out|   16|      ap_vld|                                                                 data_67_out|       pointer|
|data_67_out_ap_vld          |  out|    1|      ap_vld|                                                                 data_67_out|       pointer|
|data_66_out                 |  out|   16|      ap_vld|                                                                 data_66_out|       pointer|
|data_66_out_ap_vld          |  out|    1|      ap_vld|                                                                 data_66_out|       pointer|
|data_65_out                 |  out|   16|      ap_vld|                                                                 data_65_out|       pointer|
|data_65_out_ap_vld          |  out|    1|      ap_vld|                                                                 data_65_out|       pointer|
|data_64_out                 |  out|   16|      ap_vld|                                                                 data_64_out|       pointer|
|data_64_out_ap_vld          |  out|    1|      ap_vld|                                                                 data_64_out|       pointer|
|data_63_out                 |  out|   16|      ap_vld|                                                                 data_63_out|       pointer|
|data_63_out_ap_vld          |  out|    1|      ap_vld|                                                                 data_63_out|       pointer|
|data_62_out                 |  out|   16|      ap_vld|                                                                 data_62_out|       pointer|
|data_62_out_ap_vld          |  out|    1|      ap_vld|                                                                 data_62_out|       pointer|
|data_61_out                 |  out|   16|      ap_vld|                                                                 data_61_out|       pointer|
|data_61_out_ap_vld          |  out|    1|      ap_vld|                                                                 data_61_out|       pointer|
|data_60_out                 |  out|   16|      ap_vld|                                                                 data_60_out|       pointer|
|data_60_out_ap_vld          |  out|    1|      ap_vld|                                                                 data_60_out|       pointer|
|data_59_out                 |  out|   16|      ap_vld|                                                                 data_59_out|       pointer|
|data_59_out_ap_vld          |  out|    1|      ap_vld|                                                                 data_59_out|       pointer|
|data_58_out                 |  out|   16|      ap_vld|                                                                 data_58_out|       pointer|
|data_58_out_ap_vld          |  out|    1|      ap_vld|                                                                 data_58_out|       pointer|
|data_57_out                 |  out|   16|      ap_vld|                                                                 data_57_out|       pointer|
|data_57_out_ap_vld          |  out|    1|      ap_vld|                                                                 data_57_out|       pointer|
|data_56_out                 |  out|   16|      ap_vld|                                                                 data_56_out|       pointer|
|data_56_out_ap_vld          |  out|    1|      ap_vld|                                                                 data_56_out|       pointer|
|data_55_out                 |  out|   16|      ap_vld|                                                                 data_55_out|       pointer|
|data_55_out_ap_vld          |  out|    1|      ap_vld|                                                                 data_55_out|       pointer|
|data_54_out                 |  out|   16|      ap_vld|                                                                 data_54_out|       pointer|
|data_54_out_ap_vld          |  out|    1|      ap_vld|                                                                 data_54_out|       pointer|
|data_53_out                 |  out|   16|      ap_vld|                                                                 data_53_out|       pointer|
|data_53_out_ap_vld          |  out|    1|      ap_vld|                                                                 data_53_out|       pointer|
|data_52_out                 |  out|   16|      ap_vld|                                                                 data_52_out|       pointer|
|data_52_out_ap_vld          |  out|    1|      ap_vld|                                                                 data_52_out|       pointer|
|data_51_out                 |  out|   16|      ap_vld|                                                                 data_51_out|       pointer|
|data_51_out_ap_vld          |  out|    1|      ap_vld|                                                                 data_51_out|       pointer|
|data_50_out                 |  out|   16|      ap_vld|                                                                 data_50_out|       pointer|
|data_50_out_ap_vld          |  out|    1|      ap_vld|                                                                 data_50_out|       pointer|
|data_49_out                 |  out|   16|      ap_vld|                                                                 data_49_out|       pointer|
|data_49_out_ap_vld          |  out|    1|      ap_vld|                                                                 data_49_out|       pointer|
|data_48_out                 |  out|   16|      ap_vld|                                                                 data_48_out|       pointer|
|data_48_out_ap_vld          |  out|    1|      ap_vld|                                                                 data_48_out|       pointer|
|data_47_out                 |  out|   16|      ap_vld|                                                                 data_47_out|       pointer|
|data_47_out_ap_vld          |  out|    1|      ap_vld|                                                                 data_47_out|       pointer|
|data_46_out                 |  out|   16|      ap_vld|                                                                 data_46_out|       pointer|
|data_46_out_ap_vld          |  out|    1|      ap_vld|                                                                 data_46_out|       pointer|
|data_45_out                 |  out|   16|      ap_vld|                                                                 data_45_out|       pointer|
|data_45_out_ap_vld          |  out|    1|      ap_vld|                                                                 data_45_out|       pointer|
|data_44_out                 |  out|   16|      ap_vld|                                                                 data_44_out|       pointer|
|data_44_out_ap_vld          |  out|    1|      ap_vld|                                                                 data_44_out|       pointer|
|data_43_out                 |  out|   16|      ap_vld|                                                                 data_43_out|       pointer|
|data_43_out_ap_vld          |  out|    1|      ap_vld|                                                                 data_43_out|       pointer|
|data_42_out                 |  out|   16|      ap_vld|                                                                 data_42_out|       pointer|
|data_42_out_ap_vld          |  out|    1|      ap_vld|                                                                 data_42_out|       pointer|
|data_41_out                 |  out|   16|      ap_vld|                                                                 data_41_out|       pointer|
|data_41_out_ap_vld          |  out|    1|      ap_vld|                                                                 data_41_out|       pointer|
|data_40_out                 |  out|   16|      ap_vld|                                                                 data_40_out|       pointer|
|data_40_out_ap_vld          |  out|    1|      ap_vld|                                                                 data_40_out|       pointer|
|data_39_out                 |  out|   16|      ap_vld|                                                                 data_39_out|       pointer|
|data_39_out_ap_vld          |  out|    1|      ap_vld|                                                                 data_39_out|       pointer|
|data_38_out                 |  out|   16|      ap_vld|                                                                 data_38_out|       pointer|
|data_38_out_ap_vld          |  out|    1|      ap_vld|                                                                 data_38_out|       pointer|
|data_37_out                 |  out|   16|      ap_vld|                                                                 data_37_out|       pointer|
|data_37_out_ap_vld          |  out|    1|      ap_vld|                                                                 data_37_out|       pointer|
|data_36_out                 |  out|   16|      ap_vld|                                                                 data_36_out|       pointer|
|data_36_out_ap_vld          |  out|    1|      ap_vld|                                                                 data_36_out|       pointer|
|data_35_out                 |  out|   16|      ap_vld|                                                                 data_35_out|       pointer|
|data_35_out_ap_vld          |  out|    1|      ap_vld|                                                                 data_35_out|       pointer|
|data_34_out                 |  out|   16|      ap_vld|                                                                 data_34_out|       pointer|
|data_34_out_ap_vld          |  out|    1|      ap_vld|                                                                 data_34_out|       pointer|
|data_33_out                 |  out|   16|      ap_vld|                                                                 data_33_out|       pointer|
|data_33_out_ap_vld          |  out|    1|      ap_vld|                                                                 data_33_out|       pointer|
|data_32_out                 |  out|   16|      ap_vld|                                                                 data_32_out|       pointer|
|data_32_out_ap_vld          |  out|    1|      ap_vld|                                                                 data_32_out|       pointer|
|data_31_out                 |  out|   16|      ap_vld|                                                                 data_31_out|       pointer|
|data_31_out_ap_vld          |  out|    1|      ap_vld|                                                                 data_31_out|       pointer|
|data_30_out                 |  out|   16|      ap_vld|                                                                 data_30_out|       pointer|
|data_30_out_ap_vld          |  out|    1|      ap_vld|                                                                 data_30_out|       pointer|
|data_29_out                 |  out|   16|      ap_vld|                                                                 data_29_out|       pointer|
|data_29_out_ap_vld          |  out|    1|      ap_vld|                                                                 data_29_out|       pointer|
|data_28_out                 |  out|   16|      ap_vld|                                                                 data_28_out|       pointer|
|data_28_out_ap_vld          |  out|    1|      ap_vld|                                                                 data_28_out|       pointer|
|data_27_out                 |  out|   16|      ap_vld|                                                                 data_27_out|       pointer|
|data_27_out_ap_vld          |  out|    1|      ap_vld|                                                                 data_27_out|       pointer|
|data_26_out                 |  out|   16|      ap_vld|                                                                 data_26_out|       pointer|
|data_26_out_ap_vld          |  out|    1|      ap_vld|                                                                 data_26_out|       pointer|
|data_25_out                 |  out|   16|      ap_vld|                                                                 data_25_out|       pointer|
|data_25_out_ap_vld          |  out|    1|      ap_vld|                                                                 data_25_out|       pointer|
|data_24_out                 |  out|   16|      ap_vld|                                                                 data_24_out|       pointer|
|data_24_out_ap_vld          |  out|    1|      ap_vld|                                                                 data_24_out|       pointer|
|data_23_out                 |  out|   16|      ap_vld|                                                                 data_23_out|       pointer|
|data_23_out_ap_vld          |  out|    1|      ap_vld|                                                                 data_23_out|       pointer|
|data_22_out                 |  out|   16|      ap_vld|                                                                 data_22_out|       pointer|
|data_22_out_ap_vld          |  out|    1|      ap_vld|                                                                 data_22_out|       pointer|
|data_21_out                 |  out|   16|      ap_vld|                                                                 data_21_out|       pointer|
|data_21_out_ap_vld          |  out|    1|      ap_vld|                                                                 data_21_out|       pointer|
|data_20_out                 |  out|   16|      ap_vld|                                                                 data_20_out|       pointer|
|data_20_out_ap_vld          |  out|    1|      ap_vld|                                                                 data_20_out|       pointer|
|data_19_out                 |  out|   16|      ap_vld|                                                                 data_19_out|       pointer|
|data_19_out_ap_vld          |  out|    1|      ap_vld|                                                                 data_19_out|       pointer|
|data_18_out                 |  out|   16|      ap_vld|                                                                 data_18_out|       pointer|
|data_18_out_ap_vld          |  out|    1|      ap_vld|                                                                 data_18_out|       pointer|
|data_17_out                 |  out|   16|      ap_vld|                                                                 data_17_out|       pointer|
|data_17_out_ap_vld          |  out|    1|      ap_vld|                                                                 data_17_out|       pointer|
|data_16_out                 |  out|   16|      ap_vld|                                                                 data_16_out|       pointer|
|data_16_out_ap_vld          |  out|    1|      ap_vld|                                                                 data_16_out|       pointer|
|data_15_out                 |  out|   16|      ap_vld|                                                                 data_15_out|       pointer|
|data_15_out_ap_vld          |  out|    1|      ap_vld|                                                                 data_15_out|       pointer|
|data_14_out                 |  out|   16|      ap_vld|                                                                 data_14_out|       pointer|
|data_14_out_ap_vld          |  out|    1|      ap_vld|                                                                 data_14_out|       pointer|
|data_13_out                 |  out|   16|      ap_vld|                                                                 data_13_out|       pointer|
|data_13_out_ap_vld          |  out|    1|      ap_vld|                                                                 data_13_out|       pointer|
|data_12_out                 |  out|   16|      ap_vld|                                                                 data_12_out|       pointer|
|data_12_out_ap_vld          |  out|    1|      ap_vld|                                                                 data_12_out|       pointer|
|data_11_out                 |  out|   16|      ap_vld|                                                                 data_11_out|       pointer|
|data_11_out_ap_vld          |  out|    1|      ap_vld|                                                                 data_11_out|       pointer|
|data_10_out                 |  out|   16|      ap_vld|                                                                 data_10_out|       pointer|
|data_10_out_ap_vld          |  out|    1|      ap_vld|                                                                 data_10_out|       pointer|
|data_9_out                  |  out|   16|      ap_vld|                                                                  data_9_out|       pointer|
|data_9_out_ap_vld           |  out|    1|      ap_vld|                                                                  data_9_out|       pointer|
|data_8_out                  |  out|   16|      ap_vld|                                                                  data_8_out|       pointer|
|data_8_out_ap_vld           |  out|    1|      ap_vld|                                                                  data_8_out|       pointer|
|data_7_out                  |  out|   16|      ap_vld|                                                                  data_7_out|       pointer|
|data_7_out_ap_vld           |  out|    1|      ap_vld|                                                                  data_7_out|       pointer|
|data_6_out                  |  out|   16|      ap_vld|                                                                  data_6_out|       pointer|
|data_6_out_ap_vld           |  out|    1|      ap_vld|                                                                  data_6_out|       pointer|
|data_5_out                  |  out|   16|      ap_vld|                                                                  data_5_out|       pointer|
|data_5_out_ap_vld           |  out|    1|      ap_vld|                                                                  data_5_out|       pointer|
|data_4_out                  |  out|   16|      ap_vld|                                                                  data_4_out|       pointer|
|data_4_out_ap_vld           |  out|    1|      ap_vld|                                                                  data_4_out|       pointer|
|data_3_out                  |  out|   16|      ap_vld|                                                                  data_3_out|       pointer|
|data_3_out_ap_vld           |  out|    1|      ap_vld|                                                                  data_3_out|       pointer|
|data_2_out                  |  out|   16|      ap_vld|                                                                  data_2_out|       pointer|
|data_2_out_ap_vld           |  out|    1|      ap_vld|                                                                  data_2_out|       pointer|
|data_1_out                  |  out|   16|      ap_vld|                                                                  data_1_out|       pointer|
|data_1_out_ap_vld           |  out|    1|      ap_vld|                                                                  data_1_out|       pointer|
|data_out                    |  out|   16|      ap_vld|                                                                    data_out|       pointer|
|data_out_ap_vld             |  out|    1|      ap_vld|                                                                    data_out|       pointer|
+----------------------------+-----+-----+------------+----------------------------------------------------------------------------+--------------+

