

================================================================
== Vitis HLS Report for 'dense_array_ap_fixed_8u_array_ap_fixed_16_6_5_3_0_24u_config25_s'
================================================================
* Date:           Tue Oct  6 15:38:48 2026

* Version:        2026.1 (Build 6493734 on Jun 16 2026)
* Project:        myproject_prj
* Solution:       solution1
* Product family: artix7
* Target device:  xc7a35t-ftg256-1


================================================================
== Performance Estimates
================================================================
+ Timing: 
    * Summary: 
    +--------+---------+-----------+------------+
    |  Clock |  Target | Estimated | Uncertainty|
    +--------+---------+-----------+------------+
    |ap_clk  |  5.00 ns|  12.439 ns|     1.35 ns|
    +--------+---------+-----------+------------+

+ Latency: 
    * Summary: 
    +---------+---------+-----------+-----------+------+------+---------+
    |  Latency (cycles) |   Latency (absolute)  |   Interval  | Pipeline|
    |   min   |   max   |    min    |    max    |  min |  max |   Type  |
    +---------+---------+-----------+-----------+------+------+---------+
    |     4833|     4834|  60.689 us|  60.702 us|  4833|  4834|       no|
    +---------+---------+-----------+-----------+------+------+---------+

    + Detail: 
        * Instance: 
        +------------------------------------------------------------------------------------+-------------------------------------------------------------------------+---------+---------+-----------+-----------+------+------+------------------------------------+
        |                                                                                    |                                                                         |  Latency (cycles) |   Latency (absolute)  |   Interval  |              Pipeline              |
        |                                      Instance                                      |                                  Module                                 |   min   |   max   |    min    |    max    |  min |  max |                Type                |
        +------------------------------------------------------------------------------------+-------------------------------------------------------------------------+---------+---------+-----------+-----------+------+------+------------------------------------+
        |grp_dense_array_array_ap_fixed_16_6_5_3_0_24u_config25_Pipeline_DataPrepare_fu_837  |dense_array_array_ap_fixed_16_6_5_3_0_24u_config25_Pipeline_DataPrepare  |       27|       27|   0.339 us|   0.339 us|     0|     0|                   loop pipeline stp|
        |grp_dense_resource_rf_gt_nin_rem0_ap_fixed_ap_fixed_16_6_5_3_0_config25_s_fu_1043   |dense_resource_rf_gt_nin_rem0_ap_fixed_ap_fixed_16_6_5_3_0_config25_s    |     4802|     4803|  60.300 us|  60.312 us|  4800|  4800|  loop rewind stp (delay=0 cycle(s))|
        +------------------------------------------------------------------------------------+-------------------------------------------------------------------------+---------+---------+-----------+-----------+------+------+------------------------------------+

        * Loop: 
        N/A



================================================================
== Utilization Estimates
================================================================
* Summary: 
+-----------------+---------+----+-------+-------+-----+
|       Name      | BRAM_18K| DSP|   FF  |  LUT  | URAM|
+-----------------+---------+----+-------+-------+-----+
|DSP              |        -|   -|      -|      -|    -|
|Expression       |        -|   -|      0|      2|    -|
|FIFO             |        -|   -|      -|      -|    -|
|Instance         |        9|   1|   8583|   8362|    -|
|Memory           |        -|   -|      -|      -|    -|
|Multiplexer      |        -|   -|      0|     52|    -|
|Register         |        -|   -|    393|      -|    -|
+-----------------+---------+----+-------+-------+-----+
|Total            |        9|   1|   8976|   8416|    0|
+-----------------+---------+----+-------+-------+-----+
|Available        |      100|  90|  41600|  20800|    0|
+-----------------+---------+----+-------+-------+-----+
|Utilization (%)  |        9|   1|     21|     40|    0|
+-----------------+---------+----+-------+-------+-----+

+ Detail: 
    * Instance: 
    +------------------------------------------------------------------------------------+-------------------------------------------------------------------------+---------+----+------+------+-----+
    |                                      Instance                                      |                                  Module                                 | BRAM_18K| DSP|  FF  |  LUT | URAM|
    +------------------------------------------------------------------------------------+-------------------------------------------------------------------------+---------+----+------+------+-----+
    |grp_dense_array_array_ap_fixed_16_6_5_3_0_24u_config25_Pipeline_DataPrepare_fu_837  |dense_array_array_ap_fixed_16_6_5_3_0_24u_config25_Pipeline_DataPrepare  |        0|   0|  3208|    66|    0|
    |grp_dense_resource_rf_gt_nin_rem0_ap_fixed_ap_fixed_16_6_5_3_0_config25_s_fu_1043   |dense_resource_rf_gt_nin_rem0_ap_fixed_ap_fixed_16_6_5_3_0_config25_s    |        9|   1|  5375|  8296|    0|
    +------------------------------------------------------------------------------------+-------------------------------------------------------------------------+---------+----+------+------+-----+
    |Total                                                                               |                                                                         |        9|   1|  8583|  8362|    0|
    +------------------------------------------------------------------------------------+-------------------------------------------------------------------------+---------+----+------+------+-----+

    * DSP: 
    N/A

    * Memory: 
    N/A

    * FIFO: 
    N/A

    * Expression: 
    +-----------------+----------+----+---+----+------------+------------+
    |  Variable Name  | Operation| DSP| FF| LUT| Bitwidth P0| Bitwidth P1|
    +-----------------+----------+----+---+----+------------+------------+
    |ap_block_state1  |        or|   0|  0|   2|           1|           1|
    +-----------------+----------+----+---+----+------------+------------+
    |Total            |          |   0|  0|   2|           1|           1|
    +-----------------+----------+----+---+----+------------+------------+

    * Multiplexer: 
    +-------------------+----+-----------+-----+-----------+
    |        Name       | LUT| Input Size| Bits| Total Bits|
    +-------------------+----+-----------+-----+-----------+
    |ap_NS_fsm          |  25|          6|    1|          6|
    |ap_done            |   9|          2|    1|          2|
    |layer25_out_blk_n  |   9|          2|    1|          2|
    |real_start         |   9|          2|    1|          2|
    +-------------------+----+-----------+-----+-----------+
    |Total              |  52|         12|    4|         12|
    +-------------------+----+-----------+-----+-----------+

    * Register: 
    +-------------------------------------------------------------------------------------------------+----+----+-----+-----------+
    |                                               Name                                              | FF | LUT| Bits| Const Bits|
    +-------------------------------------------------------------------------------------------------+----+----+-----+-----------+
    |ap_CS_fsm                                                                                        |   5|   0|    5|          0|
    |ap_done_reg                                                                                      |   1|   0|    1|          0|
    |grp_dense_array_array_ap_fixed_16_6_5_3_0_24u_config25_Pipeline_DataPrepare_fu_837_ap_start_reg  |   1|   0|    1|          0|
    |grp_dense_resource_rf_gt_nin_rem0_ap_fixed_ap_fixed_16_6_5_3_0_config25_s_fu_1043_ap_start_reg   |   1|   0|    1|          0|
    |res_10_reg_4038                                                                                  |  16|   0|   16|          0|
    |res_11_reg_4043                                                                                  |  16|   0|   16|          0|
    |res_12_reg_4048                                                                                  |  16|   0|   16|          0|
    |res_13_reg_4053                                                                                  |  16|   0|   16|          0|
    |res_14_reg_4058                                                                                  |  16|   0|   16|          0|
    |res_15_reg_4063                                                                                  |  16|   0|   16|          0|
    |res_16_reg_4068                                                                                  |  16|   0|   16|          0|
    |res_17_reg_4073                                                                                  |  16|   0|   16|          0|
    |res_18_reg_4078                                                                                  |  16|   0|   16|          0|
    |res_19_reg_4083                                                                                  |  16|   0|   16|          0|
    |res_1_reg_3993                                                                                   |  16|   0|   16|          0|
    |res_20_reg_4088                                                                                  |  16|   0|   16|          0|
    |res_21_reg_4093                                                                                  |  16|   0|   16|          0|
    |res_22_reg_4098                                                                                  |  16|   0|   16|          0|
    |res_23_reg_4103                                                                                  |  16|   0|   16|          0|
    |res_2_reg_3998                                                                                   |  16|   0|   16|          0|
    |res_3_reg_4003                                                                                   |  16|   0|   16|          0|
    |res_4_reg_4008                                                                                   |  16|   0|   16|          0|
    |res_5_reg_4013                                                                                   |  16|   0|   16|          0|
    |res_6_reg_4018                                                                                   |  16|   0|   16|          0|
    |res_7_reg_4023                                                                                   |  16|   0|   16|          0|
    |res_8_reg_4028                                                                                   |  16|   0|   16|          0|
    |res_9_reg_4033                                                                                   |  16|   0|   16|          0|
    |res_reg_3988                                                                                     |  16|   0|   16|          0|
    |start_once_reg                                                                                   |   1|   0|    1|          0|
    +-------------------------------------------------------------------------------------------------+----+----+-----+-----------+
    |Total                                                                                            | 393|   0|  393|          0|
    +-------------------------------------------------------------------------------------------------+----+----+-----+-----------+



================================================================
== Interface
================================================================
* Summary: 
+----------------------------+-----+-----+------------+--------------------------------------------------------------------+--------------+
|          RTL Ports         | Dir | Bits|  Protocol  |                            Source Object                           |    C Type    |
+----------------------------+-----+-----+------------+--------------------------------------------------------------------+--------------+
|ap_clk                      |   in|    1|  ap_ctrl_hs|  dense<array<ap_fixed,8u>,array<ap_fixed<16,6,5,3,0>,24u>,config25>|  return value|
|ap_rst                      |   in|    1|  ap_ctrl_hs|  dense<array<ap_fixed,8u>,array<ap_fixed<16,6,5,3,0>,24u>,config25>|  return value|
|ap_start                    |   in|    1|  ap_ctrl_hs|  dense<array<ap_fixed,8u>,array<ap_fixed<16,6,5,3,0>,24u>,config25>|  return value|
|start_full_n                |   in|    1|  ap_ctrl_hs|  dense<array<ap_fixed,8u>,array<ap_fixed<16,6,5,3,0>,24u>,config25>|  return value|
|ap_done                     |  out|    1|  ap_ctrl_hs|  dense<array<ap_fixed,8u>,array<ap_fixed<16,6,5,3,0>,24u>,config25>|  return value|
|ap_continue                 |   in|    1|  ap_ctrl_hs|  dense<array<ap_fixed,8u>,array<ap_fixed<16,6,5,3,0>,24u>,config25>|  return value|
|ap_idle                     |  out|    1|  ap_ctrl_hs|  dense<array<ap_fixed,8u>,array<ap_fixed<16,6,5,3,0>,24u>,config25>|  return value|
|ap_ready                    |  out|    1|  ap_ctrl_hs|  dense<array<ap_fixed,8u>,array<ap_fixed<16,6,5,3,0>,24u>,config25>|  return value|
|start_out                   |  out|    1|  ap_ctrl_hs|  dense<array<ap_fixed,8u>,array<ap_fixed<16,6,5,3,0>,24u>,config25>|  return value|
|start_write                 |  out|    1|  ap_ctrl_hs|  dense<array<ap_fixed,8u>,array<ap_fixed<16,6,5,3,0>,24u>,config25>|  return value|
|layer16_out_dout            |   in|  128|     ap_fifo|                                                         layer16_out|       pointer|
|layer16_out_empty_n         |   in|    1|     ap_fifo|                                                         layer16_out|       pointer|
|layer16_out_read            |  out|    1|     ap_fifo|                                                         layer16_out|       pointer|
|layer16_out_num_data_valid  |   in|    6|     ap_fifo|                                                         layer16_out|       pointer|
|layer16_out_fifo_cap        |   in|    6|     ap_fifo|                                                         layer16_out|       pointer|
|layer25_out_din             |  out|  384|     ap_fifo|                                                         layer25_out|       pointer|
|layer25_out_full_n          |   in|    1|     ap_fifo|                                                         layer25_out|       pointer|
|layer25_out_write           |  out|    1|     ap_fifo|                                                         layer25_out|       pointer|
|layer25_out_num_data_valid  |   in|    2|     ap_fifo|                                                         layer25_out|       pointer|
|layer25_out_fifo_cap        |   in|    2|     ap_fifo|                                                         layer25_out|       pointer|
+----------------------------+-----+-----+------------+--------------------------------------------------------------------+--------------+

