

================================================================
== Vitis HLS Report for 'myproject'
================================================================
* Date:           Tue Oct  6 15:38:54 2026

* Version:        2026.1 (Build 6493734 on Jun 16 2026)
* Project:        myproject_prj
* Solution:       solution1
* Product family: artix7
* Target device:  xc7a35t-ftg256-1


================================================================
== Performance Estimates
================================================================
+ Timing: 
    * Summary: 
    +--------+---------+-----------+------------+
    |  Clock |  Target | Estimated | Uncertainty|
    +--------+---------+-----------+------------+
    |ap_clk  |  5.00 ns|  12.557 ns|     1.35 ns|
    +--------+---------+-----------+------------+

+ Latency: 
    * Summary: 
    +---------+---------+----------+----------+------+-------+----------+
    |  Latency (cycles) |  Latency (absolute) |   Interval   | Pipeline |
    |   min   |   max   |    min   |    max   |  min |  max  |   Type   |
    +---------+---------+----------+----------+------+-------+----------+
    |    50432|    50717|  0.633 ms|  0.637 ms|  5490|  50702|  dataflow|
    +---------+---------+----------+----------+------+-------+----------+

    + Detail: 
        * Instance: 
        +-------------------------------------------------------------------------+------------------------------------------------------------------------+---------+---------+-----------+-----------+------+-------+-----------------------------------------+
        |                                                                         |                                                                        |  Latency (cycles) |   Latency (absolute)  |   Interval   |                 Pipeline                |
        |                                 Instance                                |                                 Module                                 |   min   |   max   |    min    |    max    |  min |  max  |                   Type                  |
        +-------------------------------------------------------------------------+------------------------------------------------------------------------+---------+---------+-----------+-----------+------+-------+-----------------------------------------+
        |transpose_array_ap_fixed_28u_array_ap_fixed_16_6_5_3_0_1u_config10_U0    |transpose_array_ap_fixed_28u_array_ap_fixed_16_6_5_3_0_1u_config10_s    |     1605|     1605|  20.154 us|  20.154 us|  1605|   1605|                                       no|
        |conv_2d_cl_array_ap_fixed_1u_array_ap_fixed_16_6_5_3_0_4u_config27_U0    |conv_2d_cl_array_ap_fixed_1u_array_ap_fixed_16_6_5_3_0_4u_config27_s    |     5489|    37633|  68.927 us|   0.473 ms|  5489|  37633|                                       no|
        |relu_array_ap_fixed_4u_array_ap_fixed_16_6_5_3_0_4u_ReLU_config12_U0     |relu_array_ap_fixed_4u_array_ap_fixed_16_6_5_3_0_4u_ReLU_config12_s     |     1354|     1354|  17.002 us|  17.002 us|  1352|   1352|  loop auto-rewind stp (delay=0 cycle(s))|
        |pooling2d_cl_array_ap_fixed_4u_array_ap_fixed_16_6_5_3_0_4u_config13_U0  |pooling2d_cl_array_ap_fixed_4u_array_ap_fixed_16_6_5_3_0_4u_config13_s  |     2031|     2031|  25.504 us|  25.504 us|  2031|   2031|                                       no|
        |conv_2d_cl_array_ap_fixed_4u_array_ap_fixed_16_6_5_3_0_8u_config28_U0    |conv_2d_cl_array_ap_fixed_4u_array_ap_fixed_16_6_5_3_0_8u_config28_s    |     1184|    50701|  14.868 us|   0.637 ms|  1184|  50701|                                       no|
        |relu_array_ap_fixed_8u_array_ap_fixed_16_6_5_3_0_8u_ReLU_config15_U0     |relu_array_ap_fixed_8u_array_ap_fixed_16_6_5_3_0_8u_ReLU_config15_s     |      125|      125|   1.570 us|   1.570 us|   121|    121|  loop auto-rewind stp (delay=0 cycle(s))|
        |pooling2d_cl_array_ap_fixed_8u_array_ap_fixed_16_6_5_3_0_8u_config16_U0  |pooling2d_cl_array_ap_fixed_8u_array_ap_fixed_16_6_5_3_0_8u_config16_s  |      366|      366|   4.596 us|   4.596 us|   366|    366|                                       no|
        |dense_array_ap_fixed_8u_array_ap_fixed_16_6_5_3_0_24u_config25_U0        |dense_array_ap_fixed_8u_array_ap_fixed_16_6_5_3_0_24u_config25_s        |     4833|     4834|  60.689 us|  60.702 us|  4833|   4834|                                       no|
        |normalize_array_ap_fixed_24u_array_ap_fixed_16_6_5_3_0_24u_config23_U0   |normalize_array_ap_fixed_24u_array_ap_fixed_16_6_5_3_0_24u_config23_s   |        2|        2|  25.114 ns|  25.114 ns|     2|      2|                                       no|
        |relu_array_ap_fixed_24u_array_ap_fixed_16_6_5_3_0_24u_ReLU_config20_U0   |relu_array_ap_fixed_24u_array_ap_fixed_16_6_5_3_0_24u_ReLU_config20_s   |        2|        2|  25.114 ns|  25.114 ns|     2|      2|                                       no|
        |dense_array_ap_fixed_24u_array_ap_fixed_16_6_5_3_0_47u_config26_U0       |dense_array_ap_fixed_24u_array_ap_fixed_16_6_5_3_0_47u_config26_s       |     1133|     1134|  14.227 us|  14.240 us|  1133|   1134|                                       no|
        |normalize_array_ap_fixed_47u_array_ap_fixed_16_6_5_3_0_47u_config24_U0   |normalize_array_ap_fixed_47u_array_ap_fixed_16_6_5_3_0_47u_config24_s   |        3|        3|  37.672 ns|  37.672 ns|     3|      3|                                       no|
        +-------------------------------------------------------------------------+------------------------------------------------------------------------+---------+---------+-----------+-----------+------+-------+-----------------------------------------+

        * Loop: 
        N/A



================================================================
== Utilization Estimates
================================================================
* Summary: 
+-----------------+---------+----+-------+-------+-----+
|       Name      | BRAM_18K| DSP|   FF  |  LUT  | URAM|
+-----------------+---------+----+-------+-------+-----+
|DSP              |        -|   -|      -|      -|    -|
|Expression       |        -|   -|      0|      2|    -|
|FIFO             |       37|   -|   1525|    875|    -|
|Instance         |       14|   4|  37808|  27160|    -|
|Memory           |        -|   -|      -|      -|    -|
|Multiplexer      |        -|   -|      -|      -|    -|
|Register         |        -|   -|      -|      -|    -|
+-----------------+---------+----+-------+-------+-----+
|Total            |       51|   4|  39333|  28037|    0|
+-----------------+---------+----+-------+-------+-----+
|Available        |      100|  90|  41600|  20800|    0|
+-----------------+---------+----+-------+-------+-----+
|Utilization (%)  |       51|   4|     94|    134|    0|
+-----------------+---------+----+-------+-------+-----+

+ Detail: 
    * Instance: 
    +-------------------------------------------------------------------------+------------------------------------------------------------------------+---------+----+-------+------+-----+
    |                                 Instance                                |                                 Module                                 | BRAM_18K| DSP|   FF  |  LUT | URAM|
    +-------------------------------------------------------------------------+------------------------------------------------------------------------+---------+----+-------+------+-----+
    |conv_2d_cl_array_ap_fixed_1u_array_ap_fixed_16_6_5_3_0_4u_config27_U0    |conv_2d_cl_array_ap_fixed_1u_array_ap_fixed_16_6_5_3_0_4u_config27_s    |        1|   1|   1159|  1630|    0|
    |conv_2d_cl_array_ap_fixed_4u_array_ap_fixed_16_6_5_3_0_8u_config28_U0    |conv_2d_cl_array_ap_fixed_4u_array_ap_fixed_16_6_5_3_0_8u_config28_s    |        1|   1|   2636|  3036|    0|
    |dense_array_ap_fixed_24u_array_ap_fixed_16_6_5_3_0_47u_config26_U0       |dense_array_ap_fixed_24u_array_ap_fixed_16_6_5_3_0_47u_config26_s       |        3|   1|   5540|  4438|    0|
    |dense_array_ap_fixed_8u_array_ap_fixed_16_6_5_3_0_24u_config25_U0        |dense_array_ap_fixed_8u_array_ap_fixed_16_6_5_3_0_24u_config25_s        |        9|   1|   8976|  8416|    0|
    |normalize_array_ap_fixed_24u_array_ap_fixed_16_6_5_3_0_24u_config23_U0   |normalize_array_ap_fixed_24u_array_ap_fixed_16_6_5_3_0_24u_config23_s   |        0|   0|    757|   584|    0|
    |normalize_array_ap_fixed_47u_array_ap_fixed_16_6_5_3_0_47u_config24_U0   |normalize_array_ap_fixed_47u_array_ap_fixed_16_6_5_3_0_47u_config24_s   |        0|   0|   1509|  1133|    0|
    |pooling2d_cl_array_ap_fixed_4u_array_ap_fixed_16_6_5_3_0_4u_config13_U0  |pooling2d_cl_array_ap_fixed_4u_array_ap_fixed_16_6_5_3_0_4u_config13_s  |        0|   0|   1078|  1349|    0|
    |pooling2d_cl_array_ap_fixed_8u_array_ap_fixed_16_6_5_3_0_8u_config16_U0  |pooling2d_cl_array_ap_fixed_8u_array_ap_fixed_16_6_5_3_0_8u_config16_s  |        0|   0|   1832|  2008|    0|
    |relu_array_ap_fixed_24u_array_ap_fixed_16_6_5_3_0_24u_ReLU_config20_U0   |relu_array_ap_fixed_24u_array_ap_fixed_16_6_5_3_0_24u_ReLU_config20_s   |        0|   0|   1109|   967|    0|
    |relu_array_ap_fixed_4u_array_ap_fixed_16_6_5_3_0_4u_ReLU_config12_U0     |relu_array_ap_fixed_4u_array_ap_fixed_16_6_5_3_0_4u_ReLU_config12_s     |        0|   0|    216|   285|    0|
    |relu_array_ap_fixed_8u_array_ap_fixed_16_6_5_3_0_8u_ReLU_config15_U0     |relu_array_ap_fixed_8u_array_ap_fixed_16_6_5_3_0_8u_ReLU_config15_s     |        0|   0|    383|   390|    0|
    |transpose_array_ap_fixed_28u_array_ap_fixed_16_6_5_3_0_1u_config10_U0    |transpose_array_ap_fixed_28u_array_ap_fixed_16_6_5_3_0_1u_config10_s    |        0|   0|  12613|  2924|    0|
    +-------------------------------------------------------------------------+------------------------------------------------------------------------+---------+----+-------+------+-----+
    |Total                                                                    |                                                                        |       14|   4|  37808| 27160|    0|
    +-------------------------------------------------------------------------+------------------------------------------------------------------------+---------+----+-------+------+-----+

    * DSP: 
    N/A

    * Memory: 
    N/A

    * FIFO: 
    +---------------+---------+-----+----+-----+------+-----+---------+
    |      Name     | BRAM_18K|  FF | LUT| URAM| Depth| Bits| Size:D*B|
    +---------------+---------+-----+----+-----+------+-----+---------+
    |layer10_out_U  |        1|  165|  89|    0|   784|   16|    12544|
    |layer12_out_U  |        4|  165|  99|    0|   676|   64|    43264|
    |layer13_out_U  |        4|  163|  92|    0|   169|   64|    10816|
    |layer15_out_U  |        8|  158|  76|    0|   121|  128|    15488|
    |layer16_out_U  |        8|  155|  72|    0|    25|  128|     3200|
    |layer20_out_U  |        0|   99|  68|    0|     1|  384|      384|
    |layer23_out_U  |        0|   99|  68|    0|     1|  384|      384|
    |layer25_out_U  |        0|   99|  68|    0|     1|  384|      384|
    |layer26_out_U  |        0|   99|  68|    0|     1|  752|      752|
    |layer27_out_U  |        4|  165|  99|    0|   676|   64|    43264|
    |layer28_out_U  |        8|  158|  76|    0|   121|  128|    15488|
    +---------------+---------+-----+----+-----+------+-----+---------+
    |Total          |       37| 1525| 875|    0|  2576| 2496|   145968|
    +---------------+---------+-----+----+-----+------+-----+---------+

    * Expression: 
    +--------------+----------+----+---+----+------------+------------+
    | Variable Name| Operation| DSP| FF| LUT| Bitwidth P0| Bitwidth P1|
    +--------------+----------+----+---+----+------------+------------+
    |ap_idle       |       and|   0|  0|   2|           1|           1|
    +--------------+----------+----+---+----+------------+------------+
    |Total         |          |   0|  0|   2|           1|           1|
    +--------------+----------+----+---+----+------------+------------+

    * Multiplexer: 
    N/A

    * Register: 
    N/A



================================================================
== Interface
================================================================
* Summary: 
+--------------------+-----+-----+------------+--------------+--------------+
|      RTL Ports     | Dir | Bits|  Protocol  | Source Object|    C Type    |
+--------------------+-----+-----+------------+--------------+--------------+
|global_in_TDATA     |   in|  448|        axis|     global_in|       pointer|
|global_in_TVALID    |   in|    1|        axis|     global_in|       pointer|
|global_in_TREADY    |  out|    1|        axis|     global_in|       pointer|
|layer24_out_TDATA   |  out|  752|        axis|   layer24_out|       pointer|
|layer24_out_TVALID  |  out|    1|        axis|   layer24_out|       pointer|
|layer24_out_TREADY  |   in|    1|        axis|   layer24_out|       pointer|
|ap_clk              |   in|    1|  ap_ctrl_hs|     myproject|  return value|
|ap_rst_n            |   in|    1|  ap_ctrl_hs|     myproject|  return value|
|ap_start            |   in|    1|  ap_ctrl_hs|     myproject|  return value|
|ap_done             |  out|    1|  ap_ctrl_hs|     myproject|  return value|
|ap_ready            |  out|    1|  ap_ctrl_hs|     myproject|  return value|
|ap_idle             |  out|    1|  ap_ctrl_hs|     myproject|  return value|
+--------------------+-----+-----+------------+--------------+--------------+

