

================================================================
== Vitis HLS Report for 'pooling2d_cl_array_ap_fixed_4u_array_ap_fixed_16_6_5_3_0_4u_config13_s'
================================================================
* Date:           Tue Oct  6 15:38:38 2026

* Version:        2026.1 (Build 6493734 on Jun 16 2026)
* Project:        myproject_prj
* Solution:       solution1
* Product family: artix7
* Target device:  xc7a35t-ftg256-1


================================================================
== Performance Estimates
================================================================
+ Timing: 
    * Summary: 
    +--------+---------+----------+------------+
    |  Clock |  Target | Estimated| Uncertainty|
    +--------+---------+----------+------------+
    |ap_clk  |  5.00 ns|  3.498 ns|     1.35 ns|
    +--------+---------+----------+------------+

+ Latency: 
    * Summary: 
    +---------+---------+-----------+-----------+------+------+---------+
    |  Latency (cycles) |   Latency (absolute)  |   Interval  | Pipeline|
    |   min   |   max   |    min    |    max    |  min |  max |   Type  |
    +---------+---------+-----------+-----------+------+------+---------+
    |     2031|     2031|  25.504 us|  25.504 us|  2031|  2031|       no|
    +---------+---------+-----------+-----------+------+------+---------+

    + Detail: 
        * Instance: 
        N/A

        * Loop: 
        +----------------------------------+---------+---------+----------+-----------+-----------+------+----------+
        |                                  |  Latency (cycles) | Iteration|  Initiation Interval  | Trip |          |
        |             Loop Name            |   min   |   max   |  Latency |  achieved |   target  | Count| Pipelined|
        +----------------------------------+---------+---------+----------+-----------+-----------+------+----------+
        |- ReadInputHeight_ReadInputWidth  |     2029|     2029|         5|          3|        N/A|   676|       yes|
        +----------------------------------+---------+---------+----------+-----------+-----------+------+----------+



================================================================
== Utilization Estimates
================================================================
* Summary: 
+-----------------+---------+----+-------+-------+-----+
|       Name      | BRAM_18K| DSP|   FF  |  LUT  | URAM|
+-----------------+---------+----+-------+-------+-----+
|DSP              |        -|   -|      -|      -|    -|
|Expression       |        -|   -|      0|   1095|    -|
|FIFO             |        -|   -|      -|      -|    -|
|Instance         |        -|   -|      -|      -|    -|
|Memory           |        -|   -|      -|      -|    -|
|Multiplexer      |        -|   -|      0|    254|    -|
|Register         |        -|   -|   1078|      -|    -|
+-----------------+---------+----+-------+-------+-----+
|Total            |        0|   0|   1078|   1349|    0|
+-----------------+---------+----+-------+-------+-----+
|Available        |      100|  90|  41600|  20800|    0|
+-----------------+---------+----+-------+-------+-----+
|Utilization (%)  |        0|   0|      2|      6|    0|
+-----------------+---------+----+-------+-------+-----+

+ Detail: 
    * Instance: 
    N/A

    * DSP: 
    N/A

    * Memory: 
    N/A

    * FIFO: 
    N/A

    * Expression: 
    +---------------------------------------+----------+----+---+----+------------+------------+
    |             Variable Name             | Operation| DSP| FF| LUT| Bitwidth P0| Bitwidth P1|
    +---------------------------------------+----------+----+---+----+------------+------------+
    |add_ln109_fu_415_p2                    |         +|   0|  0|  17|          10|           1|
    |add_ln111_fu_468_p2                    |         +|   0|  0|  13|           5|           1|
    |add_ln76_fu_320_p2                     |         +|   0|  0|  39|          32|           1|
    |add_ln80_fu_459_p2                     |         +|   0|  0|  39|          32|           1|
    |add_ln86_fu_704_p2                     |         +|   0|  0|  39|          32|           1|
    |add_ln91_fu_441_p2                     |         +|   0|  0|  39|          32|           1|
    |and_ln55_2_fu_522_p2                   |       and|   0|  0|   2|           1|           1|
    |and_ln55_fu_518_p2                     |       and|   0|  0|   2|           1|           1|
    |ap_block_pp0_stage1_01001_grp2         |       and|   0|  0|   2|           1|           1|
    |ap_block_state6_pp0_stage1_iter1_grp2  |       and|   0|  0|   2|           1|           1|
    |ap_condition_245                       |       and|   0|  0|   2|           1|           1|
    |ap_condition_315                       |       and|   0|  0|   2|           1|           1|
    |ap_predicate_op169_write_state6        |       and|   0|  0|   2|           1|           1|
    |grp_fu_197_p2                          |      icmp|   0|  0|  39|          32|           1|
    |icmp_ln109_fu_482_p2                   |      icmp|   0|  0|  17|          10|          10|
    |icmp_ln111_fu_718_p2                   |      icmp|   0|  0|  13|           5|           4|
    |icmp_ln55_5_fu_425_p2                  |      icmp|   0|  0|  39|          32|           1|
    |icmp_ln55_6_fu_431_p2                  |      icmp|   0|  0|  39|          32|           1|
    |icmp_ln55_fu_409_p2                    |      icmp|   0|  0|  39|          32|           1|
    |icmp_ln66_24_fu_570_p2                 |      icmp|   0|  0|  23|          16|          16|
    |icmp_ln66_25_fu_763_p2                 |      icmp|   0|  0|  23|          16|          16|
    |icmp_ln66_26_fu_575_p2                 |      icmp|   0|  0|  23|          16|          16|
    |icmp_ln66_27_fu_593_p2                 |      icmp|   0|  0|  23|          16|          16|
    |icmp_ln66_28_fu_768_p2                 |      icmp|   0|  0|  23|          16|          16|
    |icmp_ln66_29_fu_609_p2                 |      icmp|   0|  0|  23|          16|          16|
    |icmp_ln66_30_fu_627_p2                 |      icmp|   0|  0|  23|          16|          16|
    |icmp_ln66_31_fu_784_p2                 |      icmp|   0|  0|  23|          16|          16|
    |icmp_ln66_32_fu_643_p2                 |      icmp|   0|  0|  23|          16|          16|
    |icmp_ln66_33_fu_661_p2                 |      icmp|   0|  0|  23|          16|          16|
    |icmp_ln66_34_fu_800_p2                 |      icmp|   0|  0|  23|          16|          16|
    |icmp_ln66_fu_542_p2                    |      icmp|   0|  0|  23|          16|          16|
    |icmp_ln76_fu_436_p2                    |      icmp|   0|  0|  39|          32|           5|
    |icmp_ln80_fu_699_p2                    |      icmp|   0|  0|  39|          32|           5|
    |ap_block_pp0_stage1_11001              |        or|   0|  0|   2|           1|           1|
    |ap_block_state1                        |        or|   0|  0|   2|           1|           1|
    |i_iw_3_fu_474_p3                       |    select|   0|  0|   5|           1|           1|
    |res_pack_10_fu_810_p3                  |    select|   0|  0|  16|           1|          16|
    |res_pack_8_fu_778_p3                   |    select|   0|  0|  16|           1|          16|
    |res_pack_9_fu_794_p3                   |    select|   0|  0|  16|           1|          16|
    |res_pack_fu_838_p3                     |    select|   0|  0|  16|           1|          16|
    |select_ln0_16_fu_757_p3                |    select|   0|  0|  16|           1|          16|
    |select_ln0_17_fu_586_p3                |    select|   0|  0|  16|           1|          16|
    |select_ln0_18_fu_603_p3                |    select|   0|  0|  16|           1|          16|
    |select_ln0_19_fu_620_p3                |    select|   0|  0|  16|           1|          16|
    |select_ln0_20_fu_637_p3                |    select|   0|  0|  16|           1|          16|
    |select_ln0_21_fu_654_p3                |    select|   0|  0|  16|           1|          16|
    |select_ln0_22_fu_671_p3                |    select|   0|  0|  16|           1|          16|
    |select_ln0_fu_554_p3                   |    select|   0|  0|  16|           1|          16|
    |select_ln10927_fu_562_p3               |    select|   0|  0|  16|           1|          16|
    |select_ln109_7_fu_355_p3               |    select|   0|  0|  16|           1|          16|
    |select_ln109_8_fu_363_p3               |    select|   0|  0|  16|           1|          16|
    |select_ln109_fu_347_p3                 |    select|   0|  0|  16|           1|          16|
    |select_ln86_fu_710_p3                  |    select|   0|  0|  32|           1|           1|
    |select_ln91_fu_447_p3                  |    select|   0|  0|  32|           1|           1|
    |ap_enable_pp0                          |       xor|   0|  0|   2|           1|           2|
    |xor_ln66_24_fu_752_p2                  |       xor|   0|  0|   2|           1|           2|
    |xor_ln66_25_fu_833_p2                  |       xor|   0|  0|   2|           1|           2|
    |xor_ln66_26_fu_580_p2                  |       xor|   0|  0|   2|           1|           2|
    |xor_ln66_27_fu_597_p2                  |       xor|   0|  0|   2|           1|           2|
    |xor_ln66_28_fu_772_p2                  |       xor|   0|  0|   2|           1|           2|
    |xor_ln66_29_fu_614_p2                  |       xor|   0|  0|   2|           1|           2|
    |xor_ln66_30_fu_631_p2                  |       xor|   0|  0|   2|           1|           2|
    |xor_ln66_31_fu_788_p2                  |       xor|   0|  0|   2|           1|           2|
    |xor_ln66_32_fu_648_p2                  |       xor|   0|  0|   2|           1|           2|
    |xor_ln66_33_fu_665_p2                  |       xor|   0|  0|   2|           1|           2|
    |xor_ln66_34_fu_804_p2                  |       xor|   0|  0|   2|           1|           2|
    |xor_ln66_fu_548_p2                     |       xor|   0|  0|   2|           1|           2|
    +---------------------------------------+----------+----+---+----+------------+------------+
    |Total                                  |          |   0|  0|1095|         583|         520|
    +---------------------------------------+----------+----+---+----+------------+------------+

    * Multiplexer: 
    +---------------------------------------+----+-----------+-----+-----------+
    |                  Name                 | LUT| Input Size| Bits| Total Bits|
    +---------------------------------------+----+-----------+-----+-----------+
    |ap_NS_fsm                              |  25|          6|    1|          6|
    |ap_done                                |   9|          2|    1|          2|
    |ap_enable_reg_pp0_iter1                |   9|          2|    1|          2|
    |ap_phi_mux_icmp_ln11126_phi_fu_165_p4  |   9|          2|    1|          2|
    |ap_phi_mux_storemerge_i_phi_fu_186_p4  |  13|          3|   32|         96|
    |i_iw_fu_144                            |   9|          2|    5|         10|
    |icmp_ln11126_reg_161                   |   9|          2|    1|          2|
    |indvar_flatten3_fu_96                  |   9|          2|   10|         20|
    |layer12_out_blk_n                      |   9|          2|    1|          2|
    |layer13_out_blk_n                      |   9|          2|    1|          2|
    |pX_1                                   |   9|          2|   32|         64|
    |pY_1                                   |   9|          2|   32|         64|
    |p_0_0_0_0_010311119_fu_128             |   9|          2|   16|         32|
    |p_0_0_0_0_010324_reg_173               |   9|          2|   16|         32|
    |p_0_0_0_0_012312_fu_112                |   9|          2|   16|         32|
    |p_0_1_0_0_010511417_fu_124             |   9|          2|   16|         32|
    |p_0_1_0_0_010523_fu_140                |   9|          2|   16|         32|
    |p_0_1_0_0_012710_fu_108                |   9|          2|   16|         32|
    |p_0_2_0_0_010711715_fu_120             |   9|          2|   16|         32|
    |p_0_2_0_0_010722_fu_136                |   9|          2|   16|         32|
    |p_0_2_0_0_01318_fu_104                 |   9|          2|   16|         32|
    |p_0_3_0_0_010912013_fu_116             |   9|          2|   16|         32|
    |p_0_3_0_0_010921_fu_132                |   9|          2|   16|         32|
    |p_0_3_0_0_01356_fu_100                 |   9|          2|   16|         32|
    |real_start                             |   9|          2|    1|          2|
    |sX_1                                   |   9|          2|   32|         64|
    +---------------------------------------+----+-----------+-----+-----------+
    |Total                                  | 254|         57|  343|        722|
    +---------------------------------------+----+-----------+-----+-----------+

    * Register: 
    +--------------------------------------------------------------------------------------+----+----+-----+-----------+
    |                                         Name                                         | FF | LUT| Bits| Const Bits|
    +--------------------------------------------------------------------------------------+----+----+-----+-----------+
    |add_ln109_reg_1102                                                                    |  10|   0|   10|          0|
    |add_ln76_reg_1016                                                                     |  32|   0|   32|          0|
    |add_ln80_reg_1131                                                                     |  32|   0|   32|          0|
    |and_ln55_2_reg_1147                                                                   |   1|   0|    1|          0|
    |ap_CS_fsm                                                                             |   5|   0|    5|          0|
    |ap_block_pp0_stage1_subdone_grp0_done_reg                                             |   1|   0|    1|          0|
    |ap_block_pp0_stage1_subdone_grp2_done_reg                                             |   1|   0|    1|          0|
    |ap_done_reg                                                                           |   1|   0|    1|          0|
    |ap_enable_reg_pp0_iter0                                                               |   1|   0|    1|          0|
    |ap_enable_reg_pp0_iter0_reg                                                           |   1|   0|    1|          0|
    |ap_enable_reg_pp0_iter1                                                               |   1|   0|    1|          0|
    |i_iw_3_reg_1137                                                                       |   5|   0|    5|          0|
    |i_iw_fu_144                                                                           |   5|   0|    5|          0|
    |icmp_ln109_reg_1143                                                                   |   1|   0|    1|          0|
    |icmp_ln11126_reg_161                                                                  |   1|   0|    1|          0|
    |icmp_ln111_reg_1212                                                                   |   1|   0|    1|          0|
    |icmp_ln55_4_reg_1107                                                                  |   1|   0|    1|          0|
    |icmp_ln55_5_reg_1112                                                                  |   1|   0|    1|          0|
    |icmp_ln55_6_reg_1117                                                                  |   1|   0|    1|          0|
    |icmp_ln55_reg_1098                                                                    |   1|   0|    1|          0|
    |icmp_ln66_24_reg_1162                                                                 |   1|   0|    1|          0|
    |icmp_ln66_25_reg_1222                                                                 |   1|   0|    1|          0|
    |icmp_ln76_reg_1122                                                                    |   1|   0|    1|          0|
    |icmp_ln80_reg_1203                                                                    |   1|   0|    1|          0|
    |indvar_flatten3_fu_96                                                                 |  10|   0|   10|          0|
    |pX_1                                                                                  |  32|   0|   32|          0|
    |pX_1_load_reg_1011                                                                    |  32|   0|   32|          0|
    |pY_1                                                                                  |  32|   0|   32|          0|
    |p_0_0_0_0_010311119_fu_128                                                            |  16|   0|   16|          0|
    |p_0_0_0_0_010324_reg_173                                                              |  16|   0|   16|          0|
    |p_0_0_0_0_012312_fu_112                                                               |  16|   0|   16|          0|
    |p_0_1_0_0_010511417_fu_124                                                            |  16|   0|   16|          0|
    |p_0_1_0_0_010523_fu_140                                                               |  16|   0|   16|          0|
    |p_0_1_0_0_012710_fu_108                                                               |  16|   0|   16|          0|
    |p_0_1_0_0_012710_load_reg_1034                                                        |  16|   0|   16|          0|
    |p_0_2_0_0_010711715_fu_120                                                            |  16|   0|   16|          0|
    |p_0_2_0_0_010722_fu_136                                                               |  16|   0|   16|          0|
    |p_0_2_0_0_01318_fu_104                                                                |  16|   0|   16|          0|
    |p_0_2_0_0_01318_load_reg_1028                                                         |  16|   0|   16|          0|
    |p_0_3_0_0_010912013_fu_116                                                            |  16|   0|   16|          0|
    |p_0_3_0_0_010921_fu_132                                                               |  16|   0|   16|          0|
    |p_0_3_0_0_01356_fu_100                                                                |  16|   0|   16|          0|
    |p_0_3_0_0_01356_load_reg_1022                                                         |  16|   0|   16|          0|
    |p_ZZN4nnet12pooling2d_clINS_5arrayI8ap_fixedILi16ELi6EL9ap_q_mode5EL9ap_o_mode3EL_10  |  16|   0|   16|          0|
    |p_ZZN4nnet12pooling2d_clINS_5arrayI8ap_fixedILi16ELi6EL9ap_q_mode5EL9ap_o_mode3EL_11  |  16|   0|   16|          0|
    |p_ZZN4nnet12pooling2d_clINS_5arrayI8ap_fixedILi16ELi6EL9ap_q_mode5EL9ap_o_mode3EL_8   |  16|   0|   16|          0|
    |p_ZZN4nnet12pooling2d_clINS_5arrayI8ap_fixedILi16ELi6EL9ap_q_mode5EL9ap_o_mode3EL_9   |  16|   0|   16|          0|
    |p_ZZN4nnet22compute_pool_buffer_2dINS_5arrayI8ap_fixedILi16ELi6EL9ap_q_mode5EL9ap_14  |  16|   0|   16|          0|
    |p_ZZN4nnet22compute_pool_buffer_2dINS_5arrayI8ap_fixedILi16ELi6EL9ap_q_mode5EL9ap_15  |  16|   0|   16|          0|
    |p_ZZN4nnet22compute_pool_buffer_2dINS_5arrayI8ap_fixedILi16ELi6EL9ap_q_mode5EL9ap_16  |  16|   0|   16|          0|
    |p_ZZN4nnet22compute_pool_buffer_2dINS_5arrayI8ap_fixedILi16ELi6EL9ap_q_mode5EL9ap_17  |  16|   0|   16|          0|
    |res_pack_10_reg_1237                                                                  |  16|   0|   16|          0|
    |res_pack_8_reg_1227                                                                   |  16|   0|   16|          0|
    |res_pack_9_reg_1232                                                                   |  16|   0|   16|          0|
    |sX_1                                                                                  |  32|   0|   32|          0|
    |sY_1                                                                                  |  32|   0|   32|          0|
    |select_ln0_16_reg_1217                                                                |  16|   0|   16|          0|
    |select_ln0_17_reg_1167                                                                |  16|   0|   16|          0|
    |select_ln0_18_reg_1173                                                                |  16|   0|   16|          0|
    |select_ln0_19_reg_1179                                                                |  16|   0|   16|          0|
    |select_ln0_20_reg_1185                                                                |  16|   0|   16|          0|
    |select_ln0_21_reg_1191                                                                |  16|   0|   16|          0|
    |select_ln0_22_reg_1197                                                                |  16|   0|   16|          0|
    |select_ln0_reg_1151                                                                   |  16|   0|   16|          0|
    |select_ln10927_reg_1157                                                               |  16|   0|   16|          0|
    |select_ln109_7_reg_1048                                                               |  16|   0|   16|          0|
    |select_ln109_8_reg_1056                                                               |  16|   0|   16|          0|
    |select_ln109_reg_1040                                                                 |  16|   0|   16|          0|
    |select_ln86_reg_1207                                                                  |  32|   0|   32|          0|
    |select_ln91_reg_1126                                                                  |  32|   0|   32|          0|
    |start_once_reg                                                                        |   1|   0|    1|          0|
    |trunc_ln115_1_reg_1074                                                                |  16|   0|   16|          0|
    |trunc_ln115_2_reg_1082                                                                |  16|   0|   16|          0|
    |trunc_ln115_3_reg_1090                                                                |  16|   0|   16|          0|
    |trunc_ln115_reg_1064                                                                  |  16|   0|   16|          0|
    |void_compute_pool_buffer_2d_array_const_ap_shift_reg_n_filt_stream_kernel_2           |  16|   0|   16|          0|
    |void_compute_pool_buffer_2d_array_const_ap_shift_reg_n_filt_stream_kernel_3           |  16|   0|   16|          0|
    |void_compute_pool_buffer_2d_array_const_ap_shift_reg_n_filt_stream_kernel_4           |  16|   0|   16|          0|
    |void_compute_pool_buffer_2d_array_const_ap_shift_reg_n_filt_stream_kernel_5           |  16|   0|   16|          0|
    +--------------------------------------------------------------------------------------+----+----+-----+-----------+
    |Total                                                                                 |1078|   0| 1078|          0|
    +--------------------------------------------------------------------------------------+----+----+-----+-----------+



================================================================
== Interface
================================================================
* Summary: 
+----------------------------+-----+-----+------------+--------------------------------------------------------------------------+--------------+
|          RTL Ports         | Dir | Bits|  Protocol  |                               Source Object                              |    C Type    |
+----------------------------+-----+-----+------------+--------------------------------------------------------------------------+--------------+
|ap_clk                      |   in|    1|  ap_ctrl_hs|  pooling2d_cl<array<ap_fixed,4u>,array<ap_fixed<16,6,5,3,0>,4u>,config13>|  return value|
|ap_rst                      |   in|    1|  ap_ctrl_hs|  pooling2d_cl<array<ap_fixed,4u>,array<ap_fixed<16,6,5,3,0>,4u>,config13>|  return value|
|ap_start                    |   in|    1|  ap_ctrl_hs|  pooling2d_cl<array<ap_fixed,4u>,array<ap_fixed<16,6,5,3,0>,4u>,config13>|  return value|
|start_full_n                |   in|    1|  ap_ctrl_hs|  pooling2d_cl<array<ap_fixed,4u>,array<ap_fixed<16,6,5,3,0>,4u>,config13>|  return value|
|ap_done                     |  out|    1|  ap_ctrl_hs|  pooling2d_cl<array<ap_fixed,4u>,array<ap_fixed<16,6,5,3,0>,4u>,config13>|  return value|
|ap_continue                 |   in|    1|  ap_ctrl_hs|  pooling2d_cl<array<ap_fixed,4u>,array<ap_fixed<16,6,5,3,0>,4u>,config13>|  return value|
|ap_idle                     |  out|    1|  ap_ctrl_hs|  pooling2d_cl<array<ap_fixed,4u>,array<ap_fixed<16,6,5,3,0>,4u>,config13>|  return value|
|ap_ready                    |  out|    1|  ap_ctrl_hs|  pooling2d_cl<array<ap_fixed,4u>,array<ap_fixed<16,6,5,3,0>,4u>,config13>|  return value|
|start_out                   |  out|    1|  ap_ctrl_hs|  pooling2d_cl<array<ap_fixed,4u>,array<ap_fixed<16,6,5,3,0>,4u>,config13>|  return value|
|start_write                 |  out|    1|  ap_ctrl_hs|  pooling2d_cl<array<ap_fixed,4u>,array<ap_fixed<16,6,5,3,0>,4u>,config13>|  return value|
|layer12_out_dout            |   in|   64|     ap_fifo|                                                               layer12_out|       pointer|
|layer12_out_empty_n         |   in|    1|     ap_fifo|                                                               layer12_out|       pointer|
|layer12_out_read            |  out|    1|     ap_fifo|                                                               layer12_out|       pointer|
|layer12_out_num_data_valid  |   in|   11|     ap_fifo|                                                               layer12_out|       pointer|
|layer12_out_fifo_cap        |   in|   11|     ap_fifo|                                                               layer12_out|       pointer|
|layer13_out_din             |  out|   64|     ap_fifo|                                                               layer13_out|       pointer|
|layer13_out_full_n          |   in|    1|     ap_fifo|                                                               layer13_out|       pointer|
|layer13_out_write           |  out|    1|     ap_fifo|                                                               layer13_out|       pointer|
|layer13_out_num_data_valid  |   in|    9|     ap_fifo|                                                               layer13_out|       pointer|
|layer13_out_fifo_cap        |   in|    9|     ap_fifo|                                                               layer13_out|       pointer|
+----------------------------+-----+-----+------------+--------------------------------------------------------------------------+--------------+

