

================================================================
== Vitis HLS Report for 'relu_array_ap_fixed_4u_array_ap_fixed_16_6_5_3_0_4u_ReLU_config12_s'
================================================================
* Date:           Tue Oct  6 15:38:36 2026

* Version:        2026.1 (Build 6493734 on Jun 16 2026)
* Project:        myproject_prj
* Solution:       solution1
* Product family: artix7
* Target device:  xc7a35t-ftg256-1


================================================================
== Performance Estimates
================================================================
+ Timing: 
    * Summary: 
    +--------+---------+----------+------------+
    |  Clock |  Target | Estimated| Uncertainty|
    +--------+---------+----------+------------+
    |ap_clk  |  5.00 ns|  3.141 ns|     1.35 ns|
    +--------+---------+----------+------------+

+ Latency: 
    * Summary: 
    +---------+---------+-----------+-----------+------+------+-----------------------------------------+
    |  Latency (cycles) |   Latency (absolute)  |   Interval  |                 Pipeline                |
    |   min   |   max   |    min    |    max    |  min |  max |                   Type                  |
    +---------+---------+-----------+-----------+------+------+-----------------------------------------+
    |     1354|     1354|  17.002 us|  17.002 us|  1352|  1352|  loop auto-rewind stp (delay=0 cycle(s))|
    +---------+---------+-----------+-----------+------+------+-----------------------------------------+

    + Detail: 
        * Instance: 
        N/A

        * Loop: 
        +---------------+---------+---------+----------+-----------+-----------+------+----------+
        |               |  Latency (cycles) | Iteration|  Initiation Interval  | Trip |          |
        |   Loop Name   |   min   |   max   |  Latency |  achieved |   target  | Count| Pipelined|
        +---------------+---------+---------+----------+-----------+-----------+------+----------+
        |- ReLUActLoop  |     1352|     1352|         3|          2|        N/A|   676|       yes|
        +---------------+---------+---------+----------+-----------+-----------+------+----------+



================================================================
== Utilization Estimates
================================================================
* Summary: 
+-----------------+---------+----+-------+-------+-----+
|       Name      | BRAM_18K| DSP|   FF  |  LUT  | URAM|
+-----------------+---------+----+-------+-------+-----+
|DSP              |        -|   -|      -|      -|    -|
|Expression       |        -|   -|      0|    200|    -|
|FIFO             |        -|   -|      -|      -|    -|
|Instance         |        -|   -|      -|      -|    -|
|Memory           |        -|   -|      -|      -|    -|
|Multiplexer      |        -|   -|      0|     85|    -|
|Register         |        -|   -|    216|      -|    -|
+-----------------+---------+----+-------+-------+-----+
|Total            |        0|   0|    216|    285|    0|
+-----------------+---------+----+-------+-------+-----+
|Available        |      100|  90|  41600|  20800|    0|
+-----------------+---------+----+-------+-------+-----+
|Utilization (%)  |        0|   0|     ~0|      1|    0|
+-----------------+---------+----+-------+-------+-----+

+ Detail: 
    * Instance: 
    N/A

    * DSP: 
    N/A

    * Memory: 
    N/A

    * FIFO: 
    N/A

    * Expression: 
    +---------------------------------------+----------+----+---+----+------------+------------+
    |             Variable Name             | Operation| DSP| FF| LUT| Bitwidth P0| Bitwidth P1|
    +---------------------------------------+----------+----+---+----+------------+------------+
    |i_7_fu_205_p2                          |         +|   0|  0|  17|          10|           1|
    |ap_block_pp0_stage0_11001_grp0         |       and|   0|  0|   2|           1|           1|
    |ap_block_pp0_stage0_11001_grp1         |       and|   0|  0|   2|           1|           1|
    |ap_condition_352                       |       and|   0|  0|   2|           1|           1|
    |icmp_ln41_fu_211_p2                    |      icmp|   0|  0|  17|          10|          10|
    |icmp_ln51_10_fu_193_p2                 |      icmp|   0|  0|  23|          16|           1|
    |icmp_ln51_8_fu_169_p2                  |      icmp|   0|  0|  23|          16|           1|
    |icmp_ln51_9_fu_181_p2                  |      icmp|   0|  0|  23|          16|           1|
    |icmp_ln51_fu_157_p2                    |      icmp|   0|  0|  23|          16|           1|
    |ap_block_pp0_stage0_01001_grp2         |        or|   0|  0|   2|           1|           1|
    |ap_block_pp0_stage0_subdone            |        or|   0|  0|   2|           1|           1|
    |ap_block_state1_pp0_stage0_iter0_grp1  |        or|   0|  0|   2|           1|           1|
    |select_ln51_10_fu_198_p3               |    select|   0|  0|  15|           1|          15|
    |select_ln51_8_fu_174_p3                |    select|   0|  0|  15|           1|          15|
    |select_ln51_9_fu_186_p3                |    select|   0|  0|  15|           1|          15|
    |select_ln51_fu_162_p3                  |    select|   0|  0|  15|           1|          15|
    |ap_enable_pp0                          |       xor|   0|  0|   2|           1|           2|
    +---------------------------------------+----------+----+---+----+------------+------------+
    |Total                                  |          |   0|  0| 200|          95|          83|
    +---------------------------------------+----------+----+---+----+------------+------------+

    * Multiplexer: 
    +----------------------------------+----+-----------+-----+-----------+
    |               Name               | LUT| Input Size| Bits| Total Bits|
    +----------------------------------+----+-----------+-----+-----------+
    |ap_NS_fsm                         |  13|          3|    1|          3|
    |ap_done_int                       |   9|          2|    1|          2|
    |ap_enable_reg_pp0_iter0           |   9|          2|    1|          2|
    |ap_enable_reg_pp0_iter1           |   9|          2|    1|          2|
    |ap_loop_exit_ready_pp0_iter1_reg  |   9|          2|    1|          2|
    |i_fu_64                           |   9|          2|   10|         20|
    |layer12_out_blk_n                 |   9|          2|    1|          2|
    |layer27_out_blk_n                 |   9|          2|    1|          2|
    |real_start                        |   9|          2|    1|          2|
    +----------------------------------+----+-----------+-----+-----------+
    |Total                             |  85|         19|   18|         37|
    +----------------------------------+----+-----------+-----+-----------+

    * Register: 
    +-------------------------------------------------+----+----+-----+-----------+
    |                       Name                      | FF | LUT| Bits| Const Bits|
    +-------------------------------------------------+----+----+-----+-----------+
    |ap_CS_fsm                                        |   2|   0|    2|          0|
    |ap_block_pp0_stage0_subdone_grp0_done_reg        |   1|   0|    1|          0|
    |ap_block_pp0_stage0_subdone_grp0_done_reg_iter0  |   1|   0|    1|          0|
    |ap_block_pp0_stage0_subdone_grp1_done_reg_iter0  |   1|   0|    1|          0|
    |ap_block_pp0_stage0_subdone_grp2_done_reg        |   1|   0|    1|          0|
    |ap_block_pp0_stage0_subdone_grp2_done_reg_iter0  |   1|   0|    1|          0|
    |ap_done_reg                                      |   1|   0|    1|          0|
    |ap_enable_reg_pp0_iter0_reg                      |   1|   0|    1|          0|
    |ap_enable_reg_pp0_iter1                          |   1|   0|    1|          0|
    |ap_loop_exit_ready_pp0_iter1_reg                 |   1|   0|    1|          0|
    |i_7_reg_313                                      |  10|   0|   10|          0|
    |i_fu_64                                          |  10|   0|   10|          0|
    |select_ln51_10_reg_308                           |  15|   0|   15|          0|
    |select_ln51_8_reg_298                            |  15|   0|   15|          0|
    |select_ln51_9_reg_303                            |  15|   0|   15|          0|
    |select_ln51_reg_293                              |  15|   0|   15|          0|
    |start_once_reg                                   |   1|   0|    1|          0|
    |trunc_ln2_reg_288                                |  15|   0|   15|          0|
    |trunc_ln44_10_reg_283                            |  16|   0|   16|          0|
    |trunc_ln44_13_reg_278                            |  15|   0|   15|          0|
    |trunc_ln44_16_reg_258                            |  15|   0|   15|          0|
    |trunc_ln44_8_reg_263                             |  16|   0|   16|          0|
    |trunc_ln44_9_reg_273                             |  16|   0|   16|          0|
    |trunc_ln44_reg_253                               |  16|   0|   16|          0|
    |trunc_ln44_s_reg_268                             |  15|   0|   15|          0|
    +-------------------------------------------------+----+----+-----+-----------+
    |Total                                            | 216|   0|  216|          0|
    +-------------------------------------------------+----+----+-----+-----------+



================================================================
== Interface
================================================================
* Summary: 
+----------------------------+-----+-----+------------+-----------------------------------------------------------------------+--------------+
|          RTL Ports         | Dir | Bits|  Protocol  |                             Source Object                             |    C Type    |
+----------------------------+-----+-----+------------+-----------------------------------------------------------------------+--------------+
|ap_clk                      |   in|    1|  ap_ctrl_hs|  relu<array<ap_fixed,4u>,array<ap_fixed<16,6,5,3,0>,4u>,ReLU_config12>|  return value|
|ap_rst                      |   in|    1|  ap_ctrl_hs|  relu<array<ap_fixed,4u>,array<ap_fixed<16,6,5,3,0>,4u>,ReLU_config12>|  return value|
|ap_start                    |   in|    1|  ap_ctrl_hs|  relu<array<ap_fixed,4u>,array<ap_fixed<16,6,5,3,0>,4u>,ReLU_config12>|  return value|
|start_full_n                |   in|    1|  ap_ctrl_hs|  relu<array<ap_fixed,4u>,array<ap_fixed<16,6,5,3,0>,4u>,ReLU_config12>|  return value|
|ap_done                     |  out|    1|  ap_ctrl_hs|  relu<array<ap_fixed,4u>,array<ap_fixed<16,6,5,3,0>,4u>,ReLU_config12>|  return value|
|ap_continue                 |   in|    1|  ap_ctrl_hs|  relu<array<ap_fixed,4u>,array<ap_fixed<16,6,5,3,0>,4u>,ReLU_config12>|  return value|
|ap_idle                     |  out|    1|  ap_ctrl_hs|  relu<array<ap_fixed,4u>,array<ap_fixed<16,6,5,3,0>,4u>,ReLU_config12>|  return value|
|ap_ready                    |  out|    1|  ap_ctrl_hs|  relu<array<ap_fixed,4u>,array<ap_fixed<16,6,5,3,0>,4u>,ReLU_config12>|  return value|
|start_out                   |  out|    1|  ap_ctrl_hs|  relu<array<ap_fixed,4u>,array<ap_fixed<16,6,5,3,0>,4u>,ReLU_config12>|  return value|
|start_write                 |  out|    1|  ap_ctrl_hs|  relu<array<ap_fixed,4u>,array<ap_fixed<16,6,5,3,0>,4u>,ReLU_config12>|  return value|
|layer27_out_dout            |   in|   64|     ap_fifo|                                                            layer27_out|       pointer|
|layer27_out_empty_n         |   in|    1|     ap_fifo|                                                            layer27_out|       pointer|
|layer27_out_read            |  out|    1|     ap_fifo|                                                            layer27_out|       pointer|
|layer27_out_num_data_valid  |   in|   11|     ap_fifo|                                                            layer27_out|       pointer|
|layer27_out_fifo_cap        |   in|   11|     ap_fifo|                                                            layer27_out|       pointer|
|layer12_out_din             |  out|   64|     ap_fifo|                                                            layer12_out|       pointer|
|layer12_out_full_n          |   in|    1|     ap_fifo|                                                            layer12_out|       pointer|
|layer12_out_write           |  out|    1|     ap_fifo|                                                            layer12_out|       pointer|
|layer12_out_num_data_valid  |   in|   32|     ap_fifo|                                                            layer12_out|       pointer|
|layer12_out_fifo_cap        |   in|   32|     ap_fifo|                                                            layer12_out|       pointer|
+----------------------------+-----+-----+------------+-----------------------------------------------------------------------+--------------+

