

================================================================
== Vitis HLS Report for 'compute_output_buffer_2d_array_array_ap_fixed_16_6_5_3_0_8u_config27_s'
================================================================
* Date:           Tue Oct  6 08:53:47 2026

* Version:        2026.1 (Build 6493734 on Jun 16 2026)
* Project:        myproject_prj
* Solution:       solution1
* Product family: artix7
* Target device:  xc7a35t-ftg256-1


================================================================
== Performance Estimates
================================================================
+ Timing: 
    * Summary: 
    +--------+---------+----------+------------+
    |  Clock |  Target | Estimated| Uncertainty|
    +--------+---------+----------+------------+
    |ap_clk  |  5.00 ns|  3.645 ns|     1.35 ns|
    +--------+---------+----------+------------+

+ Latency: 
    * Summary: 
    +---------+---------+-----------+-----------+-----+-----+---------+
    |  Latency (cycles) |   Latency (absolute)  |  Interval | Pipeline|
    |   min   |   max   |    min    |    max    | min | max |   Type  |
    +---------+---------+-----------+-----------+-----+-----+---------+
    |        4|       19|  20.000 ns|  95.000 ns|    4|   19|       no|
    +---------+---------+-----------+-----------+-----+-----+---------+

    + Detail: 
        * Instance: 
        N/A

        * Loop: 
        N/A

============================================================
+ Verbose Summary: Synthesis Manager
============================================================
InlineROM: 1
ExposeGlobal: 0
============================================================
+ Verbose Summary: CDFG Model
============================================================
IsTopModel: 0
ResetActiveHigh: 1
IsCombinational: 0
IsDatapathOnly: 0
HasWiredReturn: 1
HasMFsm: 0
HasVarLatency: 1
IsPipeline: 0
IsRtlPipelined: 0
IsInstanceOverlapped: 0
IsDontTouch: 0
HasImplIP: 0
IsGatedGlobalClock: 0


============================================================
+ Verbose Summary: Schedule
============================================================
* Number of FSM states : 8
* Pipeline : 0
* Dataflow Pipeline: 0

* FSM state transitions: 
1 --> 2 4 
2 --> 3 4 
3 --> 4 
4 --> 5 
5 --> 6 7 
6 --> 8 
7 --> 8 
8 --> 

* FSM state operations: 

State 1 <SV = 0> <Delay = 3.23>
ST_1 : Operation 9 [1/1] (0.00ns)   --->   "%specinterface_ln0 = specinterface void @_ssdm_op_SpecInterface, i128 %layer27_out, void @empty_5, i32 0, i32 0, void @empty_9, i32 0, i32 0, void @empty_9, void @empty_9, void @empty_9, i32 0, i32 0, i32 0, i32 0, void @empty_9, void @empty_9, i32 4294967295, i32 0, i32 0, i32 0"   --->   Operation 9 'specinterface' 'specinterface_ln0' <Predicate = true> <Delay = 0.00>
ST_1 : Operation 10 [1/1] (0.00ns)   --->   "%in_elem_0_0_0_0_0_val_read = read i16 @_ssdm_op_Read.ap_auto.i16, i16 %in_elem_0_0_0_0_0_val"   --->   Operation 10 'read' 'in_elem_0_0_0_0_0_val_read' <Predicate = true> <Delay = 0.00>
ST_1 : Operation 11 [1/1] (3.23ns)   --->   "%call_ln281 = call void @shift_line_buffer<array<ap_fixed<16, 6, 5, 3, 0>, 1u>, config27>, i16 %in_elem_0_0_0_0_0_val_read, i16 %void_compute_output_buffer_2d_array_const_ap_shift_reg_n_chan_stream_weig_17, i16 %void_compute_output_buffer_2d_array_const_ap_shift_reg_n_chan_stream_weig_18, i16 %void_compute_output_buffer_2d_array_const_ap_shift_reg_n_chan_stream_weig_14, i16 %void_compute_output_buffer_2d_array_const_ap_shift_reg_n_chan_stream_weig_15, i16 %void_compute_output_buffer_2d_array_const_ap_shift_reg_n_chan_stream_weig_11, i16 %void_compute_output_buffer_2d_array_const_ap_shift_reg_n_chan_stream_weig_12, i16 %void_compute_output_buffer_2d_array_const_ap_shift_reg_n_chan_stream_weig_16, i16 %void_compute_output_buffer_2d_array_const_ap_shift_reg_n_chan_stream_weig_13, i16 %void_compute_output_buffer_2d_array_const_ap_shift_reg_n_chan_stream_weig_10, i16 %void_conv_2d_buffer_resource_cl_stream_stream_weight_t_bias_t_line_buffer_1, i16 %void_conv_2d_buffer_resource_cl_stream_stream_weight_t_bias_t_line_buffer" [firmware/nnet_utils/nnet_conv_stream.h:281]   --->   Operation 11 'call' 'call_ln281' <Predicate = true> <Delay = 3.23> <CoreType = "Generic">   --->   Generic Core
ST_1 : Operation 12 [1/1] (0.00ns)   --->   "%sX_3_load = load i32 %sX_3" [firmware/nnet_utils/nnet_conv_stream.h:284]   --->   Operation 12 'load' 'sX_3_load' <Predicate = true> <Delay = 0.00>
ST_1 : Operation 13 [1/1] (2.70ns)   --->   "%icmp_ln284 = icmp_eq  i32 %sX_3_load, i32 2" [firmware/nnet_utils/nnet_conv_stream.h:284]   --->   Operation 13 'icmp' 'icmp_ln284' <Predicate = true> <Delay = 2.70> <CoreInst = "Cmp">   --->   Core 9 'Cmp' <Latency = 0> <II = 1> <Delay = 2.70> <FuncUnit> <Opcode : 'seteq' 'setne' 'setle' 'setge' 'setlt' 'setgt'> <InPorts = 2> <OutPorts = 1>
ST_1 : Operation 14 [1/1] (0.00ns)   --->   "%sY_3_load = load i32 %sY_3" [firmware/nnet_utils/nnet_conv_stream.h:284]   --->   Operation 14 'load' 'sY_3_load' <Predicate = true> <Delay = 0.00>
ST_1 : Operation 15 [1/1] (0.00ns)   --->   "%pY_3_load = load i32 %pY_3" [firmware/nnet_utils/nnet_conv_stream.h:284]   --->   Operation 15 'load' 'pY_3_load' <Predicate = true> <Delay = 0.00>
ST_1 : Operation 16 [1/1] (0.00ns)   --->   "%pX_3_load = load i32 %pX_3" [firmware/nnet_utils/nnet_conv_stream.h:284]   --->   Operation 16 'load' 'pX_3_load' <Predicate = true> <Delay = 0.00>
ST_1 : Operation 17 [1/1] (0.00ns)   --->   "%br_ln284 = br i1 %icmp_ln284, void %if.end, void %land.lhs.true" [firmware/nnet_utils/nnet_conv_stream.h:284]   --->   Operation 17 'br' 'br_ln284' <Predicate = true> <Delay = 0.00>
ST_1 : Operation 18 [1/1] (2.70ns)   --->   "%icmp_ln284_1 = icmp_eq  i32 %sY_3_load, i32 2" [firmware/nnet_utils/nnet_conv_stream.h:284]   --->   Operation 18 'icmp' 'icmp_ln284_1' <Predicate = (icmp_ln284)> <Delay = 2.70> <CoreInst = "Cmp">   --->   Core 9 'Cmp' <Latency = 0> <II = 1> <Delay = 2.70> <FuncUnit> <Opcode : 'seteq' 'setne' 'setle' 'setge' 'setlt' 'setgt'> <InPorts = 2> <OutPorts = 1>

State 2 <SV = 1> <Delay = 3.64>
ST_2 : Operation 19 [1/1] (0.00ns)   --->   "%tmp_1 = partselect i31 @_ssdm_op_PartSelect.i31.i32.i32.i32, i32 %pY_3_load, i32 1, i32 31" [firmware/nnet_utils/nnet_conv_stream.h:284]   --->   Operation 19 'partselect' 'tmp_1' <Predicate = true> <Delay = 0.00>
ST_2 : Operation 20 [1/1] (2.66ns)   --->   "%icmp_ln284_2 = icmp_sgt  i31 %tmp_1, i31 0" [firmware/nnet_utils/nnet_conv_stream.h:284]   --->   Operation 20 'icmp' 'icmp_ln284_2' <Predicate = true> <Delay = 2.66> <CoreInst = "Cmp">   --->   Core 9 'Cmp' <Latency = 0> <II = 1> <Delay = 2.66> <FuncUnit> <Opcode : 'seteq' 'setne' 'setle' 'setge' 'setlt' 'setgt'> <InPorts = 2> <OutPorts = 1>
ST_2 : Operation 21 [1/1] (0.00ns)   --->   "%tmp_2 = partselect i31 @_ssdm_op_PartSelect.i31.i32.i32.i32, i32 %pX_3_load, i32 1, i32 31" [firmware/nnet_utils/nnet_conv_stream.h:284]   --->   Operation 21 'partselect' 'tmp_2' <Predicate = true> <Delay = 0.00>
ST_2 : Operation 22 [1/1] (2.66ns)   --->   "%icmp_ln284_3 = icmp_sgt  i31 %tmp_2, i31 0" [firmware/nnet_utils/nnet_conv_stream.h:284]   --->   Operation 22 'icmp' 'icmp_ln284_3' <Predicate = true> <Delay = 2.66> <CoreInst = "Cmp">   --->   Core 9 'Cmp' <Latency = 0> <II = 1> <Delay = 2.66> <FuncUnit> <Opcode : 'seteq' 'setne' 'setle' 'setge' 'setlt' 'setgt'> <InPorts = 2> <OutPorts = 1>
ST_2 : Operation 23 [1/1] (0.00ns) (grouped into LUT with out node and_ln284_1)   --->   "%and_ln284 = and i1 %icmp_ln284_2, i1 %icmp_ln284_3" [firmware/nnet_utils/nnet_conv_stream.h:284]   --->   Operation 23 'and' 'and_ln284' <Predicate = true> <Delay = 0.00> <CoreInst = "LogicGate">   --->   Core 74 'LogicGate' <Latency = 0> <II = 1> <Delay = 0.97> <FuncUnit> <Opcode : 'and' 'or' 'xor'> <InPorts = 2> <OutPorts = 1>
ST_2 : Operation 24 [1/1] (0.97ns) (out node of the LUT)   --->   "%and_ln284_1 = and i1 %and_ln284, i1 %icmp_ln284_1" [firmware/nnet_utils/nnet_conv_stream.h:284]   --->   Operation 24 'and' 'and_ln284_1' <Predicate = true> <Delay = 0.97> <CoreInst = "LogicGate">   --->   Core 74 'LogicGate' <Latency = 0> <II = 1> <Delay = 0.97> <FuncUnit> <Opcode : 'and' 'or' 'xor'> <InPorts = 2> <OutPorts = 1>
ST_2 : Operation 25 [1/1] (0.00ns)   --->   "%br_ln284 = br i1 %and_ln284_1, void %if.end, void %if.then" [firmware/nnet_utils/nnet_conv_stream.h:284]   --->   Operation 25 'br' 'br_ln284' <Predicate = true> <Delay = 0.00>
ST_2 : Operation 26 [2/2] (0.00ns)   --->   "%tmp = call i128 @dense_resource_rf_leq_nin<ap_fixed,ap_fixed<16,6,5,3,0>,config27_mult>, i123 %w27, i16 %void_compute_output_buffer_2d_array_const_ap_shift_reg_n_chan_stream_weig_18, i16 %void_compute_output_buffer_2d_array_const_ap_shift_reg_n_chan_stream_weig_17, i16 %void_compute_output_buffer_2d_array_const_ap_shift_reg_n_chan_stream_weig_16, i16 %void_compute_output_buffer_2d_array_const_ap_shift_reg_n_chan_stream_weig_15, i16 %void_compute_output_buffer_2d_array_const_ap_shift_reg_n_chan_stream_weig_14, i16 %void_compute_output_buffer_2d_array_const_ap_shift_reg_n_chan_stream_weig_13, i16 %void_compute_output_buffer_2d_array_const_ap_shift_reg_n_chan_stream_weig_12, i16 %void_compute_output_buffer_2d_array_const_ap_shift_reg_n_chan_stream_weig_11, i16 %void_compute_output_buffer_2d_array_const_ap_shift_reg_n_chan_stream_weig_10" [firmware/nnet_utils/nnet_dense.h:65->firmware/nnet_utils/nnet_conv_stream.h:288]   --->   Operation 26 'call' 'tmp' <Predicate = (and_ln284_1)> <Delay = 0.00> <CoreType = "Generic">   --->   Generic Core

State 3 <SV = 2> <Delay = 2.14>
ST_3 : Operation 27 [1/2] (2.14ns)   --->   "%tmp = call i128 @dense_resource_rf_leq_nin<ap_fixed,ap_fixed<16,6,5,3,0>,config27_mult>, i123 %w27, i16 %void_compute_output_buffer_2d_array_const_ap_shift_reg_n_chan_stream_weig_18, i16 %void_compute_output_buffer_2d_array_const_ap_shift_reg_n_chan_stream_weig_17, i16 %void_compute_output_buffer_2d_array_const_ap_shift_reg_n_chan_stream_weig_16, i16 %void_compute_output_buffer_2d_array_const_ap_shift_reg_n_chan_stream_weig_15, i16 %void_compute_output_buffer_2d_array_const_ap_shift_reg_n_chan_stream_weig_14, i16 %void_compute_output_buffer_2d_array_const_ap_shift_reg_n_chan_stream_weig_13, i16 %void_compute_output_buffer_2d_array_const_ap_shift_reg_n_chan_stream_weig_12, i16 %void_compute_output_buffer_2d_array_const_ap_shift_reg_n_chan_stream_weig_11, i16 %void_compute_output_buffer_2d_array_const_ap_shift_reg_n_chan_stream_weig_10" [firmware/nnet_utils/nnet_dense.h:65->firmware/nnet_utils/nnet_conv_stream.h:288]   --->   Operation 27 'call' 'tmp' <Predicate = true> <Delay = 2.14> <CoreType = "Generic">   --->   Generic Core
ST_3 : Operation 28 [1/1] (0.00ns)   --->   "%res_out = extractvalue i128 %tmp" [firmware/nnet_utils/nnet_dense.h:65->firmware/nnet_utils/nnet_conv_stream.h:288]   --->   Operation 28 'extractvalue' 'res_out' <Predicate = true> <Delay = 0.00>
ST_3 : Operation 29 [1/1] (0.00ns)   --->   "%res_out_8 = extractvalue i128 %tmp" [firmware/nnet_utils/nnet_dense.h:65->firmware/nnet_utils/nnet_conv_stream.h:288]   --->   Operation 29 'extractvalue' 'res_out_8' <Predicate = true> <Delay = 0.00>
ST_3 : Operation 30 [1/1] (0.00ns)   --->   "%res_out_9 = extractvalue i128 %tmp" [firmware/nnet_utils/nnet_dense.h:65->firmware/nnet_utils/nnet_conv_stream.h:288]   --->   Operation 30 'extractvalue' 'res_out_9' <Predicate = true> <Delay = 0.00>
ST_3 : Operation 31 [1/1] (0.00ns)   --->   "%res_out_10 = extractvalue i128 %tmp" [firmware/nnet_utils/nnet_dense.h:65->firmware/nnet_utils/nnet_conv_stream.h:288]   --->   Operation 31 'extractvalue' 'res_out_10' <Predicate = true> <Delay = 0.00>
ST_3 : Operation 32 [1/1] (0.00ns)   --->   "%res_out_4 = extractvalue i128 %tmp" [firmware/nnet_utils/nnet_dense.h:65->firmware/nnet_utils/nnet_conv_stream.h:288]   --->   Operation 32 'extractvalue' 'res_out_4' <Predicate = true> <Delay = 0.00>
ST_3 : Operation 33 [1/1] (0.00ns)   --->   "%res_out_5 = extractvalue i128 %tmp" [firmware/nnet_utils/nnet_dense.h:65->firmware/nnet_utils/nnet_conv_stream.h:288]   --->   Operation 33 'extractvalue' 'res_out_5' <Predicate = true> <Delay = 0.00>
ST_3 : Operation 34 [1/1] (0.00ns)   --->   "%res_out_6 = extractvalue i128 %tmp" [firmware/nnet_utils/nnet_dense.h:65->firmware/nnet_utils/nnet_conv_stream.h:288]   --->   Operation 34 'extractvalue' 'res_out_6' <Predicate = true> <Delay = 0.00>
ST_3 : Operation 35 [1/1] (0.00ns)   --->   "%res_out_7 = extractvalue i128 %tmp" [firmware/nnet_utils/nnet_dense.h:65->firmware/nnet_utils/nnet_conv_stream.h:288]   --->   Operation 35 'extractvalue' 'res_out_7' <Predicate = true> <Delay = 0.00>

State 4 <SV = 3> <Delay = 2.70>
ST_4 : Operation 36 [1/1] (0.00ns)   --->   "%p_0 = bitconcatenate i128 @_ssdm_op_BitConcatenate.i128.i16.i16.i16.i16.i16.i16.i16.i16, i16 %res_out_7, i16 %res_out_6, i16 %res_out_5, i16 %res_out_4, i16 %res_out_10, i16 %res_out_9, i16 %res_out_8, i16 %res_out" [firmware/nnet_utils/nnet_conv_stream.h:299]   --->   Operation 36 'bitconcatenate' 'p_0' <Predicate = (icmp_ln284 & and_ln284_1)> <Delay = 0.00>
ST_4 : Operation 37 [1/1] ( I:1.82ns O:1.82ns )   --->   "%write_ln299 = write void @_ssdm_op_Write.ap_fifo.volatile.i128P0A, i128 %layer27_out, i128 %p_0" [firmware/nnet_utils/nnet_conv_stream.h:299]   --->   Operation 37 'write' 'write_ln299' <Predicate = (icmp_ln284 & and_ln284_1)> <Delay = 1.82> <CoreInst = "FIFO">   --->   Core 77 'FIFO' <Latency = 0> <II = 1> <Delay = 3.85> <Storage> <Opcode : 'read' 'write' 'nbread' 'nbwrite'> <Ports = 0> <Width = 128> <Depth = 676> <FIFO>
ST_4 : Operation 38 [1/1] (0.00ns)   --->   "%br_ln300 = br void %if.end" [firmware/nnet_utils/nnet_conv_stream.h:300]   --->   Operation 38 'br' 'br_ln300' <Predicate = (icmp_ln284 & and_ln284_1)> <Delay = 0.00>
ST_4 : Operation 39 [1/1] (2.70ns)   --->   "%add_ln303 = add i32 %pX_3_load, i32 1" [firmware/nnet_utils/nnet_conv_stream.h:303]   --->   Operation 39 'add' 'add_ln303' <Predicate = true> <Delay = 2.70> <CoreInst = "Adder">   --->   Core 1 'Adder' <Latency = 0> <II = 1> <Delay = 2.70> <FuncUnit> <Opcode : 'add' 'sub'> <InPorts = 2> <OutPorts = 1>

State 5 <SV = 4> <Delay = 3.49>
ST_5 : Operation 40 [1/1] (2.70ns)   --->   "%icmp_ln303 = icmp_eq  i32 %add_ln303, i32 28" [firmware/nnet_utils/nnet_conv_stream.h:303]   --->   Operation 40 'icmp' 'icmp_ln303' <Predicate = true> <Delay = 2.70> <CoreInst = "Cmp">   --->   Core 9 'Cmp' <Latency = 0> <II = 1> <Delay = 2.70> <FuncUnit> <Opcode : 'seteq' 'setne' 'setle' 'setge' 'setlt' 'setgt'> <InPorts = 2> <OutPorts = 1>
ST_5 : Operation 41 [1/1] (0.00ns)   --->   "%br_ln303 = br i1 %icmp_ln303, void %if.else20, void %if.then9" [firmware/nnet_utils/nnet_conv_stream.h:303]   --->   Operation 41 'br' 'br_ln303' <Predicate = true> <Delay = 0.00>
ST_5 : Operation 42 [1/1] (2.70ns)   --->   "%add_ln318 = add i32 %sX_3_load, i32 1" [firmware/nnet_utils/nnet_conv_stream.h:318]   --->   Operation 42 'add' 'add_ln318' <Predicate = (!icmp_ln284 & !icmp_ln303)> <Delay = 2.70> <CoreInst = "Adder">   --->   Core 1 'Adder' <Latency = 0> <II = 1> <Delay = 2.70> <FuncUnit> <Opcode : 'add' 'sub'> <InPorts = 2> <OutPorts = 1>
ST_5 : Operation 43 [1/1] (0.79ns)   --->   "%select_ln318 = select i1 %icmp_ln284, i32 2, i32 %add_ln318" [firmware/nnet_utils/nnet_conv_stream.h:318]   --->   Operation 43 'select' 'select_ln318' <Predicate = (!icmp_ln303)> <Delay = 0.79> <CoreInst = "Sel">   --->   Core 73 'Sel' <Latency = 0> <II = 1> <Delay = 0.79> <FuncUnit> <Opcode : 'select'> <InPorts = 3> <OutPorts = 1>
ST_5 : Operation 44 [1/1] (2.70ns)   --->   "%add_ln307 = add i32 %pY_3_load, i32 1" [firmware/nnet_utils/nnet_conv_stream.h:307]   --->   Operation 44 'add' 'add_ln307' <Predicate = (icmp_ln303)> <Delay = 2.70> <CoreInst = "Adder">   --->   Core 1 'Adder' <Latency = 0> <II = 1> <Delay = 2.70> <FuncUnit> <Opcode : 'add' 'sub'> <InPorts = 2> <OutPorts = 1>

State 6 <SV = 5> <Delay = 1.61>
ST_6 : Operation 45 [1/1] (1.61ns)   --->   "%store_ln316 = store i32 %add_ln303, i32 %pX_3" [firmware/nnet_utils/nnet_conv_stream.h:316]   --->   Operation 45 'store' 'store_ln316' <Predicate = true> <Delay = 1.61>
ST_6 : Operation 46 [1/1] (1.61ns)   --->   "%store_ln318 = store i32 %select_ln318, i32 %sX_3" [firmware/nnet_utils/nnet_conv_stream.h:318]   --->   Operation 46 'store' 'store_ln318' <Predicate = true> <Delay = 1.61>
ST_6 : Operation 47 [1/1] (0.00ns)   --->   "%br_ln0 = br void %if.end31"   --->   Operation 47 'br' 'br_ln0' <Predicate = true> <Delay = 0.00>

State 7 <SV = 5> <Delay = 3.49>
ST_7 : Operation 48 [1/1] (1.61ns)   --->   "%store_ln305 = store i32 0, i32 %pX_3" [firmware/nnet_utils/nnet_conv_stream.h:305]   --->   Operation 48 'store' 'store_ln305' <Predicate = true> <Delay = 1.61>
ST_7 : Operation 49 [1/1] (1.61ns)   --->   "%store_ln306 = store i32 0, i32 %sX_3" [firmware/nnet_utils/nnet_conv_stream.h:306]   --->   Operation 49 'store' 'store_ln306' <Predicate = true> <Delay = 1.61>
ST_7 : Operation 50 [1/1] (2.70ns)   --->   "%icmp_ln307 = icmp_eq  i32 %add_ln307, i32 28" [firmware/nnet_utils/nnet_conv_stream.h:307]   --->   Operation 50 'icmp' 'icmp_ln307' <Predicate = true> <Delay = 2.70> <CoreInst = "Cmp">   --->   Core 9 'Cmp' <Latency = 0> <II = 1> <Delay = 2.70> <FuncUnit> <Opcode : 'seteq' 'setne' 'setle' 'setge' 'setlt' 'setgt'> <InPorts = 2> <OutPorts = 1>
ST_7 : Operation 51 [1/1] (0.00ns)   --->   "%br_ln307 = br i1 %icmp_ln307, void %if.else, void %if.then12" [firmware/nnet_utils/nnet_conv_stream.h:307]   --->   Operation 51 'br' 'br_ln307' <Predicate = true> <Delay = 0.00>
ST_7 : Operation 52 [1/1] (2.70ns)   --->   "%icmp_ln313 = icmp_eq  i32 %sY_3_load, i32 2" [firmware/nnet_utils/nnet_conv_stream.h:313]   --->   Operation 52 'icmp' 'icmp_ln313' <Predicate = (!icmp_ln307)> <Delay = 2.70> <CoreInst = "Cmp">   --->   Core 9 'Cmp' <Latency = 0> <II = 1> <Delay = 2.70> <FuncUnit> <Opcode : 'seteq' 'setne' 'setle' 'setge' 'setlt' 'setgt'> <InPorts = 2> <OutPorts = 1>
ST_7 : Operation 53 [1/1] (2.70ns)   --->   "%add_ln313 = add i32 %sY_3_load, i32 1" [firmware/nnet_utils/nnet_conv_stream.h:313]   --->   Operation 53 'add' 'add_ln313' <Predicate = (!icmp_ln307)> <Delay = 2.70> <CoreInst = "Adder">   --->   Core 1 'Adder' <Latency = 0> <II = 1> <Delay = 2.70> <FuncUnit> <Opcode : 'add' 'sub'> <InPorts = 2> <OutPorts = 1>
ST_7 : Operation 54 [1/1] (0.79ns)   --->   "%select_ln313 = select i1 %icmp_ln313, i32 2, i32 %add_ln313" [firmware/nnet_utils/nnet_conv_stream.h:313]   --->   Operation 54 'select' 'select_ln313' <Predicate = (!icmp_ln307)> <Delay = 0.79> <CoreInst = "Sel">   --->   Core 73 'Sel' <Latency = 0> <II = 1> <Delay = 0.79> <FuncUnit> <Opcode : 'select'> <InPorts = 3> <OutPorts = 1>

State 8 <SV = 6> <Delay = 1.61>
ST_8 : Operation 55 [1/1] (1.61ns)   --->   "%store_ln311 = store i32 %add_ln307, i32 %pY_3" [firmware/nnet_utils/nnet_conv_stream.h:311]   --->   Operation 55 'store' 'store_ln311' <Predicate = (icmp_ln303 & !icmp_ln307)> <Delay = 1.61>
ST_8 : Operation 56 [1/1] (1.61ns)   --->   "%br_ln0 = br void %if.end19"   --->   Operation 56 'br' 'br_ln0' <Predicate = (icmp_ln303 & !icmp_ln307)> <Delay = 1.61>
ST_8 : Operation 57 [1/1] (1.61ns)   --->   "%store_ln308 = store i32 0, i32 %pY_3" [firmware/nnet_utils/nnet_conv_stream.h:308]   --->   Operation 57 'store' 'store_ln308' <Predicate = (icmp_ln303 & icmp_ln307)> <Delay = 1.61>
ST_8 : Operation 58 [1/1] (1.61ns)   --->   "%br_ln310 = br void %if.end19" [firmware/nnet_utils/nnet_conv_stream.h:310]   --->   Operation 58 'br' 'br_ln310' <Predicate = (icmp_ln303 & icmp_ln307)> <Delay = 1.61>
ST_8 : Operation 59 [1/1] (0.00ns)   --->   "%storemerge = phi i32 %select_ln313, void %if.else, i32 0, void %if.then12" [firmware/nnet_utils/nnet_conv_stream.h:313]   --->   Operation 59 'phi' 'storemerge' <Predicate = (icmp_ln303)> <Delay = 0.00>
ST_8 : Operation 60 [1/1] (0.00ns)   --->   "%store_ln313 = store i32 %storemerge, i32 %sY_3" [firmware/nnet_utils/nnet_conv_stream.h:313]   --->   Operation 60 'store' 'store_ln313' <Predicate = (icmp_ln303)> <Delay = 0.00>
ST_8 : Operation 61 [1/1] (0.00ns)   --->   "%br_ln315 = br void %if.end31" [firmware/nnet_utils/nnet_conv_stream.h:315]   --->   Operation 61 'br' 'br_ln315' <Predicate = (icmp_ln303)> <Delay = 0.00>
ST_8 : Operation 62 [1/1] (0.00ns)   --->   "%ret_ln320 = ret" [firmware/nnet_utils/nnet_conv_stream.h:320]   --->   Operation 62 'ret' 'ret_ln320' <Predicate = true> <Delay = 0.00>


============================================================
+ Verbose Summary: Timing violations
============================================================
Target clock period: 5.000ns, clock uncertainty: 1.350ns.

 <State 1>: 3.234ns
The critical path consists of the following:
	wire read operation ('in_elem_0_0_0_0_0_val_read') on port 'in_elem_0_0_0_0_0_val' [20]  (0.000 ns)
	'call' operation ('call_ln281', firmware/nnet_utils/nnet_conv_stream.h:281) to 'shift_line_buffer<array<ap_fixed<16, 6, 5, 3, 0>, 1u>, config27>' [21]  (3.234 ns)

 <State 2>: 3.645ns
The critical path consists of the following:
	'icmp' operation 1 bit ('icmp_ln284_2', firmware/nnet_utils/nnet_conv_stream.h:284) [31]  (2.667 ns)
	'and' operation 1 bit ('and_ln284', firmware/nnet_utils/nnet_conv_stream.h:284) [34]  (0.000 ns)
	'and' operation 1 bit ('and_ln284_1', firmware/nnet_utils/nnet_conv_stream.h:284) [35]  (0.978 ns)

 <State 3>: 2.146ns
The critical path consists of the following:
	'call' operation 128 bit ('tmp', firmware/nnet_utils/nnet_dense.h:65->firmware/nnet_utils/nnet_conv_stream.h:288) to 'dense_resource_rf_leq_nin<ap_fixed,ap_fixed<16,6,5,3,0>,config27_mult>' [38]  (2.146 ns)

 <State 4>: 2.702ns
The critical path consists of the following:
	'add' operation 32 bit ('add_ln303', firmware/nnet_utils/nnet_conv_stream.h:303) [51]  (2.702 ns)

 <State 5>: 3.498ns
The critical path consists of the following:
	'add' operation 32 bit ('add_ln318', firmware/nnet_utils/nnet_conv_stream.h:318) [56]  (2.702 ns)
	'select' operation 32 bit ('select_ln318', firmware/nnet_utils/nnet_conv_stream.h:318) [57]  (0.796 ns)

 <State 6>: 1.610ns
The critical path consists of the following:
	'store' operation ('store_ln316', firmware/nnet_utils/nnet_conv_stream.h:316) of variable 'add_ln303', firmware/nnet_utils/nnet_conv_stream.h:303 32 bit on static variable 'pX_3' [55]  (1.610 ns)

 <State 7>: 3.498ns
The critical path consists of the following:
	'icmp' operation 1 bit ('icmp_ln313', firmware/nnet_utils/nnet_conv_stream.h:313) [68]  (2.702 ns)
	'select' operation 32 bit ('select_ln313', firmware/nnet_utils/nnet_conv_stream.h:313) [70]  (0.796 ns)

 <State 8>: 1.610ns
The critical path consists of the following:
	'store' operation ('store_ln311', firmware/nnet_utils/nnet_conv_stream.h:311) of variable 'add_ln307', firmware/nnet_utils/nnet_conv_stream.h:307 32 bit on static variable 'pY_3' [67]  (1.610 ns)


============================================================
+ Verbose Summary: Binding
============================================================
N/A
* FSMD analyzer results:
  - Output states:
 - Input state : 
  - Chain level:
	State 1
	State 2
	State 3
	State 4
	State 5
	State 6
	State 7
	State 8


============================================================
+ Verbose Summary: Datapath Resource usage 
============================================================
N/A
