

================================================================
== Vitis HLS Report for 'compute_output_buffer_2d_array_array_ap_fixed_16_6_5_3_0_8u_config27_s'
================================================================
* Date:           Tue Oct  6 08:54:11 2026

* Version:        2026.1 (Build 6493734 on Jun 16 2026)
* Project:        myproject_prj
* Solution:       solution1
* Product family: artix7
* Target device:  xc7a35t-ftg256-1


================================================================
== Performance Estimates
================================================================
+ Timing: 
    * Summary: 
    +--------+---------+----------+------------+
    |  Clock |  Target | Estimated| Uncertainty|
    +--------+---------+----------+------------+
    |ap_clk  |  5.00 ns|  3.645 ns|     1.35 ns|
    +--------+---------+----------+------------+

+ Latency: 
    * Summary: 
    +---------+---------+-----------+----------+-----+-----+---------+
    |  Latency (cycles) |  Latency (absolute)  |  Interval | Pipeline|
    |   min   |   max   |    min    |    max   | min | max |   Type  |
    +---------+---------+-----------+----------+-----+-----+---------+
    |        4|       19|  39.263 ns|  0.186 us|    4|   19|       no|
    +---------+---------+-----------+----------+-----+-----+---------+

    + Detail: 
        * Instance: 
        +-----------------------------------------------------------------------------------+------------------------------------------------------------------------+---------+---------+----------+----------+-----+-----+------------------------------------+
        |                                                                                   |                                                                        |  Latency (cycles) |  Latency (absolute) |  Interval |              Pipeline              |
        |                                      Instance                                     |                                 Module                                 |   min   |   max   |    min   |    max   | min | max |                Type                |
        +-----------------------------------------------------------------------------------+------------------------------------------------------------------------+---------+---------+----------+----------+-----+-----+------------------------------------+
        |call_ln281_shift_line_buffer_array_ap_fixed_16_6_5_3_0_1u_config27_s_fu_91         |shift_line_buffer_array_ap_fixed_16_6_5_3_0_1u_config27_s               |        0|        0|      0 ns|      0 ns|    1|    1|                                 yes|
        |grp_dense_resource_rf_leq_nin_ap_fixed_ap_fixed_16_6_5_3_0_config27_mult_s_fu_119  |dense_resource_rf_leq_nin_ap_fixed_ap_fixed_16_6_5_3_0_config27_mult_s  |       12|       13|  0.118 us|  0.128 us|    9|    9|  loop rewind stp (delay=0 cycle(s))|
        +-----------------------------------------------------------------------------------+------------------------------------------------------------------------+---------+---------+----------+----------+-----+-----+------------------------------------+

        * Loop: 
        N/A



================================================================
== Utilization Estimates
================================================================
* Summary: 
+-----------------+---------+----+-------+-------+-----+
|       Name      | BRAM_18K| DSP|   FF  |  LUT  | URAM|
+-----------------+---------+----+-------+-------+-----+
|DSP              |        -|   -|      -|      -|    -|
|Expression       |        -|   -|      0|    499|    -|
|FIFO             |        -|   -|      -|      -|    -|
|Instance         |        4|   8|   1412|    850|    -|
|Memory           |        -|   -|      -|      -|    -|
|Multiplexer      |        -|   -|      0|     86|    -|
|Register         |        -|   -|    542|      -|    -|
+-----------------+---------+----+-------+-------+-----+
|Total            |        4|   8|   1954|   1435|    0|
+-----------------+---------+----+-------+-------+-----+
|Available        |      100|  90|  41600|  20800|    0|
+-----------------+---------+----+-------+-------+-----+
|Utilization (%)  |        4|   8|      4|      6|    0|
+-----------------+---------+----+-------+-------+-----+

+ Detail: 
    * Instance: 
    +-----------------------------------------------------------------------------------+------------------------------------------------------------------------+---------+----+------+-----+-----+
    |                                      Instance                                     |                                 Module                                 | BRAM_18K| DSP|  FF  | LUT | URAM|
    +-----------------------------------------------------------------------------------+------------------------------------------------------------------------+---------+----+------+-----+-----+
    |grp_dense_resource_rf_leq_nin_ap_fixed_ap_fixed_16_6_5_3_0_config27_mult_s_fu_119  |dense_resource_rf_leq_nin_ap_fixed_ap_fixed_16_6_5_3_0_config27_mult_s  |        4|   8|  1283|  732|    0|
    |call_ln281_shift_line_buffer_array_ap_fixed_16_6_5_3_0_1u_config27_s_fu_91         |shift_line_buffer_array_ap_fixed_16_6_5_3_0_1u_config27_s               |        0|   0|   129|  118|    0|
    +-----------------------------------------------------------------------------------+------------------------------------------------------------------------+---------+----+------+-----+-----+
    |Total                                                                              |                                                                        |        4|   8|  1412|  850|    0|
    +-----------------------------------------------------------------------------------+------------------------------------------------------------------------+---------+----+------+-----+-----+

    * DSP: 
    N/A

    * Memory: 
    N/A

    * FIFO: 
    N/A

    * Expression: 
    +--------------------------------+----------+----+---+----+------------+------------+
    |          Variable Name         | Operation| DSP| FF| LUT| Bitwidth P0| Bitwidth P1|
    +--------------------------------+----------+----+---+----+------------+------------+
    |add_ln303_fu_257_p2             |         +|   0|  0|  39|          32|           1|
    |add_ln307_fu_279_p2             |         +|   0|  0|  39|          32|           1|
    |add_ln313_fu_316_p2             |         +|   0|  0|  39|          32|           1|
    |add_ln318_fu_267_p2             |         +|   0|  0|  39|          32|           1|
    |and_ln284_1_fu_207_p2           |       and|   0|  0|   2|           1|           1|
    |and_ln284_fu_201_p2             |       and|   0|  0|   2|           1|           1|
    |ap_block_state4                 |       and|   0|  0|   2|           1|           1|
    |ap_predicate_op37_write_state4  |       and|   0|  0|   2|           1|           1|
    |icmp_ln284_1_fu_165_p2          |      icmp|   0|  0|  39|          32|           2|
    |icmp_ln284_2_fu_180_p2          |      icmp|   0|  0|  38|          31|           1|
    |icmp_ln284_3_fu_195_p2          |      icmp|   0|  0|  38|          31|           1|
    |icmp_ln284_fu_147_p2            |      icmp|   0|  0|  39|          32|           2|
    |icmp_ln303_fu_262_p2            |      icmp|   0|  0|  39|          32|           5|
    |icmp_ln307_fu_306_p2            |      icmp|   0|  0|  39|          32|           5|
    |icmp_ln313_fu_311_p2            |      icmp|   0|  0|  39|          32|           2|
    |select_ln313_fu_321_p3          |    select|   0|  0|  32|           1|           2|
    |select_ln318_fu_272_p3          |    select|   0|  0|  32|           1|           2|
    +--------------------------------+----------+----+---+----+------------+------------+
    |Total                           |          |   0|  0| 499|         356|          30|
    +--------------------------------+----------+----+---+----+------------+------------+

    * Multiplexer: 
    +------------------------------------+----+-----------+-----+-----------+
    |                Name                | LUT| Input Size| Bits| Total Bits|
    +------------------------------------+----+-----------+-----+-----------+
    |ap_NS_fsm                           |  37|          9|    1|          9|
    |ap_phi_mux_storemerge_phi_fu_84_p4  |  13|          3|   32|         96|
    |layer27_out_blk_n                   |   9|          2|    1|          2|
    |pX_3                                |   9|          2|   32|         64|
    |pY_3                                |   9|          2|   32|         64|
    |sX_3                                |   9|          2|   32|         64|
    +------------------------------------+----+-----------+-----+-----------+
    |Total                               |  86|         20|  130|        299|
    +------------------------------------+----+-----------+-----+-----------+

    * Register: 
    +------------------------------------------------------------------------------------------------+----+----+-----+-----------+
    |                                              Name                                              | FF | LUT| Bits| Const Bits|
    +------------------------------------------------------------------------------------------------+----+----+-----+-----------+
    |add_ln303_reg_412                                                                               |  32|   0|   32|          0|
    |add_ln307_reg_427                                                                               |  32|   0|   32|          0|
    |and_ln284_1_reg_368                                                                             |   1|   0|    1|          0|
    |ap_CS_fsm                                                                                       |   8|   0|    8|          0|
    |grp_dense_resource_rf_leq_nin_ap_fixed_ap_fixed_16_6_5_3_0_config27_mult_s_fu_119_ap_start_reg  |   1|   0|    1|          0|
    |icmp_ln284_1_reg_363                                                                            |   1|   0|    1|          0|
    |icmp_ln284_reg_349                                                                              |   1|   0|    1|          0|
    |icmp_ln303_reg_418                                                                              |   1|   0|    1|          0|
    |icmp_ln307_reg_433                                                                              |   1|   0|    1|          0|
    |pX_3                                                                                            |  32|   0|   32|          0|
    |pY_3                                                                                            |  32|   0|   32|          0|
    |res_out_10_reg_387                                                                              |  16|   0|   16|          0|
    |res_out_4_reg_392                                                                               |  16|   0|   16|          0|
    |res_out_5_reg_397                                                                               |  16|   0|   16|          0|
    |res_out_6_reg_402                                                                               |  16|   0|   16|          0|
    |res_out_7_reg_407                                                                               |  16|   0|   16|          0|
    |res_out_8_reg_377                                                                               |  16|   0|   16|          0|
    |res_out_9_reg_382                                                                               |  16|   0|   16|          0|
    |res_out_reg_372                                                                                 |  16|   0|   16|          0|
    |sX_3                                                                                            |  32|   0|   32|          0|
    |sY_3                                                                                            |  32|   0|   32|          0|
    |select_ln313_reg_437                                                                            |  32|   0|   32|          0|
    |select_ln318_reg_422                                                                            |  32|   0|   32|          0|
    |void_compute_output_buffer_2d_array_const_ap_shift_reg_n_chan_stream_weig_10                    |  16|   0|   16|          0|
    |void_compute_output_buffer_2d_array_const_ap_shift_reg_n_chan_stream_weig_11                    |  16|   0|   16|          0|
    |void_compute_output_buffer_2d_array_const_ap_shift_reg_n_chan_stream_weig_12                    |  16|   0|   16|          0|
    |void_compute_output_buffer_2d_array_const_ap_shift_reg_n_chan_stream_weig_13                    |  16|   0|   16|          0|
    |void_compute_output_buffer_2d_array_const_ap_shift_reg_n_chan_stream_weig_14                    |  16|   0|   16|          0|
    |void_compute_output_buffer_2d_array_const_ap_shift_reg_n_chan_stream_weig_15                    |  16|   0|   16|          0|
    |void_compute_output_buffer_2d_array_const_ap_shift_reg_n_chan_stream_weig_16                    |  16|   0|   16|          0|
    |void_compute_output_buffer_2d_array_const_ap_shift_reg_n_chan_stream_weig_17                    |  16|   0|   16|          0|
    |void_compute_output_buffer_2d_array_const_ap_shift_reg_n_chan_stream_weig_18                    |  16|   0|   16|          0|
    +------------------------------------------------------------------------------------------------+----+----+-----+-----------+
    |Total                                                                                           | 542|   0|  542|          0|
    +------------------------------------------------------------------------------------------------+----+----+-----+-----------+



================================================================
== Interface
================================================================
* Summary: 
+----------------------------+-----+-----+------------+-------------------------------------------------------------------------+--------------+
|          RTL Ports         | Dir | Bits|  Protocol  |                              Source Object                              |    C Type    |
+----------------------------+-----+-----+------------+-------------------------------------------------------------------------+--------------+
|ap_clk                      |   in|    1|  ap_ctrl_hs|  compute_output_buffer_2d<array,array<ap_fixed<16,6,5,3,0>,8u>,config27>|  return value|
|ap_rst                      |   in|    1|  ap_ctrl_hs|  compute_output_buffer_2d<array,array<ap_fixed<16,6,5,3,0>,8u>,config27>|  return value|
|ap_start                    |   in|    1|  ap_ctrl_hs|  compute_output_buffer_2d<array,array<ap_fixed<16,6,5,3,0>,8u>,config27>|  return value|
|ap_done                     |  out|    1|  ap_ctrl_hs|  compute_output_buffer_2d<array,array<ap_fixed<16,6,5,3,0>,8u>,config27>|  return value|
|ap_idle                     |  out|    1|  ap_ctrl_hs|  compute_output_buffer_2d<array,array<ap_fixed<16,6,5,3,0>,8u>,config27>|  return value|
|ap_ready                    |  out|    1|  ap_ctrl_hs|  compute_output_buffer_2d<array,array<ap_fixed<16,6,5,3,0>,8u>,config27>|  return value|
|in_elem_0_0_0_0_0_val       |   in|   16|     ap_none|                                                    in_elem_0_0_0_0_0_val|        scalar|
|layer27_out_din             |  out|  128|     ap_fifo|                                                              layer27_out|       pointer|
|layer27_out_full_n          |   in|    1|     ap_fifo|                                                              layer27_out|       pointer|
|layer27_out_write           |  out|    1|     ap_fifo|                                                              layer27_out|       pointer|
|layer27_out_num_data_valid  |   in|   11|     ap_fifo|                                                              layer27_out|       pointer|
|layer27_out_fifo_cap        |   in|   11|     ap_fifo|                                                              layer27_out|       pointer|
+----------------------------+-----+-----+------------+-------------------------------------------------------------------------+--------------+

============================================================
+ Verbose Summary: Synthesis Manager
============================================================
InlineROM: 1
ExposeGlobal: 0
============================================================
+ Verbose Summary: CDFG Model
============================================================
IsTopModel: 0
ResetActiveHigh: 1
IsCombinational: 2
IsDatapathOnly: 2
HasWiredReturn: 1
HasMFsm: 0
HasVarLatency: 1
IsPipeline: 0
IsRtlPipelined: 0
IsInstanceOverlapped: 0
IsDontTouch: 0
HasImplIP: 0
IsGatedGlobalClock: 0


============================================================
+ Verbose Summary: Schedule
============================================================
* Number of FSM states : 8
* Pipeline : 0
* Dataflow Pipeline: 0

* FSM state transitions: 
1 --> 2 4 
2 --> 3 4 
3 --> 4 
4 --> 5 
5 --> 6 7 
6 --> 8 
7 --> 8 
8 --> 

* FSM state operations: 

State 1 <SV = 0> <Delay = 3.23>
ST_1 : Operation 9 [1/1] (0.00ns)   --->   "%specinterface_ln0 = specinterface void @_ssdm_op_SpecInterface, i128 %layer27_out, void @empty_5, i32 0, i32 0, void @empty_9, i32 0, i32 0, void @empty_9, void @empty_9, void @empty_9, i32 0, i32 0, i32 0, i32 0, void @empty_9, void @empty_9, i32 4294967295, i32 0, i32 0, i32 0"   --->   Operation 9 'specinterface' 'specinterface_ln0' <Predicate = true> <Delay = 0.00>
ST_1 : Operation 10 [1/1] (0.00ns)   --->   "%in_elem_0_0_0_0_0_val_read = read i16 @_ssdm_op_Read.ap_auto.i16, i16 %in_elem_0_0_0_0_0_val"   --->   Operation 10 'read' 'in_elem_0_0_0_0_0_val_read' <Predicate = true> <Delay = 0.00>
ST_1 : Operation 11 [1/1] (3.23ns)   --->   "%call_ln281 = call void @shift_line_buffer<array<ap_fixed<16, 6, 5, 3, 0>, 1u>, config27>, i16 %in_elem_0_0_0_0_0_val_read, i16 %void_compute_output_buffer_2d_array_const_ap_shift_reg_n_chan_stream_weig_17, i16 %void_compute_output_buffer_2d_array_const_ap_shift_reg_n_chan_stream_weig_18, i16 %void_compute_output_buffer_2d_array_const_ap_shift_reg_n_chan_stream_weig_14, i16 %void_compute_output_buffer_2d_array_const_ap_shift_reg_n_chan_stream_weig_15, i16 %void_compute_output_buffer_2d_array_const_ap_shift_reg_n_chan_stream_weig_11, i16 %void_compute_output_buffer_2d_array_const_ap_shift_reg_n_chan_stream_weig_12, i16 %void_compute_output_buffer_2d_array_const_ap_shift_reg_n_chan_stream_weig_16, i16 %void_compute_output_buffer_2d_array_const_ap_shift_reg_n_chan_stream_weig_13, i16 %void_compute_output_buffer_2d_array_const_ap_shift_reg_n_chan_stream_weig_10, i16 %void_conv_2d_buffer_resource_cl_stream_stream_weight_t_bias_t_line_buffer_1, i16 %void_conv_2d_buffer_resource_cl_stream_stream_weight_t_bias_t_line_buffer" [firmware/nnet_utils/nnet_conv_stream.h:281]   --->   Operation 11 'call' 'call_ln281' <Predicate = true> <Delay = 3.23> <CoreType = "Generic">   --->   Generic Core
ST_1 : Operation 12 [1/1] (0.00ns)   --->   "%sX_3_load = load i32 %sX_3" [firmware/nnet_utils/nnet_conv_stream.h:284]   --->   Operation 12 'load' 'sX_3_load' <Predicate = true> <Delay = 0.00>
ST_1 : Operation 13 [1/1] (2.70ns)   --->   "%icmp_ln284 = icmp_eq  i32 %sX_3_load, i32 2" [firmware/nnet_utils/nnet_conv_stream.h:284]   --->   Operation 13 'icmp' 'icmp_ln284' <Predicate = true> <Delay = 2.70> <CoreInst = "Cmp">   --->   Core 9 'Cmp' <Latency = 0> <II = 1> <Delay = 2.70> <FuncUnit> <Opcode : 'seteq' 'setne' 'setle' 'setge' 'setlt' 'setgt'> <InPorts = 2> <OutPorts = 1>
ST_1 : Operation 14 [1/1] (0.00ns)   --->   "%sY_3_load = load i32 %sY_3" [firmware/nnet_utils/nnet_conv_stream.h:284]   --->   Operation 14 'load' 'sY_3_load' <Predicate = true> <Delay = 0.00>
ST_1 : Operation 15 [1/1] (0.00ns)   --->   "%pY_3_load = load i32 %pY_3" [firmware/nnet_utils/nnet_conv_stream.h:284]   --->   Operation 15 'load' 'pY_3_load' <Predicate = true> <Delay = 0.00>
ST_1 : Operation 16 [1/1] (0.00ns)   --->   "%pX_3_load = load i32 %pX_3" [firmware/nnet_utils/nnet_conv_stream.h:284]   --->   Operation 16 'load' 'pX_3_load' <Predicate = true> <Delay = 0.00>
ST_1 : Operation 17 [1/1] (0.00ns)   --->   "%br_ln284 = br i1 %icmp_ln284, void %if.end, void %land.lhs.true" [firmware/nnet_utils/nnet_conv_stream.h:284]   --->   Operation 17 'br' 'br_ln284' <Predicate = true> <Delay = 0.00>
ST_1 : Operation 18 [1/1] (2.70ns)   --->   "%icmp_ln284_1 = icmp_eq  i32 %sY_3_load, i32 2" [firmware/nnet_utils/nnet_conv_stream.h:284]   --->   Operation 18 'icmp' 'icmp_ln284_1' <Predicate = (icmp_ln284)> <Delay = 2.70> <CoreInst = "Cmp">   --->   Core 9 'Cmp' <Latency = 0> <II = 1> <Delay = 2.70> <FuncUnit> <Opcode : 'seteq' 'setne' 'setle' 'setge' 'setlt' 'setgt'> <InPorts = 2> <OutPorts = 1>

State 2 <SV = 1> <Delay = 3.64>
ST_2 : Operation 19 [1/1] (0.00ns)   --->   "%tmp_1 = partselect i31 @_ssdm_op_PartSelect.i31.i32.i32.i32, i32 %pY_3_load, i32 1, i32 31" [firmware/nnet_utils/nnet_conv_stream.h:284]   --->   Operation 19 'partselect' 'tmp_1' <Predicate = true> <Delay = 0.00>
ST_2 : Operation 20 [1/1] (2.66ns)   --->   "%icmp_ln284_2 = icmp_sgt  i31 %tmp_1, i31 0" [firmware/nnet_utils/nnet_conv_stream.h:284]   --->   Operation 20 'icmp' 'icmp_ln284_2' <Predicate = true> <Delay = 2.66> <CoreInst = "Cmp">   --->   Core 9 'Cmp' <Latency = 0> <II = 1> <Delay = 2.66> <FuncUnit> <Opcode : 'seteq' 'setne' 'setle' 'setge' 'setlt' 'setgt'> <InPorts = 2> <OutPorts = 1>
ST_2 : Operation 21 [1/1] (0.00ns)   --->   "%tmp_2 = partselect i31 @_ssdm_op_PartSelect.i31.i32.i32.i32, i32 %pX_3_load, i32 1, i32 31" [firmware/nnet_utils/nnet_conv_stream.h:284]   --->   Operation 21 'partselect' 'tmp_2' <Predicate = true> <Delay = 0.00>
ST_2 : Operation 22 [1/1] (2.66ns)   --->   "%icmp_ln284_3 = icmp_sgt  i31 %tmp_2, i31 0" [firmware/nnet_utils/nnet_conv_stream.h:284]   --->   Operation 22 'icmp' 'icmp_ln284_3' <Predicate = true> <Delay = 2.66> <CoreInst = "Cmp">   --->   Core 9 'Cmp' <Latency = 0> <II = 1> <Delay = 2.66> <FuncUnit> <Opcode : 'seteq' 'setne' 'setle' 'setge' 'setlt' 'setgt'> <InPorts = 2> <OutPorts = 1>
ST_2 : Operation 23 [1/1] (0.00ns) (grouped into LUT with out node and_ln284_1)   --->   "%and_ln284 = and i1 %icmp_ln284_2, i1 %icmp_ln284_3" [firmware/nnet_utils/nnet_conv_stream.h:284]   --->   Operation 23 'and' 'and_ln284' <Predicate = true> <Delay = 0.00> <CoreInst = "LogicGate">   --->   Core 74 'LogicGate' <Latency = 0> <II = 1> <Delay = 0.97> <FuncUnit> <Opcode : 'and' 'or' 'xor'> <InPorts = 2> <OutPorts = 1>
ST_2 : Operation 24 [1/1] (0.97ns) (out node of the LUT)   --->   "%and_ln284_1 = and i1 %and_ln284, i1 %icmp_ln284_1" [firmware/nnet_utils/nnet_conv_stream.h:284]   --->   Operation 24 'and' 'and_ln284_1' <Predicate = true> <Delay = 0.97> <CoreInst = "LogicGate">   --->   Core 74 'LogicGate' <Latency = 0> <II = 1> <Delay = 0.97> <FuncUnit> <Opcode : 'and' 'or' 'xor'> <InPorts = 2> <OutPorts = 1>
ST_2 : Operation 25 [1/1] (0.00ns)   --->   "%br_ln284 = br i1 %and_ln284_1, void %if.end, void %if.then" [firmware/nnet_utils/nnet_conv_stream.h:284]   --->   Operation 25 'br' 'br_ln284' <Predicate = true> <Delay = 0.00>
ST_2 : Operation 26 [2/2] (0.00ns)   --->   "%tmp = call i128 @dense_resource_rf_leq_nin<ap_fixed,ap_fixed<16,6,5,3,0>,config27_mult>, i123 %w27, i16 %void_compute_output_buffer_2d_array_const_ap_shift_reg_n_chan_stream_weig_18, i16 %void_compute_output_buffer_2d_array_const_ap_shift_reg_n_chan_stream_weig_17, i16 %void_compute_output_buffer_2d_array_const_ap_shift_reg_n_chan_stream_weig_16, i16 %void_compute_output_buffer_2d_array_const_ap_shift_reg_n_chan_stream_weig_15, i16 %void_compute_output_buffer_2d_array_const_ap_shift_reg_n_chan_stream_weig_14, i16 %void_compute_output_buffer_2d_array_const_ap_shift_reg_n_chan_stream_weig_13, i16 %void_compute_output_buffer_2d_array_const_ap_shift_reg_n_chan_stream_weig_12, i16 %void_compute_output_buffer_2d_array_const_ap_shift_reg_n_chan_stream_weig_11, i16 %void_compute_output_buffer_2d_array_const_ap_shift_reg_n_chan_stream_weig_10" [firmware/nnet_utils/nnet_dense.h:65->firmware/nnet_utils/nnet_conv_stream.h:288]   --->   Operation 26 'call' 'tmp' <Predicate = (and_ln284_1)> <Delay = 0.00> <CoreType = "Generic">   --->   Generic Core

State 3 <SV = 2> <Delay = 2.14>
ST_3 : Operation 27 [1/2] (2.14ns)   --->   "%tmp = call i128 @dense_resource_rf_leq_nin<ap_fixed,ap_fixed<16,6,5,3,0>,config27_mult>, i123 %w27, i16 %void_compute_output_buffer_2d_array_const_ap_shift_reg_n_chan_stream_weig_18, i16 %void_compute_output_buffer_2d_array_const_ap_shift_reg_n_chan_stream_weig_17, i16 %void_compute_output_buffer_2d_array_const_ap_shift_reg_n_chan_stream_weig_16, i16 %void_compute_output_buffer_2d_array_const_ap_shift_reg_n_chan_stream_weig_15, i16 %void_compute_output_buffer_2d_array_const_ap_shift_reg_n_chan_stream_weig_14, i16 %void_compute_output_buffer_2d_array_const_ap_shift_reg_n_chan_stream_weig_13, i16 %void_compute_output_buffer_2d_array_const_ap_shift_reg_n_chan_stream_weig_12, i16 %void_compute_output_buffer_2d_array_const_ap_shift_reg_n_chan_stream_weig_11, i16 %void_compute_output_buffer_2d_array_const_ap_shift_reg_n_chan_stream_weig_10" [firmware/nnet_utils/nnet_dense.h:65->firmware/nnet_utils/nnet_conv_stream.h:288]   --->   Operation 27 'call' 'tmp' <Predicate = true> <Delay = 2.14> <CoreType = "Generic">   --->   Generic Core
ST_3 : Operation 28 [1/1] (0.00ns)   --->   "%res_out = extractvalue i128 %tmp" [firmware/nnet_utils/nnet_dense.h:65->firmware/nnet_utils/nnet_conv_stream.h:288]   --->   Operation 28 'extractvalue' 'res_out' <Predicate = true> <Delay = 0.00>
ST_3 : Operation 29 [1/1] (0.00ns)   --->   "%res_out_8 = extractvalue i128 %tmp" [firmware/nnet_utils/nnet_dense.h:65->firmware/nnet_utils/nnet_conv_stream.h:288]   --->   Operation 29 'extractvalue' 'res_out_8' <Predicate = true> <Delay = 0.00>
ST_3 : Operation 30 [1/1] (0.00ns)   --->   "%res_out_9 = extractvalue i128 %tmp" [firmware/nnet_utils/nnet_dense.h:65->firmware/nnet_utils/nnet_conv_stream.h:288]   --->   Operation 30 'extractvalue' 'res_out_9' <Predicate = true> <Delay = 0.00>
ST_3 : Operation 31 [1/1] (0.00ns)   --->   "%res_out_10 = extractvalue i128 %tmp" [firmware/nnet_utils/nnet_dense.h:65->firmware/nnet_utils/nnet_conv_stream.h:288]   --->   Operation 31 'extractvalue' 'res_out_10' <Predicate = true> <Delay = 0.00>
ST_3 : Operation 32 [1/1] (0.00ns)   --->   "%res_out_4 = extractvalue i128 %tmp" [firmware/nnet_utils/nnet_dense.h:65->firmware/nnet_utils/nnet_conv_stream.h:288]   --->   Operation 32 'extractvalue' 'res_out_4' <Predicate = true> <Delay = 0.00>
ST_3 : Operation 33 [1/1] (0.00ns)   --->   "%res_out_5 = extractvalue i128 %tmp" [firmware/nnet_utils/nnet_dense.h:65->firmware/nnet_utils/nnet_conv_stream.h:288]   --->   Operation 33 'extractvalue' 'res_out_5' <Predicate = true> <Delay = 0.00>
ST_3 : Operation 34 [1/1] (0.00ns)   --->   "%res_out_6 = extractvalue i128 %tmp" [firmware/nnet_utils/nnet_dense.h:65->firmware/nnet_utils/nnet_conv_stream.h:288]   --->   Operation 34 'extractvalue' 'res_out_6' <Predicate = true> <Delay = 0.00>
ST_3 : Operation 35 [1/1] (0.00ns)   --->   "%res_out_7 = extractvalue i128 %tmp" [firmware/nnet_utils/nnet_dense.h:65->firmware/nnet_utils/nnet_conv_stream.h:288]   --->   Operation 35 'extractvalue' 'res_out_7' <Predicate = true> <Delay = 0.00>

State 4 <SV = 3> <Delay = 2.70>
ST_4 : Operation 36 [1/1] (0.00ns)   --->   "%p_0 = bitconcatenate i128 @_ssdm_op_BitConcatenate.i128.i16.i16.i16.i16.i16.i16.i16.i16, i16 %res_out_7, i16 %res_out_6, i16 %res_out_5, i16 %res_out_4, i16 %res_out_10, i16 %res_out_9, i16 %res_out_8, i16 %res_out" [firmware/nnet_utils/nnet_conv_stream.h:299]   --->   Operation 36 'bitconcatenate' 'p_0' <Predicate = (icmp_ln284 & and_ln284_1)> <Delay = 0.00>
ST_4 : Operation 37 [1/1] ( I:1.82ns O:1.82ns )   --->   "%write_ln299 = write void @_ssdm_op_Write.ap_fifo.volatile.i128P0A, i128 %layer27_out, i128 %p_0" [firmware/nnet_utils/nnet_conv_stream.h:299]   --->   Operation 37 'write' 'write_ln299' <Predicate = (icmp_ln284 & and_ln284_1)> <Delay = 1.82> <CoreInst = "FIFO">   --->   Core 77 'FIFO' <Latency = 0> <II = 1> <Delay = 3.85> <Storage> <Opcode : 'read' 'write' 'nbread' 'nbwrite'> <Ports = 0> <Width = 128> <Depth = 676> <FIFO>
ST_4 : Operation 38 [1/1] (0.00ns)   --->   "%br_ln300 = br void %if.end" [firmware/nnet_utils/nnet_conv_stream.h:300]   --->   Operation 38 'br' 'br_ln300' <Predicate = (icmp_ln284 & and_ln284_1)> <Delay = 0.00>
ST_4 : Operation 39 [1/1] (2.70ns)   --->   "%add_ln303 = add i32 %pX_3_load, i32 1" [firmware/nnet_utils/nnet_conv_stream.h:303]   --->   Operation 39 'add' 'add_ln303' <Predicate = true> <Delay = 2.70> <CoreInst = "Adder">   --->   Core 1 'Adder' <Latency = 0> <II = 1> <Delay = 2.70> <FuncUnit> <Opcode : 'add' 'sub'> <InPorts = 2> <OutPorts = 1>

State 5 <SV = 4> <Delay = 3.49>
ST_5 : Operation 40 [1/1] (2.70ns)   --->   "%icmp_ln303 = icmp_eq  i32 %add_ln303, i32 28" [firmware/nnet_utils/nnet_conv_stream.h:303]   --->   Operation 40 'icmp' 'icmp_ln303' <Predicate = true> <Delay = 2.70> <CoreInst = "Cmp">   --->   Core 9 'Cmp' <Latency = 0> <II = 1> <Delay = 2.70> <FuncUnit> <Opcode : 'seteq' 'setne' 'setle' 'setge' 'setlt' 'setgt'> <InPorts = 2> <OutPorts = 1>
ST_5 : Operation 41 [1/1] (0.00ns)   --->   "%br_ln303 = br i1 %icmp_ln303, void %if.else20, void %if.then9" [firmware/nnet_utils/nnet_conv_stream.h:303]   --->   Operation 41 'br' 'br_ln303' <Predicate = true> <Delay = 0.00>
ST_5 : Operation 42 [1/1] (2.70ns)   --->   "%add_ln318 = add i32 %sX_3_load, i32 1" [firmware/nnet_utils/nnet_conv_stream.h:318]   --->   Operation 42 'add' 'add_ln318' <Predicate = (!icmp_ln284 & !icmp_ln303)> <Delay = 2.70> <CoreInst = "Adder">   --->   Core 1 'Adder' <Latency = 0> <II = 1> <Delay = 2.70> <FuncUnit> <Opcode : 'add' 'sub'> <InPorts = 2> <OutPorts = 1>
ST_5 : Operation 43 [1/1] (0.79ns)   --->   "%select_ln318 = select i1 %icmp_ln284, i32 2, i32 %add_ln318" [firmware/nnet_utils/nnet_conv_stream.h:318]   --->   Operation 43 'select' 'select_ln318' <Predicate = (!icmp_ln303)> <Delay = 0.79> <CoreInst = "Sel">   --->   Core 73 'Sel' <Latency = 0> <II = 1> <Delay = 0.79> <FuncUnit> <Opcode : 'select'> <InPorts = 3> <OutPorts = 1>
ST_5 : Operation 44 [1/1] (2.70ns)   --->   "%add_ln307 = add i32 %pY_3_load, i32 1" [firmware/nnet_utils/nnet_conv_stream.h:307]   --->   Operation 44 'add' 'add_ln307' <Predicate = (icmp_ln303)> <Delay = 2.70> <CoreInst = "Adder">   --->   Core 1 'Adder' <Latency = 0> <II = 1> <Delay = 2.70> <FuncUnit> <Opcode : 'add' 'sub'> <InPorts = 2> <OutPorts = 1>

State 6 <SV = 5> <Delay = 1.61>
ST_6 : Operation 45 [1/1] (1.61ns)   --->   "%store_ln316 = store i32 %add_ln303, i32 %pX_3" [firmware/nnet_utils/nnet_conv_stream.h:316]   --->   Operation 45 'store' 'store_ln316' <Predicate = true> <Delay = 1.61>
ST_6 : Operation 46 [1/1] (1.61ns)   --->   "%store_ln318 = store i32 %select_ln318, i32 %sX_3" [firmware/nnet_utils/nnet_conv_stream.h:318]   --->   Operation 46 'store' 'store_ln318' <Predicate = true> <Delay = 1.61>
ST_6 : Operation 47 [1/1] (0.00ns)   --->   "%br_ln0 = br void %if.end31"   --->   Operation 47 'br' 'br_ln0' <Predicate = true> <Delay = 0.00>

State 7 <SV = 5> <Delay = 3.49>
ST_7 : Operation 48 [1/1] (1.61ns)   --->   "%store_ln305 = store i32 0, i32 %pX_3" [firmware/nnet_utils/nnet_conv_stream.h:305]   --->   Operation 48 'store' 'store_ln305' <Predicate = true> <Delay = 1.61>
ST_7 : Operation 49 [1/1] (1.61ns)   --->   "%store_ln306 = store i32 0, i32 %sX_3" [firmware/nnet_utils/nnet_conv_stream.h:306]   --->   Operation 49 'store' 'store_ln306' <Predicate = true> <Delay = 1.61>
ST_7 : Operation 50 [1/1] (2.70ns)   --->   "%icmp_ln307 = icmp_eq  i32 %add_ln307, i32 28" [firmware/nnet_utils/nnet_conv_stream.h:307]   --->   Operation 50 'icmp' 'icmp_ln307' <Predicate = true> <Delay = 2.70> <CoreInst = "Cmp">   --->   Core 9 'Cmp' <Latency = 0> <II = 1> <Delay = 2.70> <FuncUnit> <Opcode : 'seteq' 'setne' 'setle' 'setge' 'setlt' 'setgt'> <InPorts = 2> <OutPorts = 1>
ST_7 : Operation 51 [1/1] (0.00ns)   --->   "%br_ln307 = br i1 %icmp_ln307, void %if.else, void %if.then12" [firmware/nnet_utils/nnet_conv_stream.h:307]   --->   Operation 51 'br' 'br_ln307' <Predicate = true> <Delay = 0.00>
ST_7 : Operation 52 [1/1] (2.70ns)   --->   "%icmp_ln313 = icmp_eq  i32 %sY_3_load, i32 2" [firmware/nnet_utils/nnet_conv_stream.h:313]   --->   Operation 52 'icmp' 'icmp_ln313' <Predicate = (!icmp_ln307)> <Delay = 2.70> <CoreInst = "Cmp">   --->   Core 9 'Cmp' <Latency = 0> <II = 1> <Delay = 2.70> <FuncUnit> <Opcode : 'seteq' 'setne' 'setle' 'setge' 'setlt' 'setgt'> <InPorts = 2> <OutPorts = 1>
ST_7 : Operation 53 [1/1] (2.70ns)   --->   "%add_ln313 = add i32 %sY_3_load, i32 1" [firmware/nnet_utils/nnet_conv_stream.h:313]   --->   Operation 53 'add' 'add_ln313' <Predicate = (!icmp_ln307)> <Delay = 2.70> <CoreInst = "Adder">   --->   Core 1 'Adder' <Latency = 0> <II = 1> <Delay = 2.70> <FuncUnit> <Opcode : 'add' 'sub'> <InPorts = 2> <OutPorts = 1>
ST_7 : Operation 54 [1/1] (0.79ns)   --->   "%select_ln313 = select i1 %icmp_ln313, i32 2, i32 %add_ln313" [firmware/nnet_utils/nnet_conv_stream.h:313]   --->   Operation 54 'select' 'select_ln313' <Predicate = (!icmp_ln307)> <Delay = 0.79> <CoreInst = "Sel">   --->   Core 73 'Sel' <Latency = 0> <II = 1> <Delay = 0.79> <FuncUnit> <Opcode : 'select'> <InPorts = 3> <OutPorts = 1>

State 8 <SV = 6> <Delay = 1.61>
ST_8 : Operation 55 [1/1] (1.61ns)   --->   "%store_ln311 = store i32 %add_ln307, i32 %pY_3" [firmware/nnet_utils/nnet_conv_stream.h:311]   --->   Operation 55 'store' 'store_ln311' <Predicate = (icmp_ln303 & !icmp_ln307)> <Delay = 1.61>
ST_8 : Operation 56 [1/1] (1.61ns)   --->   "%br_ln0 = br void %if.end19"   --->   Operation 56 'br' 'br_ln0' <Predicate = (icmp_ln303 & !icmp_ln307)> <Delay = 1.61>
ST_8 : Operation 57 [1/1] (1.61ns)   --->   "%store_ln308 = store i32 0, i32 %pY_3" [firmware/nnet_utils/nnet_conv_stream.h:308]   --->   Operation 57 'store' 'store_ln308' <Predicate = (icmp_ln303 & icmp_ln307)> <Delay = 1.61>
ST_8 : Operation 58 [1/1] (1.61ns)   --->   "%br_ln310 = br void %if.end19" [firmware/nnet_utils/nnet_conv_stream.h:310]   --->   Operation 58 'br' 'br_ln310' <Predicate = (icmp_ln303 & icmp_ln307)> <Delay = 1.61>
ST_8 : Operation 59 [1/1] (0.00ns)   --->   "%storemerge = phi i32 %select_ln313, void %if.else, i32 0, void %if.then12" [firmware/nnet_utils/nnet_conv_stream.h:313]   --->   Operation 59 'phi' 'storemerge' <Predicate = (icmp_ln303)> <Delay = 0.00>
ST_8 : Operation 60 [1/1] (0.00ns)   --->   "%store_ln313 = store i32 %storemerge, i32 %sY_3" [firmware/nnet_utils/nnet_conv_stream.h:313]   --->   Operation 60 'store' 'store_ln313' <Predicate = (icmp_ln303)> <Delay = 0.00>
ST_8 : Operation 61 [1/1] (0.00ns)   --->   "%br_ln315 = br void %if.end31" [firmware/nnet_utils/nnet_conv_stream.h:315]   --->   Operation 61 'br' 'br_ln315' <Predicate = (icmp_ln303)> <Delay = 0.00>
ST_8 : Operation 62 [1/1] (0.00ns)   --->   "%ret_ln320 = ret" [firmware/nnet_utils/nnet_conv_stream.h:320]   --->   Operation 62 'ret' 'ret_ln320' <Predicate = true> <Delay = 0.00>


============================================================
+ Verbose Summary: Binding
============================================================
STG Binding: 
---------------- STG Properties BEGIN ----------------
- Is combinational: 0
- Is one-state seq: 0
- Is datapath-only: 0
- Is pipelined: 0
- Is top level: 0
Port [ Return ] is wired: 1; IO mode=ap_ctrl_hs:ce=0
Port [ in_elem_0_0_0_0_0_val]:  wired=1; compound=0; hidden=0; nouse=0; global=0; static=0; extern=0; dir=0; type=0; pingpong=0; private_global=0; IO mode=ap_none:ce=0
Port [ layer27_out]:  wired=1; compound=1; hidden=0; nouse=0; global=0; static=0; extern=0; dir=1; type=3; pingpong=0; private_global=0; IO mode=ap_fifo:ce=0
Port [ void_compute_output_buffer_2d_array_const_ap_shift_reg_n_chan_stream_weig_17]:  wired=0; compound=0; hidden=1; nouse=0; global=1; static=1; extern=0; dir=2; type=0; pingpong=0; private_global=1; IO mode=ap_ovld:ce=0
Port [ void_compute_output_buffer_2d_array_const_ap_shift_reg_n_chan_stream_weig_18]:  wired=0; compound=0; hidden=1; nouse=0; global=1; static=1; extern=0; dir=2; type=0; pingpong=0; private_global=1; IO mode=ap_ovld:ce=0
Port [ void_compute_output_buffer_2d_array_const_ap_shift_reg_n_chan_stream_weig_14]:  wired=0; compound=0; hidden=1; nouse=0; global=1; static=1; extern=0; dir=2; type=0; pingpong=0; private_global=1; IO mode=ap_ovld:ce=0
Port [ void_compute_output_buffer_2d_array_const_ap_shift_reg_n_chan_stream_weig_15]:  wired=0; compound=0; hidden=1; nouse=0; global=1; static=1; extern=0; dir=2; type=0; pingpong=0; private_global=1; IO mode=ap_ovld:ce=0
Port [ void_compute_output_buffer_2d_array_const_ap_shift_reg_n_chan_stream_weig_11]:  wired=0; compound=0; hidden=1; nouse=0; global=1; static=1; extern=0; dir=2; type=0; pingpong=0; private_global=1; IO mode=ap_ovld:ce=0
Port [ void_compute_output_buffer_2d_array_const_ap_shift_reg_n_chan_stream_weig_12]:  wired=0; compound=0; hidden=1; nouse=0; global=1; static=1; extern=0; dir=2; type=0; pingpong=0; private_global=1; IO mode=ap_ovld:ce=0
Port [ void_compute_output_buffer_2d_array_const_ap_shift_reg_n_chan_stream_weig_16]:  wired=0; compound=0; hidden=1; nouse=0; global=1; static=1; extern=0; dir=2; type=0; pingpong=0; private_global=1; IO mode=ap_ovld:ce=0
Port [ void_compute_output_buffer_2d_array_const_ap_shift_reg_n_chan_stream_weig_13]:  wired=0; compound=0; hidden=1; nouse=0; global=1; static=1; extern=0; dir=2; type=0; pingpong=0; private_global=1; IO mode=ap_ovld:ce=0
Port [ void_compute_output_buffer_2d_array_const_ap_shift_reg_n_chan_stream_weig_10]:  wired=0; compound=0; hidden=1; nouse=0; global=1; static=1; extern=0; dir=2; type=0; pingpong=0; private_global=1; IO mode=ap_ovld:ce=0
Port [ void_conv_2d_buffer_resource_cl_stream_stream_weight_t_bias_t_line_buffer_1]:  wired=0; compound=1; hidden=1; nouse=1; global=1; static=1; extern=0; dir=3; type=1; pingpong=0; private_global=0; MemPort=[2]; IO mode=ap_memory:ce=0
Port [ void_conv_2d_buffer_resource_cl_stream_stream_weight_t_bias_t_line_buffer]:  wired=0; compound=1; hidden=1; nouse=1; global=1; static=1; extern=0; dir=3; type=1; pingpong=0; private_global=0; MemPort=[2]; IO mode=ap_memory:ce=0
Port [ sX_3]:  wired=0; compound=0; hidden=1; nouse=0; global=1; static=1; extern=0; dir=2; type=0; pingpong=0; private_global=1; IO mode=ap_ovld:ce=0
Port [ sY_3]:  wired=0; compound=0; hidden=1; nouse=0; global=1; static=1; extern=0; dir=2; type=0; pingpong=0; private_global=1; IO mode=ap_ovld:ce=0
Port [ pY_3]:  wired=0; compound=0; hidden=1; nouse=0; global=1; static=1; extern=0; dir=2; type=0; pingpong=0; private_global=1; IO mode=ap_ovld:ce=0
Port [ pX_3]:  wired=0; compound=0; hidden=1; nouse=0; global=1; static=1; extern=0; dir=2; type=0; pingpong=0; private_global=1; IO mode=ap_ovld:ce=0
Port [ w27]:  wired=0; compound=1; hidden=1; nouse=1; global=1; static=1; extern=0; dir=0; type=1; pingpong=0; private_global=0; MemPort=[1]; IO mode=ap_memory:ce=0
---------------- STG Properties END ------------------

---------------- Datapath Model BEGIN ----------------

<LifeTime>
<method=bitvector/>
specinterface_ln0          (specinterface ) [ 000000000]
in_elem_0_0_0_0_0_val_read (read          ) [ 000000000]
call_ln281                 (call          ) [ 000000000]
sX_3_load                  (load          ) [ 001111000]
icmp_ln284                 (icmp          ) [ 011111000]
sY_3_load                  (load          ) [ 001111010]
pY_3_load                  (load          ) [ 001111000]
pX_3_load                  (load          ) [ 001110000]
br_ln284                   (br            ) [ 000000000]
icmp_ln284_1               (icmp          ) [ 001000000]
tmp_1                      (partselect    ) [ 000000000]
icmp_ln284_2               (icmp          ) [ 000000000]
tmp_2                      (partselect    ) [ 000000000]
icmp_ln284_3               (icmp          ) [ 000000000]
and_ln284                  (and           ) [ 000000000]
and_ln284_1                (and           ) [ 001110000]
br_ln284                   (br            ) [ 000000000]
tmp                        (call          ) [ 000000000]
res_out                    (extractvalue  ) [ 000010000]
res_out_8                  (extractvalue  ) [ 000010000]
res_out_9                  (extractvalue  ) [ 000010000]
res_out_10                 (extractvalue  ) [ 000010000]
res_out_4                  (extractvalue  ) [ 000010000]
res_out_5                  (extractvalue  ) [ 000010000]
res_out_6                  (extractvalue  ) [ 000010000]
res_out_7                  (extractvalue  ) [ 000010000]
p_0                        (bitconcatenate) [ 000000000]
write_ln299                (write         ) [ 000000000]
br_ln300                   (br            ) [ 000000000]
add_ln303                  (add           ) [ 000001100]
icmp_ln303                 (icmp          ) [ 000001111]
br_ln303                   (br            ) [ 000000000]
add_ln318                  (add           ) [ 000000000]
select_ln318               (select        ) [ 000000100]
add_ln307                  (add           ) [ 000000111]
store_ln316                (store         ) [ 000000000]
store_ln318                (store         ) [ 000000000]
br_ln0                     (br            ) [ 000000000]
store_ln305                (store         ) [ 000000000]
store_ln306                (store         ) [ 000000000]
icmp_ln307                 (icmp          ) [ 000000011]
br_ln307                   (br            ) [ 000000000]
icmp_ln313                 (icmp          ) [ 000000000]
add_ln313                  (add           ) [ 000000000]
select_ln313               (select        ) [ 000000001]
store_ln311                (store         ) [ 000000000]
br_ln0                     (br            ) [ 000000000]
store_ln308                (store         ) [ 000000000]
br_ln310                   (br            ) [ 000000000]
storemerge                 (phi           ) [ 000000001]
store_ln313                (store         ) [ 000000000]
br_ln315                   (br            ) [ 000000000]
ret_ln320                  (ret           ) [ 000000000]
</LifeTime>

<model>

<comp_list>
<comp id="0" class="1000" name="in_elem_0_0_0_0_0_val">
<pin_list>
<pin id="1" dir="1" index="0" bw="1" slack="0"/>
</pin_list>
<bind>
<StgValue><ssdm name="in_elem_0_0_0_0_0_val"/></StgValue>
</bind>
</comp>

<comp id="2" class="1000" name="layer27_out">
<pin_list>
<pin id="3" dir="1" index="0" bw="1" slack="0"/>
</pin_list>
<bind>
<StgValue><ssdm name="layer27_out"/></StgValue>
</bind>
</comp>

<comp id="4" class="1000" name="void_compute_output_buffer_2d_array_const_ap_shift_reg_n_chan_stream_weig_17">
<pin_list>
<pin id="5" dir="1" index="0" bw="1" slack="0"/>
</pin_list>
<bind>
<StgValue><ssdm name="void_compute_output_buffer_2d_array_const_ap_shift_reg_n_chan_stream_weig_17"/></StgValue>
</bind>
</comp>

<comp id="6" class="1000" name="void_compute_output_buffer_2d_array_const_ap_shift_reg_n_chan_stream_weig_18">
<pin_list>
<pin id="7" dir="1" index="0" bw="1" slack="0"/>
</pin_list>
<bind>
<StgValue><ssdm name="void_compute_output_buffer_2d_array_const_ap_shift_reg_n_chan_stream_weig_18"/></StgValue>
</bind>
</comp>

<comp id="8" class="1000" name="void_compute_output_buffer_2d_array_const_ap_shift_reg_n_chan_stream_weig_14">
<pin_list>
<pin id="9" dir="1" index="0" bw="1" slack="0"/>
</pin_list>
<bind>
<StgValue><ssdm name="void_compute_output_buffer_2d_array_const_ap_shift_reg_n_chan_stream_weig_14"/></StgValue>
</bind>
</comp>

<comp id="10" class="1000" name="void_compute_output_buffer_2d_array_const_ap_shift_reg_n_chan_stream_weig_15">
<pin_list>
<pin id="11" dir="1" index="0" bw="1" slack="0"/>
</pin_list>
<bind>
<StgValue><ssdm name="void_compute_output_buffer_2d_array_const_ap_shift_reg_n_chan_stream_weig_15"/></StgValue>
</bind>
</comp>

<comp id="12" class="1000" name="void_compute_output_buffer_2d_array_const_ap_shift_reg_n_chan_stream_weig_11">
<pin_list>
<pin id="13" dir="1" index="0" bw="1" slack="0"/>
</pin_list>
<bind>
<StgValue><ssdm name="void_compute_output_buffer_2d_array_const_ap_shift_reg_n_chan_stream_weig_11"/></StgValue>
</bind>
</comp>

<comp id="14" class="1000" name="void_compute_output_buffer_2d_array_const_ap_shift_reg_n_chan_stream_weig_12">
<pin_list>
<pin id="15" dir="1" index="0" bw="1" slack="0"/>
</pin_list>
<bind>
<StgValue><ssdm name="void_compute_output_buffer_2d_array_const_ap_shift_reg_n_chan_stream_weig_12"/></StgValue>
</bind>
</comp>

<comp id="16" class="1000" name="void_compute_output_buffer_2d_array_const_ap_shift_reg_n_chan_stream_weig_16">
<pin_list>
<pin id="17" dir="1" index="0" bw="1" slack="0"/>
</pin_list>
<bind>
<StgValue><ssdm name="void_compute_output_buffer_2d_array_const_ap_shift_reg_n_chan_stream_weig_16"/></StgValue>
</bind>
</comp>

<comp id="18" class="1000" name="void_compute_output_buffer_2d_array_const_ap_shift_reg_n_chan_stream_weig_13">
<pin_list>
<pin id="19" dir="1" index="0" bw="1" slack="0"/>
</pin_list>
<bind>
<StgValue><ssdm name="void_compute_output_buffer_2d_array_const_ap_shift_reg_n_chan_stream_weig_13"/></StgValue>
</bind>
</comp>

<comp id="20" class="1000" name="void_compute_output_buffer_2d_array_const_ap_shift_reg_n_chan_stream_weig_10">
<pin_list>
<pin id="21" dir="1" index="0" bw="1" slack="0"/>
</pin_list>
<bind>
<StgValue><ssdm name="void_compute_output_buffer_2d_array_const_ap_shift_reg_n_chan_stream_weig_10"/></StgValue>
</bind>
</comp>

<comp id="22" class="1000" name="void_conv_2d_buffer_resource_cl_stream_stream_weight_t_bias_t_line_buffer_1">
<pin_list>
<pin id="23" dir="1" index="0" bw="1" slack="0"/>
</pin_list>
<bind>
<StgValue><ssdm name="void_conv_2d_buffer_resource_cl_stream_stream_weight_t_bias_t_line_buffer_1"/><MemPortTyVec>2 </MemPortTyVec>
</StgValue>
</bind>
</comp>

<comp id="24" class="1000" name="void_conv_2d_buffer_resource_cl_stream_stream_weight_t_bias_t_line_buffer">
<pin_list>
<pin id="25" dir="1" index="0" bw="1" slack="0"/>
</pin_list>
<bind>
<StgValue><ssdm name="void_conv_2d_buffer_resource_cl_stream_stream_weight_t_bias_t_line_buffer"/><MemPortTyVec>2 </MemPortTyVec>
</StgValue>
</bind>
</comp>

<comp id="26" class="1000" name="sX_3">
<pin_list>
<pin id="27" dir="1" index="0" bw="1" slack="0"/>
</pin_list>
<bind>
<StgValue><ssdm name="sX_3"/></StgValue>
</bind>
</comp>

<comp id="28" class="1000" name="sY_3">
<pin_list>
<pin id="29" dir="1" index="0" bw="1" slack="0"/>
</pin_list>
<bind>
<StgValue><ssdm name="sY_3"/></StgValue>
</bind>
</comp>

<comp id="30" class="1000" name="pY_3">
<pin_list>
<pin id="31" dir="1" index="0" bw="1" slack="0"/>
</pin_list>
<bind>
<StgValue><ssdm name="pY_3"/></StgValue>
</bind>
</comp>

<comp id="32" class="1000" name="pX_3">
<pin_list>
<pin id="33" dir="1" index="0" bw="1" slack="0"/>
</pin_list>
<bind>
<StgValue><ssdm name="pX_3"/></StgValue>
</bind>
</comp>

<comp id="34" class="1000" name="w27">
<pin_list>
<pin id="35" dir="1" index="0" bw="1" slack="0"/>
</pin_list>
<bind>
<StgValue><ssdm name="w27"/><MemPortTyVec>1 </MemPortTyVec>
</StgValue>
</bind>
</comp>

<comp id="36" class="1001" name="const_36">
<pin_list>
<pin id="37" dir="1" index="0" bw="1" slack="2147483647"/>
</pin_list>
<bind>
<StgValue><ssdm name="_ssdm_op_SpecInterface"/></StgValue>
</bind>
</comp>

<comp id="38" class="1001" name="const_38">
<pin_list>
<pin id="39" dir="1" index="0" bw="1" slack="2147483647"/>
</pin_list>
<bind>
<StgValue><ssdm name="empty_5"/></StgValue>
</bind>
</comp>

<comp id="40" class="1001" name="const_40">
<pin_list>
<pin id="41" dir="1" index="0" bw="1" slack="0"/>
</pin_list>
<bind>
<StgValue><ssdm name=""/></StgValue>
</bind>
</comp>

<comp id="42" class="1001" name="const_42">
<pin_list>
<pin id="43" dir="1" index="0" bw="1" slack="2147483647"/>
</pin_list>
<bind>
<StgValue><ssdm name="empty_9"/></StgValue>
</bind>
</comp>

<comp id="44" class="1001" name="const_44">
<pin_list>
<pin id="45" dir="1" index="0" bw="1" slack="2147483647"/>
</pin_list>
<bind>
<StgValue><ssdm name=""/></StgValue>
</bind>
</comp>

<comp id="46" class="1001" name="const_46">
<pin_list>
<pin id="47" dir="1" index="0" bw="1" slack="0"/>
</pin_list>
<bind>
<StgValue><ssdm name="_ssdm_op_Read.ap_auto.i16"/></StgValue>
</bind>
</comp>

<comp id="48" class="1001" name="const_48">
<pin_list>
<pin id="49" dir="1" index="0" bw="1" slack="0"/>
</pin_list>
<bind>
<StgValue><ssdm name="shift_line_buffer<array<ap_fixed<16, 6, 5, 3, 0>, 1u>, config27>"/></StgValue>
</bind>
</comp>

<comp id="50" class="1001" name="const_50">
<pin_list>
<pin id="51" dir="1" index="0" bw="1" slack="0"/>
</pin_list>
<bind>
<StgValue><ssdm name=""/></StgValue>
</bind>
</comp>

<comp id="52" class="1001" name="const_52">
<pin_list>
<pin id="53" dir="1" index="0" bw="1" slack="0"/>
</pin_list>
<bind>
<StgValue><ssdm name="_ssdm_op_PartSelect.i31.i32.i32.i32"/></StgValue>
</bind>
</comp>

<comp id="54" class="1001" name="const_54">
<pin_list>
<pin id="55" dir="1" index="0" bw="1" slack="0"/>
</pin_list>
<bind>
<StgValue><ssdm name=""/></StgValue>
</bind>
</comp>

<comp id="56" class="1001" name="const_56">
<pin_list>
<pin id="57" dir="1" index="0" bw="1" slack="0"/>
</pin_list>
<bind>
<StgValue><ssdm name=""/></StgValue>
</bind>
</comp>

<comp id="58" class="1001" name="const_58">
<pin_list>
<pin id="59" dir="1" index="0" bw="1" slack="0"/>
</pin_list>
<bind>
<StgValue><ssdm name=""/></StgValue>
</bind>
</comp>

<comp id="60" class="1001" name="const_60">
<pin_list>
<pin id="61" dir="1" index="0" bw="1" slack="0"/>
</pin_list>
<bind>
<StgValue><ssdm name="dense_resource_rf_leq_nin<ap_fixed,ap_fixed<16,6,5,3,0>,config27_mult>"/></StgValue>
</bind>
</comp>

<comp id="62" class="1001" name="const_62">
<pin_list>
<pin id="63" dir="1" index="0" bw="1" slack="0"/>
</pin_list>
<bind>
<StgValue><ssdm name="_ssdm_op_BitConcatenate.i128.i16.i16.i16.i16.i16.i16.i16.i16"/></StgValue>
</bind>
</comp>

<comp id="64" class="1001" name="const_64">
<pin_list>
<pin id="65" dir="1" index="0" bw="1" slack="0"/>
</pin_list>
<bind>
<StgValue><ssdm name="_ssdm_op_Write.ap_fifo.volatile.i128P0A"/></StgValue>
</bind>
</comp>

<comp id="66" class="1001" name="const_66">
<pin_list>
<pin id="67" dir="1" index="0" bw="1" slack="0"/>
</pin_list>
<bind>
<StgValue><ssdm name=""/></StgValue>
</bind>
</comp>

<comp id="68" class="1004" name="in_elem_0_0_0_0_0_val_read_read_fu_68">
<pin_list>
<pin id="69" dir="0" index="0" bw="16" slack="0"/>
<pin id="70" dir="0" index="1" bw="16" slack="0"/>
<pin id="71" dir="1" index="2" bw="16" slack="0"/>
</pin_list>
<bind>
<opcode="read(1150) " fcode="read"/>
<opset="in_elem_0_0_0_0_0_val_read/1 "/>
</bind>
</comp>

<comp id="74" class="1004" name="write_ln299_write_fu_74">
<pin_list>
<pin id="75" dir="0" index="0" bw="0" slack="0"/>
<pin id="76" dir="0" index="1" bw="128" slack="0"/>
<pin id="77" dir="0" index="2" bw="128" slack="0"/>
<pin id="78" dir="1" index="3" bw="0" slack="2147483647"/>
</pin_list>
<bind>
<opcode="write(1151) " fcode="write"/>
<opset="write_ln299/4 "/>
</bind>
</comp>

<comp id="81" class="1005" name="storemerge_reg_81">
<pin_list>
<pin id="82" dir="0" index="0" bw="32" slack="2147483647"/>
<pin id="83" dir="1" index="1" bw="32" slack="2147483647"/>
</pin_list>
<bind>
<opset="storemerge (phireg) "/>
</bind>
</comp>

<comp id="84" class="1004" name="storemerge_phi_fu_84">
<pin_list>
<pin id="85" dir="0" index="0" bw="32" slack="1"/>
<pin id="86" dir="0" index="1" bw="0" slack="2147483647"/>
<pin id="87" dir="0" index="2" bw="1" slack="0"/>
<pin id="88" dir="0" index="3" bw="0" slack="2147483647"/>
<pin id="89" dir="1" index="4" bw="32" slack="0"/>
</pin_list>
<bind>
<opcode="phi(47) " fcode="phi"/>
<opset="storemerge/8 "/>
</bind>
</comp>

<comp id="91" class="1004" name="call_ln281_shift_line_buffer_array_ap_fixed_16_6_5_3_0_1u_config27_s_fu_91">
<pin_list>
<pin id="92" dir="0" index="0" bw="0" slack="0"/>
<pin id="93" dir="0" index="1" bw="16" slack="0"/>
<pin id="94" dir="0" index="2" bw="16" slack="0"/>
<pin id="95" dir="0" index="3" bw="16" slack="0"/>
<pin id="96" dir="0" index="4" bw="16" slack="0"/>
<pin id="97" dir="0" index="5" bw="16" slack="0"/>
<pin id="98" dir="0" index="6" bw="16" slack="0"/>
<pin id="99" dir="0" index="7" bw="16" slack="0"/>
<pin id="100" dir="0" index="8" bw="16" slack="0"/>
<pin id="101" dir="0" index="9" bw="16" slack="0"/>
<pin id="102" dir="0" index="10" bw="16" slack="0"/>
<pin id="103" dir="0" index="11" bw="16" slack="0"/>
<pin id="104" dir="0" index="12" bw="16" slack="0"/>
<pin id="105" dir="1" index="13" bw="0" slack="2147483647"/>
</pin_list>
<bind>
<opcode="call(48) " fcode="call"/>
<opset="call_ln281/1 "/>
</bind>
</comp>

<comp id="119" class="1004" name="grp_dense_resource_rf_leq_nin_ap_fixed_ap_fixed_16_6_5_3_0_config27_mult_s_fu_119">
<pin_list>
<pin id="120" dir="0" index="0" bw="128" slack="0"/>
<pin id="121" dir="0" index="1" bw="123" slack="0"/>
<pin id="122" dir="0" index="2" bw="16" slack="0"/>
<pin id="123" dir="0" index="3" bw="16" slack="0"/>
<pin id="124" dir="0" index="4" bw="16" slack="0"/>
<pin id="125" dir="0" index="5" bw="16" slack="0"/>
<pin id="126" dir="0" index="6" bw="16" slack="0"/>
<pin id="127" dir="0" index="7" bw="16" slack="0"/>
<pin id="128" dir="0" index="8" bw="16" slack="0"/>
<pin id="129" dir="0" index="9" bw="16" slack="0"/>
<pin id="130" dir="0" index="10" bw="16" slack="0"/>
<pin id="131" dir="1" index="11" bw="128" slack="0"/>
</pin_list>
<bind>
<opcode="call(48) " fcode="call"/>
<opset="tmp/2 "/>
</bind>
</comp>

<comp id="143" class="1004" name="sX_3_load_load_fu_143">
<pin_list>
<pin id="144" dir="0" index="0" bw="32" slack="0"/>
<pin id="145" dir="1" index="1" bw="32" slack="0"/>
</pin_list>
<bind>
<opcode="load(27) " fcode="load"/>
<opset="sX_3_load/1 "/>
</bind>
</comp>

<comp id="147" class="1004" name="icmp_ln284_fu_147">
<pin_list>
<pin id="148" dir="0" index="0" bw="32" slack="0"/>
<pin id="149" dir="0" index="1" bw="32" slack="0"/>
<pin id="150" dir="1" index="2" bw="1" slack="3"/>
</pin_list>
<bind>
<opcode="icmp(45) " fcode="icmp"/>
<opset="icmp_ln284/1 "/>
</bind>
</comp>

<comp id="153" class="1004" name="sY_3_load_load_fu_153">
<pin_list>
<pin id="154" dir="0" index="0" bw="32" slack="0"/>
<pin id="155" dir="1" index="1" bw="32" slack="0"/>
</pin_list>
<bind>
<opcode="load(27) " fcode="load"/>
<opset="sY_3_load/1 "/>
</bind>
</comp>

<comp id="157" class="1004" name="pY_3_load_load_fu_157">
<pin_list>
<pin id="158" dir="0" index="0" bw="32" slack="0"/>
<pin id="159" dir="1" index="1" bw="32" slack="2147483647"/>
</pin_list>
<bind>
<opcode="load(27) " fcode="load"/>
<opset="pY_3_load/1 "/>
</bind>
</comp>

<comp id="161" class="1004" name="pX_3_load_load_fu_161">
<pin_list>
<pin id="162" dir="0" index="0" bw="32" slack="0"/>
<pin id="163" dir="1" index="1" bw="32" slack="2147483647"/>
</pin_list>
<bind>
<opcode="load(27) " fcode="load"/>
<opset="pX_3_load/1 "/>
</bind>
</comp>

<comp id="165" class="1004" name="icmp_ln284_1_fu_165">
<pin_list>
<pin id="166" dir="0" index="0" bw="32" slack="0"/>
<pin id="167" dir="0" index="1" bw="32" slack="0"/>
<pin id="168" dir="1" index="2" bw="1" slack="1"/>
</pin_list>
<bind>
<opcode="icmp(45) " fcode="icmp"/>
<opset="icmp_ln284_1/1 "/>
</bind>
</comp>

<comp id="171" class="1004" name="tmp_1_fu_171">
<pin_list>
<pin id="172" dir="0" index="0" bw="31" slack="0"/>
<pin id="173" dir="0" index="1" bw="32" slack="2147483647"/>
<pin id="174" dir="0" index="2" bw="1" slack="0"/>
<pin id="175" dir="0" index="3" bw="6" slack="0"/>
<pin id="176" dir="1" index="4" bw="31" slack="0"/>
</pin_list>
<bind>
<opcode="partselect(1002) " fcode="partselect"/>
<opset="tmp_1/2 "/>
</bind>
</comp>

<comp id="180" class="1004" name="icmp_ln284_2_fu_180">
<pin_list>
<pin id="181" dir="0" index="0" bw="31" slack="0"/>
<pin id="182" dir="0" index="1" bw="31" slack="0"/>
<pin id="183" dir="1" index="2" bw="1" slack="0"/>
</pin_list>
<bind>
<opcode="icmp(45) " fcode="icmp"/>
<opset="icmp_ln284_2/2 "/>
</bind>
</comp>

<comp id="186" class="1004" name="tmp_2_fu_186">
<pin_list>
<pin id="187" dir="0" index="0" bw="31" slack="0"/>
<pin id="188" dir="0" index="1" bw="32" slack="2147483647"/>
<pin id="189" dir="0" index="2" bw="1" slack="0"/>
<pin id="190" dir="0" index="3" bw="6" slack="0"/>
<pin id="191" dir="1" index="4" bw="31" slack="0"/>
</pin_list>
<bind>
<opcode="partselect(1002) " fcode="partselect"/>
<opset="tmp_2/2 "/>
</bind>
</comp>

<comp id="195" class="1004" name="icmp_ln284_3_fu_195">
<pin_list>
<pin id="196" dir="0" index="0" bw="31" slack="0"/>
<pin id="197" dir="0" index="1" bw="31" slack="0"/>
<pin id="198" dir="1" index="2" bw="1" slack="0"/>
</pin_list>
<bind>
<opcode="icmp(45) " fcode="icmp"/>
<opset="icmp_ln284_3/2 "/>
</bind>
</comp>

<comp id="201" class="1004" name="and_ln284_fu_201">
<pin_list>
<pin id="202" dir="0" index="0" bw="1" slack="0"/>
<pin id="203" dir="0" index="1" bw="1" slack="0"/>
<pin id="204" dir="1" index="2" bw="1" slack="0"/>
</pin_list>
<bind>
<opcode="and(23) " fcode="and"/>
<opset="and_ln284/2 "/>
</bind>
</comp>

<comp id="207" class="1004" name="and_ln284_1_fu_207">
<pin_list>
<pin id="208" dir="0" index="0" bw="1" slack="0"/>
<pin id="209" dir="0" index="1" bw="1" slack="1"/>
<pin id="210" dir="1" index="2" bw="1" slack="2"/>
</pin_list>
<bind>
<opcode="and(23) " fcode="and"/>
<opset="and_ln284_1/2 "/>
</bind>
</comp>

<comp id="212" class="1004" name="res_out_fu_212">
<pin_list>
<pin id="213" dir="0" index="0" bw="128" slack="0"/>
<pin id="214" dir="1" index="1" bw="16" slack="1"/>
</pin_list>
<bind>
<opcode="extractvalue(56) " fcode="extractvalue"/>
<opset="res_out/3 "/>
</bind>
</comp>

<comp id="216" class="1004" name="res_out_8_fu_216">
<pin_list>
<pin id="217" dir="0" index="0" bw="128" slack="0"/>
<pin id="218" dir="1" index="1" bw="16" slack="1"/>
</pin_list>
<bind>
<opcode="extractvalue(56) " fcode="extractvalue"/>
<opset="res_out_8/3 "/>
</bind>
</comp>

<comp id="220" class="1004" name="res_out_9_fu_220">
<pin_list>
<pin id="221" dir="0" index="0" bw="128" slack="0"/>
<pin id="222" dir="1" index="1" bw="16" slack="1"/>
</pin_list>
<bind>
<opcode="extractvalue(56) " fcode="extractvalue"/>
<opset="res_out_9/3 "/>
</bind>
</comp>

<comp id="224" class="1004" name="res_out_10_fu_224">
<pin_list>
<pin id="225" dir="0" index="0" bw="128" slack="0"/>
<pin id="226" dir="1" index="1" bw="16" slack="1"/>
</pin_list>
<bind>
<opcode="extractvalue(56) " fcode="extractvalue"/>
<opset="res_out_10/3 "/>
</bind>
</comp>

<comp id="228" class="1004" name="res_out_4_fu_228">
<pin_list>
<pin id="229" dir="0" index="0" bw="128" slack="0"/>
<pin id="230" dir="1" index="1" bw="16" slack="1"/>
</pin_list>
<bind>
<opcode="extractvalue(56) " fcode="extractvalue"/>
<opset="res_out_4/3 "/>
</bind>
</comp>

<comp id="232" class="1004" name="res_out_5_fu_232">
<pin_list>
<pin id="233" dir="0" index="0" bw="128" slack="0"/>
<pin id="234" dir="1" index="1" bw="16" slack="1"/>
</pin_list>
<bind>
<opcode="extractvalue(56) " fcode="extractvalue"/>
<opset="res_out_5/3 "/>
</bind>
</comp>

<comp id="236" class="1004" name="res_out_6_fu_236">
<pin_list>
<pin id="237" dir="0" index="0" bw="128" slack="0"/>
<pin id="238" dir="1" index="1" bw="16" slack="1"/>
</pin_list>
<bind>
<opcode="extractvalue(56) " fcode="extractvalue"/>
<opset="res_out_6/3 "/>
</bind>
</comp>

<comp id="240" class="1004" name="res_out_7_fu_240">
<pin_list>
<pin id="241" dir="0" index="0" bw="128" slack="0"/>
<pin id="242" dir="1" index="1" bw="16" slack="1"/>
</pin_list>
<bind>
<opcode="extractvalue(56) " fcode="extractvalue"/>
<opset="res_out_7/3 "/>
</bind>
</comp>

<comp id="244" class="1004" name="p_0_fu_244">
<pin_list>
<pin id="245" dir="0" index="0" bw="128" slack="0"/>
<pin id="246" dir="0" index="1" bw="16" slack="1"/>
<pin id="247" dir="0" index="2" bw="16" slack="1"/>
<pin id="248" dir="0" index="3" bw="16" slack="1"/>
<pin id="249" dir="0" index="4" bw="16" slack="1"/>
<pin id="250" dir="0" index="5" bw="16" slack="1"/>
<pin id="251" dir="0" index="6" bw="16" slack="1"/>
<pin id="252" dir="0" index="7" bw="16" slack="1"/>
<pin id="253" dir="0" index="8" bw="16" slack="1"/>
<pin id="254" dir="1" index="9" bw="128" slack="0"/>
</pin_list>
<bind>
<opcode="bitconcatenate(1004) " fcode="bitconcatenate"/>
<opset="p_0/4 "/>
</bind>
</comp>

<comp id="257" class="1004" name="add_ln303_fu_257">
<pin_list>
<pin id="258" dir="0" index="0" bw="32" slack="2147483647"/>
<pin id="259" dir="0" index="1" bw="1" slack="0"/>
<pin id="260" dir="1" index="2" bw="32" slack="1"/>
</pin_list>
<bind>
<opcode="add(8) " fcode="add"/>
<opset="add_ln303/4 "/>
</bind>
</comp>

<comp id="262" class="1004" name="icmp_ln303_fu_262">
<pin_list>
<pin id="263" dir="0" index="0" bw="32" slack="1"/>
<pin id="264" dir="0" index="1" bw="32" slack="0"/>
<pin id="265" dir="1" index="2" bw="1" slack="2"/>
</pin_list>
<bind>
<opcode="icmp(45) " fcode="icmp"/>
<opset="icmp_ln303/5 "/>
</bind>
</comp>

<comp id="267" class="1004" name="add_ln318_fu_267">
<pin_list>
<pin id="268" dir="0" index="0" bw="32" slack="2147483647"/>
<pin id="269" dir="0" index="1" bw="1" slack="0"/>
<pin id="270" dir="1" index="2" bw="32" slack="0"/>
</pin_list>
<bind>
<opcode="add(8) " fcode="add"/>
<opset="add_ln318/5 "/>
</bind>
</comp>

<comp id="272" class="1004" name="select_ln318_fu_272">
<pin_list>
<pin id="273" dir="0" index="0" bw="1" slack="4"/>
<pin id="274" dir="0" index="1" bw="32" slack="0"/>
<pin id="275" dir="0" index="2" bw="32" slack="0"/>
<pin id="276" dir="1" index="3" bw="32" slack="1"/>
</pin_list>
<bind>
<opcode="select(49) " fcode="select"/>
<opset="select_ln318/5 "/>
</bind>
</comp>

<comp id="279" class="1004" name="add_ln307_fu_279">
<pin_list>
<pin id="280" dir="0" index="0" bw="32" slack="2147483647"/>
<pin id="281" dir="0" index="1" bw="1" slack="0"/>
<pin id="282" dir="1" index="2" bw="32" slack="1"/>
</pin_list>
<bind>
<opcode="add(8) " fcode="add"/>
<opset="add_ln307/5 "/>
</bind>
</comp>

<comp id="284" class="1004" name="store_ln316_store_fu_284">
<pin_list>
<pin id="285" dir="0" index="0" bw="32" slack="2"/>
<pin id="286" dir="0" index="1" bw="32" slack="0"/>
<pin id="287" dir="1" index="2" bw="0" slack="2147483647"/>
</pin_list>
<bind>
<opcode="store(28) " fcode="store"/>
<opset="store_ln316/6 "/>
</bind>
</comp>

<comp id="289" class="1004" name="store_ln318_store_fu_289">
<pin_list>
<pin id="290" dir="0" index="0" bw="32" slack="1"/>
<pin id="291" dir="0" index="1" bw="32" slack="0"/>
<pin id="292" dir="1" index="2" bw="0" slack="2147483647"/>
</pin_list>
<bind>
<opcode="store(28) " fcode="store"/>
<opset="store_ln318/6 "/>
</bind>
</comp>

<comp id="294" class="1004" name="store_ln305_store_fu_294">
<pin_list>
<pin id="295" dir="0" index="0" bw="1" slack="0"/>
<pin id="296" dir="0" index="1" bw="32" slack="0"/>
<pin id="297" dir="1" index="2" bw="0" slack="2147483647"/>
</pin_list>
<bind>
<opcode="store(28) " fcode="store"/>
<opset="store_ln305/7 "/>
</bind>
</comp>

<comp id="300" class="1004" name="store_ln306_store_fu_300">
<pin_list>
<pin id="301" dir="0" index="0" bw="1" slack="0"/>
<pin id="302" dir="0" index="1" bw="32" slack="0"/>
<pin id="303" dir="1" index="2" bw="0" slack="2147483647"/>
</pin_list>
<bind>
<opcode="store(28) " fcode="store"/>
<opset="store_ln306/7 "/>
</bind>
</comp>

<comp id="306" class="1004" name="icmp_ln307_fu_306">
<pin_list>
<pin id="307" dir="0" index="0" bw="32" slack="1"/>
<pin id="308" dir="0" index="1" bw="32" slack="0"/>
<pin id="309" dir="1" index="2" bw="1" slack="1"/>
</pin_list>
<bind>
<opcode="icmp(45) " fcode="icmp"/>
<opset="icmp_ln307/7 "/>
</bind>
</comp>

<comp id="311" class="1004" name="icmp_ln313_fu_311">
<pin_list>
<pin id="312" dir="0" index="0" bw="32" slack="2147483647"/>
<pin id="313" dir="0" index="1" bw="32" slack="0"/>
<pin id="314" dir="1" index="2" bw="1" slack="0"/>
</pin_list>
<bind>
<opcode="icmp(45) " fcode="icmp"/>
<opset="icmp_ln313/7 "/>
</bind>
</comp>

<comp id="316" class="1004" name="add_ln313_fu_316">
<pin_list>
<pin id="317" dir="0" index="0" bw="32" slack="2147483647"/>
<pin id="318" dir="0" index="1" bw="1" slack="0"/>
<pin id="319" dir="1" index="2" bw="32" slack="0"/>
</pin_list>
<bind>
<opcode="add(8) " fcode="add"/>
<opset="add_ln313/7 "/>
</bind>
</comp>

<comp id="321" class="1004" name="select_ln313_fu_321">
<pin_list>
<pin id="322" dir="0" index="0" bw="1" slack="0"/>
<pin id="323" dir="0" index="1" bw="32" slack="0"/>
<pin id="324" dir="0" index="2" bw="32" slack="0"/>
<pin id="325" dir="1" index="3" bw="32" slack="1"/>
</pin_list>
<bind>
<opcode="select(49) " fcode="select"/>
<opset="select_ln313/7 "/>
</bind>
</comp>

<comp id="329" class="1004" name="store_ln311_store_fu_329">
<pin_list>
<pin id="330" dir="0" index="0" bw="32" slack="2"/>
<pin id="331" dir="0" index="1" bw="32" slack="0"/>
<pin id="332" dir="1" index="2" bw="0" slack="2147483647"/>
</pin_list>
<bind>
<opcode="store(28) " fcode="store"/>
<opset="store_ln311/8 "/>
</bind>
</comp>

<comp id="334" class="1004" name="store_ln308_store_fu_334">
<pin_list>
<pin id="335" dir="0" index="0" bw="1" slack="0"/>
<pin id="336" dir="0" index="1" bw="32" slack="0"/>
<pin id="337" dir="1" index="2" bw="0" slack="2147483647"/>
</pin_list>
<bind>
<opcode="store(28) " fcode="store"/>
<opset="store_ln308/8 "/>
</bind>
</comp>

<comp id="340" class="1004" name="store_ln313_store_fu_340">
<pin_list>
<pin id="341" dir="0" index="0" bw="32" slack="0"/>
<pin id="342" dir="0" index="1" bw="32" slack="0"/>
<pin id="343" dir="1" index="2" bw="0" slack="2147483647"/>
</pin_list>
<bind>
<opcode="store(28) " fcode="store"/>
<opset="store_ln313/8 "/>
</bind>
</comp>

<comp id="349" class="1005" name="icmp_ln284_reg_349">
<pin_list>
<pin id="350" dir="0" index="0" bw="1" slack="3"/>
<pin id="351" dir="1" index="1" bw="1" slack="4"/>
</pin_list>
<bind>
<opset="icmp_ln284 "/>
</bind>
</comp>

<comp id="363" class="1005" name="icmp_ln284_1_reg_363">
<pin_list>
<pin id="364" dir="0" index="0" bw="1" slack="1"/>
<pin id="365" dir="1" index="1" bw="1" slack="1"/>
</pin_list>
<bind>
<opset="icmp_ln284_1 "/>
</bind>
</comp>

<comp id="368" class="1005" name="and_ln284_1_reg_368">
<pin_list>
<pin id="369" dir="0" index="0" bw="1" slack="2"/>
<pin id="370" dir="1" index="1" bw="1" slack="2147483647"/>
</pin_list>
<bind>
<opset="and_ln284_1 "/>
</bind>
</comp>

<comp id="372" class="1005" name="res_out_reg_372">
<pin_list>
<pin id="373" dir="0" index="0" bw="16" slack="1"/>
<pin id="374" dir="1" index="1" bw="16" slack="1"/>
</pin_list>
<bind>
<opset="res_out "/>
</bind>
</comp>

<comp id="377" class="1005" name="res_out_8_reg_377">
<pin_list>
<pin id="378" dir="0" index="0" bw="16" slack="1"/>
<pin id="379" dir="1" index="1" bw="16" slack="1"/>
</pin_list>
<bind>
<opset="res_out_8 "/>
</bind>
</comp>

<comp id="382" class="1005" name="res_out_9_reg_382">
<pin_list>
<pin id="383" dir="0" index="0" bw="16" slack="1"/>
<pin id="384" dir="1" index="1" bw="16" slack="1"/>
</pin_list>
<bind>
<opset="res_out_9 "/>
</bind>
</comp>

<comp id="387" class="1005" name="res_out_10_reg_387">
<pin_list>
<pin id="388" dir="0" index="0" bw="16" slack="1"/>
<pin id="389" dir="1" index="1" bw="16" slack="1"/>
</pin_list>
<bind>
<opset="res_out_10 "/>
</bind>
</comp>

<comp id="392" class="1005" name="res_out_4_reg_392">
<pin_list>
<pin id="393" dir="0" index="0" bw="16" slack="1"/>
<pin id="394" dir="1" index="1" bw="16" slack="1"/>
</pin_list>
<bind>
<opset="res_out_4 "/>
</bind>
</comp>

<comp id="397" class="1005" name="res_out_5_reg_397">
<pin_list>
<pin id="398" dir="0" index="0" bw="16" slack="1"/>
<pin id="399" dir="1" index="1" bw="16" slack="1"/>
</pin_list>
<bind>
<opset="res_out_5 "/>
</bind>
</comp>

<comp id="402" class="1005" name="res_out_6_reg_402">
<pin_list>
<pin id="403" dir="0" index="0" bw="16" slack="1"/>
<pin id="404" dir="1" index="1" bw="16" slack="1"/>
</pin_list>
<bind>
<opset="res_out_6 "/>
</bind>
</comp>

<comp id="407" class="1005" name="res_out_7_reg_407">
<pin_list>
<pin id="408" dir="0" index="0" bw="16" slack="1"/>
<pin id="409" dir="1" index="1" bw="16" slack="1"/>
</pin_list>
<bind>
<opset="res_out_7 "/>
</bind>
</comp>

<comp id="412" class="1005" name="add_ln303_reg_412">
<pin_list>
<pin id="413" dir="0" index="0" bw="32" slack="1"/>
<pin id="414" dir="1" index="1" bw="32" slack="1"/>
</pin_list>
<bind>
<opset="add_ln303 "/>
</bind>
</comp>

<comp id="418" class="1005" name="icmp_ln303_reg_418">
<pin_list>
<pin id="419" dir="0" index="0" bw="1" slack="2"/>
<pin id="420" dir="1" index="1" bw="1" slack="2147483647"/>
</pin_list>
<bind>
<opset="icmp_ln303 "/>
</bind>
</comp>

<comp id="422" class="1005" name="select_ln318_reg_422">
<pin_list>
<pin id="423" dir="0" index="0" bw="32" slack="1"/>
<pin id="424" dir="1" index="1" bw="32" slack="1"/>
</pin_list>
<bind>
<opset="select_ln318 "/>
</bind>
</comp>

<comp id="427" class="1005" name="add_ln307_reg_427">
<pin_list>
<pin id="428" dir="0" index="0" bw="32" slack="1"/>
<pin id="429" dir="1" index="1" bw="32" slack="1"/>
</pin_list>
<bind>
<opset="add_ln307 "/>
</bind>
</comp>

<comp id="433" class="1005" name="icmp_ln307_reg_433">
<pin_list>
<pin id="434" dir="0" index="0" bw="1" slack="1"/>
<pin id="435" dir="1" index="1" bw="1" slack="2147483647"/>
</pin_list>
<bind>
<opset="icmp_ln307 "/>
</bind>
</comp>

<comp id="437" class="1005" name="select_ln313_reg_437">
<pin_list>
<pin id="438" dir="0" index="0" bw="32" slack="1"/>
<pin id="439" dir="1" index="1" bw="32" slack="1"/>
</pin_list>
<bind>
<opset="select_ln313 "/>
</bind>
</comp>

</comp_list>

<net_list>
<net id="72"><net_src comp="46" pin="0"/><net_sink comp="68" pin=0"/></net>

<net id="73"><net_src comp="0" pin="0"/><net_sink comp="68" pin=1"/></net>

<net id="79"><net_src comp="64" pin="0"/><net_sink comp="74" pin=0"/></net>

<net id="80"><net_src comp="2" pin="0"/><net_sink comp="74" pin=1"/></net>

<net id="90"><net_src comp="40" pin="0"/><net_sink comp="84" pin=2"/></net>

<net id="106"><net_src comp="48" pin="0"/><net_sink comp="91" pin=0"/></net>

<net id="107"><net_src comp="68" pin="2"/><net_sink comp="91" pin=1"/></net>

<net id="108"><net_src comp="4" pin="0"/><net_sink comp="91" pin=2"/></net>

<net id="109"><net_src comp="6" pin="0"/><net_sink comp="91" pin=3"/></net>

<net id="110"><net_src comp="8" pin="0"/><net_sink comp="91" pin=4"/></net>

<net id="111"><net_src comp="10" pin="0"/><net_sink comp="91" pin=5"/></net>

<net id="112"><net_src comp="12" pin="0"/><net_sink comp="91" pin=6"/></net>

<net id="113"><net_src comp="14" pin="0"/><net_sink comp="91" pin=7"/></net>

<net id="114"><net_src comp="16" pin="0"/><net_sink comp="91" pin=8"/></net>

<net id="115"><net_src comp="18" pin="0"/><net_sink comp="91" pin=9"/></net>

<net id="116"><net_src comp="20" pin="0"/><net_sink comp="91" pin=10"/></net>

<net id="117"><net_src comp="22" pin="0"/><net_sink comp="91" pin=11"/></net>

<net id="118"><net_src comp="24" pin="0"/><net_sink comp="91" pin=12"/></net>

<net id="132"><net_src comp="60" pin="0"/><net_sink comp="119" pin=0"/></net>

<net id="133"><net_src comp="34" pin="0"/><net_sink comp="119" pin=1"/></net>

<net id="134"><net_src comp="6" pin="0"/><net_sink comp="119" pin=2"/></net>

<net id="135"><net_src comp="4" pin="0"/><net_sink comp="119" pin=3"/></net>

<net id="136"><net_src comp="16" pin="0"/><net_sink comp="119" pin=4"/></net>

<net id="137"><net_src comp="10" pin="0"/><net_sink comp="119" pin=5"/></net>

<net id="138"><net_src comp="8" pin="0"/><net_sink comp="119" pin=6"/></net>

<net id="139"><net_src comp="18" pin="0"/><net_sink comp="119" pin=7"/></net>

<net id="140"><net_src comp="14" pin="0"/><net_sink comp="119" pin=8"/></net>

<net id="141"><net_src comp="12" pin="0"/><net_sink comp="119" pin=9"/></net>

<net id="142"><net_src comp="20" pin="0"/><net_sink comp="119" pin=10"/></net>

<net id="146"><net_src comp="26" pin="0"/><net_sink comp="143" pin=0"/></net>

<net id="151"><net_src comp="143" pin="1"/><net_sink comp="147" pin=0"/></net>

<net id="152"><net_src comp="50" pin="0"/><net_sink comp="147" pin=1"/></net>

<net id="156"><net_src comp="28" pin="0"/><net_sink comp="153" pin=0"/></net>

<net id="160"><net_src comp="30" pin="0"/><net_sink comp="157" pin=0"/></net>

<net id="164"><net_src comp="32" pin="0"/><net_sink comp="161" pin=0"/></net>

<net id="169"><net_src comp="153" pin="1"/><net_sink comp="165" pin=0"/></net>

<net id="170"><net_src comp="50" pin="0"/><net_sink comp="165" pin=1"/></net>

<net id="177"><net_src comp="52" pin="0"/><net_sink comp="171" pin=0"/></net>

<net id="178"><net_src comp="54" pin="0"/><net_sink comp="171" pin=2"/></net>

<net id="179"><net_src comp="56" pin="0"/><net_sink comp="171" pin=3"/></net>

<net id="184"><net_src comp="171" pin="4"/><net_sink comp="180" pin=0"/></net>

<net id="185"><net_src comp="58" pin="0"/><net_sink comp="180" pin=1"/></net>

<net id="192"><net_src comp="52" pin="0"/><net_sink comp="186" pin=0"/></net>

<net id="193"><net_src comp="54" pin="0"/><net_sink comp="186" pin=2"/></net>

<net id="194"><net_src comp="56" pin="0"/><net_sink comp="186" pin=3"/></net>

<net id="199"><net_src comp="186" pin="4"/><net_sink comp="195" pin=0"/></net>

<net id="200"><net_src comp="58" pin="0"/><net_sink comp="195" pin=1"/></net>

<net id="205"><net_src comp="180" pin="2"/><net_sink comp="201" pin=0"/></net>

<net id="206"><net_src comp="195" pin="2"/><net_sink comp="201" pin=1"/></net>

<net id="211"><net_src comp="201" pin="2"/><net_sink comp="207" pin=0"/></net>

<net id="215"><net_src comp="119" pin="11"/><net_sink comp="212" pin=0"/></net>

<net id="219"><net_src comp="119" pin="11"/><net_sink comp="216" pin=0"/></net>

<net id="223"><net_src comp="119" pin="11"/><net_sink comp="220" pin=0"/></net>

<net id="227"><net_src comp="119" pin="11"/><net_sink comp="224" pin=0"/></net>

<net id="231"><net_src comp="119" pin="11"/><net_sink comp="228" pin=0"/></net>

<net id="235"><net_src comp="119" pin="11"/><net_sink comp="232" pin=0"/></net>

<net id="239"><net_src comp="119" pin="11"/><net_sink comp="236" pin=0"/></net>

<net id="243"><net_src comp="119" pin="11"/><net_sink comp="240" pin=0"/></net>

<net id="255"><net_src comp="62" pin="0"/><net_sink comp="244" pin=0"/></net>

<net id="256"><net_src comp="244" pin="9"/><net_sink comp="74" pin=2"/></net>

<net id="261"><net_src comp="54" pin="0"/><net_sink comp="257" pin=1"/></net>

<net id="266"><net_src comp="66" pin="0"/><net_sink comp="262" pin=1"/></net>

<net id="271"><net_src comp="54" pin="0"/><net_sink comp="267" pin=1"/></net>

<net id="277"><net_src comp="50" pin="0"/><net_sink comp="272" pin=1"/></net>

<net id="278"><net_src comp="267" pin="2"/><net_sink comp="272" pin=2"/></net>

<net id="283"><net_src comp="54" pin="0"/><net_sink comp="279" pin=1"/></net>

<net id="288"><net_src comp="32" pin="0"/><net_sink comp="284" pin=1"/></net>

<net id="293"><net_src comp="26" pin="0"/><net_sink comp="289" pin=1"/></net>

<net id="298"><net_src comp="40" pin="0"/><net_sink comp="294" pin=0"/></net>

<net id="299"><net_src comp="32" pin="0"/><net_sink comp="294" pin=1"/></net>

<net id="304"><net_src comp="40" pin="0"/><net_sink comp="300" pin=0"/></net>

<net id="305"><net_src comp="26" pin="0"/><net_sink comp="300" pin=1"/></net>

<net id="310"><net_src comp="66" pin="0"/><net_sink comp="306" pin=1"/></net>

<net id="315"><net_src comp="50" pin="0"/><net_sink comp="311" pin=1"/></net>

<net id="320"><net_src comp="54" pin="0"/><net_sink comp="316" pin=1"/></net>

<net id="326"><net_src comp="311" pin="2"/><net_sink comp="321" pin=0"/></net>

<net id="327"><net_src comp="50" pin="0"/><net_sink comp="321" pin=1"/></net>

<net id="328"><net_src comp="316" pin="2"/><net_sink comp="321" pin=2"/></net>

<net id="333"><net_src comp="30" pin="0"/><net_sink comp="329" pin=1"/></net>

<net id="338"><net_src comp="40" pin="0"/><net_sink comp="334" pin=0"/></net>

<net id="339"><net_src comp="30" pin="0"/><net_sink comp="334" pin=1"/></net>

<net id="344"><net_src comp="84" pin="4"/><net_sink comp="340" pin=0"/></net>

<net id="345"><net_src comp="28" pin="0"/><net_sink comp="340" pin=1"/></net>

<net id="352"><net_src comp="147" pin="2"/><net_sink comp="349" pin=0"/></net>

<net id="353"><net_src comp="349" pin="1"/><net_sink comp="272" pin=0"/></net>

<net id="366"><net_src comp="165" pin="2"/><net_sink comp="363" pin=0"/></net>

<net id="367"><net_src comp="363" pin="1"/><net_sink comp="207" pin=1"/></net>

<net id="371"><net_src comp="207" pin="2"/><net_sink comp="368" pin=0"/></net>

<net id="375"><net_src comp="212" pin="1"/><net_sink comp="372" pin=0"/></net>

<net id="376"><net_src comp="372" pin="1"/><net_sink comp="244" pin=8"/></net>

<net id="380"><net_src comp="216" pin="1"/><net_sink comp="377" pin=0"/></net>

<net id="381"><net_src comp="377" pin="1"/><net_sink comp="244" pin=7"/></net>

<net id="385"><net_src comp="220" pin="1"/><net_sink comp="382" pin=0"/></net>

<net id="386"><net_src comp="382" pin="1"/><net_sink comp="244" pin=6"/></net>

<net id="390"><net_src comp="224" pin="1"/><net_sink comp="387" pin=0"/></net>

<net id="391"><net_src comp="387" pin="1"/><net_sink comp="244" pin=5"/></net>

<net id="395"><net_src comp="228" pin="1"/><net_sink comp="392" pin=0"/></net>

<net id="396"><net_src comp="392" pin="1"/><net_sink comp="244" pin=4"/></net>

<net id="400"><net_src comp="232" pin="1"/><net_sink comp="397" pin=0"/></net>

<net id="401"><net_src comp="397" pin="1"/><net_sink comp="244" pin=3"/></net>

<net id="405"><net_src comp="236" pin="1"/><net_sink comp="402" pin=0"/></net>

<net id="406"><net_src comp="402" pin="1"/><net_sink comp="244" pin=2"/></net>

<net id="410"><net_src comp="240" pin="1"/><net_sink comp="407" pin=0"/></net>

<net id="411"><net_src comp="407" pin="1"/><net_sink comp="244" pin=1"/></net>

<net id="415"><net_src comp="257" pin="2"/><net_sink comp="412" pin=0"/></net>

<net id="416"><net_src comp="412" pin="1"/><net_sink comp="262" pin=0"/></net>

<net id="417"><net_src comp="412" pin="1"/><net_sink comp="284" pin=0"/></net>

<net id="421"><net_src comp="262" pin="2"/><net_sink comp="418" pin=0"/></net>

<net id="425"><net_src comp="272" pin="3"/><net_sink comp="422" pin=0"/></net>

<net id="426"><net_src comp="422" pin="1"/><net_sink comp="289" pin=0"/></net>

<net id="430"><net_src comp="279" pin="2"/><net_sink comp="427" pin=0"/></net>

<net id="431"><net_src comp="427" pin="1"/><net_sink comp="306" pin=0"/></net>

<net id="432"><net_src comp="427" pin="1"/><net_sink comp="329" pin=0"/></net>

<net id="436"><net_src comp="306" pin="2"/><net_sink comp="433" pin=0"/></net>

<net id="440"><net_src comp="321" pin="3"/><net_sink comp="437" pin=0"/></net>

<net id="441"><net_src comp="437" pin="1"/><net_sink comp="84" pin=0"/></net>

</net_list>

</model> 
---------------- Datapath Model END ------------------

* FSMD analyzer results:
  - Output states:
	Port: layer27_out | {4 }
	Port: void_compute_output_buffer_2d_array_const_ap_shift_reg_n_chan_stream_weig_17 | {1 }
	Port: void_compute_output_buffer_2d_array_const_ap_shift_reg_n_chan_stream_weig_18 | {1 }
	Port: void_compute_output_buffer_2d_array_const_ap_shift_reg_n_chan_stream_weig_14 | {1 }
	Port: void_compute_output_buffer_2d_array_const_ap_shift_reg_n_chan_stream_weig_15 | {1 }
	Port: void_compute_output_buffer_2d_array_const_ap_shift_reg_n_chan_stream_weig_11 | {1 }
	Port: void_compute_output_buffer_2d_array_const_ap_shift_reg_n_chan_stream_weig_12 | {1 }
	Port: void_compute_output_buffer_2d_array_const_ap_shift_reg_n_chan_stream_weig_16 | {1 }
	Port: void_compute_output_buffer_2d_array_const_ap_shift_reg_n_chan_stream_weig_13 | {1 }
	Port: void_compute_output_buffer_2d_array_const_ap_shift_reg_n_chan_stream_weig_10 | {1 }
	Port: void_conv_2d_buffer_resource_cl_stream_stream_weight_t_bias_t_line_buffer_1 | {1 }
	Port: void_conv_2d_buffer_resource_cl_stream_stream_weight_t_bias_t_line_buffer | {1 }
	Port: sX_3 | {6 7 }
	Port: sY_3 | {8 }
	Port: pY_3 | {8 }
	Port: pX_3 | {6 7 }
	Port: w27 | {}
 - Input state : 
	Port: compute_output_buffer_2d<array,array<ap_fixed<16,6,5,3,0>,8u>,config27> : in_elem_0_0_0_0_0_val | {1 }
	Port: compute_output_buffer_2d<array,array<ap_fixed<16,6,5,3,0>,8u>,config27> : layer27_out | {}
	Port: compute_output_buffer_2d<array,array<ap_fixed<16,6,5,3,0>,8u>,config27> : void_compute_output_buffer_2d_array_const_ap_shift_reg_n_chan_stream_weig_17 | {1 2 3 }
	Port: compute_output_buffer_2d<array,array<ap_fixed<16,6,5,3,0>,8u>,config27> : void_compute_output_buffer_2d_array_const_ap_shift_reg_n_chan_stream_weig_18 | {2 3 }
	Port: compute_output_buffer_2d<array,array<ap_fixed<16,6,5,3,0>,8u>,config27> : void_compute_output_buffer_2d_array_const_ap_shift_reg_n_chan_stream_weig_14 | {1 2 3 }
	Port: compute_output_buffer_2d<array,array<ap_fixed<16,6,5,3,0>,8u>,config27> : void_compute_output_buffer_2d_array_const_ap_shift_reg_n_chan_stream_weig_15 | {2 3 }
	Port: compute_output_buffer_2d<array,array<ap_fixed<16,6,5,3,0>,8u>,config27> : void_compute_output_buffer_2d_array_const_ap_shift_reg_n_chan_stream_weig_11 | {1 2 3 }
	Port: compute_output_buffer_2d<array,array<ap_fixed<16,6,5,3,0>,8u>,config27> : void_compute_output_buffer_2d_array_const_ap_shift_reg_n_chan_stream_weig_12 | {2 3 }
	Port: compute_output_buffer_2d<array,array<ap_fixed<16,6,5,3,0>,8u>,config27> : void_compute_output_buffer_2d_array_const_ap_shift_reg_n_chan_stream_weig_16 | {1 2 3 }
	Port: compute_output_buffer_2d<array,array<ap_fixed<16,6,5,3,0>,8u>,config27> : void_compute_output_buffer_2d_array_const_ap_shift_reg_n_chan_stream_weig_13 | {1 2 3 }
	Port: compute_output_buffer_2d<array,array<ap_fixed<16,6,5,3,0>,8u>,config27> : void_compute_output_buffer_2d_array_const_ap_shift_reg_n_chan_stream_weig_10 | {1 2 3 }
	Port: compute_output_buffer_2d<array,array<ap_fixed<16,6,5,3,0>,8u>,config27> : void_conv_2d_buffer_resource_cl_stream_stream_weight_t_bias_t_line_buffer_1 | {1 }
	Port: compute_output_buffer_2d<array,array<ap_fixed<16,6,5,3,0>,8u>,config27> : void_conv_2d_buffer_resource_cl_stream_stream_weight_t_bias_t_line_buffer | {1 }
	Port: compute_output_buffer_2d<array,array<ap_fixed<16,6,5,3,0>,8u>,config27> : sX_3 | {1 }
	Port: compute_output_buffer_2d<array,array<ap_fixed<16,6,5,3,0>,8u>,config27> : sY_3 | {1 }
	Port: compute_output_buffer_2d<array,array<ap_fixed<16,6,5,3,0>,8u>,config27> : pY_3 | {1 }
	Port: compute_output_buffer_2d<array,array<ap_fixed<16,6,5,3,0>,8u>,config27> : pX_3 | {1 }
	Port: compute_output_buffer_2d<array,array<ap_fixed<16,6,5,3,0>,8u>,config27> : w27 | {2 3 }
  - Chain level:
	State 1
		icmp_ln284 : 1
		br_ln284 : 2
		icmp_ln284_1 : 1
	State 2
		icmp_ln284_2 : 1
		icmp_ln284_3 : 1
		and_ln284 : 2
		and_ln284_1 : 2
		br_ln284 : 2
	State 3
		res_out : 1
		res_out_8 : 1
		res_out_9 : 1
		res_out_10 : 1
		res_out_4 : 1
		res_out_5 : 1
		res_out_6 : 1
		res_out_7 : 1
	State 4
		write_ln299 : 1
	State 5
		br_ln303 : 1
		select_ln318 : 1
	State 6
	State 7
		br_ln307 : 1
		select_ln313 : 1
	State 8
		storemerge : 1
		store_ln313 : 2


============================================================
+ Verbose Summary: Datapath Resource usage 
============================================================

* Functional unit list:
|----------|-----------------------------------------------------------------------------------|---------|---------|---------|---------|
| Operation|                                  Functional Unit                                  |   DSP   |  Delay  |    FF   |   LUT   |
|----------|-----------------------------------------------------------------------------------|---------|---------|---------|---------|
|   call   |     call_ln281_shift_line_buffer_array_ap_fixed_16_6_5_3_0_1u_config27_s_fu_91    |    0    |    0    |    0    |    0    |
|          | grp_dense_resource_rf_leq_nin_ap_fixed_ap_fixed_16_6_5_3_0_config27_mult_s_fu_119 |    8    |  30.59  |   1595  |   434   |
|----------|-----------------------------------------------------------------------------------|---------|---------|---------|---------|
|          |                                 icmp_ln284_fu_147                                 |    0    |    0    |    0    |    39   |
|          |                                icmp_ln284_1_fu_165                                |    0    |    0    |    0    |    39   |
|          |                                icmp_ln284_2_fu_180                                |    0    |    0    |    0    |    38   |
|   icmp   |                                icmp_ln284_3_fu_195                                |    0    |    0    |    0    |    38   |
|          |                                 icmp_ln303_fu_262                                 |    0    |    0    |    0    |    39   |
|          |                                 icmp_ln307_fu_306                                 |    0    |    0    |    0    |    39   |
|          |                                 icmp_ln313_fu_311                                 |    0    |    0    |    0    |    39   |
|----------|-----------------------------------------------------------------------------------|---------|---------|---------|---------|
|          |                                  add_ln303_fu_257                                 |    0    |    0    |    0    |    39   |
|    add   |                                  add_ln318_fu_267                                 |    0    |    0    |    0    |    39   |
|          |                                  add_ln307_fu_279                                 |    0    |    0    |    0    |    39   |
|          |                                  add_ln313_fu_316                                 |    0    |    0    |    0    |    39   |
|----------|-----------------------------------------------------------------------------------|---------|---------|---------|---------|
|  select  |                                select_ln318_fu_272                                |    0    |    0    |    0    |    32   |
|          |                                select_ln313_fu_321                                |    0    |    0    |    0    |    32   |
|----------|-----------------------------------------------------------------------------------|---------|---------|---------|---------|
|    and   |                                  and_ln284_fu_201                                 |    0    |    0    |    0    |    2    |
|          |                                 and_ln284_1_fu_207                                |    0    |    0    |    0    |    2    |
|----------|-----------------------------------------------------------------------------------|---------|---------|---------|---------|
|   read   |                       in_elem_0_0_0_0_0_val_read_read_fu_68                       |    0    |    0    |    0    |    0    |
|----------|-----------------------------------------------------------------------------------|---------|---------|---------|---------|
|   write  |                              write_ln299_write_fu_74                              |    0    |    0    |    0    |    0    |
|----------|-----------------------------------------------------------------------------------|---------|---------|---------|---------|
|partselect|                                    tmp_1_fu_171                                   |    0    |    0    |    0    |    0    |
|          |                                    tmp_2_fu_186                                   |    0    |    0    |    0    |    0    |
|----------|-----------------------------------------------------------------------------------|---------|---------|---------|---------|
|          |                                   res_out_fu_212                                  |    0    |    0    |    0    |    0    |
|          |                                  res_out_8_fu_216                                 |    0    |    0    |    0    |    0    |
|          |                                  res_out_9_fu_220                                 |    0    |    0    |    0    |    0    |
|extractvalue|                                 res_out_10_fu_224                                 |    0    |    0    |    0    |    0    |
|          |                                  res_out_4_fu_228                                 |    0    |    0    |    0    |    0    |
|          |                                  res_out_5_fu_232                                 |    0    |    0    |    0    |    0    |
|          |                                  res_out_6_fu_236                                 |    0    |    0    |    0    |    0    |
|          |                                  res_out_7_fu_240                                 |    0    |    0    |    0    |    0    |
|----------|-----------------------------------------------------------------------------------|---------|---------|---------|---------|
|bitconcatenate|                                     p_0_fu_244                                    |    0    |    0    |    0    |    0    |
|----------|-----------------------------------------------------------------------------------|---------|---------|---------|---------|
|   Total  |                                                                                   |    8    |  30.59  |   1595  |   929   |
|----------|-----------------------------------------------------------------------------------|---------|---------|---------|---------|

Memories:
N/A

* Register list:
+--------------------+--------+
|                    |   FF   |
+--------------------+--------+
|  add_ln303_reg_412 |   32   |
|  add_ln307_reg_427 |   32   |
| and_ln284_1_reg_368|    1   |
|icmp_ln284_1_reg_363|    1   |
| icmp_ln284_reg_349 |    1   |
| icmp_ln303_reg_418 |    1   |
| icmp_ln307_reg_433 |    1   |
| res_out_10_reg_387 |   16   |
|  res_out_4_reg_392 |   16   |
|  res_out_5_reg_397 |   16   |
|  res_out_6_reg_402 |   16   |
|  res_out_7_reg_407 |   16   |
|  res_out_8_reg_377 |   16   |
|  res_out_9_reg_382 |   16   |
|   res_out_reg_372  |   16   |
|select_ln313_reg_437|   32   |
|select_ln318_reg_422|   32   |
|  storemerge_reg_81 |   32   |
+--------------------+--------+
|        Total       |   293  |
+--------------------+--------+

* Multiplexer (MUX) list: 
|--------|------|------|------|--------|
|  Comp  |  Pin | Size |  BW  | S x BW |
|--------|------|------|------|--------|
|  Total |      |      |      |    0   |
|--------|------|------|------|--------|



* Summary:
+-----------+--------+--------+--------+--------+
|           |   DSP  |  Delay |   FF   |   LUT  |
+-----------+--------+--------+--------+--------+
|  Function |    8   |   30   |  1595  |   929  |
|   Memory  |    -   |    -   |    -   |    -   |
|Multiplexer|    -   |    -   |    -   |    -   |
|  Register |    -   |    -   |   293  |    -   |
+-----------+--------+--------+--------+--------+
|   Total   |    8   |   30   |  1888  |   929  |
+-----------+--------+--------+--------+--------+
