

================================================================
== Vitis HLS Report for 'dense_resource_rf_leq_nin_ap_fixed_ap_fixed_16_6_5_3_0_config27_mult_s'
================================================================
* Date:           Tue Oct  6 08:53:46 2026

* Version:        2026.1 (Build 6493734 on Jun 16 2026)
* Project:        myproject_prj
* Solution:       solution1
* Product family: artix7
* Target device:  xc7a35t-ftg256-1


================================================================
== Performance Estimates
================================================================
+ Timing: 
    * Summary: 
    +--------+---------+----------+------------+
    |  Clock |  Target | Estimated| Uncertainty|
    +--------+---------+----------+------------+
    |ap_clk  |  5.00 ns|  3.352 ns|     1.35 ns|
    +--------+---------+----------+------------+

+ Latency: 
    * Summary: 
    +---------+---------+-----------+-----------+-----+-----+------------------------------------+
    |  Latency (cycles) |   Latency (absolute)  |  Interval |              Pipeline              |
    |   min   |   max   |    min    |    max    | min | max |                Type                |
    +---------+---------+-----------+-----------+-----+-----+------------------------------------+
    |       12|       13|  60.000 ns|  65.000 ns|    9|    9|  loop rewind stp (delay=0 cycle(s))|
    +---------+---------+-----------+-----------+-----+-----+------------------------------------+

    + Detail: 
        * Instance: 
        N/A

        * Loop: 
        +-------------+---------+---------+----------+-----------+-----------+------+----------+
        |             |  Latency (cycles) | Iteration|  Initiation Interval  | Trip |          |
        |  Loop Name  |   min   |   max   |  Latency |  achieved |   target  | Count| Pipelined|
        +-------------+---------+---------+----------+-----------+-----------+------+----------+
        |- ReuseLoop  |       12|       12|         5|          1|          1|     9|       yes|
        +-------------+---------+---------+----------+-----------+-----------+------+----------+

============================================================
+ Verbose Summary: Synthesis Manager
============================================================
InlineROM: 1
ExposeGlobal: 0
============================================================
+ Verbose Summary: CDFG Model
============================================================
IsTopModel: 0
ResetActiveHigh: 1
IsCombinational: 0
IsDatapathOnly: 0
HasWiredReturn: 1
HasMFsm: 2
HasVarLatency: 1
IsPipeline: 0
IsRtlPipelined: 0
IsInstanceOverlapped: 0
IsDontTouch: 0
HasImplIP: 0
IsGatedGlobalClock: 0

+ Individual pipeline summary: 
  * Pipeline-0: initiation interval (II) = 1, depth = 5


============================================================
+ Verbose Summary: Schedule
============================================================
* Number of FSM states : 6
* Pipeline : 1
  Pipeline-0 : II = 1, D = 5, States = { 2 3 4 5 6 }
* Dataflow Pipeline: 0

* FSM state transitions: 
1 --> 2 
2 --> 3 
3 --> 4 
4 --> 5 
5 --> 6 
6 --> 2 

* FSM state operations: 

State 1 <SV = 0> <Delay = 1.61>
ST_1 : Operation 7 [1/1] (1.61ns)   --->   "%br_ln46 = br void %rewind_header" [firmware/nnet_utils/nnet_dense_resource.h:46]   --->   Operation 7 'br' 'br_ln46' <Predicate = true> <Delay = 1.61>

State 2 <SV = 1> <Delay = 3.25>
ST_2 : Operation 8 [1/1] (0.00ns)   --->   "%do_init = phi i1 1, void %entry, i1 0, void %MultLoop.split.i, i1 1, void %dense_resource_rf_leq_nin<ap_fixed<16, 6, 5, 3, 0>, ap_fixed<16, 6, 5, 3, 0>, config27_mult>.exit"   --->   Operation 8 'phi' 'do_init' <Predicate = true> <Delay = 0.00>
ST_2 : Operation 9 [1/1] (0.00ns)   --->   "%ir = phi i4 0, void %entry, i4 %w_index, void %MultLoop.split.i, i4 0, void %dense_resource_rf_leq_nin<ap_fixed<16, 6, 5, 3, 0>, ap_fixed<16, 6, 5, 3, 0>, config27_mult>.exit"   --->   Operation 9 'phi' 'ir' <Predicate = true> <Delay = 0.00>
ST_2 : Operation 10 [1/1] (1.61ns)   --->   "%br_ln0 = br i1 %do_init, void %MultLoop.split.i, void %rewind_init"   --->   Operation 10 'br' 'br_ln0' <Predicate = true> <Delay = 1.61>
ST_2 : Operation 11 [1/1] (1.61ns)   --->   "%br_ln46 = br void %MultLoop.split.i" [firmware/nnet_utils/nnet_dense_resource.h:46]   --->   Operation 11 'br' 'br_ln46' <Predicate = (do_init)> <Delay = 1.61>
ST_2 : Operation 12 [1/1] (0.00ns)   --->   "%zext_ln46 = zext i4 %ir" [firmware/nnet_utils/nnet_dense_resource.h:46]   --->   Operation 12 'zext' 'zext_ln46' <Predicate = true> <Delay = 0.00>
ST_2 : Operation 13 [1/1] (0.00ns)   --->   "%w27_addr = getelementptr i123 %w27, i64 0, i64 %zext_ln46" [firmware/nnet_utils/nnet_dense_resource.h:59]   --->   Operation 13 'getelementptr' 'w27_addr' <Predicate = true> <Delay = 0.00>
ST_2 : Operation 14 [2/2] (3.25ns)   --->   "%w27_load = load i4 %w27_addr" [firmware/nnet_utils/nnet_dense_resource.h:59]   --->   Operation 14 'load' 'w27_load' <Predicate = true> <Delay = 3.25> <CoreInst = "ROM_nP_BRAM">   --->   Core 102 'ROM_nP_BRAM' <Latency = 1> <II = 1> <Delay = 3.25> <Storage> <Opcode : 'load'> <Ports = 0> <Width = 123> <Depth = 9> <ROM>
ST_2 : Operation 15 [1/1] (1.77ns)   --->   "%w_index = add i4 %ir, i4 1" [firmware/nnet_utils/nnet_dense_resource.h:46]   --->   Operation 15 'add' 'w_index' <Predicate = true> <Delay = 1.77> <CoreInst = "Adder">   --->   Core 1 'Adder' <Latency = 0> <II = 1> <Delay = 1.77> <FuncUnit> <Opcode : 'add' 'sub'> <InPorts = 2> <OutPorts = 1>
ST_2 : Operation 16 [1/1] (1.77ns)   --->   "%icmp_ln46 = icmp_eq  i4 %ir, i4 8" [firmware/nnet_utils/nnet_dense_resource.h:46]   --->   Operation 16 'icmp' 'icmp_ln46' <Predicate = true> <Delay = 1.77> <CoreInst = "Cmp">   --->   Core 9 'Cmp' <Latency = 0> <II = 1> <Delay = 1.77> <FuncUnit> <Opcode : 'seteq' 'setne' 'setle' 'setge' 'setlt' 'setgt'> <InPorts = 2> <OutPorts = 1>
ST_2 : Operation 17 [1/1] (0.00ns)   --->   "%br_ln46 = br i1 %icmp_ln46, void %rewind_header, void %dense_resource_rf_leq_nin<ap_fixed<16, 6, 5, 3, 0>, ap_fixed<16, 6, 5, 3, 0>, config27_mult>.exit" [firmware/nnet_utils/nnet_dense_resource.h:46]   --->   Operation 17 'br' 'br_ln46' <Predicate = true> <Delay = 0.00>
ST_2 : Operation 18 [1/1] (0.00ns)   --->   "%br_ln0 = br void %rewind_header"   --->   Operation 18 'br' 'br_ln0' <Predicate = (icmp_ln46)> <Delay = 0.00>

State 3 <SV = 2> <Delay = 3.25>
ST_3 : Operation 19 [1/1] (0.00ns)   --->   "%void_compute_output_buffer_2d_array_const_ap_shift_reg_n_chan_stream_weig_45 = phi i16 0, void %entry, i16 %void_compute_output_buffer_2d_array_const_ap_shift_reg_n_chan_stream_weig_27, void %MultLoop.split.i, i16 0, void %dense_resource_rf_leq_nin<ap_fixed<16, 6, 5, 3, 0>, ap_fixed<16, 6, 5, 3, 0>, config27_mult>.exit"   --->   Operation 19 'phi' 'void_compute_output_buffer_2d_array_const_ap_shift_reg_n_chan_stream_weig_45' <Predicate = true> <Delay = 0.00>
ST_3 : Operation 20 [1/1] (0.00ns)   --->   "%void_compute_output_buffer_2d_array_const_ap_shift_reg_n_chan_stream_weig_46 = phi i16 0, void %entry, i16 %void_compute_output_buffer_2d_array_const_ap_shift_reg_n_chan_stream_weig_28, void %MultLoop.split.i, i16 0, void %dense_resource_rf_leq_nin<ap_fixed<16, 6, 5, 3, 0>, ap_fixed<16, 6, 5, 3, 0>, config27_mult>.exit"   --->   Operation 20 'phi' 'void_compute_output_buffer_2d_array_const_ap_shift_reg_n_chan_stream_weig_46' <Predicate = true> <Delay = 0.00>
ST_3 : Operation 21 [1/1] (0.00ns)   --->   "%void_compute_output_buffer_2d_array_const_ap_shift_reg_n_chan_stream_weig_47 = phi i16 0, void %entry, i16 %void_compute_output_buffer_2d_array_const_ap_shift_reg_n_chan_stream_weig_29, void %MultLoop.split.i, i16 0, void %dense_resource_rf_leq_nin<ap_fixed<16, 6, 5, 3, 0>, ap_fixed<16, 6, 5, 3, 0>, config27_mult>.exit"   --->   Operation 21 'phi' 'void_compute_output_buffer_2d_array_const_ap_shift_reg_n_chan_stream_weig_47' <Predicate = true> <Delay = 0.00>
ST_3 : Operation 22 [1/1] (0.00ns)   --->   "%void_compute_output_buffer_2d_array_const_ap_shift_reg_n_chan_stream_weig_48 = phi i16 0, void %entry, i16 %void_compute_output_buffer_2d_array_const_ap_shift_reg_n_chan_stream_weig_30, void %MultLoop.split.i, i16 0, void %dense_resource_rf_leq_nin<ap_fixed<16, 6, 5, 3, 0>, ap_fixed<16, 6, 5, 3, 0>, config27_mult>.exit"   --->   Operation 22 'phi' 'void_compute_output_buffer_2d_array_const_ap_shift_reg_n_chan_stream_weig_48' <Predicate = true> <Delay = 0.00>
ST_3 : Operation 23 [1/1] (0.00ns)   --->   "%void_compute_output_buffer_2d_array_const_ap_shift_reg_n_chan_stream_weig_49 = phi i16 0, void %entry, i16 %void_compute_output_buffer_2d_array_const_ap_shift_reg_n_chan_stream_weig_31, void %MultLoop.split.i, i16 0, void %dense_resource_rf_leq_nin<ap_fixed<16, 6, 5, 3, 0>, ap_fixed<16, 6, 5, 3, 0>, config27_mult>.exit"   --->   Operation 23 'phi' 'void_compute_output_buffer_2d_array_const_ap_shift_reg_n_chan_stream_weig_49' <Predicate = true> <Delay = 0.00>
ST_3 : Operation 24 [1/1] (0.00ns)   --->   "%void_compute_output_buffer_2d_array_const_ap_shift_reg_n_chan_stream_weig_50 = phi i16 0, void %entry, i16 %void_compute_output_buffer_2d_array_const_ap_shift_reg_n_chan_stream_weig_32, void %MultLoop.split.i, i16 0, void %dense_resource_rf_leq_nin<ap_fixed<16, 6, 5, 3, 0>, ap_fixed<16, 6, 5, 3, 0>, config27_mult>.exit"   --->   Operation 24 'phi' 'void_compute_output_buffer_2d_array_const_ap_shift_reg_n_chan_stream_weig_50' <Predicate = true> <Delay = 0.00>
ST_3 : Operation 25 [1/1] (0.00ns)   --->   "%void_compute_output_buffer_2d_array_const_ap_shift_reg_n_chan_stream_weig_51 = phi i16 0, void %entry, i16 %void_compute_output_buffer_2d_array_const_ap_shift_reg_n_chan_stream_weig_33, void %MultLoop.split.i, i16 0, void %dense_resource_rf_leq_nin<ap_fixed<16, 6, 5, 3, 0>, ap_fixed<16, 6, 5, 3, 0>, config27_mult>.exit"   --->   Operation 25 'phi' 'void_compute_output_buffer_2d_array_const_ap_shift_reg_n_chan_stream_weig_51' <Predicate = true> <Delay = 0.00>
ST_3 : Operation 26 [1/1] (0.00ns)   --->   "%void_compute_output_buffer_2d_array_const_ap_shift_reg_n_chan_stream_weig_52 = phi i16 0, void %entry, i16 %void_compute_output_buffer_2d_array_const_ap_shift_reg_n_chan_stream_weig_34, void %MultLoop.split.i, i16 0, void %dense_resource_rf_leq_nin<ap_fixed<16, 6, 5, 3, 0>, ap_fixed<16, 6, 5, 3, 0>, config27_mult>.exit"   --->   Operation 26 'phi' 'void_compute_output_buffer_2d_array_const_ap_shift_reg_n_chan_stream_weig_52' <Predicate = true> <Delay = 0.00>
ST_3 : Operation 27 [1/1] (0.00ns)   --->   "%void_compute_output_buffer_2d_array_const_ap_shift_reg_n_chan_stream_weig_53 = phi i16 0, void %entry, i16 %void_compute_output_buffer_2d_array_const_ap_shift_reg_n_chan_stream_weig_35, void %MultLoop.split.i, i16 0, void %dense_resource_rf_leq_nin<ap_fixed<16, 6, 5, 3, 0>, ap_fixed<16, 6, 5, 3, 0>, config27_mult>.exit"   --->   Operation 27 'phi' 'void_compute_output_buffer_2d_array_const_ap_shift_reg_n_chan_stream_weig_53' <Predicate = true> <Delay = 0.00>
ST_3 : Operation 28 [1/1] (0.00ns)   --->   "%specmemcore_ln0 = specmemcore void @_ssdm_op_SpecMemCore, i123 %w27, i64 666, i64 38, i64 18446744073709551615, i1 0"   --->   Operation 28 'specmemcore' 'specmemcore_ln0' <Predicate = (do_init)> <Delay = 0.00>
ST_3 : Operation 29 [1/1] (0.00ns)   --->   "%void_compute_output_buffer_2d_array_const_ap_shift_reg_n_chan_stream_weig_36 = load i16 %void_compute_output_buffer_2d_array_const_ap_shift_reg_n_chan_stream_weig_18"   --->   Operation 29 'load' 'void_compute_output_buffer_2d_array_const_ap_shift_reg_n_chan_stream_weig_36' <Predicate = (do_init)> <Delay = 0.00>
ST_3 : Operation 30 [1/1] (0.00ns)   --->   "%void_compute_output_buffer_2d_array_const_ap_shift_reg_n_chan_stream_weig_37 = load i16 %void_compute_output_buffer_2d_array_const_ap_shift_reg_n_chan_stream_weig_17"   --->   Operation 30 'load' 'void_compute_output_buffer_2d_array_const_ap_shift_reg_n_chan_stream_weig_37' <Predicate = (do_init)> <Delay = 0.00>
ST_3 : Operation 31 [1/1] (0.00ns)   --->   "%void_compute_output_buffer_2d_array_const_ap_shift_reg_n_chan_stream_weig_38 = load i16 %void_compute_output_buffer_2d_array_const_ap_shift_reg_n_chan_stream_weig_16"   --->   Operation 31 'load' 'void_compute_output_buffer_2d_array_const_ap_shift_reg_n_chan_stream_weig_38' <Predicate = (do_init)> <Delay = 0.00>
ST_3 : Operation 32 [1/1] (0.00ns)   --->   "%void_compute_output_buffer_2d_array_const_ap_shift_reg_n_chan_stream_weig_39 = load i16 %void_compute_output_buffer_2d_array_const_ap_shift_reg_n_chan_stream_weig_15"   --->   Operation 32 'load' 'void_compute_output_buffer_2d_array_const_ap_shift_reg_n_chan_stream_weig_39' <Predicate = (do_init)> <Delay = 0.00>
ST_3 : Operation 33 [1/1] (0.00ns)   --->   "%void_compute_output_buffer_2d_array_const_ap_shift_reg_n_chan_stream_weig_40 = load i16 %void_compute_output_buffer_2d_array_const_ap_shift_reg_n_chan_stream_weig_14"   --->   Operation 33 'load' 'void_compute_output_buffer_2d_array_const_ap_shift_reg_n_chan_stream_weig_40' <Predicate = (do_init)> <Delay = 0.00>
ST_3 : Operation 34 [1/1] (0.00ns)   --->   "%void_compute_output_buffer_2d_array_const_ap_shift_reg_n_chan_stream_weig_41 = load i16 %void_compute_output_buffer_2d_array_const_ap_shift_reg_n_chan_stream_weig_13"   --->   Operation 34 'load' 'void_compute_output_buffer_2d_array_const_ap_shift_reg_n_chan_stream_weig_41' <Predicate = (do_init)> <Delay = 0.00>
ST_3 : Operation 35 [1/1] (0.00ns)   --->   "%void_compute_output_buffer_2d_array_const_ap_shift_reg_n_chan_stream_weig_42 = load i16 %void_compute_output_buffer_2d_array_const_ap_shift_reg_n_chan_stream_weig_12"   --->   Operation 35 'load' 'void_compute_output_buffer_2d_array_const_ap_shift_reg_n_chan_stream_weig_42' <Predicate = (do_init)> <Delay = 0.00>
ST_3 : Operation 36 [1/1] (0.00ns)   --->   "%void_compute_output_buffer_2d_array_const_ap_shift_reg_n_chan_stream_weig_43 = load i16 %void_compute_output_buffer_2d_array_const_ap_shift_reg_n_chan_stream_weig_11"   --->   Operation 36 'load' 'void_compute_output_buffer_2d_array_const_ap_shift_reg_n_chan_stream_weig_43' <Predicate = (do_init)> <Delay = 0.00>
ST_3 : Operation 37 [1/1] (0.00ns)   --->   "%void_compute_output_buffer_2d_array_const_ap_shift_reg_n_chan_stream_weig_44 = load i16 %void_compute_output_buffer_2d_array_const_ap_shift_reg_n_chan_stream_weig_10"   --->   Operation 37 'load' 'void_compute_output_buffer_2d_array_const_ap_shift_reg_n_chan_stream_weig_44' <Predicate = (do_init)> <Delay = 0.00>
ST_3 : Operation 38 [1/1] (0.00ns)   --->   "%void_compute_output_buffer_2d_array_const_ap_shift_reg_n_chan_stream_weig_27 = phi i16 %void_compute_output_buffer_2d_array_const_ap_shift_reg_n_chan_stream_weig_44, void %rewind_init, i16 %void_compute_output_buffer_2d_array_const_ap_shift_reg_n_chan_stream_weig_45, void %rewind_header"   --->   Operation 38 'phi' 'void_compute_output_buffer_2d_array_const_ap_shift_reg_n_chan_stream_weig_27' <Predicate = true> <Delay = 0.00>
ST_3 : Operation 39 [1/1] (0.00ns)   --->   "%void_compute_output_buffer_2d_array_const_ap_shift_reg_n_chan_stream_weig_28 = phi i16 %void_compute_output_buffer_2d_array_const_ap_shift_reg_n_chan_stream_weig_43, void %rewind_init, i16 %void_compute_output_buffer_2d_array_const_ap_shift_reg_n_chan_stream_weig_46, void %rewind_header"   --->   Operation 39 'phi' 'void_compute_output_buffer_2d_array_const_ap_shift_reg_n_chan_stream_weig_28' <Predicate = true> <Delay = 0.00>
ST_3 : Operation 40 [1/1] (0.00ns)   --->   "%void_compute_output_buffer_2d_array_const_ap_shift_reg_n_chan_stream_weig_29 = phi i16 %void_compute_output_buffer_2d_array_const_ap_shift_reg_n_chan_stream_weig_42, void %rewind_init, i16 %void_compute_output_buffer_2d_array_const_ap_shift_reg_n_chan_stream_weig_47, void %rewind_header"   --->   Operation 40 'phi' 'void_compute_output_buffer_2d_array_const_ap_shift_reg_n_chan_stream_weig_29' <Predicate = true> <Delay = 0.00>
ST_3 : Operation 41 [1/1] (0.00ns)   --->   "%void_compute_output_buffer_2d_array_const_ap_shift_reg_n_chan_stream_weig_30 = phi i16 %void_compute_output_buffer_2d_array_const_ap_shift_reg_n_chan_stream_weig_41, void %rewind_init, i16 %void_compute_output_buffer_2d_array_const_ap_shift_reg_n_chan_stream_weig_48, void %rewind_header"   --->   Operation 41 'phi' 'void_compute_output_buffer_2d_array_const_ap_shift_reg_n_chan_stream_weig_30' <Predicate = true> <Delay = 0.00>
ST_3 : Operation 42 [1/1] (0.00ns)   --->   "%void_compute_output_buffer_2d_array_const_ap_shift_reg_n_chan_stream_weig_31 = phi i16 %void_compute_output_buffer_2d_array_const_ap_shift_reg_n_chan_stream_weig_40, void %rewind_init, i16 %void_compute_output_buffer_2d_array_const_ap_shift_reg_n_chan_stream_weig_49, void %rewind_header"   --->   Operation 42 'phi' 'void_compute_output_buffer_2d_array_const_ap_shift_reg_n_chan_stream_weig_31' <Predicate = true> <Delay = 0.00>
ST_3 : Operation 43 [1/1] (0.00ns)   --->   "%void_compute_output_buffer_2d_array_const_ap_shift_reg_n_chan_stream_weig_32 = phi i16 %void_compute_output_buffer_2d_array_const_ap_shift_reg_n_chan_stream_weig_39, void %rewind_init, i16 %void_compute_output_buffer_2d_array_const_ap_shift_reg_n_chan_stream_weig_50, void %rewind_header"   --->   Operation 43 'phi' 'void_compute_output_buffer_2d_array_const_ap_shift_reg_n_chan_stream_weig_32' <Predicate = true> <Delay = 0.00>
ST_3 : Operation 44 [1/1] (0.00ns)   --->   "%void_compute_output_buffer_2d_array_const_ap_shift_reg_n_chan_stream_weig_33 = phi i16 %void_compute_output_buffer_2d_array_const_ap_shift_reg_n_chan_stream_weig_38, void %rewind_init, i16 %void_compute_output_buffer_2d_array_const_ap_shift_reg_n_chan_stream_weig_51, void %rewind_header"   --->   Operation 44 'phi' 'void_compute_output_buffer_2d_array_const_ap_shift_reg_n_chan_stream_weig_33' <Predicate = true> <Delay = 0.00>
ST_3 : Operation 45 [1/1] (0.00ns)   --->   "%void_compute_output_buffer_2d_array_const_ap_shift_reg_n_chan_stream_weig_34 = phi i16 %void_compute_output_buffer_2d_array_const_ap_shift_reg_n_chan_stream_weig_37, void %rewind_init, i16 %void_compute_output_buffer_2d_array_const_ap_shift_reg_n_chan_stream_weig_52, void %rewind_header"   --->   Operation 45 'phi' 'void_compute_output_buffer_2d_array_const_ap_shift_reg_n_chan_stream_weig_34' <Predicate = true> <Delay = 0.00>
ST_3 : Operation 46 [1/1] (0.00ns)   --->   "%void_compute_output_buffer_2d_array_const_ap_shift_reg_n_chan_stream_weig_35 = phi i16 %void_compute_output_buffer_2d_array_const_ap_shift_reg_n_chan_stream_weig_36, void %rewind_init, i16 %void_compute_output_buffer_2d_array_const_ap_shift_reg_n_chan_stream_weig_53, void %rewind_header"   --->   Operation 46 'phi' 'void_compute_output_buffer_2d_array_const_ap_shift_reg_n_chan_stream_weig_35' <Predicate = true> <Delay = 0.00>
ST_3 : Operation 47 [1/1] (1.83ns)   --->   "%a = sparsemux i16 @_ssdm_op_SparseMux.ap_auto.9i16.i16.i4, i4 0, i16 %void_compute_output_buffer_2d_array_const_ap_shift_reg_n_chan_stream_weig_35, i4 1, i16 %void_compute_output_buffer_2d_array_const_ap_shift_reg_n_chan_stream_weig_34, i4 2, i16 %void_compute_output_buffer_2d_array_const_ap_shift_reg_n_chan_stream_weig_33, i4 3, i16 %void_compute_output_buffer_2d_array_const_ap_shift_reg_n_chan_stream_weig_32, i4 4, i16 %void_compute_output_buffer_2d_array_const_ap_shift_reg_n_chan_stream_weig_31, i4 5, i16 %void_compute_output_buffer_2d_array_const_ap_shift_reg_n_chan_stream_weig_30, i4 6, i16 %void_compute_output_buffer_2d_array_const_ap_shift_reg_n_chan_stream_weig_29, i4 7, i16 %void_compute_output_buffer_2d_array_const_ap_shift_reg_n_chan_stream_weig_28, i4 8, i16 %void_compute_output_buffer_2d_array_const_ap_shift_reg_n_chan_stream_weig_27, i16 0, i4 %ir" [firmware/nnet_utils/nnet_dense_resource.h:46]   --->   Operation 47 'sparsemux' 'a' <Predicate = true> <Delay = 1.83> <CoreInst = "BinarySparseMux_DontCare">   --->   Core 137 'BinarySparseMux_DontCare' <Latency = 0> <II = 1> <Delay = 1.83> <FuncUnit> <Opcode : 'sparsemux'> <InPorts = 2> <OutPorts = 1>
ST_3 : Operation 48 [1/2] ( I:3.25ns O:3.25ns )   --->   "%w27_load = load i4 %w27_addr" [firmware/nnet_utils/nnet_dense_resource.h:59]   --->   Operation 48 'load' 'w27_load' <Predicate = true> <Delay = 3.25> <CoreInst = "ROM_nP_BRAM">   --->   Core 102 'ROM_nP_BRAM' <Latency = 1> <II = 1> <Delay = 3.25> <Storage> <Opcode : 'load'> <Ports = 0> <Width = 123> <Depth = 9> <ROM>
ST_3 : Operation 49 [1/1] (0.00ns)   --->   "%w = trunc i123 %w27_load" [firmware/nnet_utils/nnet_dense_resource.h:59]   --->   Operation 49 'trunc' 'w' <Predicate = true> <Delay = 0.00>
ST_3 : Operation 50 [1/1] (0.00ns)   --->   "%w_1 = partselect i16 @_ssdm_op_PartSelect.i16.i123.i32.i32, i123 %w27_load, i32 16, i32 31" [firmware/nnet_utils/nnet_dense_resource.h:59]   --->   Operation 50 'partselect' 'w_1' <Predicate = true> <Delay = 0.00>
ST_3 : Operation 51 [1/1] (0.00ns)   --->   "%w_2 = partselect i16 @_ssdm_op_PartSelect.i16.i123.i32.i32, i123 %w27_load, i32 32, i32 47" [firmware/nnet_utils/nnet_dense_resource.h:59]   --->   Operation 51 'partselect' 'w_2' <Predicate = true> <Delay = 0.00>
ST_3 : Operation 52 [1/1] (0.00ns)   --->   "%w_3 = partselect i16 @_ssdm_op_PartSelect.i16.i123.i32.i32, i123 %w27_load, i32 48, i32 63" [firmware/nnet_utils/nnet_dense_resource.h:59]   --->   Operation 52 'partselect' 'w_3' <Predicate = true> <Delay = 0.00>
ST_3 : Operation 53 [1/1] (0.00ns)   --->   "%w_4 = partselect i16 @_ssdm_op_PartSelect.i16.i123.i32.i32, i123 %w27_load, i32 64, i32 79" [firmware/nnet_utils/nnet_dense_resource.h:59]   --->   Operation 53 'partselect' 'w_4' <Predicate = true> <Delay = 0.00>
ST_3 : Operation 54 [1/1] (0.00ns)   --->   "%w_5 = partselect i16 @_ssdm_op_PartSelect.i16.i123.i32.i32, i123 %w27_load, i32 80, i32 95" [firmware/nnet_utils/nnet_dense_resource.h:59]   --->   Operation 54 'partselect' 'w_5' <Predicate = true> <Delay = 0.00>
ST_3 : Operation 55 [1/1] (0.00ns)   --->   "%w_6 = partselect i16 @_ssdm_op_PartSelect.i16.i123.i32.i32, i123 %w27_load, i32 96, i32 111" [firmware/nnet_utils/nnet_dense_resource.h:59]   --->   Operation 55 'partselect' 'w_6' <Predicate = true> <Delay = 0.00>
ST_3 : Operation 56 [1/1] (0.00ns)   --->   "%tmp = partselect i11 @_ssdm_op_PartSelect.i11.i123.i32.i32, i123 %w27_load, i32 112, i32 122" [firmware/nnet_utils/nnet_dense_resource.h:59]   --->   Operation 56 'partselect' 'tmp' <Predicate = true> <Delay = 0.00>

State 4 <SV = 3> <Delay = 3.35>
ST_4 : Operation 57 [1/1] (0.00ns)   --->   "%sext_ln73 = sext i16 %w" [firmware/nnet_utils/nnet_mult.h:73->firmware/nnet_utils/nnet_dense_resource.h:59]   --->   Operation 57 'sext' 'sext_ln73' <Predicate = true> <Delay = 0.00>
ST_4 : Operation 58 [1/1] (0.00ns)   --->   "%sext_ln73_1 = sext i16 %a" [firmware/nnet_utils/nnet_mult.h:73->firmware/nnet_utils/nnet_dense_resource.h:59]   --->   Operation 58 'sext' 'sext_ln73_1' <Predicate = true> <Delay = 0.00>
ST_4 : Operation 59 [2/2] (3.35ns)   --->   "%mul_ln58 = mul i26 %sext_ln73, i26 %sext_ln73_1" [firmware/nnet_utils/nnet_dense_resource.h:58]   --->   Operation 59 'mul' 'mul_ln58' <Predicate = true> <Delay = 3.35> <CoreInst = "Multiplier">   --->   Core 3 'Multiplier' <Latency = 1> <II = 1> <Delay = 3.35> <FuncUnit> <Opcode : 'mul'> <InPorts = 2> <OutPorts = 1>
ST_4 : Operation 60 [1/1] (0.00ns)   --->   "%sext_ln73_2 = sext i16 %w_1" [firmware/nnet_utils/nnet_mult.h:73->firmware/nnet_utils/nnet_dense_resource.h:59]   --->   Operation 60 'sext' 'sext_ln73_2' <Predicate = true> <Delay = 0.00>
ST_4 : Operation 61 [2/2] (3.35ns)   --->   "%mul_ln58_1 = mul i26 %sext_ln73_2, i26 %sext_ln73_1" [firmware/nnet_utils/nnet_dense_resource.h:58]   --->   Operation 61 'mul' 'mul_ln58_1' <Predicate = true> <Delay = 3.35> <CoreInst = "Multiplier">   --->   Core 3 'Multiplier' <Latency = 1> <II = 1> <Delay = 3.35> <FuncUnit> <Opcode : 'mul'> <InPorts = 2> <OutPorts = 1>
ST_4 : Operation 62 [1/1] (0.00ns)   --->   "%sext_ln73_3 = sext i16 %w_2" [firmware/nnet_utils/nnet_mult.h:73->firmware/nnet_utils/nnet_dense_resource.h:59]   --->   Operation 62 'sext' 'sext_ln73_3' <Predicate = true> <Delay = 0.00>
ST_4 : Operation 63 [2/2] (3.35ns)   --->   "%mul_ln58_2 = mul i26 %sext_ln73_3, i26 %sext_ln73_1" [firmware/nnet_utils/nnet_dense_resource.h:58]   --->   Operation 63 'mul' 'mul_ln58_2' <Predicate = true> <Delay = 3.35> <CoreInst = "Multiplier">   --->   Core 3 'Multiplier' <Latency = 1> <II = 1> <Delay = 3.35> <FuncUnit> <Opcode : 'mul'> <InPorts = 2> <OutPorts = 1>
ST_4 : Operation 64 [1/1] (0.00ns)   --->   "%sext_ln73_4 = sext i16 %w_3" [firmware/nnet_utils/nnet_mult.h:73->firmware/nnet_utils/nnet_dense_resource.h:59]   --->   Operation 64 'sext' 'sext_ln73_4' <Predicate = true> <Delay = 0.00>
ST_4 : Operation 65 [2/2] (3.35ns)   --->   "%mul_ln58_3 = mul i26 %sext_ln73_4, i26 %sext_ln73_1" [firmware/nnet_utils/nnet_dense_resource.h:58]   --->   Operation 65 'mul' 'mul_ln58_3' <Predicate = true> <Delay = 3.35> <CoreInst = "Multiplier">   --->   Core 3 'Multiplier' <Latency = 1> <II = 1> <Delay = 3.35> <FuncUnit> <Opcode : 'mul'> <InPorts = 2> <OutPorts = 1>
ST_4 : Operation 66 [1/1] (0.00ns)   --->   "%sext_ln73_5 = sext i16 %w_4" [firmware/nnet_utils/nnet_mult.h:73->firmware/nnet_utils/nnet_dense_resource.h:59]   --->   Operation 66 'sext' 'sext_ln73_5' <Predicate = true> <Delay = 0.00>
ST_4 : Operation 67 [2/2] (3.35ns)   --->   "%mul_ln58_4 = mul i26 %sext_ln73_5, i26 %sext_ln73_1" [firmware/nnet_utils/nnet_dense_resource.h:58]   --->   Operation 67 'mul' 'mul_ln58_4' <Predicate = true> <Delay = 3.35> <CoreInst = "Multiplier">   --->   Core 3 'Multiplier' <Latency = 1> <II = 1> <Delay = 3.35> <FuncUnit> <Opcode : 'mul'> <InPorts = 2> <OutPorts = 1>
ST_4 : Operation 68 [1/1] (0.00ns)   --->   "%sext_ln73_6 = sext i16 %w_5" [firmware/nnet_utils/nnet_mult.h:73->firmware/nnet_utils/nnet_dense_resource.h:59]   --->   Operation 68 'sext' 'sext_ln73_6' <Predicate = true> <Delay = 0.00>
ST_4 : Operation 69 [2/2] (3.35ns)   --->   "%mul_ln58_5 = mul i26 %sext_ln73_6, i26 %sext_ln73_1" [firmware/nnet_utils/nnet_dense_resource.h:58]   --->   Operation 69 'mul' 'mul_ln58_5' <Predicate = true> <Delay = 3.35> <CoreInst = "Multiplier">   --->   Core 3 'Multiplier' <Latency = 1> <II = 1> <Delay = 3.35> <FuncUnit> <Opcode : 'mul'> <InPorts = 2> <OutPorts = 1>
ST_4 : Operation 70 [1/1] (0.00ns)   --->   "%sext_ln73_7 = sext i16 %w_6" [firmware/nnet_utils/nnet_mult.h:73->firmware/nnet_utils/nnet_dense_resource.h:59]   --->   Operation 70 'sext' 'sext_ln73_7' <Predicate = true> <Delay = 0.00>
ST_4 : Operation 71 [2/2] (3.35ns)   --->   "%mul_ln58_6 = mul i26 %sext_ln73_7, i26 %sext_ln73_1" [firmware/nnet_utils/nnet_dense_resource.h:58]   --->   Operation 71 'mul' 'mul_ln58_6' <Predicate = true> <Delay = 3.35> <CoreInst = "Multiplier">   --->   Core 3 'Multiplier' <Latency = 1> <II = 1> <Delay = 3.35> <FuncUnit> <Opcode : 'mul'> <InPorts = 2> <OutPorts = 1>
ST_4 : Operation 72 [1/1] (0.00ns)   --->   "%sext_ln73_8 = sext i11 %tmp" [firmware/nnet_utils/nnet_mult.h:73->firmware/nnet_utils/nnet_dense_resource.h:59]   --->   Operation 72 'sext' 'sext_ln73_8' <Predicate = true> <Delay = 0.00>
ST_4 : Operation 73 [2/2] (3.35ns)   --->   "%mul_ln58_7 = mul i26 %sext_ln73_1, i26 %sext_ln73_8" [firmware/nnet_utils/nnet_dense_resource.h:58]   --->   Operation 73 'mul' 'mul_ln58_7' <Predicate = true> <Delay = 3.35> <CoreInst = "Multiplier">   --->   Core 3 'Multiplier' <Latency = 1> <II = 1> <Delay = 3.35> <FuncUnit> <Opcode : 'mul'> <InPorts = 2> <OutPorts = 1>

State 5 <SV = 4> <Delay = 3.35>
ST_5 : Operation 74 [1/2] (3.35ns)   --->   "%mul_ln58 = mul i26 %sext_ln73, i26 %sext_ln73_1" [firmware/nnet_utils/nnet_dense_resource.h:58]   --->   Operation 74 'mul' 'mul_ln58' <Predicate = true> <Delay = 3.35> <CoreInst = "Multiplier">   --->   Core 3 'Multiplier' <Latency = 1> <II = 1> <Delay = 3.35> <FuncUnit> <Opcode : 'mul'> <InPorts = 2> <OutPorts = 1>
ST_5 : Operation 75 [1/1] (0.00ns)   --->   "%trunc_ln = partselect i16 @_ssdm_op_PartSelect.i16.i26.i32.i32, i26 %mul_ln58, i32 10, i32 25" [firmware/nnet_utils/nnet_dense_resource.h:58]   --->   Operation 75 'partselect' 'trunc_ln' <Predicate = true> <Delay = 0.00>
ST_5 : Operation 76 [1/2] (3.35ns)   --->   "%mul_ln58_1 = mul i26 %sext_ln73_2, i26 %sext_ln73_1" [firmware/nnet_utils/nnet_dense_resource.h:58]   --->   Operation 76 'mul' 'mul_ln58_1' <Predicate = true> <Delay = 3.35> <CoreInst = "Multiplier">   --->   Core 3 'Multiplier' <Latency = 1> <II = 1> <Delay = 3.35> <FuncUnit> <Opcode : 'mul'> <InPorts = 2> <OutPorts = 1>
ST_5 : Operation 77 [1/1] (0.00ns)   --->   "%trunc_ln58_1 = partselect i16 @_ssdm_op_PartSelect.i16.i26.i32.i32, i26 %mul_ln58_1, i32 10, i32 25" [firmware/nnet_utils/nnet_dense_resource.h:58]   --->   Operation 77 'partselect' 'trunc_ln58_1' <Predicate = true> <Delay = 0.00>
ST_5 : Operation 78 [1/2] (3.35ns)   --->   "%mul_ln58_2 = mul i26 %sext_ln73_3, i26 %sext_ln73_1" [firmware/nnet_utils/nnet_dense_resource.h:58]   --->   Operation 78 'mul' 'mul_ln58_2' <Predicate = true> <Delay = 3.35> <CoreInst = "Multiplier">   --->   Core 3 'Multiplier' <Latency = 1> <II = 1> <Delay = 3.35> <FuncUnit> <Opcode : 'mul'> <InPorts = 2> <OutPorts = 1>
ST_5 : Operation 79 [1/1] (0.00ns)   --->   "%trunc_ln58_2 = partselect i16 @_ssdm_op_PartSelect.i16.i26.i32.i32, i26 %mul_ln58_2, i32 10, i32 25" [firmware/nnet_utils/nnet_dense_resource.h:58]   --->   Operation 79 'partselect' 'trunc_ln58_2' <Predicate = true> <Delay = 0.00>
ST_5 : Operation 80 [1/2] (3.35ns)   --->   "%mul_ln58_3 = mul i26 %sext_ln73_4, i26 %sext_ln73_1" [firmware/nnet_utils/nnet_dense_resource.h:58]   --->   Operation 80 'mul' 'mul_ln58_3' <Predicate = true> <Delay = 3.35> <CoreInst = "Multiplier">   --->   Core 3 'Multiplier' <Latency = 1> <II = 1> <Delay = 3.35> <FuncUnit> <Opcode : 'mul'> <InPorts = 2> <OutPorts = 1>
ST_5 : Operation 81 [1/1] (0.00ns)   --->   "%trunc_ln58_3 = partselect i16 @_ssdm_op_PartSelect.i16.i26.i32.i32, i26 %mul_ln58_3, i32 10, i32 25" [firmware/nnet_utils/nnet_dense_resource.h:58]   --->   Operation 81 'partselect' 'trunc_ln58_3' <Predicate = true> <Delay = 0.00>
ST_5 : Operation 82 [1/2] (3.35ns)   --->   "%mul_ln58_4 = mul i26 %sext_ln73_5, i26 %sext_ln73_1" [firmware/nnet_utils/nnet_dense_resource.h:58]   --->   Operation 82 'mul' 'mul_ln58_4' <Predicate = true> <Delay = 3.35> <CoreInst = "Multiplier">   --->   Core 3 'Multiplier' <Latency = 1> <II = 1> <Delay = 3.35> <FuncUnit> <Opcode : 'mul'> <InPorts = 2> <OutPorts = 1>
ST_5 : Operation 83 [1/1] (0.00ns)   --->   "%trunc_ln58_4 = partselect i16 @_ssdm_op_PartSelect.i16.i26.i32.i32, i26 %mul_ln58_4, i32 10, i32 25" [firmware/nnet_utils/nnet_dense_resource.h:58]   --->   Operation 83 'partselect' 'trunc_ln58_4' <Predicate = true> <Delay = 0.00>
ST_5 : Operation 84 [1/2] (3.35ns)   --->   "%mul_ln58_5 = mul i26 %sext_ln73_6, i26 %sext_ln73_1" [firmware/nnet_utils/nnet_dense_resource.h:58]   --->   Operation 84 'mul' 'mul_ln58_5' <Predicate = true> <Delay = 3.35> <CoreInst = "Multiplier">   --->   Core 3 'Multiplier' <Latency = 1> <II = 1> <Delay = 3.35> <FuncUnit> <Opcode : 'mul'> <InPorts = 2> <OutPorts = 1>
ST_5 : Operation 85 [1/1] (0.00ns)   --->   "%trunc_ln58_5 = partselect i16 @_ssdm_op_PartSelect.i16.i26.i32.i32, i26 %mul_ln58_5, i32 10, i32 25" [firmware/nnet_utils/nnet_dense_resource.h:58]   --->   Operation 85 'partselect' 'trunc_ln58_5' <Predicate = true> <Delay = 0.00>
ST_5 : Operation 86 [1/2] (3.35ns)   --->   "%mul_ln58_6 = mul i26 %sext_ln73_7, i26 %sext_ln73_1" [firmware/nnet_utils/nnet_dense_resource.h:58]   --->   Operation 86 'mul' 'mul_ln58_6' <Predicate = true> <Delay = 3.35> <CoreInst = "Multiplier">   --->   Core 3 'Multiplier' <Latency = 1> <II = 1> <Delay = 3.35> <FuncUnit> <Opcode : 'mul'> <InPorts = 2> <OutPorts = 1>
ST_5 : Operation 87 [1/1] (0.00ns)   --->   "%trunc_ln58_6 = partselect i16 @_ssdm_op_PartSelect.i16.i26.i32.i32, i26 %mul_ln58_6, i32 10, i32 25" [firmware/nnet_utils/nnet_dense_resource.h:58]   --->   Operation 87 'partselect' 'trunc_ln58_6' <Predicate = true> <Delay = 0.00>
ST_5 : Operation 88 [1/2] (3.35ns)   --->   "%mul_ln58_7 = mul i26 %sext_ln73_1, i26 %sext_ln73_8" [firmware/nnet_utils/nnet_dense_resource.h:58]   --->   Operation 88 'mul' 'mul_ln58_7' <Predicate = true> <Delay = 3.35> <CoreInst = "Multiplier">   --->   Core 3 'Multiplier' <Latency = 1> <II = 1> <Delay = 3.35> <FuncUnit> <Opcode : 'mul'> <InPorts = 2> <OutPorts = 1>
ST_5 : Operation 89 [1/1] (0.00ns)   --->   "%trunc_ln58_7 = partselect i16 @_ssdm_op_PartSelect.i16.i26.i32.i32, i26 %mul_ln58_7, i32 10, i32 25" [firmware/nnet_utils/nnet_dense_resource.h:58]   --->   Operation 89 'partselect' 'trunc_ln58_7' <Predicate = true> <Delay = 0.00>

State 6 <SV = 5> <Delay = 2.14>
ST_6 : Operation 90 [1/1] (0.00ns)   --->   "%res_0_0_i18 = phi i16 207, void %entry, i16 %add_ln58, void %MultLoop.split.i, i16 207, void %dense_resource_rf_leq_nin<ap_fixed<16, 6, 5, 3, 0>, ap_fixed<16, 6, 5, 3, 0>, config27_mult>.exit" [firmware/nnet_utils/nnet_dense_resource.h:58]   --->   Operation 90 'phi' 'res_0_0_i18' <Predicate = true> <Delay = 0.00>
ST_6 : Operation 91 [1/1] (0.00ns)   --->   "%res_1_0_i16 = phi i16 313, void %entry, i16 %add_ln58_1, void %MultLoop.split.i, i16 313, void %dense_resource_rf_leq_nin<ap_fixed<16, 6, 5, 3, 0>, ap_fixed<16, 6, 5, 3, 0>, config27_mult>.exit" [firmware/nnet_utils/nnet_dense_resource.h:58]   --->   Operation 91 'phi' 'res_1_0_i16' <Predicate = true> <Delay = 0.00>
ST_6 : Operation 92 [1/1] (0.00ns)   --->   "%res_2_0_i14 = phi i16 65533, void %entry, i16 %add_ln58_2, void %MultLoop.split.i, i16 65533, void %dense_resource_rf_leq_nin<ap_fixed<16, 6, 5, 3, 0>, ap_fixed<16, 6, 5, 3, 0>, config27_mult>.exit" [firmware/nnet_utils/nnet_dense_resource.h:58]   --->   Operation 92 'phi' 'res_2_0_i14' <Predicate = true> <Delay = 0.00>
ST_6 : Operation 93 [1/1] (0.00ns)   --->   "%res_3_0_i12 = phi i16 638, void %entry, i16 %add_ln58_3, void %MultLoop.split.i, i16 638, void %dense_resource_rf_leq_nin<ap_fixed<16, 6, 5, 3, 0>, ap_fixed<16, 6, 5, 3, 0>, config27_mult>.exit" [firmware/nnet_utils/nnet_dense_resource.h:58]   --->   Operation 93 'phi' 'res_3_0_i12' <Predicate = true> <Delay = 0.00>
ST_6 : Operation 94 [1/1] (0.00ns)   --->   "%res_4_0_i10 = phi i16 203, void %entry, i16 %add_ln58_4, void %MultLoop.split.i, i16 203, void %dense_resource_rf_leq_nin<ap_fixed<16, 6, 5, 3, 0>, ap_fixed<16, 6, 5, 3, 0>, config27_mult>.exit" [firmware/nnet_utils/nnet_dense_resource.h:58]   --->   Operation 94 'phi' 'res_4_0_i10' <Predicate = true> <Delay = 0.00>
ST_6 : Operation 95 [1/1] (0.00ns)   --->   "%res_5_0_i8 = phi i16 143, void %entry, i16 %add_ln58_5, void %MultLoop.split.i, i16 143, void %dense_resource_rf_leq_nin<ap_fixed<16, 6, 5, 3, 0>, ap_fixed<16, 6, 5, 3, 0>, config27_mult>.exit" [firmware/nnet_utils/nnet_dense_resource.h:58]   --->   Operation 95 'phi' 'res_5_0_i8' <Predicate = true> <Delay = 0.00>
ST_6 : Operation 96 [1/1] (0.00ns)   --->   "%res_6_0_i6 = phi i16 364, void %entry, i16 %add_ln58_6, void %MultLoop.split.i, i16 364, void %dense_resource_rf_leq_nin<ap_fixed<16, 6, 5, 3, 0>, ap_fixed<16, 6, 5, 3, 0>, config27_mult>.exit" [firmware/nnet_utils/nnet_dense_resource.h:58]   --->   Operation 96 'phi' 'res_6_0_i6' <Predicate = true> <Delay = 0.00>
ST_6 : Operation 97 [1/1] (0.00ns)   --->   "%res_7_0_i4 = phi i16 11, void %entry, i16 %add_ln58_7, void %MultLoop.split.i, i16 11, void %dense_resource_rf_leq_nin<ap_fixed<16, 6, 5, 3, 0>, ap_fixed<16, 6, 5, 3, 0>, config27_mult>.exit" [firmware/nnet_utils/nnet_dense_resource.h:58]   --->   Operation 97 'phi' 'res_7_0_i4' <Predicate = true> <Delay = 0.00>
ST_6 : Operation 98 [1/1] (0.00ns)   --->   "%specpipeline_ln47 = specpipeline void @_ssdm_op_SpecPipeline, i32 1, i32 0, i32 0, i32 1, i32 4294967295, void @empty_9" [firmware/nnet_utils/nnet_dense_resource.h:47]   --->   Operation 98 'specpipeline' 'specpipeline_ln47' <Predicate = true> <Delay = 0.00>
ST_6 : Operation 99 [1/1] (0.00ns)   --->   "%speclooptripcount_ln49 = speclooptripcount void @_ssdm_op_SpecLoopTripCount, i64 9, i64 9, i64 9" [firmware/nnet_utils/nnet_dense_resource.h:49]   --->   Operation 99 'speclooptripcount' 'speclooptripcount_ln49' <Predicate = true> <Delay = 0.00>
ST_6 : Operation 100 [1/1] (0.00ns)   --->   "%specloopname_ln46 = specloopname void @_ssdm_op_SpecLoopName, void @empty" [firmware/nnet_utils/nnet_dense_resource.h:46]   --->   Operation 100 'specloopname' 'specloopname_ln46' <Predicate = true> <Delay = 0.00>
ST_6 : Operation 101 [1/1] (2.14ns)   --->   "%add_ln58 = add i16 %trunc_ln, i16 %res_0_0_i18" [firmware/nnet_utils/nnet_dense_resource.h:58]   --->   Operation 101 'add' 'add_ln58' <Predicate = true> <Delay = 2.14> <CoreInst = "Adder">   --->   Core 1 'Adder' <Latency = 0> <II = 1> <Delay = 2.14> <FuncUnit> <Opcode : 'add' 'sub'> <InPorts = 2> <OutPorts = 1>
ST_6 : Operation 102 [1/1] (2.14ns)   --->   "%add_ln58_1 = add i16 %trunc_ln58_1, i16 %res_1_0_i16" [firmware/nnet_utils/nnet_dense_resource.h:58]   --->   Operation 102 'add' 'add_ln58_1' <Predicate = true> <Delay = 2.14> <CoreInst = "Adder">   --->   Core 1 'Adder' <Latency = 0> <II = 1> <Delay = 2.14> <FuncUnit> <Opcode : 'add' 'sub'> <InPorts = 2> <OutPorts = 1>
ST_6 : Operation 103 [1/1] (2.14ns)   --->   "%add_ln58_2 = add i16 %trunc_ln58_2, i16 %res_2_0_i14" [firmware/nnet_utils/nnet_dense_resource.h:58]   --->   Operation 103 'add' 'add_ln58_2' <Predicate = true> <Delay = 2.14> <CoreInst = "Adder">   --->   Core 1 'Adder' <Latency = 0> <II = 1> <Delay = 2.14> <FuncUnit> <Opcode : 'add' 'sub'> <InPorts = 2> <OutPorts = 1>
ST_6 : Operation 104 [1/1] (2.14ns)   --->   "%add_ln58_3 = add i16 %trunc_ln58_3, i16 %res_3_0_i12" [firmware/nnet_utils/nnet_dense_resource.h:58]   --->   Operation 104 'add' 'add_ln58_3' <Predicate = true> <Delay = 2.14> <CoreInst = "Adder">   --->   Core 1 'Adder' <Latency = 0> <II = 1> <Delay = 2.14> <FuncUnit> <Opcode : 'add' 'sub'> <InPorts = 2> <OutPorts = 1>
ST_6 : Operation 105 [1/1] (2.14ns)   --->   "%add_ln58_4 = add i16 %trunc_ln58_4, i16 %res_4_0_i10" [firmware/nnet_utils/nnet_dense_resource.h:58]   --->   Operation 105 'add' 'add_ln58_4' <Predicate = true> <Delay = 2.14> <CoreInst = "Adder">   --->   Core 1 'Adder' <Latency = 0> <II = 1> <Delay = 2.14> <FuncUnit> <Opcode : 'add' 'sub'> <InPorts = 2> <OutPorts = 1>
ST_6 : Operation 106 [1/1] (2.14ns)   --->   "%add_ln58_5 = add i16 %trunc_ln58_5, i16 %res_5_0_i8" [firmware/nnet_utils/nnet_dense_resource.h:58]   --->   Operation 106 'add' 'add_ln58_5' <Predicate = true> <Delay = 2.14> <CoreInst = "Adder">   --->   Core 1 'Adder' <Latency = 0> <II = 1> <Delay = 2.14> <FuncUnit> <Opcode : 'add' 'sub'> <InPorts = 2> <OutPorts = 1>
ST_6 : Operation 107 [1/1] (2.14ns)   --->   "%add_ln58_6 = add i16 %trunc_ln58_6, i16 %res_6_0_i6" [firmware/nnet_utils/nnet_dense_resource.h:58]   --->   Operation 107 'add' 'add_ln58_6' <Predicate = true> <Delay = 2.14> <CoreInst = "Adder">   --->   Core 1 'Adder' <Latency = 0> <II = 1> <Delay = 2.14> <FuncUnit> <Opcode : 'add' 'sub'> <InPorts = 2> <OutPorts = 1>
ST_6 : Operation 108 [1/1] (2.14ns)   --->   "%add_ln58_7 = add i16 %trunc_ln58_7, i16 %res_7_0_i4" [firmware/nnet_utils/nnet_dense_resource.h:58]   --->   Operation 108 'add' 'add_ln58_7' <Predicate = true> <Delay = 2.14> <CoreInst = "Adder">   --->   Core 1 'Adder' <Latency = 0> <II = 1> <Delay = 2.14> <FuncUnit> <Opcode : 'add' 'sub'> <InPorts = 2> <OutPorts = 1>
ST_6 : Operation 109 [1/1] (0.00ns)   --->   "%mrv_i = insertvalue i128 <undef>, i16 %add_ln58" [firmware/nnet_utils/nnet_dense_resource.h:84]   --->   Operation 109 'insertvalue' 'mrv_i' <Predicate = (icmp_ln46)> <Delay = 0.00>
ST_6 : Operation 110 [1/1] (0.00ns)   --->   "%mrv_1_i = insertvalue i128 %mrv_i, i16 %add_ln58_1" [firmware/nnet_utils/nnet_dense_resource.h:84]   --->   Operation 110 'insertvalue' 'mrv_1_i' <Predicate = (icmp_ln46)> <Delay = 0.00>
ST_6 : Operation 111 [1/1] (0.00ns)   --->   "%mrv_2_i = insertvalue i128 %mrv_1_i, i16 %add_ln58_2" [firmware/nnet_utils/nnet_dense_resource.h:84]   --->   Operation 111 'insertvalue' 'mrv_2_i' <Predicate = (icmp_ln46)> <Delay = 0.00>
ST_6 : Operation 112 [1/1] (0.00ns)   --->   "%mrv_3_i = insertvalue i128 %mrv_2_i, i16 %add_ln58_3" [firmware/nnet_utils/nnet_dense_resource.h:84]   --->   Operation 112 'insertvalue' 'mrv_3_i' <Predicate = (icmp_ln46)> <Delay = 0.00>
ST_6 : Operation 113 [1/1] (0.00ns)   --->   "%mrv_4_i = insertvalue i128 %mrv_3_i, i16 %add_ln58_4" [firmware/nnet_utils/nnet_dense_resource.h:84]   --->   Operation 113 'insertvalue' 'mrv_4_i' <Predicate = (icmp_ln46)> <Delay = 0.00>
ST_6 : Operation 114 [1/1] (0.00ns)   --->   "%mrv_5_i = insertvalue i128 %mrv_4_i, i16 %add_ln58_5" [firmware/nnet_utils/nnet_dense_resource.h:84]   --->   Operation 114 'insertvalue' 'mrv_5_i' <Predicate = (icmp_ln46)> <Delay = 0.00>
ST_6 : Operation 115 [1/1] (0.00ns)   --->   "%mrv_6_i = insertvalue i128 %mrv_5_i, i16 %add_ln58_6" [firmware/nnet_utils/nnet_dense_resource.h:84]   --->   Operation 115 'insertvalue' 'mrv_6_i' <Predicate = (icmp_ln46)> <Delay = 0.00>
ST_6 : Operation 116 [1/1] (0.00ns)   --->   "%mrv_7_i = insertvalue i128 %mrv_6_i, i16 %add_ln58_7" [firmware/nnet_utils/nnet_dense_resource.h:84]   --->   Operation 116 'insertvalue' 'mrv_7_i' <Predicate = (icmp_ln46)> <Delay = 0.00>
ST_6 : Operation 117 [1/1] (0.00ns)   --->   "%return_ln84 = return void @_ssdm_op_Return, i128 %mrv_7_i" [firmware/nnet_utils/nnet_dense_resource.h:84]   --->   Operation 117 'return' 'return_ln84' <Predicate = (icmp_ln46)> <Delay = 0.00>


============================================================
+ Verbose Summary: Timing violations
============================================================
Target clock period: 5.000ns, clock uncertainty: 1.350ns.

 <State 1>: 1.610ns
The critical path consists of the following:
	multiplexor before 'phi' operation 1 bit ('do_init') [13]  (1.610 ns)
	'br' operation ('br_ln46', firmware/nnet_utils/nnet_dense_resource.h:46) [11]  (1.610 ns)

 <State 2>: 3.257ns
The critical path consists of the following:
	'phi' operation 4 bit ('w_index') with incoming values : ('w_index', firmware/nnet_utils/nnet_dense_resource.h:46) [31]  (0.000 ns)
	'getelementptr' operation 4 bit ('w27_addr', firmware/nnet_utils/nnet_dense_resource.h:59) [60]  (0.000 ns)
	'load' operation 123 bit ('w27_load', firmware/nnet_utils/nnet_dense_resource.h:59) on array 'w27' [61]  (3.257 ns)

 <State 3>: 3.257ns
The critical path consists of the following:
	'load' operation 123 bit ('w27_load', firmware/nnet_utils/nnet_dense_resource.h:59) on array 'w27' [61]  (3.257 ns)

 <State 4>: 3.352ns
The critical path consists of the following:
	'mul' operation 26 bit ('mul_ln58', firmware/nnet_utils/nnet_dense_resource.h:58) [65]  (3.352 ns)

 <State 5>: 3.352ns
The critical path consists of the following:
	'mul' operation 26 bit ('mul_ln58', firmware/nnet_utils/nnet_dense_resource.h:58) [65]  (3.352 ns)

 <State 6>: 2.146ns
The critical path consists of the following:
	'phi' operation 16 bit ('res_0_0_i18', firmware/nnet_utils/nnet_dense_resource.h:58) with incoming values : ('add_ln58', firmware/nnet_utils/nnet_dense_resource.h:58) [23]  (0.000 ns)
	'add' operation 16 bit ('add_ln58', firmware/nnet_utils/nnet_dense_resource.h:58) [67]  (2.146 ns)
	'insertvalue' operation 128 bit ('mrv_i', firmware/nnet_utils/nnet_dense_resource.h:84) [107]  (0.000 ns)


============================================================
+ Verbose Summary: Binding
============================================================
N/A
* FSMD analyzer results:
  - Output states:
 - Input state : 
  - Chain level:
	State 1
	State 2
	State 3
	State 4
	State 5
	State 6


============================================================
+ Verbose Summary: Datapath Resource usage 
============================================================
N/A
