

================================================================
== Vitis HLS Report for 'relu_array_ap_fixed_16u_array_ap_fixed_16_6_5_3_0_16u_ReLU_config15_s'
================================================================
* Date:           Tue Oct  6 08:53:53 2026

* Version:        2026.1 (Build 6493734 on Jun 16 2026)
* Project:        myproject_prj
* Solution:       solution1
* Product family: artix7
* Target device:  xc7a35t-ftg256-1


================================================================
== Performance Estimates
================================================================
+ Timing: 
    * Summary: 
    +--------+---------+----------+------------+
    |  Clock |  Target | Estimated| Uncertainty|
    +--------+---------+----------+------------+
    |ap_clk  |  5.00 ns|  3.641 ns|     1.35 ns|
    +--------+---------+----------+------------+

+ Latency: 
    * Summary: 
    +---------+---------+----------+----------+-----+-----+-----------------------------------------+
    |  Latency (cycles) |  Latency (absolute) |  Interval |                 Pipeline                |
    |   min   |   max   |    min   |    max   | min | max |                   Type                  |
    +---------+---------+----------+----------+-----+-----+-----------------------------------------+
    |      125|      125|  0.625 us|  0.625 us|  121|  121|  loop auto-rewind stp (delay=0 cycle(s))|
    +---------+---------+----------+----------+-----+-----+-----------------------------------------+

    + Detail: 
        * Instance: 
        N/A

        * Loop: 
        +---------------+---------+---------+----------+-----------+-----------+------+----------+
        |               |  Latency (cycles) | Iteration|  Initiation Interval  | Trip |          |
        |   Loop Name   |   min   |   max   |  Latency |  achieved |   target  | Count| Pipelined|
        +---------------+---------+---------+----------+-----------+-----------+------+----------+
        |- ReLUActLoop  |      123|      123|         4|          1|        N/A|   121|       yes|
        +---------------+---------+---------+----------+-----------+-----------+------+----------+

============================================================
+ Verbose Summary: Synthesis Manager
============================================================
InlineROM: 1
ExposeGlobal: 0
============================================================
+ Verbose Summary: CDFG Model
============================================================
IsTopModel: 0
ResetActiveHigh: 1
IsCombinational: 2
IsDatapathOnly: 0
HasWiredReturn: 1
HasMFsm: 2
HasVarLatency: 1
IsPipeline: 0
IsRtlPipelined: 0
IsInstanceOverlapped: 0
IsDontTouch: 0
HasImplIP: 0
IsGatedGlobalClock: 0

+ Individual pipeline summary: 
  * Pipeline-0: initiation interval (II) = 1, depth = 4


============================================================
+ Verbose Summary: Schedule
============================================================
* Number of FSM states : 4
* Pipeline : 1
  Pipeline-0 : II = 1, D = 4, States = { 1 2 3 4 }
* Dataflow Pipeline: 0

* FSM state transitions: 
1 --> 2 
2 --> 3 
3 --> 4 
4 --> 

* FSM state operations: 

State 1 <SV = 0> <Delay = 1.61>
ST_1 : Operation 7 [1/1] (0.00ns)   --->   "%i = alloca i32 1" [firmware/nnet_utils/nnet_activation_stream.h:41]   --->   Operation 7 'alloca' 'i' <Predicate = true> <Delay = 0.00>
ST_1 : Operation 8 [1/1] (0.00ns)   --->   "%specinterface_ln0 = specinterface void @_ssdm_op_SpecInterface, i256 %layer15_out, void @empty_5, i32 0, i32 0, void @empty_9, i32 0, i32 0, void @empty_9, void @empty_9, void @empty_9, i32 0, i32 0, i32 0, i32 0, void @empty_9, void @empty_9, i32 4294967295, i32 0, i32 0, i32 0"   --->   Operation 8 'specinterface' 'specinterface_ln0' <Predicate = true> <Delay = 0.00>
ST_1 : Operation 9 [1/1] (0.00ns)   --->   "%specinterface_ln0 = specinterface void @_ssdm_op_SpecInterface, i256 %layer28_out, void @empty_5, i32 0, i32 0, void @empty_9, i32 0, i32 0, void @empty_9, void @empty_9, void @empty_9, i32 0, i32 0, i32 0, i32 0, void @empty_9, void @empty_9, i32 4294967295, i32 0, i32 0, i32 0"   --->   Operation 9 'specinterface' 'specinterface_ln0' <Predicate = true> <Delay = 0.00>
ST_1 : Operation 10 [1/1] (1.61ns)   --->   "%store_ln41 = store i7 0, i7 %i" [firmware/nnet_utils/nnet_activation_stream.h:41]   --->   Operation 10 'store' 'store_ln41' <Predicate = true> <Delay = 1.61>
ST_1 : Operation 11 [1/1] (0.00ns)   --->   "%br_ln41 = br void %ReLUPackLoop.split" [firmware/nnet_utils/nnet_activation_stream.h:41]   --->   Operation 11 'br' 'br_ln41' <Predicate = true> <Delay = 0.00>

State 2 <SV = 1> <Delay = 3.64>
ST_2 : Operation 12 [1/1] (0.00ns)   --->   "%i_6 = load i7 %i" [firmware/nnet_utils/nnet_activation_stream.h:41]   --->   Operation 12 'load' 'i_6' <Predicate = true> <Delay = 0.00>
ST_2 : Operation 13 [1/1] ( I:1.82ns O:1.82ns )   --->   "%layer28_out_read = read i256 @_ssdm_op_Read.ap_fifo.volatile.i256P0A, i256 %layer28_out" [firmware/nnet_utils/nnet_activation_stream.h:44]   --->   Operation 13 'read' 'layer28_out_read' <Predicate = true> <Delay = 1.82> <CoreInst = "FIFO">   --->   Core 77 'FIFO' <Latency = 0> <II = 1> <Delay = 3.74> <Storage> <Opcode : 'read' 'write' 'nbread' 'nbwrite'> <Ports = 0> <Width = 256> <Depth = 121> <FIFO>
ST_2 : Operation 14 [1/1] (0.00ns)   --->   "%trunc_ln44 = trunc i256 %layer28_out_read" [firmware/nnet_utils/nnet_activation_stream.h:44]   --->   Operation 14 'trunc' 'trunc_ln44' <Predicate = true> <Delay = 0.00>
ST_2 : Operation 15 [1/1] (0.00ns)   --->   "%trunc_ln44_83 = trunc i256 %layer28_out_read" [firmware/nnet_utils/nnet_activation_stream.h:44]   --->   Operation 15 'trunc' 'trunc_ln44_83' <Predicate = true> <Delay = 0.00>
ST_2 : Operation 16 [1/1] (0.00ns)   --->   "%trunc_ln44_39 = partselect i16 @_ssdm_op_PartSelect.i16.i256.i32.i32, i256 %layer28_out_read, i32 16, i32 31" [firmware/nnet_utils/nnet_activation_stream.h:44]   --->   Operation 16 'partselect' 'trunc_ln44_39' <Predicate = true> <Delay = 0.00>
ST_2 : Operation 17 [1/1] (0.00ns)   --->   "%trunc_ln44_s = partselect i15 @_ssdm_op_PartSelect.i15.i256.i32.i32, i256 %layer28_out_read, i32 16, i32 30" [firmware/nnet_utils/nnet_activation_stream.h:44]   --->   Operation 17 'partselect' 'trunc_ln44_s' <Predicate = true> <Delay = 0.00>
ST_2 : Operation 18 [1/1] (0.00ns)   --->   "%trunc_ln44_40 = partselect i16 @_ssdm_op_PartSelect.i16.i256.i32.i32, i256 %layer28_out_read, i32 32, i32 47" [firmware/nnet_utils/nnet_activation_stream.h:44]   --->   Operation 18 'partselect' 'trunc_ln44_40' <Predicate = true> <Delay = 0.00>
ST_2 : Operation 19 [1/1] (0.00ns)   --->   "%trunc_ln44_68 = partselect i15 @_ssdm_op_PartSelect.i15.i256.i32.i32, i256 %layer28_out_read, i32 32, i32 46" [firmware/nnet_utils/nnet_activation_stream.h:44]   --->   Operation 19 'partselect' 'trunc_ln44_68' <Predicate = true> <Delay = 0.00>
ST_2 : Operation 20 [1/1] (0.00ns)   --->   "%trunc_ln44_41 = partselect i16 @_ssdm_op_PartSelect.i16.i256.i32.i32, i256 %layer28_out_read, i32 48, i32 63" [firmware/nnet_utils/nnet_activation_stream.h:44]   --->   Operation 20 'partselect' 'trunc_ln44_41' <Predicate = true> <Delay = 0.00>
ST_2 : Operation 21 [1/1] (0.00ns)   --->   "%trunc_ln44_69 = partselect i15 @_ssdm_op_PartSelect.i15.i256.i32.i32, i256 %layer28_out_read, i32 48, i32 62" [firmware/nnet_utils/nnet_activation_stream.h:44]   --->   Operation 21 'partselect' 'trunc_ln44_69' <Predicate = true> <Delay = 0.00>
ST_2 : Operation 22 [1/1] (0.00ns)   --->   "%trunc_ln44_42 = partselect i16 @_ssdm_op_PartSelect.i16.i256.i32.i32, i256 %layer28_out_read, i32 64, i32 79" [firmware/nnet_utils/nnet_activation_stream.h:44]   --->   Operation 22 'partselect' 'trunc_ln44_42' <Predicate = true> <Delay = 0.00>
ST_2 : Operation 23 [1/1] (0.00ns)   --->   "%trunc_ln44_70 = partselect i15 @_ssdm_op_PartSelect.i15.i256.i32.i32, i256 %layer28_out_read, i32 64, i32 78" [firmware/nnet_utils/nnet_activation_stream.h:44]   --->   Operation 23 'partselect' 'trunc_ln44_70' <Predicate = true> <Delay = 0.00>
ST_2 : Operation 24 [1/1] (0.00ns)   --->   "%trunc_ln44_43 = partselect i16 @_ssdm_op_PartSelect.i16.i256.i32.i32, i256 %layer28_out_read, i32 80, i32 95" [firmware/nnet_utils/nnet_activation_stream.h:44]   --->   Operation 24 'partselect' 'trunc_ln44_43' <Predicate = true> <Delay = 0.00>
ST_2 : Operation 25 [1/1] (0.00ns)   --->   "%trunc_ln44_71 = partselect i15 @_ssdm_op_PartSelect.i15.i256.i32.i32, i256 %layer28_out_read, i32 80, i32 94" [firmware/nnet_utils/nnet_activation_stream.h:44]   --->   Operation 25 'partselect' 'trunc_ln44_71' <Predicate = true> <Delay = 0.00>
ST_2 : Operation 26 [1/1] (0.00ns)   --->   "%trunc_ln44_44 = partselect i16 @_ssdm_op_PartSelect.i16.i256.i32.i32, i256 %layer28_out_read, i32 96, i32 111" [firmware/nnet_utils/nnet_activation_stream.h:44]   --->   Operation 26 'partselect' 'trunc_ln44_44' <Predicate = true> <Delay = 0.00>
ST_2 : Operation 27 [1/1] (0.00ns)   --->   "%trunc_ln44_72 = partselect i15 @_ssdm_op_PartSelect.i15.i256.i32.i32, i256 %layer28_out_read, i32 96, i32 110" [firmware/nnet_utils/nnet_activation_stream.h:44]   --->   Operation 27 'partselect' 'trunc_ln44_72' <Predicate = true> <Delay = 0.00>
ST_2 : Operation 28 [1/1] (0.00ns)   --->   "%trunc_ln44_45 = partselect i16 @_ssdm_op_PartSelect.i16.i256.i32.i32, i256 %layer28_out_read, i32 112, i32 127" [firmware/nnet_utils/nnet_activation_stream.h:44]   --->   Operation 28 'partselect' 'trunc_ln44_45' <Predicate = true> <Delay = 0.00>
ST_2 : Operation 29 [1/1] (0.00ns)   --->   "%trunc_ln44_73 = partselect i15 @_ssdm_op_PartSelect.i15.i256.i32.i32, i256 %layer28_out_read, i32 112, i32 126" [firmware/nnet_utils/nnet_activation_stream.h:44]   --->   Operation 29 'partselect' 'trunc_ln44_73' <Predicate = true> <Delay = 0.00>
ST_2 : Operation 30 [1/1] (0.00ns)   --->   "%trunc_ln44_46 = partselect i16 @_ssdm_op_PartSelect.i16.i256.i32.i32, i256 %layer28_out_read, i32 128, i32 143" [firmware/nnet_utils/nnet_activation_stream.h:44]   --->   Operation 30 'partselect' 'trunc_ln44_46' <Predicate = true> <Delay = 0.00>
ST_2 : Operation 31 [1/1] (0.00ns)   --->   "%trunc_ln44_74 = partselect i15 @_ssdm_op_PartSelect.i15.i256.i32.i32, i256 %layer28_out_read, i32 128, i32 142" [firmware/nnet_utils/nnet_activation_stream.h:44]   --->   Operation 31 'partselect' 'trunc_ln44_74' <Predicate = true> <Delay = 0.00>
ST_2 : Operation 32 [1/1] (0.00ns)   --->   "%trunc_ln44_47 = partselect i16 @_ssdm_op_PartSelect.i16.i256.i32.i32, i256 %layer28_out_read, i32 144, i32 159" [firmware/nnet_utils/nnet_activation_stream.h:44]   --->   Operation 32 'partselect' 'trunc_ln44_47' <Predicate = true> <Delay = 0.00>
ST_2 : Operation 33 [1/1] (0.00ns)   --->   "%trunc_ln44_75 = partselect i15 @_ssdm_op_PartSelect.i15.i256.i32.i32, i256 %layer28_out_read, i32 144, i32 158" [firmware/nnet_utils/nnet_activation_stream.h:44]   --->   Operation 33 'partselect' 'trunc_ln44_75' <Predicate = true> <Delay = 0.00>
ST_2 : Operation 34 [1/1] (0.00ns)   --->   "%trunc_ln44_48 = partselect i16 @_ssdm_op_PartSelect.i16.i256.i32.i32, i256 %layer28_out_read, i32 160, i32 175" [firmware/nnet_utils/nnet_activation_stream.h:44]   --->   Operation 34 'partselect' 'trunc_ln44_48' <Predicate = true> <Delay = 0.00>
ST_2 : Operation 35 [1/1] (0.00ns)   --->   "%trunc_ln44_76 = partselect i15 @_ssdm_op_PartSelect.i15.i256.i32.i32, i256 %layer28_out_read, i32 160, i32 174" [firmware/nnet_utils/nnet_activation_stream.h:44]   --->   Operation 35 'partselect' 'trunc_ln44_76' <Predicate = true> <Delay = 0.00>
ST_2 : Operation 36 [1/1] (0.00ns)   --->   "%trunc_ln44_49 = partselect i16 @_ssdm_op_PartSelect.i16.i256.i32.i32, i256 %layer28_out_read, i32 176, i32 191" [firmware/nnet_utils/nnet_activation_stream.h:44]   --->   Operation 36 'partselect' 'trunc_ln44_49' <Predicate = true> <Delay = 0.00>
ST_2 : Operation 37 [1/1] (0.00ns)   --->   "%trunc_ln44_77 = partselect i15 @_ssdm_op_PartSelect.i15.i256.i32.i32, i256 %layer28_out_read, i32 176, i32 190" [firmware/nnet_utils/nnet_activation_stream.h:44]   --->   Operation 37 'partselect' 'trunc_ln44_77' <Predicate = true> <Delay = 0.00>
ST_2 : Operation 38 [1/1] (0.00ns)   --->   "%trunc_ln44_50 = partselect i16 @_ssdm_op_PartSelect.i16.i256.i32.i32, i256 %layer28_out_read, i32 192, i32 207" [firmware/nnet_utils/nnet_activation_stream.h:44]   --->   Operation 38 'partselect' 'trunc_ln44_50' <Predicate = true> <Delay = 0.00>
ST_2 : Operation 39 [1/1] (0.00ns)   --->   "%trunc_ln44_78 = partselect i15 @_ssdm_op_PartSelect.i15.i256.i32.i32, i256 %layer28_out_read, i32 192, i32 206" [firmware/nnet_utils/nnet_activation_stream.h:44]   --->   Operation 39 'partselect' 'trunc_ln44_78' <Predicate = true> <Delay = 0.00>
ST_2 : Operation 40 [1/1] (0.00ns)   --->   "%trunc_ln44_51 = partselect i16 @_ssdm_op_PartSelect.i16.i256.i32.i32, i256 %layer28_out_read, i32 208, i32 223" [firmware/nnet_utils/nnet_activation_stream.h:44]   --->   Operation 40 'partselect' 'trunc_ln44_51' <Predicate = true> <Delay = 0.00>
ST_2 : Operation 41 [1/1] (0.00ns)   --->   "%trunc_ln44_79 = partselect i15 @_ssdm_op_PartSelect.i15.i256.i32.i32, i256 %layer28_out_read, i32 208, i32 222" [firmware/nnet_utils/nnet_activation_stream.h:44]   --->   Operation 41 'partselect' 'trunc_ln44_79' <Predicate = true> <Delay = 0.00>
ST_2 : Operation 42 [1/1] (0.00ns)   --->   "%trunc_ln44_52 = partselect i16 @_ssdm_op_PartSelect.i16.i256.i32.i32, i256 %layer28_out_read, i32 224, i32 239" [firmware/nnet_utils/nnet_activation_stream.h:44]   --->   Operation 42 'partselect' 'trunc_ln44_52' <Predicate = true> <Delay = 0.00>
ST_2 : Operation 43 [1/1] (0.00ns)   --->   "%trunc_ln44_80 = partselect i15 @_ssdm_op_PartSelect.i15.i256.i32.i32, i256 %layer28_out_read, i32 224, i32 238" [firmware/nnet_utils/nnet_activation_stream.h:44]   --->   Operation 43 'partselect' 'trunc_ln44_80' <Predicate = true> <Delay = 0.00>
ST_2 : Operation 44 [1/1] (0.00ns)   --->   "%trunc_ln44_53 = partselect i16 @_ssdm_op_PartSelect.i16.i256.i32.i32, i256 %layer28_out_read, i32 240, i32 255" [firmware/nnet_utils/nnet_activation_stream.h:44]   --->   Operation 44 'partselect' 'trunc_ln44_53' <Predicate = true> <Delay = 0.00>
ST_2 : Operation 45 [1/1] (0.00ns)   --->   "%trunc_ln3 = partselect i15 @_ssdm_op_PartSelect.i15.i256.i32.i32, i256 %layer28_out_read, i32 240, i32 254" [firmware/nnet_utils/nnet_activation_stream.h:51]   --->   Operation 45 'partselect' 'trunc_ln3' <Predicate = true> <Delay = 0.00>
ST_2 : Operation 46 [1/1] (2.03ns)   --->   "%i_7 = add i7 %i_6, i7 1" [firmware/nnet_utils/nnet_activation_stream.h:41]   --->   Operation 46 'add' 'i_7' <Predicate = true> <Delay = 2.03> <CoreInst = "Adder">   --->   Core 1 'Adder' <Latency = 0> <II = 1> <Delay = 2.03> <FuncUnit> <Opcode : 'add' 'sub'> <InPorts = 2> <OutPorts = 1>
ST_2 : Operation 47 [1/1] (2.03ns)   --->   "%icmp_ln41 = icmp_eq  i7 %i_6, i7 120" [firmware/nnet_utils/nnet_activation_stream.h:41]   --->   Operation 47 'icmp' 'icmp_ln41' <Predicate = true> <Delay = 2.03> <CoreInst = "Cmp">   --->   Core 9 'Cmp' <Latency = 0> <II = 1> <Delay = 2.03> <FuncUnit> <Opcode : 'seteq' 'setne' 'setle' 'setge' 'setlt' 'setgt'> <InPorts = 2> <OutPorts = 1>
ST_2 : Operation 48 [1/1] (1.61ns)   --->   "%store_ln41 = store i7 %i_7, i7 %i" [firmware/nnet_utils/nnet_activation_stream.h:41]   --->   Operation 48 'store' 'store_ln41' <Predicate = true> <Delay = 1.61>
ST_2 : Operation 49 [1/1] (0.00ns)   --->   "%br_ln41 = br i1 %icmp_ln41, void %ReLUPackLoop.split, void %for.end14" [firmware/nnet_utils/nnet_activation_stream.h:41]   --->   Operation 49 'br' 'br_ln41' <Predicate = true> <Delay = 0.00>

State 3 <SV = 2> <Delay = 3.14>
ST_3 : Operation 50 [1/1] (2.14ns)   --->   "%icmp_ln51 = icmp_sgt  i16 %trunc_ln44, i16 0" [firmware/nnet_utils/nnet_activation_stream.h:51]   --->   Operation 50 'icmp' 'icmp_ln51' <Predicate = true> <Delay = 2.14> <CoreInst = "Cmp">   --->   Core 9 'Cmp' <Latency = 0> <II = 1> <Delay = 2.14> <FuncUnit> <Opcode : 'seteq' 'setne' 'setle' 'setge' 'setlt' 'setgt'> <InPorts = 2> <OutPorts = 1>
ST_3 : Operation 51 [1/1] (0.99ns)   --->   "%select_ln51 = select i1 %icmp_ln51, i15 %trunc_ln44_83, i15 0" [firmware/nnet_utils/nnet_activation_stream.h:51]   --->   Operation 51 'select' 'select_ln51' <Predicate = true> <Delay = 0.99> <CoreInst = "Sel">   --->   Core 73 'Sel' <Latency = 0> <II = 1> <Delay = 0.99> <FuncUnit> <Opcode : 'select'> <InPorts = 3> <OutPorts = 1>
ST_3 : Operation 52 [1/1] (2.14ns)   --->   "%icmp_ln51_39 = icmp_sgt  i16 %trunc_ln44_39, i16 0" [firmware/nnet_utils/nnet_activation_stream.h:51]   --->   Operation 52 'icmp' 'icmp_ln51_39' <Predicate = true> <Delay = 2.14> <CoreInst = "Cmp">   --->   Core 9 'Cmp' <Latency = 0> <II = 1> <Delay = 2.14> <FuncUnit> <Opcode : 'seteq' 'setne' 'setle' 'setge' 'setlt' 'setgt'> <InPorts = 2> <OutPorts = 1>
ST_3 : Operation 53 [1/1] (0.99ns)   --->   "%select_ln51_39 = select i1 %icmp_ln51_39, i15 %trunc_ln44_s, i15 0" [firmware/nnet_utils/nnet_activation_stream.h:51]   --->   Operation 53 'select' 'select_ln51_39' <Predicate = true> <Delay = 0.99> <CoreInst = "Sel">   --->   Core 73 'Sel' <Latency = 0> <II = 1> <Delay = 0.99> <FuncUnit> <Opcode : 'select'> <InPorts = 3> <OutPorts = 1>
ST_3 : Operation 54 [1/1] (2.14ns)   --->   "%icmp_ln51_40 = icmp_sgt  i16 %trunc_ln44_40, i16 0" [firmware/nnet_utils/nnet_activation_stream.h:51]   --->   Operation 54 'icmp' 'icmp_ln51_40' <Predicate = true> <Delay = 2.14> <CoreInst = "Cmp">   --->   Core 9 'Cmp' <Latency = 0> <II = 1> <Delay = 2.14> <FuncUnit> <Opcode : 'seteq' 'setne' 'setle' 'setge' 'setlt' 'setgt'> <InPorts = 2> <OutPorts = 1>
ST_3 : Operation 55 [1/1] (0.99ns)   --->   "%select_ln51_40 = select i1 %icmp_ln51_40, i15 %trunc_ln44_68, i15 0" [firmware/nnet_utils/nnet_activation_stream.h:51]   --->   Operation 55 'select' 'select_ln51_40' <Predicate = true> <Delay = 0.99> <CoreInst = "Sel">   --->   Core 73 'Sel' <Latency = 0> <II = 1> <Delay = 0.99> <FuncUnit> <Opcode : 'select'> <InPorts = 3> <OutPorts = 1>
ST_3 : Operation 56 [1/1] (2.14ns)   --->   "%icmp_ln51_41 = icmp_sgt  i16 %trunc_ln44_41, i16 0" [firmware/nnet_utils/nnet_activation_stream.h:51]   --->   Operation 56 'icmp' 'icmp_ln51_41' <Predicate = true> <Delay = 2.14> <CoreInst = "Cmp">   --->   Core 9 'Cmp' <Latency = 0> <II = 1> <Delay = 2.14> <FuncUnit> <Opcode : 'seteq' 'setne' 'setle' 'setge' 'setlt' 'setgt'> <InPorts = 2> <OutPorts = 1>
ST_3 : Operation 57 [1/1] (0.99ns)   --->   "%select_ln51_41 = select i1 %icmp_ln51_41, i15 %trunc_ln44_69, i15 0" [firmware/nnet_utils/nnet_activation_stream.h:51]   --->   Operation 57 'select' 'select_ln51_41' <Predicate = true> <Delay = 0.99> <CoreInst = "Sel">   --->   Core 73 'Sel' <Latency = 0> <II = 1> <Delay = 0.99> <FuncUnit> <Opcode : 'select'> <InPorts = 3> <OutPorts = 1>
ST_3 : Operation 58 [1/1] (2.14ns)   --->   "%icmp_ln51_42 = icmp_sgt  i16 %trunc_ln44_42, i16 0" [firmware/nnet_utils/nnet_activation_stream.h:51]   --->   Operation 58 'icmp' 'icmp_ln51_42' <Predicate = true> <Delay = 2.14> <CoreInst = "Cmp">   --->   Core 9 'Cmp' <Latency = 0> <II = 1> <Delay = 2.14> <FuncUnit> <Opcode : 'seteq' 'setne' 'setle' 'setge' 'setlt' 'setgt'> <InPorts = 2> <OutPorts = 1>
ST_3 : Operation 59 [1/1] (0.99ns)   --->   "%select_ln51_42 = select i1 %icmp_ln51_42, i15 %trunc_ln44_70, i15 0" [firmware/nnet_utils/nnet_activation_stream.h:51]   --->   Operation 59 'select' 'select_ln51_42' <Predicate = true> <Delay = 0.99> <CoreInst = "Sel">   --->   Core 73 'Sel' <Latency = 0> <II = 1> <Delay = 0.99> <FuncUnit> <Opcode : 'select'> <InPorts = 3> <OutPorts = 1>
ST_3 : Operation 60 [1/1] (2.14ns)   --->   "%icmp_ln51_43 = icmp_sgt  i16 %trunc_ln44_43, i16 0" [firmware/nnet_utils/nnet_activation_stream.h:51]   --->   Operation 60 'icmp' 'icmp_ln51_43' <Predicate = true> <Delay = 2.14> <CoreInst = "Cmp">   --->   Core 9 'Cmp' <Latency = 0> <II = 1> <Delay = 2.14> <FuncUnit> <Opcode : 'seteq' 'setne' 'setle' 'setge' 'setlt' 'setgt'> <InPorts = 2> <OutPorts = 1>
ST_3 : Operation 61 [1/1] (0.99ns)   --->   "%select_ln51_43 = select i1 %icmp_ln51_43, i15 %trunc_ln44_71, i15 0" [firmware/nnet_utils/nnet_activation_stream.h:51]   --->   Operation 61 'select' 'select_ln51_43' <Predicate = true> <Delay = 0.99> <CoreInst = "Sel">   --->   Core 73 'Sel' <Latency = 0> <II = 1> <Delay = 0.99> <FuncUnit> <Opcode : 'select'> <InPorts = 3> <OutPorts = 1>
ST_3 : Operation 62 [1/1] (2.14ns)   --->   "%icmp_ln51_44 = icmp_sgt  i16 %trunc_ln44_44, i16 0" [firmware/nnet_utils/nnet_activation_stream.h:51]   --->   Operation 62 'icmp' 'icmp_ln51_44' <Predicate = true> <Delay = 2.14> <CoreInst = "Cmp">   --->   Core 9 'Cmp' <Latency = 0> <II = 1> <Delay = 2.14> <FuncUnit> <Opcode : 'seteq' 'setne' 'setle' 'setge' 'setlt' 'setgt'> <InPorts = 2> <OutPorts = 1>
ST_3 : Operation 63 [1/1] (0.99ns)   --->   "%select_ln51_44 = select i1 %icmp_ln51_44, i15 %trunc_ln44_72, i15 0" [firmware/nnet_utils/nnet_activation_stream.h:51]   --->   Operation 63 'select' 'select_ln51_44' <Predicate = true> <Delay = 0.99> <CoreInst = "Sel">   --->   Core 73 'Sel' <Latency = 0> <II = 1> <Delay = 0.99> <FuncUnit> <Opcode : 'select'> <InPorts = 3> <OutPorts = 1>
ST_3 : Operation 64 [1/1] (2.14ns)   --->   "%icmp_ln51_45 = icmp_sgt  i16 %trunc_ln44_45, i16 0" [firmware/nnet_utils/nnet_activation_stream.h:51]   --->   Operation 64 'icmp' 'icmp_ln51_45' <Predicate = true> <Delay = 2.14> <CoreInst = "Cmp">   --->   Core 9 'Cmp' <Latency = 0> <II = 1> <Delay = 2.14> <FuncUnit> <Opcode : 'seteq' 'setne' 'setle' 'setge' 'setlt' 'setgt'> <InPorts = 2> <OutPorts = 1>
ST_3 : Operation 65 [1/1] (0.99ns)   --->   "%select_ln51_45 = select i1 %icmp_ln51_45, i15 %trunc_ln44_73, i15 0" [firmware/nnet_utils/nnet_activation_stream.h:51]   --->   Operation 65 'select' 'select_ln51_45' <Predicate = true> <Delay = 0.99> <CoreInst = "Sel">   --->   Core 73 'Sel' <Latency = 0> <II = 1> <Delay = 0.99> <FuncUnit> <Opcode : 'select'> <InPorts = 3> <OutPorts = 1>
ST_3 : Operation 66 [1/1] (2.14ns)   --->   "%icmp_ln51_46 = icmp_sgt  i16 %trunc_ln44_46, i16 0" [firmware/nnet_utils/nnet_activation_stream.h:51]   --->   Operation 66 'icmp' 'icmp_ln51_46' <Predicate = true> <Delay = 2.14> <CoreInst = "Cmp">   --->   Core 9 'Cmp' <Latency = 0> <II = 1> <Delay = 2.14> <FuncUnit> <Opcode : 'seteq' 'setne' 'setle' 'setge' 'setlt' 'setgt'> <InPorts = 2> <OutPorts = 1>
ST_3 : Operation 67 [1/1] (0.99ns)   --->   "%select_ln51_46 = select i1 %icmp_ln51_46, i15 %trunc_ln44_74, i15 0" [firmware/nnet_utils/nnet_activation_stream.h:51]   --->   Operation 67 'select' 'select_ln51_46' <Predicate = true> <Delay = 0.99> <CoreInst = "Sel">   --->   Core 73 'Sel' <Latency = 0> <II = 1> <Delay = 0.99> <FuncUnit> <Opcode : 'select'> <InPorts = 3> <OutPorts = 1>
ST_3 : Operation 68 [1/1] (2.14ns)   --->   "%icmp_ln51_47 = icmp_sgt  i16 %trunc_ln44_47, i16 0" [firmware/nnet_utils/nnet_activation_stream.h:51]   --->   Operation 68 'icmp' 'icmp_ln51_47' <Predicate = true> <Delay = 2.14> <CoreInst = "Cmp">   --->   Core 9 'Cmp' <Latency = 0> <II = 1> <Delay = 2.14> <FuncUnit> <Opcode : 'seteq' 'setne' 'setle' 'setge' 'setlt' 'setgt'> <InPorts = 2> <OutPorts = 1>
ST_3 : Operation 69 [1/1] (0.99ns)   --->   "%select_ln51_47 = select i1 %icmp_ln51_47, i15 %trunc_ln44_75, i15 0" [firmware/nnet_utils/nnet_activation_stream.h:51]   --->   Operation 69 'select' 'select_ln51_47' <Predicate = true> <Delay = 0.99> <CoreInst = "Sel">   --->   Core 73 'Sel' <Latency = 0> <II = 1> <Delay = 0.99> <FuncUnit> <Opcode : 'select'> <InPorts = 3> <OutPorts = 1>
ST_3 : Operation 70 [1/1] (2.14ns)   --->   "%icmp_ln51_48 = icmp_sgt  i16 %trunc_ln44_48, i16 0" [firmware/nnet_utils/nnet_activation_stream.h:51]   --->   Operation 70 'icmp' 'icmp_ln51_48' <Predicate = true> <Delay = 2.14> <CoreInst = "Cmp">   --->   Core 9 'Cmp' <Latency = 0> <II = 1> <Delay = 2.14> <FuncUnit> <Opcode : 'seteq' 'setne' 'setle' 'setge' 'setlt' 'setgt'> <InPorts = 2> <OutPorts = 1>
ST_3 : Operation 71 [1/1] (0.99ns)   --->   "%select_ln51_48 = select i1 %icmp_ln51_48, i15 %trunc_ln44_76, i15 0" [firmware/nnet_utils/nnet_activation_stream.h:51]   --->   Operation 71 'select' 'select_ln51_48' <Predicate = true> <Delay = 0.99> <CoreInst = "Sel">   --->   Core 73 'Sel' <Latency = 0> <II = 1> <Delay = 0.99> <FuncUnit> <Opcode : 'select'> <InPorts = 3> <OutPorts = 1>
ST_3 : Operation 72 [1/1] (2.14ns)   --->   "%icmp_ln51_49 = icmp_sgt  i16 %trunc_ln44_49, i16 0" [firmware/nnet_utils/nnet_activation_stream.h:51]   --->   Operation 72 'icmp' 'icmp_ln51_49' <Predicate = true> <Delay = 2.14> <CoreInst = "Cmp">   --->   Core 9 'Cmp' <Latency = 0> <II = 1> <Delay = 2.14> <FuncUnit> <Opcode : 'seteq' 'setne' 'setle' 'setge' 'setlt' 'setgt'> <InPorts = 2> <OutPorts = 1>
ST_3 : Operation 73 [1/1] (0.99ns)   --->   "%select_ln51_49 = select i1 %icmp_ln51_49, i15 %trunc_ln44_77, i15 0" [firmware/nnet_utils/nnet_activation_stream.h:51]   --->   Operation 73 'select' 'select_ln51_49' <Predicate = true> <Delay = 0.99> <CoreInst = "Sel">   --->   Core 73 'Sel' <Latency = 0> <II = 1> <Delay = 0.99> <FuncUnit> <Opcode : 'select'> <InPorts = 3> <OutPorts = 1>
ST_3 : Operation 74 [1/1] (2.14ns)   --->   "%icmp_ln51_50 = icmp_sgt  i16 %trunc_ln44_50, i16 0" [firmware/nnet_utils/nnet_activation_stream.h:51]   --->   Operation 74 'icmp' 'icmp_ln51_50' <Predicate = true> <Delay = 2.14> <CoreInst = "Cmp">   --->   Core 9 'Cmp' <Latency = 0> <II = 1> <Delay = 2.14> <FuncUnit> <Opcode : 'seteq' 'setne' 'setle' 'setge' 'setlt' 'setgt'> <InPorts = 2> <OutPorts = 1>
ST_3 : Operation 75 [1/1] (0.99ns)   --->   "%select_ln51_50 = select i1 %icmp_ln51_50, i15 %trunc_ln44_78, i15 0" [firmware/nnet_utils/nnet_activation_stream.h:51]   --->   Operation 75 'select' 'select_ln51_50' <Predicate = true> <Delay = 0.99> <CoreInst = "Sel">   --->   Core 73 'Sel' <Latency = 0> <II = 1> <Delay = 0.99> <FuncUnit> <Opcode : 'select'> <InPorts = 3> <OutPorts = 1>
ST_3 : Operation 76 [1/1] (2.14ns)   --->   "%icmp_ln51_51 = icmp_sgt  i16 %trunc_ln44_51, i16 0" [firmware/nnet_utils/nnet_activation_stream.h:51]   --->   Operation 76 'icmp' 'icmp_ln51_51' <Predicate = true> <Delay = 2.14> <CoreInst = "Cmp">   --->   Core 9 'Cmp' <Latency = 0> <II = 1> <Delay = 2.14> <FuncUnit> <Opcode : 'seteq' 'setne' 'setle' 'setge' 'setlt' 'setgt'> <InPorts = 2> <OutPorts = 1>
ST_3 : Operation 77 [1/1] (0.99ns)   --->   "%select_ln51_51 = select i1 %icmp_ln51_51, i15 %trunc_ln44_79, i15 0" [firmware/nnet_utils/nnet_activation_stream.h:51]   --->   Operation 77 'select' 'select_ln51_51' <Predicate = true> <Delay = 0.99> <CoreInst = "Sel">   --->   Core 73 'Sel' <Latency = 0> <II = 1> <Delay = 0.99> <FuncUnit> <Opcode : 'select'> <InPorts = 3> <OutPorts = 1>
ST_3 : Operation 78 [1/1] (2.14ns)   --->   "%icmp_ln51_52 = icmp_sgt  i16 %trunc_ln44_52, i16 0" [firmware/nnet_utils/nnet_activation_stream.h:51]   --->   Operation 78 'icmp' 'icmp_ln51_52' <Predicate = true> <Delay = 2.14> <CoreInst = "Cmp">   --->   Core 9 'Cmp' <Latency = 0> <II = 1> <Delay = 2.14> <FuncUnit> <Opcode : 'seteq' 'setne' 'setle' 'setge' 'setlt' 'setgt'> <InPorts = 2> <OutPorts = 1>
ST_3 : Operation 79 [1/1] (0.99ns)   --->   "%select_ln51_52 = select i1 %icmp_ln51_52, i15 %trunc_ln44_80, i15 0" [firmware/nnet_utils/nnet_activation_stream.h:51]   --->   Operation 79 'select' 'select_ln51_52' <Predicate = true> <Delay = 0.99> <CoreInst = "Sel">   --->   Core 73 'Sel' <Latency = 0> <II = 1> <Delay = 0.99> <FuncUnit> <Opcode : 'select'> <InPorts = 3> <OutPorts = 1>
ST_3 : Operation 80 [1/1] (2.14ns)   --->   "%icmp_ln51_53 = icmp_sgt  i16 %trunc_ln44_53, i16 0" [firmware/nnet_utils/nnet_activation_stream.h:51]   --->   Operation 80 'icmp' 'icmp_ln51_53' <Predicate = true> <Delay = 2.14> <CoreInst = "Cmp">   --->   Core 9 'Cmp' <Latency = 0> <II = 1> <Delay = 2.14> <FuncUnit> <Opcode : 'seteq' 'setne' 'setle' 'setge' 'setlt' 'setgt'> <InPorts = 2> <OutPorts = 1>
ST_3 : Operation 81 [1/1] (0.99ns)   --->   "%select_ln51_53 = select i1 %icmp_ln51_53, i15 %trunc_ln3, i15 0" [firmware/nnet_utils/nnet_activation_stream.h:51]   --->   Operation 81 'select' 'select_ln51_53' <Predicate = true> <Delay = 0.99> <CoreInst = "Sel">   --->   Core 73 'Sel' <Latency = 0> <II = 1> <Delay = 0.99> <FuncUnit> <Opcode : 'select'> <InPorts = 3> <OutPorts = 1>

State 4 <SV = 3> <Delay = 1.82>
ST_4 : Operation 82 [1/1] (0.00ns)   --->   "%specpipeline_ln42 = specpipeline void @_ssdm_op_SpecPipeline, i32 4294967295, i32 0, i32 0, i32 0, i32 4294967295, void @empty_9" [firmware/nnet_utils/nnet_activation_stream.h:42]   --->   Operation 82 'specpipeline' 'specpipeline_ln42' <Predicate = true> <Delay = 0.00>
ST_4 : Operation 83 [1/1] (0.00ns)   --->   "%speclooptripcount_ln41 = speclooptripcount void @_ssdm_op_SpecLoopTripCount, i64 121, i64 121, i64 121" [firmware/nnet_utils/nnet_activation_stream.h:41]   --->   Operation 83 'speclooptripcount' 'speclooptripcount_ln41' <Predicate = true> <Delay = 0.00>
ST_4 : Operation 84 [1/1] (0.00ns)   --->   "%specloopname_ln41 = specloopname void @_ssdm_op_SpecLoopName, void @empty_7" [firmware/nnet_utils/nnet_activation_stream.h:41]   --->   Operation 84 'specloopname' 'specloopname_ln41' <Predicate = true> <Delay = 0.00>
ST_4 : Operation 85 [1/1] (0.00ns)   --->   "%zext_ln51 = zext i15 %select_ln51" [firmware/nnet_utils/nnet_activation_stream.h:51]   --->   Operation 85 'zext' 'zext_ln51' <Predicate = true> <Delay = 0.00>
ST_4 : Operation 86 [1/1] (0.00ns)   --->   "%zext_ln51_37 = zext i15 %select_ln51_39" [firmware/nnet_utils/nnet_activation_stream.h:51]   --->   Operation 86 'zext' 'zext_ln51_37' <Predicate = true> <Delay = 0.00>
ST_4 : Operation 87 [1/1] (0.00ns)   --->   "%zext_ln51_38 = zext i15 %select_ln51_40" [firmware/nnet_utils/nnet_activation_stream.h:51]   --->   Operation 87 'zext' 'zext_ln51_38' <Predicate = true> <Delay = 0.00>
ST_4 : Operation 88 [1/1] (0.00ns)   --->   "%zext_ln51_39 = zext i15 %select_ln51_41" [firmware/nnet_utils/nnet_activation_stream.h:51]   --->   Operation 88 'zext' 'zext_ln51_39' <Predicate = true> <Delay = 0.00>
ST_4 : Operation 89 [1/1] (0.00ns)   --->   "%zext_ln51_40 = zext i15 %select_ln51_42" [firmware/nnet_utils/nnet_activation_stream.h:51]   --->   Operation 89 'zext' 'zext_ln51_40' <Predicate = true> <Delay = 0.00>
ST_4 : Operation 90 [1/1] (0.00ns)   --->   "%zext_ln51_41 = zext i15 %select_ln51_43" [firmware/nnet_utils/nnet_activation_stream.h:51]   --->   Operation 90 'zext' 'zext_ln51_41' <Predicate = true> <Delay = 0.00>
ST_4 : Operation 91 [1/1] (0.00ns)   --->   "%zext_ln51_42 = zext i15 %select_ln51_44" [firmware/nnet_utils/nnet_activation_stream.h:51]   --->   Operation 91 'zext' 'zext_ln51_42' <Predicate = true> <Delay = 0.00>
ST_4 : Operation 92 [1/1] (0.00ns)   --->   "%zext_ln51_43 = zext i15 %select_ln51_45" [firmware/nnet_utils/nnet_activation_stream.h:51]   --->   Operation 92 'zext' 'zext_ln51_43' <Predicate = true> <Delay = 0.00>
ST_4 : Operation 93 [1/1] (0.00ns)   --->   "%zext_ln51_44 = zext i15 %select_ln51_46" [firmware/nnet_utils/nnet_activation_stream.h:51]   --->   Operation 93 'zext' 'zext_ln51_44' <Predicate = true> <Delay = 0.00>
ST_4 : Operation 94 [1/1] (0.00ns)   --->   "%zext_ln51_45 = zext i15 %select_ln51_47" [firmware/nnet_utils/nnet_activation_stream.h:51]   --->   Operation 94 'zext' 'zext_ln51_45' <Predicate = true> <Delay = 0.00>
ST_4 : Operation 95 [1/1] (0.00ns)   --->   "%zext_ln51_46 = zext i15 %select_ln51_48" [firmware/nnet_utils/nnet_activation_stream.h:51]   --->   Operation 95 'zext' 'zext_ln51_46' <Predicate = true> <Delay = 0.00>
ST_4 : Operation 96 [1/1] (0.00ns)   --->   "%zext_ln51_47 = zext i15 %select_ln51_49" [firmware/nnet_utils/nnet_activation_stream.h:51]   --->   Operation 96 'zext' 'zext_ln51_47' <Predicate = true> <Delay = 0.00>
ST_4 : Operation 97 [1/1] (0.00ns)   --->   "%zext_ln51_48 = zext i15 %select_ln51_50" [firmware/nnet_utils/nnet_activation_stream.h:51]   --->   Operation 97 'zext' 'zext_ln51_48' <Predicate = true> <Delay = 0.00>
ST_4 : Operation 98 [1/1] (0.00ns)   --->   "%zext_ln51_49 = zext i15 %select_ln51_51" [firmware/nnet_utils/nnet_activation_stream.h:51]   --->   Operation 98 'zext' 'zext_ln51_49' <Predicate = true> <Delay = 0.00>
ST_4 : Operation 99 [1/1] (0.00ns)   --->   "%zext_ln51_50 = zext i15 %select_ln51_52" [firmware/nnet_utils/nnet_activation_stream.h:51]   --->   Operation 99 'zext' 'zext_ln51_50' <Predicate = true> <Delay = 0.00>
ST_4 : Operation 100 [1/1] (0.00ns)   --->   "%or_ln57_s = bitconcatenate i255 @_ssdm_op_BitConcatenate.i255.i15.i16.i16.i16.i16.i16.i16.i16.i16.i16.i16.i16.i16.i16.i16.i16, i15 %select_ln51_53, i16 %zext_ln51_50, i16 %zext_ln51_49, i16 %zext_ln51_48, i16 %zext_ln51_47, i16 %zext_ln51_46, i16 %zext_ln51_45, i16 %zext_ln51_44, i16 %zext_ln51_43, i16 %zext_ln51_42, i16 %zext_ln51_41, i16 %zext_ln51_40, i16 %zext_ln51_39, i16 %zext_ln51_38, i16 %zext_ln51_37, i16 %zext_ln51" [firmware/nnet_utils/nnet_activation_stream.h:57]   --->   Operation 100 'bitconcatenate' 'or_ln57_s' <Predicate = true> <Delay = 0.00>
ST_4 : Operation 101 [1/1] (0.00ns)   --->   "%zext_ln57 = zext i255 %or_ln57_s" [firmware/nnet_utils/nnet_activation_stream.h:57]   --->   Operation 101 'zext' 'zext_ln57' <Predicate = true> <Delay = 0.00>
ST_4 : Operation 102 [1/1] ( I:1.82ns O:1.82ns )   --->   "%write_ln57 = write void @_ssdm_op_Write.ap_fifo.volatile.i256P0A, i256 %layer15_out, i256 %zext_ln57" [firmware/nnet_utils/nnet_activation_stream.h:57]   --->   Operation 102 'write' 'write_ln57' <Predicate = true> <Delay = 1.82> <CoreInst = "FIFO">   --->   Core 77 'FIFO' <Latency = 0> <II = 1> <Delay = 3.74> <Storage> <Opcode : 'read' 'write' 'nbread' 'nbwrite'> <Ports = 0> <Width = 256> <Depth = 121> <FIFO>
ST_4 : Operation 103 [1/1] (1.61ns)   --->   "%ret_ln59 = ret" [firmware/nnet_utils/nnet_activation_stream.h:59]   --->   Operation 103 'ret' 'ret_ln59' <Predicate = (icmp_ln41)> <Delay = 1.61>


============================================================
+ Verbose Summary: Timing violations
============================================================
Target clock period: 5.000ns, clock uncertainty: 1.350ns.

 <State 1>: 1.610ns
The critical path consists of the following:
	'store' operation ('store_ln41', firmware/nnet_utils/nnet_activation_stream.h:41) of constant 0 7 bit on local variable 'i', firmware/nnet_utils/nnet_activation_stream.h:41 [6]  (1.610 ns)

 <State 2>: 3.641ns
The critical path consists of the following:
	'load' operation 7 bit ('i', firmware/nnet_utils/nnet_activation_stream.h:41) on local variable 'i', firmware/nnet_utils/nnet_activation_stream.h:41 [9]  (0.000 ns)
	'add' operation 7 bit ('i_7', firmware/nnet_utils/nnet_activation_stream.h:41) [96]  (2.030 ns)
	'store' operation ('store_ln41', firmware/nnet_utils/nnet_activation_stream.h:41) of variable 'i_7', firmware/nnet_utils/nnet_activation_stream.h:41 7 bit on local variable 'i', firmware/nnet_utils/nnet_activation_stream.h:41 [98]  (1.610 ns)

 <State 3>: 3.141ns
The critical path consists of the following:
	'icmp' operation 1 bit ('icmp_ln51', firmware/nnet_utils/nnet_activation_stream.h:51) [46]  (2.146 ns)
	'select' operation 15 bit ('select_ln51', firmware/nnet_utils/nnet_activation_stream.h:51) [47]  (0.995 ns)

 <State 4>: 1.825ns
The critical path consists of the following:
	fifo write operation ('write_ln57', firmware/nnet_utils/nnet_activation_stream.h:57) on port 'layer15_out' (firmware/nnet_utils/nnet_activation_stream.h:57) [95]  (1.825 ns)


============================================================
+ Verbose Summary: Binding
============================================================
N/A
* FSMD analyzer results:
  - Output states:
 - Input state : 
  - Chain level:
	State 1
	State 2
	State 3
	State 4


============================================================
+ Verbose Summary: Datapath Resource usage 
============================================================
N/A
