

================================================================
== Vitis HLS Report for 'relu_array_ap_fixed_32u_array_ap_fixed_16_6_5_3_0_32u_ReLU_config20_s'
================================================================
* Date:           Tue Oct  6 08:53:58 2026

* Version:        2026.1 (Build 6493734 on Jun 16 2026)
* Project:        myproject_prj
* Solution:       solution1
* Product family: artix7
* Target device:  xc7a35t-ftg256-1


================================================================
== Performance Estimates
================================================================
+ Timing: 
    * Summary: 
    +--------+---------+----------+------------+
    |  Clock |  Target | Estimated| Uncertainty|
    +--------+---------+----------+------------+
    |ap_clk  |  5.00 ns|  3.141 ns|     1.35 ns|
    +--------+---------+----------+------------+

+ Latency: 
    * Summary: 
    +---------+---------+-----------+-----------+-----+-----+---------+
    |  Latency (cycles) |   Latency (absolute)  |  Interval | Pipeline|
    |   min   |   max   |    min    |    max    | min | max |   Type  |
    +---------+---------+-----------+-----------+-----+-----+---------+
    |        2|        2|  10.000 ns|  10.000 ns|    2|    2|       no|
    +---------+---------+-----------+-----------+-----+-----+---------+

    + Detail: 
        * Instance: 
        N/A

        * Loop: 
        N/A

============================================================
+ Verbose Summary: Synthesis Manager
============================================================
InlineROM: 1
ExposeGlobal: 0
============================================================
+ Verbose Summary: CDFG Model
============================================================
IsTopModel: 0
ResetActiveHigh: 1
IsCombinational: 2
IsDatapathOnly: 0
HasWiredReturn: 1
HasMFsm: 0
HasVarLatency: 1
IsPipeline: 0
IsRtlPipelined: 0
IsInstanceOverlapped: 0
IsDontTouch: 0
HasImplIP: 0
IsGatedGlobalClock: 0


============================================================
+ Verbose Summary: Schedule
============================================================
* Number of FSM states : 3
* Pipeline : 0
* Dataflow Pipeline: 0

* FSM state transitions: 
1 --> 2 
2 --> 3 
3 --> 

* FSM state operations: 

State 1 <SV = 0> <Delay = 1.82>
ST_1 : Operation 4 [1/1] ( I:1.82ns O:1.82ns )   --->   "%layer23_out_read = read i512 @_ssdm_op_Read.ap_fifo.volatile.i512P0A, i512 %layer23_out" [firmware/nnet_utils/nnet_activation_stream.h:44]   --->   Operation 4 'read' 'layer23_out_read' <Predicate = true> <Delay = 1.82> <CoreInst = "FIFO_SRL">   --->   Core 80 'FIFO_SRL' <Latency = 0> <II = 1> <Delay = 3.90> <Storage> <Opcode : 'read' 'write' 'nbread' 'nbwrite'> <Ports = 0> <Width = 512> <Depth = 1> <FIFO>
ST_1 : Operation 5 [1/1] (0.00ns)   --->   "%trunc_ln44 = trunc i512 %layer23_out_read" [firmware/nnet_utils/nnet_activation_stream.h:44]   --->   Operation 5 'trunc' 'trunc_ln44' <Predicate = true> <Delay = 0.00>
ST_1 : Operation 6 [1/1] (0.00ns)   --->   "%trunc_ln44_69 = trunc i512 %layer23_out_read" [firmware/nnet_utils/nnet_activation_stream.h:44]   --->   Operation 6 'trunc' 'trunc_ln44_69' <Predicate = true> <Delay = 0.00>
ST_1 : Operation 7 [1/1] (0.00ns)   --->   "%trunc_ln44_8 = partselect i16 @_ssdm_op_PartSelect.i16.i512.i32.i32, i512 %layer23_out_read, i32 16, i32 31" [firmware/nnet_utils/nnet_activation_stream.h:44]   --->   Operation 7 'partselect' 'trunc_ln44_8' <Predicate = true> <Delay = 0.00>
ST_1 : Operation 8 [1/1] (0.00ns)   --->   "%trunc_ln44_s = partselect i15 @_ssdm_op_PartSelect.i15.i512.i32.i32, i512 %layer23_out_read, i32 16, i32 30" [firmware/nnet_utils/nnet_activation_stream.h:44]   --->   Operation 8 'partselect' 'trunc_ln44_s' <Predicate = true> <Delay = 0.00>
ST_1 : Operation 9 [1/1] (0.00ns)   --->   "%trunc_ln44_9 = partselect i16 @_ssdm_op_PartSelect.i16.i512.i32.i32, i512 %layer23_out_read, i32 32, i32 47" [firmware/nnet_utils/nnet_activation_stream.h:44]   --->   Operation 9 'partselect' 'trunc_ln44_9' <Predicate = true> <Delay = 0.00>
ST_1 : Operation 10 [1/1] (0.00ns)   --->   "%trunc_ln44_39 = partselect i15 @_ssdm_op_PartSelect.i15.i512.i32.i32, i512 %layer23_out_read, i32 32, i32 46" [firmware/nnet_utils/nnet_activation_stream.h:44]   --->   Operation 10 'partselect' 'trunc_ln44_39' <Predicate = true> <Delay = 0.00>
ST_1 : Operation 11 [1/1] (0.00ns)   --->   "%trunc_ln44_10 = partselect i16 @_ssdm_op_PartSelect.i16.i512.i32.i32, i512 %layer23_out_read, i32 48, i32 63" [firmware/nnet_utils/nnet_activation_stream.h:44]   --->   Operation 11 'partselect' 'trunc_ln44_10' <Predicate = true> <Delay = 0.00>
ST_1 : Operation 12 [1/1] (0.00ns)   --->   "%trunc_ln44_40 = partselect i15 @_ssdm_op_PartSelect.i15.i512.i32.i32, i512 %layer23_out_read, i32 48, i32 62" [firmware/nnet_utils/nnet_activation_stream.h:44]   --->   Operation 12 'partselect' 'trunc_ln44_40' <Predicate = true> <Delay = 0.00>
ST_1 : Operation 13 [1/1] (0.00ns)   --->   "%trunc_ln44_11 = partselect i16 @_ssdm_op_PartSelect.i16.i512.i32.i32, i512 %layer23_out_read, i32 64, i32 79" [firmware/nnet_utils/nnet_activation_stream.h:44]   --->   Operation 13 'partselect' 'trunc_ln44_11' <Predicate = true> <Delay = 0.00>
ST_1 : Operation 14 [1/1] (0.00ns)   --->   "%trunc_ln44_41 = partselect i15 @_ssdm_op_PartSelect.i15.i512.i32.i32, i512 %layer23_out_read, i32 64, i32 78" [firmware/nnet_utils/nnet_activation_stream.h:44]   --->   Operation 14 'partselect' 'trunc_ln44_41' <Predicate = true> <Delay = 0.00>
ST_1 : Operation 15 [1/1] (0.00ns)   --->   "%trunc_ln44_12 = partselect i16 @_ssdm_op_PartSelect.i16.i512.i32.i32, i512 %layer23_out_read, i32 80, i32 95" [firmware/nnet_utils/nnet_activation_stream.h:44]   --->   Operation 15 'partselect' 'trunc_ln44_12' <Predicate = true> <Delay = 0.00>
ST_1 : Operation 16 [1/1] (0.00ns)   --->   "%trunc_ln44_42 = partselect i15 @_ssdm_op_PartSelect.i15.i512.i32.i32, i512 %layer23_out_read, i32 80, i32 94" [firmware/nnet_utils/nnet_activation_stream.h:44]   --->   Operation 16 'partselect' 'trunc_ln44_42' <Predicate = true> <Delay = 0.00>
ST_1 : Operation 17 [1/1] (0.00ns)   --->   "%trunc_ln44_13 = partselect i16 @_ssdm_op_PartSelect.i16.i512.i32.i32, i512 %layer23_out_read, i32 96, i32 111" [firmware/nnet_utils/nnet_activation_stream.h:44]   --->   Operation 17 'partselect' 'trunc_ln44_13' <Predicate = true> <Delay = 0.00>
ST_1 : Operation 18 [1/1] (0.00ns)   --->   "%trunc_ln44_43 = partselect i15 @_ssdm_op_PartSelect.i15.i512.i32.i32, i512 %layer23_out_read, i32 96, i32 110" [firmware/nnet_utils/nnet_activation_stream.h:44]   --->   Operation 18 'partselect' 'trunc_ln44_43' <Predicate = true> <Delay = 0.00>
ST_1 : Operation 19 [1/1] (0.00ns)   --->   "%trunc_ln44_14 = partselect i16 @_ssdm_op_PartSelect.i16.i512.i32.i32, i512 %layer23_out_read, i32 112, i32 127" [firmware/nnet_utils/nnet_activation_stream.h:44]   --->   Operation 19 'partselect' 'trunc_ln44_14' <Predicate = true> <Delay = 0.00>
ST_1 : Operation 20 [1/1] (0.00ns)   --->   "%trunc_ln44_44 = partselect i15 @_ssdm_op_PartSelect.i15.i512.i32.i32, i512 %layer23_out_read, i32 112, i32 126" [firmware/nnet_utils/nnet_activation_stream.h:44]   --->   Operation 20 'partselect' 'trunc_ln44_44' <Predicate = true> <Delay = 0.00>
ST_1 : Operation 21 [1/1] (0.00ns)   --->   "%trunc_ln44_15 = partselect i16 @_ssdm_op_PartSelect.i16.i512.i32.i32, i512 %layer23_out_read, i32 128, i32 143" [firmware/nnet_utils/nnet_activation_stream.h:44]   --->   Operation 21 'partselect' 'trunc_ln44_15' <Predicate = true> <Delay = 0.00>
ST_1 : Operation 22 [1/1] (0.00ns)   --->   "%trunc_ln44_45 = partselect i15 @_ssdm_op_PartSelect.i15.i512.i32.i32, i512 %layer23_out_read, i32 128, i32 142" [firmware/nnet_utils/nnet_activation_stream.h:44]   --->   Operation 22 'partselect' 'trunc_ln44_45' <Predicate = true> <Delay = 0.00>
ST_1 : Operation 23 [1/1] (0.00ns)   --->   "%trunc_ln44_16 = partselect i16 @_ssdm_op_PartSelect.i16.i512.i32.i32, i512 %layer23_out_read, i32 144, i32 159" [firmware/nnet_utils/nnet_activation_stream.h:44]   --->   Operation 23 'partselect' 'trunc_ln44_16' <Predicate = true> <Delay = 0.00>
ST_1 : Operation 24 [1/1] (0.00ns)   --->   "%trunc_ln44_46 = partselect i15 @_ssdm_op_PartSelect.i15.i512.i32.i32, i512 %layer23_out_read, i32 144, i32 158" [firmware/nnet_utils/nnet_activation_stream.h:44]   --->   Operation 24 'partselect' 'trunc_ln44_46' <Predicate = true> <Delay = 0.00>
ST_1 : Operation 25 [1/1] (0.00ns)   --->   "%trunc_ln44_17 = partselect i16 @_ssdm_op_PartSelect.i16.i512.i32.i32, i512 %layer23_out_read, i32 160, i32 175" [firmware/nnet_utils/nnet_activation_stream.h:44]   --->   Operation 25 'partselect' 'trunc_ln44_17' <Predicate = true> <Delay = 0.00>
ST_1 : Operation 26 [1/1] (0.00ns)   --->   "%trunc_ln44_47 = partselect i15 @_ssdm_op_PartSelect.i15.i512.i32.i32, i512 %layer23_out_read, i32 160, i32 174" [firmware/nnet_utils/nnet_activation_stream.h:44]   --->   Operation 26 'partselect' 'trunc_ln44_47' <Predicate = true> <Delay = 0.00>
ST_1 : Operation 27 [1/1] (0.00ns)   --->   "%trunc_ln44_18 = partselect i16 @_ssdm_op_PartSelect.i16.i512.i32.i32, i512 %layer23_out_read, i32 176, i32 191" [firmware/nnet_utils/nnet_activation_stream.h:44]   --->   Operation 27 'partselect' 'trunc_ln44_18' <Predicate = true> <Delay = 0.00>
ST_1 : Operation 28 [1/1] (0.00ns)   --->   "%trunc_ln44_48 = partselect i15 @_ssdm_op_PartSelect.i15.i512.i32.i32, i512 %layer23_out_read, i32 176, i32 190" [firmware/nnet_utils/nnet_activation_stream.h:44]   --->   Operation 28 'partselect' 'trunc_ln44_48' <Predicate = true> <Delay = 0.00>
ST_1 : Operation 29 [1/1] (0.00ns)   --->   "%trunc_ln44_19 = partselect i16 @_ssdm_op_PartSelect.i16.i512.i32.i32, i512 %layer23_out_read, i32 192, i32 207" [firmware/nnet_utils/nnet_activation_stream.h:44]   --->   Operation 29 'partselect' 'trunc_ln44_19' <Predicate = true> <Delay = 0.00>
ST_1 : Operation 30 [1/1] (0.00ns)   --->   "%trunc_ln44_49 = partselect i15 @_ssdm_op_PartSelect.i15.i512.i32.i32, i512 %layer23_out_read, i32 192, i32 206" [firmware/nnet_utils/nnet_activation_stream.h:44]   --->   Operation 30 'partselect' 'trunc_ln44_49' <Predicate = true> <Delay = 0.00>
ST_1 : Operation 31 [1/1] (0.00ns)   --->   "%trunc_ln44_20 = partselect i16 @_ssdm_op_PartSelect.i16.i512.i32.i32, i512 %layer23_out_read, i32 208, i32 223" [firmware/nnet_utils/nnet_activation_stream.h:44]   --->   Operation 31 'partselect' 'trunc_ln44_20' <Predicate = true> <Delay = 0.00>
ST_1 : Operation 32 [1/1] (0.00ns)   --->   "%trunc_ln44_50 = partselect i15 @_ssdm_op_PartSelect.i15.i512.i32.i32, i512 %layer23_out_read, i32 208, i32 222" [firmware/nnet_utils/nnet_activation_stream.h:44]   --->   Operation 32 'partselect' 'trunc_ln44_50' <Predicate = true> <Delay = 0.00>
ST_1 : Operation 33 [1/1] (0.00ns)   --->   "%trunc_ln44_21 = partselect i16 @_ssdm_op_PartSelect.i16.i512.i32.i32, i512 %layer23_out_read, i32 224, i32 239" [firmware/nnet_utils/nnet_activation_stream.h:44]   --->   Operation 33 'partselect' 'trunc_ln44_21' <Predicate = true> <Delay = 0.00>
ST_1 : Operation 34 [1/1] (0.00ns)   --->   "%trunc_ln44_51 = partselect i15 @_ssdm_op_PartSelect.i15.i512.i32.i32, i512 %layer23_out_read, i32 224, i32 238" [firmware/nnet_utils/nnet_activation_stream.h:44]   --->   Operation 34 'partselect' 'trunc_ln44_51' <Predicate = true> <Delay = 0.00>
ST_1 : Operation 35 [1/1] (0.00ns)   --->   "%trunc_ln44_22 = partselect i16 @_ssdm_op_PartSelect.i16.i512.i32.i32, i512 %layer23_out_read, i32 240, i32 255" [firmware/nnet_utils/nnet_activation_stream.h:44]   --->   Operation 35 'partselect' 'trunc_ln44_22' <Predicate = true> <Delay = 0.00>
ST_1 : Operation 36 [1/1] (0.00ns)   --->   "%trunc_ln44_52 = partselect i15 @_ssdm_op_PartSelect.i15.i512.i32.i32, i512 %layer23_out_read, i32 240, i32 254" [firmware/nnet_utils/nnet_activation_stream.h:44]   --->   Operation 36 'partselect' 'trunc_ln44_52' <Predicate = true> <Delay = 0.00>
ST_1 : Operation 37 [1/1] (0.00ns)   --->   "%trunc_ln44_23 = partselect i16 @_ssdm_op_PartSelect.i16.i512.i32.i32, i512 %layer23_out_read, i32 256, i32 271" [firmware/nnet_utils/nnet_activation_stream.h:44]   --->   Operation 37 'partselect' 'trunc_ln44_23' <Predicate = true> <Delay = 0.00>
ST_1 : Operation 38 [1/1] (0.00ns)   --->   "%trunc_ln44_53 = partselect i15 @_ssdm_op_PartSelect.i15.i512.i32.i32, i512 %layer23_out_read, i32 256, i32 270" [firmware/nnet_utils/nnet_activation_stream.h:44]   --->   Operation 38 'partselect' 'trunc_ln44_53' <Predicate = true> <Delay = 0.00>
ST_1 : Operation 39 [1/1] (0.00ns)   --->   "%trunc_ln44_24 = partselect i16 @_ssdm_op_PartSelect.i16.i512.i32.i32, i512 %layer23_out_read, i32 272, i32 287" [firmware/nnet_utils/nnet_activation_stream.h:44]   --->   Operation 39 'partselect' 'trunc_ln44_24' <Predicate = true> <Delay = 0.00>
ST_1 : Operation 40 [1/1] (0.00ns)   --->   "%trunc_ln44_54 = partselect i15 @_ssdm_op_PartSelect.i15.i512.i32.i32, i512 %layer23_out_read, i32 272, i32 286" [firmware/nnet_utils/nnet_activation_stream.h:44]   --->   Operation 40 'partselect' 'trunc_ln44_54' <Predicate = true> <Delay = 0.00>
ST_1 : Operation 41 [1/1] (0.00ns)   --->   "%trunc_ln44_25 = partselect i16 @_ssdm_op_PartSelect.i16.i512.i32.i32, i512 %layer23_out_read, i32 288, i32 303" [firmware/nnet_utils/nnet_activation_stream.h:44]   --->   Operation 41 'partselect' 'trunc_ln44_25' <Predicate = true> <Delay = 0.00>
ST_1 : Operation 42 [1/1] (0.00ns)   --->   "%trunc_ln44_55 = partselect i15 @_ssdm_op_PartSelect.i15.i512.i32.i32, i512 %layer23_out_read, i32 288, i32 302" [firmware/nnet_utils/nnet_activation_stream.h:44]   --->   Operation 42 'partselect' 'trunc_ln44_55' <Predicate = true> <Delay = 0.00>
ST_1 : Operation 43 [1/1] (0.00ns)   --->   "%trunc_ln44_26 = partselect i16 @_ssdm_op_PartSelect.i16.i512.i32.i32, i512 %layer23_out_read, i32 304, i32 319" [firmware/nnet_utils/nnet_activation_stream.h:44]   --->   Operation 43 'partselect' 'trunc_ln44_26' <Predicate = true> <Delay = 0.00>
ST_1 : Operation 44 [1/1] (0.00ns)   --->   "%trunc_ln44_56 = partselect i15 @_ssdm_op_PartSelect.i15.i512.i32.i32, i512 %layer23_out_read, i32 304, i32 318" [firmware/nnet_utils/nnet_activation_stream.h:44]   --->   Operation 44 'partselect' 'trunc_ln44_56' <Predicate = true> <Delay = 0.00>
ST_1 : Operation 45 [1/1] (0.00ns)   --->   "%trunc_ln44_27 = partselect i16 @_ssdm_op_PartSelect.i16.i512.i32.i32, i512 %layer23_out_read, i32 320, i32 335" [firmware/nnet_utils/nnet_activation_stream.h:44]   --->   Operation 45 'partselect' 'trunc_ln44_27' <Predicate = true> <Delay = 0.00>
ST_1 : Operation 46 [1/1] (0.00ns)   --->   "%trunc_ln44_57 = partselect i15 @_ssdm_op_PartSelect.i15.i512.i32.i32, i512 %layer23_out_read, i32 320, i32 334" [firmware/nnet_utils/nnet_activation_stream.h:44]   --->   Operation 46 'partselect' 'trunc_ln44_57' <Predicate = true> <Delay = 0.00>
ST_1 : Operation 47 [1/1] (0.00ns)   --->   "%trunc_ln44_28 = partselect i16 @_ssdm_op_PartSelect.i16.i512.i32.i32, i512 %layer23_out_read, i32 336, i32 351" [firmware/nnet_utils/nnet_activation_stream.h:44]   --->   Operation 47 'partselect' 'trunc_ln44_28' <Predicate = true> <Delay = 0.00>
ST_1 : Operation 48 [1/1] (0.00ns)   --->   "%trunc_ln44_58 = partselect i15 @_ssdm_op_PartSelect.i15.i512.i32.i32, i512 %layer23_out_read, i32 336, i32 350" [firmware/nnet_utils/nnet_activation_stream.h:44]   --->   Operation 48 'partselect' 'trunc_ln44_58' <Predicate = true> <Delay = 0.00>
ST_1 : Operation 49 [1/1] (0.00ns)   --->   "%trunc_ln44_29 = partselect i16 @_ssdm_op_PartSelect.i16.i512.i32.i32, i512 %layer23_out_read, i32 352, i32 367" [firmware/nnet_utils/nnet_activation_stream.h:44]   --->   Operation 49 'partselect' 'trunc_ln44_29' <Predicate = true> <Delay = 0.00>
ST_1 : Operation 50 [1/1] (0.00ns)   --->   "%trunc_ln44_59 = partselect i15 @_ssdm_op_PartSelect.i15.i512.i32.i32, i512 %layer23_out_read, i32 352, i32 366" [firmware/nnet_utils/nnet_activation_stream.h:44]   --->   Operation 50 'partselect' 'trunc_ln44_59' <Predicate = true> <Delay = 0.00>
ST_1 : Operation 51 [1/1] (0.00ns)   --->   "%trunc_ln44_30 = partselect i16 @_ssdm_op_PartSelect.i16.i512.i32.i32, i512 %layer23_out_read, i32 368, i32 383" [firmware/nnet_utils/nnet_activation_stream.h:44]   --->   Operation 51 'partselect' 'trunc_ln44_30' <Predicate = true> <Delay = 0.00>
ST_1 : Operation 52 [1/1] (0.00ns)   --->   "%trunc_ln44_60 = partselect i15 @_ssdm_op_PartSelect.i15.i512.i32.i32, i512 %layer23_out_read, i32 368, i32 382" [firmware/nnet_utils/nnet_activation_stream.h:44]   --->   Operation 52 'partselect' 'trunc_ln44_60' <Predicate = true> <Delay = 0.00>
ST_1 : Operation 53 [1/1] (0.00ns)   --->   "%trunc_ln44_31 = partselect i16 @_ssdm_op_PartSelect.i16.i512.i32.i32, i512 %layer23_out_read, i32 384, i32 399" [firmware/nnet_utils/nnet_activation_stream.h:44]   --->   Operation 53 'partselect' 'trunc_ln44_31' <Predicate = true> <Delay = 0.00>
ST_1 : Operation 54 [1/1] (0.00ns)   --->   "%trunc_ln44_61 = partselect i15 @_ssdm_op_PartSelect.i15.i512.i32.i32, i512 %layer23_out_read, i32 384, i32 398" [firmware/nnet_utils/nnet_activation_stream.h:44]   --->   Operation 54 'partselect' 'trunc_ln44_61' <Predicate = true> <Delay = 0.00>
ST_1 : Operation 55 [1/1] (0.00ns)   --->   "%trunc_ln44_32 = partselect i16 @_ssdm_op_PartSelect.i16.i512.i32.i32, i512 %layer23_out_read, i32 400, i32 415" [firmware/nnet_utils/nnet_activation_stream.h:44]   --->   Operation 55 'partselect' 'trunc_ln44_32' <Predicate = true> <Delay = 0.00>
ST_1 : Operation 56 [1/1] (0.00ns)   --->   "%trunc_ln44_62 = partselect i15 @_ssdm_op_PartSelect.i15.i512.i32.i32, i512 %layer23_out_read, i32 400, i32 414" [firmware/nnet_utils/nnet_activation_stream.h:44]   --->   Operation 56 'partselect' 'trunc_ln44_62' <Predicate = true> <Delay = 0.00>
ST_1 : Operation 57 [1/1] (0.00ns)   --->   "%trunc_ln44_33 = partselect i16 @_ssdm_op_PartSelect.i16.i512.i32.i32, i512 %layer23_out_read, i32 416, i32 431" [firmware/nnet_utils/nnet_activation_stream.h:44]   --->   Operation 57 'partselect' 'trunc_ln44_33' <Predicate = true> <Delay = 0.00>
ST_1 : Operation 58 [1/1] (0.00ns)   --->   "%trunc_ln44_63 = partselect i15 @_ssdm_op_PartSelect.i15.i512.i32.i32, i512 %layer23_out_read, i32 416, i32 430" [firmware/nnet_utils/nnet_activation_stream.h:44]   --->   Operation 58 'partselect' 'trunc_ln44_63' <Predicate = true> <Delay = 0.00>
ST_1 : Operation 59 [1/1] (0.00ns)   --->   "%trunc_ln44_34 = partselect i16 @_ssdm_op_PartSelect.i16.i512.i32.i32, i512 %layer23_out_read, i32 432, i32 447" [firmware/nnet_utils/nnet_activation_stream.h:44]   --->   Operation 59 'partselect' 'trunc_ln44_34' <Predicate = true> <Delay = 0.00>
ST_1 : Operation 60 [1/1] (0.00ns)   --->   "%trunc_ln44_64 = partselect i15 @_ssdm_op_PartSelect.i15.i512.i32.i32, i512 %layer23_out_read, i32 432, i32 446" [firmware/nnet_utils/nnet_activation_stream.h:44]   --->   Operation 60 'partselect' 'trunc_ln44_64' <Predicate = true> <Delay = 0.00>
ST_1 : Operation 61 [1/1] (0.00ns)   --->   "%trunc_ln44_35 = partselect i16 @_ssdm_op_PartSelect.i16.i512.i32.i32, i512 %layer23_out_read, i32 448, i32 463" [firmware/nnet_utils/nnet_activation_stream.h:44]   --->   Operation 61 'partselect' 'trunc_ln44_35' <Predicate = true> <Delay = 0.00>
ST_1 : Operation 62 [1/1] (0.00ns)   --->   "%trunc_ln44_65 = partselect i15 @_ssdm_op_PartSelect.i15.i512.i32.i32, i512 %layer23_out_read, i32 448, i32 462" [firmware/nnet_utils/nnet_activation_stream.h:44]   --->   Operation 62 'partselect' 'trunc_ln44_65' <Predicate = true> <Delay = 0.00>
ST_1 : Operation 63 [1/1] (0.00ns)   --->   "%trunc_ln44_36 = partselect i16 @_ssdm_op_PartSelect.i16.i512.i32.i32, i512 %layer23_out_read, i32 464, i32 479" [firmware/nnet_utils/nnet_activation_stream.h:44]   --->   Operation 63 'partselect' 'trunc_ln44_36' <Predicate = true> <Delay = 0.00>
ST_1 : Operation 64 [1/1] (0.00ns)   --->   "%trunc_ln44_66 = partselect i15 @_ssdm_op_PartSelect.i15.i512.i32.i32, i512 %layer23_out_read, i32 464, i32 478" [firmware/nnet_utils/nnet_activation_stream.h:44]   --->   Operation 64 'partselect' 'trunc_ln44_66' <Predicate = true> <Delay = 0.00>
ST_1 : Operation 65 [1/1] (0.00ns)   --->   "%trunc_ln44_37 = partselect i16 @_ssdm_op_PartSelect.i16.i512.i32.i32, i512 %layer23_out_read, i32 480, i32 495" [firmware/nnet_utils/nnet_activation_stream.h:44]   --->   Operation 65 'partselect' 'trunc_ln44_37' <Predicate = true> <Delay = 0.00>
ST_1 : Operation 66 [1/1] (0.00ns)   --->   "%trunc_ln44_67 = partselect i15 @_ssdm_op_PartSelect.i15.i512.i32.i32, i512 %layer23_out_read, i32 480, i32 494" [firmware/nnet_utils/nnet_activation_stream.h:44]   --->   Operation 66 'partselect' 'trunc_ln44_67' <Predicate = true> <Delay = 0.00>
ST_1 : Operation 67 [1/1] (0.00ns)   --->   "%trunc_ln44_38 = partselect i16 @_ssdm_op_PartSelect.i16.i512.i32.i32, i512 %layer23_out_read, i32 496, i32 511" [firmware/nnet_utils/nnet_activation_stream.h:44]   --->   Operation 67 'partselect' 'trunc_ln44_38' <Predicate = true> <Delay = 0.00>
ST_1 : Operation 68 [1/1] (0.00ns)   --->   "%trunc_ln2 = partselect i15 @_ssdm_op_PartSelect.i15.i512.i32.i32, i512 %layer23_out_read, i32 496, i32 510" [firmware/nnet_utils/nnet_activation_stream.h:51]   --->   Operation 68 'partselect' 'trunc_ln2' <Predicate = true> <Delay = 0.00>

State 2 <SV = 1> <Delay = 3.14>
ST_2 : Operation 69 [1/1] (2.14ns)   --->   "%icmp_ln51 = icmp_sgt  i16 %trunc_ln44, i16 0" [firmware/nnet_utils/nnet_activation_stream.h:51]   --->   Operation 69 'icmp' 'icmp_ln51' <Predicate = true> <Delay = 2.14> <CoreInst = "Cmp">   --->   Core 9 'Cmp' <Latency = 0> <II = 1> <Delay = 2.14> <FuncUnit> <Opcode : 'seteq' 'setne' 'setle' 'setge' 'setlt' 'setgt'> <InPorts = 2> <OutPorts = 1>
ST_2 : Operation 70 [1/1] (0.99ns)   --->   "%select_ln51 = select i1 %icmp_ln51, i15 %trunc_ln44_69, i15 0" [firmware/nnet_utils/nnet_activation_stream.h:51]   --->   Operation 70 'select' 'select_ln51' <Predicate = true> <Delay = 0.99> <CoreInst = "Sel">   --->   Core 73 'Sel' <Latency = 0> <II = 1> <Delay = 0.99> <FuncUnit> <Opcode : 'select'> <InPorts = 3> <OutPorts = 1>
ST_2 : Operation 71 [1/1] (2.14ns)   --->   "%icmp_ln51_8 = icmp_sgt  i16 %trunc_ln44_8, i16 0" [firmware/nnet_utils/nnet_activation_stream.h:51]   --->   Operation 71 'icmp' 'icmp_ln51_8' <Predicate = true> <Delay = 2.14> <CoreInst = "Cmp">   --->   Core 9 'Cmp' <Latency = 0> <II = 1> <Delay = 2.14> <FuncUnit> <Opcode : 'seteq' 'setne' 'setle' 'setge' 'setlt' 'setgt'> <InPorts = 2> <OutPorts = 1>
ST_2 : Operation 72 [1/1] (0.99ns)   --->   "%select_ln51_8 = select i1 %icmp_ln51_8, i15 %trunc_ln44_s, i15 0" [firmware/nnet_utils/nnet_activation_stream.h:51]   --->   Operation 72 'select' 'select_ln51_8' <Predicate = true> <Delay = 0.99> <CoreInst = "Sel">   --->   Core 73 'Sel' <Latency = 0> <II = 1> <Delay = 0.99> <FuncUnit> <Opcode : 'select'> <InPorts = 3> <OutPorts = 1>
ST_2 : Operation 73 [1/1] (2.14ns)   --->   "%icmp_ln51_9 = icmp_sgt  i16 %trunc_ln44_9, i16 0" [firmware/nnet_utils/nnet_activation_stream.h:51]   --->   Operation 73 'icmp' 'icmp_ln51_9' <Predicate = true> <Delay = 2.14> <CoreInst = "Cmp">   --->   Core 9 'Cmp' <Latency = 0> <II = 1> <Delay = 2.14> <FuncUnit> <Opcode : 'seteq' 'setne' 'setle' 'setge' 'setlt' 'setgt'> <InPorts = 2> <OutPorts = 1>
ST_2 : Operation 74 [1/1] (0.99ns)   --->   "%select_ln51_9 = select i1 %icmp_ln51_9, i15 %trunc_ln44_39, i15 0" [firmware/nnet_utils/nnet_activation_stream.h:51]   --->   Operation 74 'select' 'select_ln51_9' <Predicate = true> <Delay = 0.99> <CoreInst = "Sel">   --->   Core 73 'Sel' <Latency = 0> <II = 1> <Delay = 0.99> <FuncUnit> <Opcode : 'select'> <InPorts = 3> <OutPorts = 1>
ST_2 : Operation 75 [1/1] (2.14ns)   --->   "%icmp_ln51_10 = icmp_sgt  i16 %trunc_ln44_10, i16 0" [firmware/nnet_utils/nnet_activation_stream.h:51]   --->   Operation 75 'icmp' 'icmp_ln51_10' <Predicate = true> <Delay = 2.14> <CoreInst = "Cmp">   --->   Core 9 'Cmp' <Latency = 0> <II = 1> <Delay = 2.14> <FuncUnit> <Opcode : 'seteq' 'setne' 'setle' 'setge' 'setlt' 'setgt'> <InPorts = 2> <OutPorts = 1>
ST_2 : Operation 76 [1/1] (0.99ns)   --->   "%select_ln51_10 = select i1 %icmp_ln51_10, i15 %trunc_ln44_40, i15 0" [firmware/nnet_utils/nnet_activation_stream.h:51]   --->   Operation 76 'select' 'select_ln51_10' <Predicate = true> <Delay = 0.99> <CoreInst = "Sel">   --->   Core 73 'Sel' <Latency = 0> <II = 1> <Delay = 0.99> <FuncUnit> <Opcode : 'select'> <InPorts = 3> <OutPorts = 1>
ST_2 : Operation 77 [1/1] (2.14ns)   --->   "%icmp_ln51_11 = icmp_sgt  i16 %trunc_ln44_11, i16 0" [firmware/nnet_utils/nnet_activation_stream.h:51]   --->   Operation 77 'icmp' 'icmp_ln51_11' <Predicate = true> <Delay = 2.14> <CoreInst = "Cmp">   --->   Core 9 'Cmp' <Latency = 0> <II = 1> <Delay = 2.14> <FuncUnit> <Opcode : 'seteq' 'setne' 'setle' 'setge' 'setlt' 'setgt'> <InPorts = 2> <OutPorts = 1>
ST_2 : Operation 78 [1/1] (0.99ns)   --->   "%select_ln51_11 = select i1 %icmp_ln51_11, i15 %trunc_ln44_41, i15 0" [firmware/nnet_utils/nnet_activation_stream.h:51]   --->   Operation 78 'select' 'select_ln51_11' <Predicate = true> <Delay = 0.99> <CoreInst = "Sel">   --->   Core 73 'Sel' <Latency = 0> <II = 1> <Delay = 0.99> <FuncUnit> <Opcode : 'select'> <InPorts = 3> <OutPorts = 1>
ST_2 : Operation 79 [1/1] (2.14ns)   --->   "%icmp_ln51_12 = icmp_sgt  i16 %trunc_ln44_12, i16 0" [firmware/nnet_utils/nnet_activation_stream.h:51]   --->   Operation 79 'icmp' 'icmp_ln51_12' <Predicate = true> <Delay = 2.14> <CoreInst = "Cmp">   --->   Core 9 'Cmp' <Latency = 0> <II = 1> <Delay = 2.14> <FuncUnit> <Opcode : 'seteq' 'setne' 'setle' 'setge' 'setlt' 'setgt'> <InPorts = 2> <OutPorts = 1>
ST_2 : Operation 80 [1/1] (0.99ns)   --->   "%select_ln51_12 = select i1 %icmp_ln51_12, i15 %trunc_ln44_42, i15 0" [firmware/nnet_utils/nnet_activation_stream.h:51]   --->   Operation 80 'select' 'select_ln51_12' <Predicate = true> <Delay = 0.99> <CoreInst = "Sel">   --->   Core 73 'Sel' <Latency = 0> <II = 1> <Delay = 0.99> <FuncUnit> <Opcode : 'select'> <InPorts = 3> <OutPorts = 1>
ST_2 : Operation 81 [1/1] (2.14ns)   --->   "%icmp_ln51_13 = icmp_sgt  i16 %trunc_ln44_13, i16 0" [firmware/nnet_utils/nnet_activation_stream.h:51]   --->   Operation 81 'icmp' 'icmp_ln51_13' <Predicate = true> <Delay = 2.14> <CoreInst = "Cmp">   --->   Core 9 'Cmp' <Latency = 0> <II = 1> <Delay = 2.14> <FuncUnit> <Opcode : 'seteq' 'setne' 'setle' 'setge' 'setlt' 'setgt'> <InPorts = 2> <OutPorts = 1>
ST_2 : Operation 82 [1/1] (0.99ns)   --->   "%select_ln51_13 = select i1 %icmp_ln51_13, i15 %trunc_ln44_43, i15 0" [firmware/nnet_utils/nnet_activation_stream.h:51]   --->   Operation 82 'select' 'select_ln51_13' <Predicate = true> <Delay = 0.99> <CoreInst = "Sel">   --->   Core 73 'Sel' <Latency = 0> <II = 1> <Delay = 0.99> <FuncUnit> <Opcode : 'select'> <InPorts = 3> <OutPorts = 1>
ST_2 : Operation 83 [1/1] (2.14ns)   --->   "%icmp_ln51_14 = icmp_sgt  i16 %trunc_ln44_14, i16 0" [firmware/nnet_utils/nnet_activation_stream.h:51]   --->   Operation 83 'icmp' 'icmp_ln51_14' <Predicate = true> <Delay = 2.14> <CoreInst = "Cmp">   --->   Core 9 'Cmp' <Latency = 0> <II = 1> <Delay = 2.14> <FuncUnit> <Opcode : 'seteq' 'setne' 'setle' 'setge' 'setlt' 'setgt'> <InPorts = 2> <OutPorts = 1>
ST_2 : Operation 84 [1/1] (0.99ns)   --->   "%select_ln51_14 = select i1 %icmp_ln51_14, i15 %trunc_ln44_44, i15 0" [firmware/nnet_utils/nnet_activation_stream.h:51]   --->   Operation 84 'select' 'select_ln51_14' <Predicate = true> <Delay = 0.99> <CoreInst = "Sel">   --->   Core 73 'Sel' <Latency = 0> <II = 1> <Delay = 0.99> <FuncUnit> <Opcode : 'select'> <InPorts = 3> <OutPorts = 1>
ST_2 : Operation 85 [1/1] (2.14ns)   --->   "%icmp_ln51_15 = icmp_sgt  i16 %trunc_ln44_15, i16 0" [firmware/nnet_utils/nnet_activation_stream.h:51]   --->   Operation 85 'icmp' 'icmp_ln51_15' <Predicate = true> <Delay = 2.14> <CoreInst = "Cmp">   --->   Core 9 'Cmp' <Latency = 0> <II = 1> <Delay = 2.14> <FuncUnit> <Opcode : 'seteq' 'setne' 'setle' 'setge' 'setlt' 'setgt'> <InPorts = 2> <OutPorts = 1>
ST_2 : Operation 86 [1/1] (0.99ns)   --->   "%select_ln51_15 = select i1 %icmp_ln51_15, i15 %trunc_ln44_45, i15 0" [firmware/nnet_utils/nnet_activation_stream.h:51]   --->   Operation 86 'select' 'select_ln51_15' <Predicate = true> <Delay = 0.99> <CoreInst = "Sel">   --->   Core 73 'Sel' <Latency = 0> <II = 1> <Delay = 0.99> <FuncUnit> <Opcode : 'select'> <InPorts = 3> <OutPorts = 1>
ST_2 : Operation 87 [1/1] (2.14ns)   --->   "%icmp_ln51_16 = icmp_sgt  i16 %trunc_ln44_16, i16 0" [firmware/nnet_utils/nnet_activation_stream.h:51]   --->   Operation 87 'icmp' 'icmp_ln51_16' <Predicate = true> <Delay = 2.14> <CoreInst = "Cmp">   --->   Core 9 'Cmp' <Latency = 0> <II = 1> <Delay = 2.14> <FuncUnit> <Opcode : 'seteq' 'setne' 'setle' 'setge' 'setlt' 'setgt'> <InPorts = 2> <OutPorts = 1>
ST_2 : Operation 88 [1/1] (0.99ns)   --->   "%select_ln51_16 = select i1 %icmp_ln51_16, i15 %trunc_ln44_46, i15 0" [firmware/nnet_utils/nnet_activation_stream.h:51]   --->   Operation 88 'select' 'select_ln51_16' <Predicate = true> <Delay = 0.99> <CoreInst = "Sel">   --->   Core 73 'Sel' <Latency = 0> <II = 1> <Delay = 0.99> <FuncUnit> <Opcode : 'select'> <InPorts = 3> <OutPorts = 1>
ST_2 : Operation 89 [1/1] (2.14ns)   --->   "%icmp_ln51_17 = icmp_sgt  i16 %trunc_ln44_17, i16 0" [firmware/nnet_utils/nnet_activation_stream.h:51]   --->   Operation 89 'icmp' 'icmp_ln51_17' <Predicate = true> <Delay = 2.14> <CoreInst = "Cmp">   --->   Core 9 'Cmp' <Latency = 0> <II = 1> <Delay = 2.14> <FuncUnit> <Opcode : 'seteq' 'setne' 'setle' 'setge' 'setlt' 'setgt'> <InPorts = 2> <OutPorts = 1>
ST_2 : Operation 90 [1/1] (0.99ns)   --->   "%select_ln51_17 = select i1 %icmp_ln51_17, i15 %trunc_ln44_47, i15 0" [firmware/nnet_utils/nnet_activation_stream.h:51]   --->   Operation 90 'select' 'select_ln51_17' <Predicate = true> <Delay = 0.99> <CoreInst = "Sel">   --->   Core 73 'Sel' <Latency = 0> <II = 1> <Delay = 0.99> <FuncUnit> <Opcode : 'select'> <InPorts = 3> <OutPorts = 1>
ST_2 : Operation 91 [1/1] (2.14ns)   --->   "%icmp_ln51_18 = icmp_sgt  i16 %trunc_ln44_18, i16 0" [firmware/nnet_utils/nnet_activation_stream.h:51]   --->   Operation 91 'icmp' 'icmp_ln51_18' <Predicate = true> <Delay = 2.14> <CoreInst = "Cmp">   --->   Core 9 'Cmp' <Latency = 0> <II = 1> <Delay = 2.14> <FuncUnit> <Opcode : 'seteq' 'setne' 'setle' 'setge' 'setlt' 'setgt'> <InPorts = 2> <OutPorts = 1>
ST_2 : Operation 92 [1/1] (0.99ns)   --->   "%select_ln51_18 = select i1 %icmp_ln51_18, i15 %trunc_ln44_48, i15 0" [firmware/nnet_utils/nnet_activation_stream.h:51]   --->   Operation 92 'select' 'select_ln51_18' <Predicate = true> <Delay = 0.99> <CoreInst = "Sel">   --->   Core 73 'Sel' <Latency = 0> <II = 1> <Delay = 0.99> <FuncUnit> <Opcode : 'select'> <InPorts = 3> <OutPorts = 1>
ST_2 : Operation 93 [1/1] (2.14ns)   --->   "%icmp_ln51_19 = icmp_sgt  i16 %trunc_ln44_19, i16 0" [firmware/nnet_utils/nnet_activation_stream.h:51]   --->   Operation 93 'icmp' 'icmp_ln51_19' <Predicate = true> <Delay = 2.14> <CoreInst = "Cmp">   --->   Core 9 'Cmp' <Latency = 0> <II = 1> <Delay = 2.14> <FuncUnit> <Opcode : 'seteq' 'setne' 'setle' 'setge' 'setlt' 'setgt'> <InPorts = 2> <OutPorts = 1>
ST_2 : Operation 94 [1/1] (0.99ns)   --->   "%select_ln51_19 = select i1 %icmp_ln51_19, i15 %trunc_ln44_49, i15 0" [firmware/nnet_utils/nnet_activation_stream.h:51]   --->   Operation 94 'select' 'select_ln51_19' <Predicate = true> <Delay = 0.99> <CoreInst = "Sel">   --->   Core 73 'Sel' <Latency = 0> <II = 1> <Delay = 0.99> <FuncUnit> <Opcode : 'select'> <InPorts = 3> <OutPorts = 1>
ST_2 : Operation 95 [1/1] (2.14ns)   --->   "%icmp_ln51_20 = icmp_sgt  i16 %trunc_ln44_20, i16 0" [firmware/nnet_utils/nnet_activation_stream.h:51]   --->   Operation 95 'icmp' 'icmp_ln51_20' <Predicate = true> <Delay = 2.14> <CoreInst = "Cmp">   --->   Core 9 'Cmp' <Latency = 0> <II = 1> <Delay = 2.14> <FuncUnit> <Opcode : 'seteq' 'setne' 'setle' 'setge' 'setlt' 'setgt'> <InPorts = 2> <OutPorts = 1>
ST_2 : Operation 96 [1/1] (0.99ns)   --->   "%select_ln51_20 = select i1 %icmp_ln51_20, i15 %trunc_ln44_50, i15 0" [firmware/nnet_utils/nnet_activation_stream.h:51]   --->   Operation 96 'select' 'select_ln51_20' <Predicate = true> <Delay = 0.99> <CoreInst = "Sel">   --->   Core 73 'Sel' <Latency = 0> <II = 1> <Delay = 0.99> <FuncUnit> <Opcode : 'select'> <InPorts = 3> <OutPorts = 1>
ST_2 : Operation 97 [1/1] (2.14ns)   --->   "%icmp_ln51_21 = icmp_sgt  i16 %trunc_ln44_21, i16 0" [firmware/nnet_utils/nnet_activation_stream.h:51]   --->   Operation 97 'icmp' 'icmp_ln51_21' <Predicate = true> <Delay = 2.14> <CoreInst = "Cmp">   --->   Core 9 'Cmp' <Latency = 0> <II = 1> <Delay = 2.14> <FuncUnit> <Opcode : 'seteq' 'setne' 'setle' 'setge' 'setlt' 'setgt'> <InPorts = 2> <OutPorts = 1>
ST_2 : Operation 98 [1/1] (0.99ns)   --->   "%select_ln51_21 = select i1 %icmp_ln51_21, i15 %trunc_ln44_51, i15 0" [firmware/nnet_utils/nnet_activation_stream.h:51]   --->   Operation 98 'select' 'select_ln51_21' <Predicate = true> <Delay = 0.99> <CoreInst = "Sel">   --->   Core 73 'Sel' <Latency = 0> <II = 1> <Delay = 0.99> <FuncUnit> <Opcode : 'select'> <InPorts = 3> <OutPorts = 1>
ST_2 : Operation 99 [1/1] (2.14ns)   --->   "%icmp_ln51_22 = icmp_sgt  i16 %trunc_ln44_22, i16 0" [firmware/nnet_utils/nnet_activation_stream.h:51]   --->   Operation 99 'icmp' 'icmp_ln51_22' <Predicate = true> <Delay = 2.14> <CoreInst = "Cmp">   --->   Core 9 'Cmp' <Latency = 0> <II = 1> <Delay = 2.14> <FuncUnit> <Opcode : 'seteq' 'setne' 'setle' 'setge' 'setlt' 'setgt'> <InPorts = 2> <OutPorts = 1>
ST_2 : Operation 100 [1/1] (0.99ns)   --->   "%select_ln51_22 = select i1 %icmp_ln51_22, i15 %trunc_ln44_52, i15 0" [firmware/nnet_utils/nnet_activation_stream.h:51]   --->   Operation 100 'select' 'select_ln51_22' <Predicate = true> <Delay = 0.99> <CoreInst = "Sel">   --->   Core 73 'Sel' <Latency = 0> <II = 1> <Delay = 0.99> <FuncUnit> <Opcode : 'select'> <InPorts = 3> <OutPorts = 1>
ST_2 : Operation 101 [1/1] (2.14ns)   --->   "%icmp_ln51_23 = icmp_sgt  i16 %trunc_ln44_23, i16 0" [firmware/nnet_utils/nnet_activation_stream.h:51]   --->   Operation 101 'icmp' 'icmp_ln51_23' <Predicate = true> <Delay = 2.14> <CoreInst = "Cmp">   --->   Core 9 'Cmp' <Latency = 0> <II = 1> <Delay = 2.14> <FuncUnit> <Opcode : 'seteq' 'setne' 'setle' 'setge' 'setlt' 'setgt'> <InPorts = 2> <OutPorts = 1>
ST_2 : Operation 102 [1/1] (0.99ns)   --->   "%select_ln51_23 = select i1 %icmp_ln51_23, i15 %trunc_ln44_53, i15 0" [firmware/nnet_utils/nnet_activation_stream.h:51]   --->   Operation 102 'select' 'select_ln51_23' <Predicate = true> <Delay = 0.99> <CoreInst = "Sel">   --->   Core 73 'Sel' <Latency = 0> <II = 1> <Delay = 0.99> <FuncUnit> <Opcode : 'select'> <InPorts = 3> <OutPorts = 1>
ST_2 : Operation 103 [1/1] (2.14ns)   --->   "%icmp_ln51_24 = icmp_sgt  i16 %trunc_ln44_24, i16 0" [firmware/nnet_utils/nnet_activation_stream.h:51]   --->   Operation 103 'icmp' 'icmp_ln51_24' <Predicate = true> <Delay = 2.14> <CoreInst = "Cmp">   --->   Core 9 'Cmp' <Latency = 0> <II = 1> <Delay = 2.14> <FuncUnit> <Opcode : 'seteq' 'setne' 'setle' 'setge' 'setlt' 'setgt'> <InPorts = 2> <OutPorts = 1>
ST_2 : Operation 104 [1/1] (0.99ns)   --->   "%select_ln51_24 = select i1 %icmp_ln51_24, i15 %trunc_ln44_54, i15 0" [firmware/nnet_utils/nnet_activation_stream.h:51]   --->   Operation 104 'select' 'select_ln51_24' <Predicate = true> <Delay = 0.99> <CoreInst = "Sel">   --->   Core 73 'Sel' <Latency = 0> <II = 1> <Delay = 0.99> <FuncUnit> <Opcode : 'select'> <InPorts = 3> <OutPorts = 1>
ST_2 : Operation 105 [1/1] (2.14ns)   --->   "%icmp_ln51_25 = icmp_sgt  i16 %trunc_ln44_25, i16 0" [firmware/nnet_utils/nnet_activation_stream.h:51]   --->   Operation 105 'icmp' 'icmp_ln51_25' <Predicate = true> <Delay = 2.14> <CoreInst = "Cmp">   --->   Core 9 'Cmp' <Latency = 0> <II = 1> <Delay = 2.14> <FuncUnit> <Opcode : 'seteq' 'setne' 'setle' 'setge' 'setlt' 'setgt'> <InPorts = 2> <OutPorts = 1>
ST_2 : Operation 106 [1/1] (0.99ns)   --->   "%select_ln51_25 = select i1 %icmp_ln51_25, i15 %trunc_ln44_55, i15 0" [firmware/nnet_utils/nnet_activation_stream.h:51]   --->   Operation 106 'select' 'select_ln51_25' <Predicate = true> <Delay = 0.99> <CoreInst = "Sel">   --->   Core 73 'Sel' <Latency = 0> <II = 1> <Delay = 0.99> <FuncUnit> <Opcode : 'select'> <InPorts = 3> <OutPorts = 1>
ST_2 : Operation 107 [1/1] (2.14ns)   --->   "%icmp_ln51_26 = icmp_sgt  i16 %trunc_ln44_26, i16 0" [firmware/nnet_utils/nnet_activation_stream.h:51]   --->   Operation 107 'icmp' 'icmp_ln51_26' <Predicate = true> <Delay = 2.14> <CoreInst = "Cmp">   --->   Core 9 'Cmp' <Latency = 0> <II = 1> <Delay = 2.14> <FuncUnit> <Opcode : 'seteq' 'setne' 'setle' 'setge' 'setlt' 'setgt'> <InPorts = 2> <OutPorts = 1>
ST_2 : Operation 108 [1/1] (0.99ns)   --->   "%select_ln51_26 = select i1 %icmp_ln51_26, i15 %trunc_ln44_56, i15 0" [firmware/nnet_utils/nnet_activation_stream.h:51]   --->   Operation 108 'select' 'select_ln51_26' <Predicate = true> <Delay = 0.99> <CoreInst = "Sel">   --->   Core 73 'Sel' <Latency = 0> <II = 1> <Delay = 0.99> <FuncUnit> <Opcode : 'select'> <InPorts = 3> <OutPorts = 1>
ST_2 : Operation 109 [1/1] (2.14ns)   --->   "%icmp_ln51_27 = icmp_sgt  i16 %trunc_ln44_27, i16 0" [firmware/nnet_utils/nnet_activation_stream.h:51]   --->   Operation 109 'icmp' 'icmp_ln51_27' <Predicate = true> <Delay = 2.14> <CoreInst = "Cmp">   --->   Core 9 'Cmp' <Latency = 0> <II = 1> <Delay = 2.14> <FuncUnit> <Opcode : 'seteq' 'setne' 'setle' 'setge' 'setlt' 'setgt'> <InPorts = 2> <OutPorts = 1>
ST_2 : Operation 110 [1/1] (0.99ns)   --->   "%select_ln51_27 = select i1 %icmp_ln51_27, i15 %trunc_ln44_57, i15 0" [firmware/nnet_utils/nnet_activation_stream.h:51]   --->   Operation 110 'select' 'select_ln51_27' <Predicate = true> <Delay = 0.99> <CoreInst = "Sel">   --->   Core 73 'Sel' <Latency = 0> <II = 1> <Delay = 0.99> <FuncUnit> <Opcode : 'select'> <InPorts = 3> <OutPorts = 1>
ST_2 : Operation 111 [1/1] (2.14ns)   --->   "%icmp_ln51_28 = icmp_sgt  i16 %trunc_ln44_28, i16 0" [firmware/nnet_utils/nnet_activation_stream.h:51]   --->   Operation 111 'icmp' 'icmp_ln51_28' <Predicate = true> <Delay = 2.14> <CoreInst = "Cmp">   --->   Core 9 'Cmp' <Latency = 0> <II = 1> <Delay = 2.14> <FuncUnit> <Opcode : 'seteq' 'setne' 'setle' 'setge' 'setlt' 'setgt'> <InPorts = 2> <OutPorts = 1>
ST_2 : Operation 112 [1/1] (0.99ns)   --->   "%select_ln51_28 = select i1 %icmp_ln51_28, i15 %trunc_ln44_58, i15 0" [firmware/nnet_utils/nnet_activation_stream.h:51]   --->   Operation 112 'select' 'select_ln51_28' <Predicate = true> <Delay = 0.99> <CoreInst = "Sel">   --->   Core 73 'Sel' <Latency = 0> <II = 1> <Delay = 0.99> <FuncUnit> <Opcode : 'select'> <InPorts = 3> <OutPorts = 1>
ST_2 : Operation 113 [1/1] (2.14ns)   --->   "%icmp_ln51_29 = icmp_sgt  i16 %trunc_ln44_29, i16 0" [firmware/nnet_utils/nnet_activation_stream.h:51]   --->   Operation 113 'icmp' 'icmp_ln51_29' <Predicate = true> <Delay = 2.14> <CoreInst = "Cmp">   --->   Core 9 'Cmp' <Latency = 0> <II = 1> <Delay = 2.14> <FuncUnit> <Opcode : 'seteq' 'setne' 'setle' 'setge' 'setlt' 'setgt'> <InPorts = 2> <OutPorts = 1>
ST_2 : Operation 114 [1/1] (0.99ns)   --->   "%select_ln51_29 = select i1 %icmp_ln51_29, i15 %trunc_ln44_59, i15 0" [firmware/nnet_utils/nnet_activation_stream.h:51]   --->   Operation 114 'select' 'select_ln51_29' <Predicate = true> <Delay = 0.99> <CoreInst = "Sel">   --->   Core 73 'Sel' <Latency = 0> <II = 1> <Delay = 0.99> <FuncUnit> <Opcode : 'select'> <InPorts = 3> <OutPorts = 1>
ST_2 : Operation 115 [1/1] (2.14ns)   --->   "%icmp_ln51_30 = icmp_sgt  i16 %trunc_ln44_30, i16 0" [firmware/nnet_utils/nnet_activation_stream.h:51]   --->   Operation 115 'icmp' 'icmp_ln51_30' <Predicate = true> <Delay = 2.14> <CoreInst = "Cmp">   --->   Core 9 'Cmp' <Latency = 0> <II = 1> <Delay = 2.14> <FuncUnit> <Opcode : 'seteq' 'setne' 'setle' 'setge' 'setlt' 'setgt'> <InPorts = 2> <OutPorts = 1>
ST_2 : Operation 116 [1/1] (0.99ns)   --->   "%select_ln51_30 = select i1 %icmp_ln51_30, i15 %trunc_ln44_60, i15 0" [firmware/nnet_utils/nnet_activation_stream.h:51]   --->   Operation 116 'select' 'select_ln51_30' <Predicate = true> <Delay = 0.99> <CoreInst = "Sel">   --->   Core 73 'Sel' <Latency = 0> <II = 1> <Delay = 0.99> <FuncUnit> <Opcode : 'select'> <InPorts = 3> <OutPorts = 1>
ST_2 : Operation 117 [1/1] (2.14ns)   --->   "%icmp_ln51_31 = icmp_sgt  i16 %trunc_ln44_31, i16 0" [firmware/nnet_utils/nnet_activation_stream.h:51]   --->   Operation 117 'icmp' 'icmp_ln51_31' <Predicate = true> <Delay = 2.14> <CoreInst = "Cmp">   --->   Core 9 'Cmp' <Latency = 0> <II = 1> <Delay = 2.14> <FuncUnit> <Opcode : 'seteq' 'setne' 'setle' 'setge' 'setlt' 'setgt'> <InPorts = 2> <OutPorts = 1>
ST_2 : Operation 118 [1/1] (0.99ns)   --->   "%select_ln51_31 = select i1 %icmp_ln51_31, i15 %trunc_ln44_61, i15 0" [firmware/nnet_utils/nnet_activation_stream.h:51]   --->   Operation 118 'select' 'select_ln51_31' <Predicate = true> <Delay = 0.99> <CoreInst = "Sel">   --->   Core 73 'Sel' <Latency = 0> <II = 1> <Delay = 0.99> <FuncUnit> <Opcode : 'select'> <InPorts = 3> <OutPorts = 1>
ST_2 : Operation 119 [1/1] (2.14ns)   --->   "%icmp_ln51_32 = icmp_sgt  i16 %trunc_ln44_32, i16 0" [firmware/nnet_utils/nnet_activation_stream.h:51]   --->   Operation 119 'icmp' 'icmp_ln51_32' <Predicate = true> <Delay = 2.14> <CoreInst = "Cmp">   --->   Core 9 'Cmp' <Latency = 0> <II = 1> <Delay = 2.14> <FuncUnit> <Opcode : 'seteq' 'setne' 'setle' 'setge' 'setlt' 'setgt'> <InPorts = 2> <OutPorts = 1>
ST_2 : Operation 120 [1/1] (0.99ns)   --->   "%select_ln51_32 = select i1 %icmp_ln51_32, i15 %trunc_ln44_62, i15 0" [firmware/nnet_utils/nnet_activation_stream.h:51]   --->   Operation 120 'select' 'select_ln51_32' <Predicate = true> <Delay = 0.99> <CoreInst = "Sel">   --->   Core 73 'Sel' <Latency = 0> <II = 1> <Delay = 0.99> <FuncUnit> <Opcode : 'select'> <InPorts = 3> <OutPorts = 1>
ST_2 : Operation 121 [1/1] (2.14ns)   --->   "%icmp_ln51_33 = icmp_sgt  i16 %trunc_ln44_33, i16 0" [firmware/nnet_utils/nnet_activation_stream.h:51]   --->   Operation 121 'icmp' 'icmp_ln51_33' <Predicate = true> <Delay = 2.14> <CoreInst = "Cmp">   --->   Core 9 'Cmp' <Latency = 0> <II = 1> <Delay = 2.14> <FuncUnit> <Opcode : 'seteq' 'setne' 'setle' 'setge' 'setlt' 'setgt'> <InPorts = 2> <OutPorts = 1>
ST_2 : Operation 122 [1/1] (0.99ns)   --->   "%select_ln51_33 = select i1 %icmp_ln51_33, i15 %trunc_ln44_63, i15 0" [firmware/nnet_utils/nnet_activation_stream.h:51]   --->   Operation 122 'select' 'select_ln51_33' <Predicate = true> <Delay = 0.99> <CoreInst = "Sel">   --->   Core 73 'Sel' <Latency = 0> <II = 1> <Delay = 0.99> <FuncUnit> <Opcode : 'select'> <InPorts = 3> <OutPorts = 1>
ST_2 : Operation 123 [1/1] (2.14ns)   --->   "%icmp_ln51_34 = icmp_sgt  i16 %trunc_ln44_34, i16 0" [firmware/nnet_utils/nnet_activation_stream.h:51]   --->   Operation 123 'icmp' 'icmp_ln51_34' <Predicate = true> <Delay = 2.14> <CoreInst = "Cmp">   --->   Core 9 'Cmp' <Latency = 0> <II = 1> <Delay = 2.14> <FuncUnit> <Opcode : 'seteq' 'setne' 'setle' 'setge' 'setlt' 'setgt'> <InPorts = 2> <OutPorts = 1>
ST_2 : Operation 124 [1/1] (0.99ns)   --->   "%select_ln51_34 = select i1 %icmp_ln51_34, i15 %trunc_ln44_64, i15 0" [firmware/nnet_utils/nnet_activation_stream.h:51]   --->   Operation 124 'select' 'select_ln51_34' <Predicate = true> <Delay = 0.99> <CoreInst = "Sel">   --->   Core 73 'Sel' <Latency = 0> <II = 1> <Delay = 0.99> <FuncUnit> <Opcode : 'select'> <InPorts = 3> <OutPorts = 1>
ST_2 : Operation 125 [1/1] (2.14ns)   --->   "%icmp_ln51_35 = icmp_sgt  i16 %trunc_ln44_35, i16 0" [firmware/nnet_utils/nnet_activation_stream.h:51]   --->   Operation 125 'icmp' 'icmp_ln51_35' <Predicate = true> <Delay = 2.14> <CoreInst = "Cmp">   --->   Core 9 'Cmp' <Latency = 0> <II = 1> <Delay = 2.14> <FuncUnit> <Opcode : 'seteq' 'setne' 'setle' 'setge' 'setlt' 'setgt'> <InPorts = 2> <OutPorts = 1>
ST_2 : Operation 126 [1/1] (0.99ns)   --->   "%select_ln51_35 = select i1 %icmp_ln51_35, i15 %trunc_ln44_65, i15 0" [firmware/nnet_utils/nnet_activation_stream.h:51]   --->   Operation 126 'select' 'select_ln51_35' <Predicate = true> <Delay = 0.99> <CoreInst = "Sel">   --->   Core 73 'Sel' <Latency = 0> <II = 1> <Delay = 0.99> <FuncUnit> <Opcode : 'select'> <InPorts = 3> <OutPorts = 1>
ST_2 : Operation 127 [1/1] (2.14ns)   --->   "%icmp_ln51_36 = icmp_sgt  i16 %trunc_ln44_36, i16 0" [firmware/nnet_utils/nnet_activation_stream.h:51]   --->   Operation 127 'icmp' 'icmp_ln51_36' <Predicate = true> <Delay = 2.14> <CoreInst = "Cmp">   --->   Core 9 'Cmp' <Latency = 0> <II = 1> <Delay = 2.14> <FuncUnit> <Opcode : 'seteq' 'setne' 'setle' 'setge' 'setlt' 'setgt'> <InPorts = 2> <OutPorts = 1>
ST_2 : Operation 128 [1/1] (0.99ns)   --->   "%select_ln51_36 = select i1 %icmp_ln51_36, i15 %trunc_ln44_66, i15 0" [firmware/nnet_utils/nnet_activation_stream.h:51]   --->   Operation 128 'select' 'select_ln51_36' <Predicate = true> <Delay = 0.99> <CoreInst = "Sel">   --->   Core 73 'Sel' <Latency = 0> <II = 1> <Delay = 0.99> <FuncUnit> <Opcode : 'select'> <InPorts = 3> <OutPorts = 1>
ST_2 : Operation 129 [1/1] (2.14ns)   --->   "%icmp_ln51_37 = icmp_sgt  i16 %trunc_ln44_37, i16 0" [firmware/nnet_utils/nnet_activation_stream.h:51]   --->   Operation 129 'icmp' 'icmp_ln51_37' <Predicate = true> <Delay = 2.14> <CoreInst = "Cmp">   --->   Core 9 'Cmp' <Latency = 0> <II = 1> <Delay = 2.14> <FuncUnit> <Opcode : 'seteq' 'setne' 'setle' 'setge' 'setlt' 'setgt'> <InPorts = 2> <OutPorts = 1>
ST_2 : Operation 130 [1/1] (0.99ns)   --->   "%select_ln51_37 = select i1 %icmp_ln51_37, i15 %trunc_ln44_67, i15 0" [firmware/nnet_utils/nnet_activation_stream.h:51]   --->   Operation 130 'select' 'select_ln51_37' <Predicate = true> <Delay = 0.99> <CoreInst = "Sel">   --->   Core 73 'Sel' <Latency = 0> <II = 1> <Delay = 0.99> <FuncUnit> <Opcode : 'select'> <InPorts = 3> <OutPorts = 1>
ST_2 : Operation 131 [1/1] (2.14ns)   --->   "%icmp_ln51_38 = icmp_sgt  i16 %trunc_ln44_38, i16 0" [firmware/nnet_utils/nnet_activation_stream.h:51]   --->   Operation 131 'icmp' 'icmp_ln51_38' <Predicate = true> <Delay = 2.14> <CoreInst = "Cmp">   --->   Core 9 'Cmp' <Latency = 0> <II = 1> <Delay = 2.14> <FuncUnit> <Opcode : 'seteq' 'setne' 'setle' 'setge' 'setlt' 'setgt'> <InPorts = 2> <OutPorts = 1>
ST_2 : Operation 132 [1/1] (0.99ns)   --->   "%select_ln51_38 = select i1 %icmp_ln51_38, i15 %trunc_ln2, i15 0" [firmware/nnet_utils/nnet_activation_stream.h:51]   --->   Operation 132 'select' 'select_ln51_38' <Predicate = true> <Delay = 0.99> <CoreInst = "Sel">   --->   Core 73 'Sel' <Latency = 0> <II = 1> <Delay = 0.99> <FuncUnit> <Opcode : 'select'> <InPorts = 3> <OutPorts = 1>

State 3 <SV = 2> <Delay = 1.82>
ST_3 : Operation 133 [1/1] (0.00ns)   --->   "%specinterface_ln0 = specinterface void @_ssdm_op_SpecInterface, i512 %layer20_out, void @empty_5, i32 0, i32 0, void @empty_9, i32 0, i32 0, void @empty_9, void @empty_9, void @empty_9, i32 0, i32 0, i32 0, i32 0, void @empty_9, void @empty_9, i32 4294967295, i32 0, i32 0, i32 0"   --->   Operation 133 'specinterface' 'specinterface_ln0' <Predicate = true> <Delay = 0.00>
ST_3 : Operation 134 [1/1] (0.00ns)   --->   "%specinterface_ln0 = specinterface void @_ssdm_op_SpecInterface, i512 %layer23_out, void @empty_5, i32 0, i32 0, void @empty_9, i32 0, i32 0, void @empty_9, void @empty_9, void @empty_9, i32 0, i32 0, i32 0, i32 0, void @empty_9, void @empty_9, i32 4294967295, i32 0, i32 0, i32 0"   --->   Operation 134 'specinterface' 'specinterface_ln0' <Predicate = true> <Delay = 0.00>
ST_3 : Operation 135 [1/1] (0.00ns)   --->   "%zext_ln51 = zext i15 %select_ln51" [firmware/nnet_utils/nnet_activation_stream.h:51]   --->   Operation 135 'zext' 'zext_ln51' <Predicate = true> <Delay = 0.00>
ST_3 : Operation 136 [1/1] (0.00ns)   --->   "%zext_ln51_7 = zext i15 %select_ln51_8" [firmware/nnet_utils/nnet_activation_stream.h:51]   --->   Operation 136 'zext' 'zext_ln51_7' <Predicate = true> <Delay = 0.00>
ST_3 : Operation 137 [1/1] (0.00ns)   --->   "%zext_ln51_8 = zext i15 %select_ln51_9" [firmware/nnet_utils/nnet_activation_stream.h:51]   --->   Operation 137 'zext' 'zext_ln51_8' <Predicate = true> <Delay = 0.00>
ST_3 : Operation 138 [1/1] (0.00ns)   --->   "%zext_ln51_9 = zext i15 %select_ln51_10" [firmware/nnet_utils/nnet_activation_stream.h:51]   --->   Operation 138 'zext' 'zext_ln51_9' <Predicate = true> <Delay = 0.00>
ST_3 : Operation 139 [1/1] (0.00ns)   --->   "%zext_ln51_10 = zext i15 %select_ln51_11" [firmware/nnet_utils/nnet_activation_stream.h:51]   --->   Operation 139 'zext' 'zext_ln51_10' <Predicate = true> <Delay = 0.00>
ST_3 : Operation 140 [1/1] (0.00ns)   --->   "%zext_ln51_11 = zext i15 %select_ln51_12" [firmware/nnet_utils/nnet_activation_stream.h:51]   --->   Operation 140 'zext' 'zext_ln51_11' <Predicate = true> <Delay = 0.00>
ST_3 : Operation 141 [1/1] (0.00ns)   --->   "%zext_ln51_12 = zext i15 %select_ln51_13" [firmware/nnet_utils/nnet_activation_stream.h:51]   --->   Operation 141 'zext' 'zext_ln51_12' <Predicate = true> <Delay = 0.00>
ST_3 : Operation 142 [1/1] (0.00ns)   --->   "%zext_ln51_13 = zext i15 %select_ln51_14" [firmware/nnet_utils/nnet_activation_stream.h:51]   --->   Operation 142 'zext' 'zext_ln51_13' <Predicate = true> <Delay = 0.00>
ST_3 : Operation 143 [1/1] (0.00ns)   --->   "%zext_ln51_14 = zext i15 %select_ln51_15" [firmware/nnet_utils/nnet_activation_stream.h:51]   --->   Operation 143 'zext' 'zext_ln51_14' <Predicate = true> <Delay = 0.00>
ST_3 : Operation 144 [1/1] (0.00ns)   --->   "%zext_ln51_15 = zext i15 %select_ln51_16" [firmware/nnet_utils/nnet_activation_stream.h:51]   --->   Operation 144 'zext' 'zext_ln51_15' <Predicate = true> <Delay = 0.00>
ST_3 : Operation 145 [1/1] (0.00ns)   --->   "%zext_ln51_16 = zext i15 %select_ln51_17" [firmware/nnet_utils/nnet_activation_stream.h:51]   --->   Operation 145 'zext' 'zext_ln51_16' <Predicate = true> <Delay = 0.00>
ST_3 : Operation 146 [1/1] (0.00ns)   --->   "%zext_ln51_17 = zext i15 %select_ln51_18" [firmware/nnet_utils/nnet_activation_stream.h:51]   --->   Operation 146 'zext' 'zext_ln51_17' <Predicate = true> <Delay = 0.00>
ST_3 : Operation 147 [1/1] (0.00ns)   --->   "%zext_ln51_18 = zext i15 %select_ln51_19" [firmware/nnet_utils/nnet_activation_stream.h:51]   --->   Operation 147 'zext' 'zext_ln51_18' <Predicate = true> <Delay = 0.00>
ST_3 : Operation 148 [1/1] (0.00ns)   --->   "%zext_ln51_19 = zext i15 %select_ln51_20" [firmware/nnet_utils/nnet_activation_stream.h:51]   --->   Operation 148 'zext' 'zext_ln51_19' <Predicate = true> <Delay = 0.00>
ST_3 : Operation 149 [1/1] (0.00ns)   --->   "%zext_ln51_20 = zext i15 %select_ln51_21" [firmware/nnet_utils/nnet_activation_stream.h:51]   --->   Operation 149 'zext' 'zext_ln51_20' <Predicate = true> <Delay = 0.00>
ST_3 : Operation 150 [1/1] (0.00ns)   --->   "%zext_ln51_21 = zext i15 %select_ln51_22" [firmware/nnet_utils/nnet_activation_stream.h:51]   --->   Operation 150 'zext' 'zext_ln51_21' <Predicate = true> <Delay = 0.00>
ST_3 : Operation 151 [1/1] (0.00ns)   --->   "%zext_ln51_22 = zext i15 %select_ln51_23" [firmware/nnet_utils/nnet_activation_stream.h:51]   --->   Operation 151 'zext' 'zext_ln51_22' <Predicate = true> <Delay = 0.00>
ST_3 : Operation 152 [1/1] (0.00ns)   --->   "%zext_ln51_23 = zext i15 %select_ln51_24" [firmware/nnet_utils/nnet_activation_stream.h:51]   --->   Operation 152 'zext' 'zext_ln51_23' <Predicate = true> <Delay = 0.00>
ST_3 : Operation 153 [1/1] (0.00ns)   --->   "%zext_ln51_24 = zext i15 %select_ln51_25" [firmware/nnet_utils/nnet_activation_stream.h:51]   --->   Operation 153 'zext' 'zext_ln51_24' <Predicate = true> <Delay = 0.00>
ST_3 : Operation 154 [1/1] (0.00ns)   --->   "%zext_ln51_25 = zext i15 %select_ln51_26" [firmware/nnet_utils/nnet_activation_stream.h:51]   --->   Operation 154 'zext' 'zext_ln51_25' <Predicate = true> <Delay = 0.00>
ST_3 : Operation 155 [1/1] (0.00ns)   --->   "%zext_ln51_26 = zext i15 %select_ln51_27" [firmware/nnet_utils/nnet_activation_stream.h:51]   --->   Operation 155 'zext' 'zext_ln51_26' <Predicate = true> <Delay = 0.00>
ST_3 : Operation 156 [1/1] (0.00ns)   --->   "%zext_ln51_27 = zext i15 %select_ln51_28" [firmware/nnet_utils/nnet_activation_stream.h:51]   --->   Operation 156 'zext' 'zext_ln51_27' <Predicate = true> <Delay = 0.00>
ST_3 : Operation 157 [1/1] (0.00ns)   --->   "%zext_ln51_28 = zext i15 %select_ln51_29" [firmware/nnet_utils/nnet_activation_stream.h:51]   --->   Operation 157 'zext' 'zext_ln51_28' <Predicate = true> <Delay = 0.00>
ST_3 : Operation 158 [1/1] (0.00ns)   --->   "%zext_ln51_29 = zext i15 %select_ln51_30" [firmware/nnet_utils/nnet_activation_stream.h:51]   --->   Operation 158 'zext' 'zext_ln51_29' <Predicate = true> <Delay = 0.00>
ST_3 : Operation 159 [1/1] (0.00ns)   --->   "%zext_ln51_30 = zext i15 %select_ln51_31" [firmware/nnet_utils/nnet_activation_stream.h:51]   --->   Operation 159 'zext' 'zext_ln51_30' <Predicate = true> <Delay = 0.00>
ST_3 : Operation 160 [1/1] (0.00ns)   --->   "%zext_ln51_31 = zext i15 %select_ln51_32" [firmware/nnet_utils/nnet_activation_stream.h:51]   --->   Operation 160 'zext' 'zext_ln51_31' <Predicate = true> <Delay = 0.00>
ST_3 : Operation 161 [1/1] (0.00ns)   --->   "%zext_ln51_32 = zext i15 %select_ln51_33" [firmware/nnet_utils/nnet_activation_stream.h:51]   --->   Operation 161 'zext' 'zext_ln51_32' <Predicate = true> <Delay = 0.00>
ST_3 : Operation 162 [1/1] (0.00ns)   --->   "%zext_ln51_33 = zext i15 %select_ln51_34" [firmware/nnet_utils/nnet_activation_stream.h:51]   --->   Operation 162 'zext' 'zext_ln51_33' <Predicate = true> <Delay = 0.00>
ST_3 : Operation 163 [1/1] (0.00ns)   --->   "%zext_ln51_34 = zext i15 %select_ln51_35" [firmware/nnet_utils/nnet_activation_stream.h:51]   --->   Operation 163 'zext' 'zext_ln51_34' <Predicate = true> <Delay = 0.00>
ST_3 : Operation 164 [1/1] (0.00ns)   --->   "%zext_ln51_35 = zext i15 %select_ln51_36" [firmware/nnet_utils/nnet_activation_stream.h:51]   --->   Operation 164 'zext' 'zext_ln51_35' <Predicate = true> <Delay = 0.00>
ST_3 : Operation 165 [1/1] (0.00ns)   --->   "%zext_ln51_36 = zext i15 %select_ln51_37" [firmware/nnet_utils/nnet_activation_stream.h:51]   --->   Operation 165 'zext' 'zext_ln51_36' <Predicate = true> <Delay = 0.00>
ST_3 : Operation 166 [1/1] (0.00ns)   --->   "%or_ln57_s = bitconcatenate i511 @_ssdm_op_BitConcatenate.i511.i15.i16.i16.i16.i16.i16.i16.i16.i16.i16.i16.i16.i16.i16.i16.i16.i16.i16.i16.i16.i16.i16.i16.i16.i16.i16.i16.i16.i16.i16.i16.i16, i15 %select_ln51_38, i16 %zext_ln51_36, i16 %zext_ln51_35, i16 %zext_ln51_34, i16 %zext_ln51_33, i16 %zext_ln51_32, i16 %zext_ln51_31, i16 %zext_ln51_30, i16 %zext_ln51_29, i16 %zext_ln51_28, i16 %zext_ln51_27, i16 %zext_ln51_26, i16 %zext_ln51_25, i16 %zext_ln51_24, i16 %zext_ln51_23, i16 %zext_ln51_22, i16 %zext_ln51_21, i16 %zext_ln51_20, i16 %zext_ln51_19, i16 %zext_ln51_18, i16 %zext_ln51_17, i16 %zext_ln51_16, i16 %zext_ln51_15, i16 %zext_ln51_14, i16 %zext_ln51_13, i16 %zext_ln51_12, i16 %zext_ln51_11, i16 %zext_ln51_10, i16 %zext_ln51_9, i16 %zext_ln51_8, i16 %zext_ln51_7, i16 %zext_ln51" [firmware/nnet_utils/nnet_activation_stream.h:57]   --->   Operation 166 'bitconcatenate' 'or_ln57_s' <Predicate = true> <Delay = 0.00>
ST_3 : Operation 167 [1/1] (0.00ns)   --->   "%zext_ln57 = zext i511 %or_ln57_s" [firmware/nnet_utils/nnet_activation_stream.h:57]   --->   Operation 167 'zext' 'zext_ln57' <Predicate = true> <Delay = 0.00>
ST_3 : Operation 168 [1/1] ( I:1.82ns O:1.82ns )   --->   "%write_ln57 = write void @_ssdm_op_Write.ap_fifo.volatile.i512P0A, i512 %layer20_out, i512 %zext_ln57" [firmware/nnet_utils/nnet_activation_stream.h:57]   --->   Operation 168 'write' 'write_ln57' <Predicate = true> <Delay = 1.82> <CoreInst = "FIFO_SRL">   --->   Core 80 'FIFO_SRL' <Latency = 0> <II = 1> <Delay = 3.90> <Storage> <Opcode : 'read' 'write' 'nbread' 'nbwrite'> <Ports = 0> <Width = 512> <Depth = 1> <FIFO>
ST_3 : Operation 169 [1/1] (0.00ns)   --->   "%ret_ln59 = ret" [firmware/nnet_utils/nnet_activation_stream.h:59]   --->   Operation 169 'ret' 'ret_ln59' <Predicate = true> <Delay = 0.00>


============================================================
+ Verbose Summary: Timing violations
============================================================
Target clock period: 5.000ns, clock uncertainty: 1.350ns.

 <State 1>: 1.825ns
The critical path consists of the following:
	fifo read operation ('layer23_out_read', firmware/nnet_utils/nnet_activation_stream.h:44) on port 'layer23_out' (firmware/nnet_utils/nnet_activation_stream.h:44) [5]  (1.825 ns)

 <State 2>: 3.141ns
The critical path consists of the following:
	'icmp' operation 1 bit ('icmp_ln51', firmware/nnet_utils/nnet_activation_stream.h:51) [70]  (2.146 ns)
	'select' operation 15 bit ('select_ln51', firmware/nnet_utils/nnet_activation_stream.h:51) [71]  (0.995 ns)

 <State 3>: 1.825ns
The critical path consists of the following:
	fifo write operation ('write_ln57', firmware/nnet_utils/nnet_activation_stream.h:57) on port 'layer20_out' (firmware/nnet_utils/nnet_activation_stream.h:57) [167]  (1.825 ns)


============================================================
+ Verbose Summary: Binding
============================================================
N/A
* FSMD analyzer results:
  - Output states:
 - Input state : 
  - Chain level:
	State 1
	State 2
	State 3


============================================================
+ Verbose Summary: Datapath Resource usage 
============================================================
N/A
