

================================================================
== Vitis HLS Report for 'relu_array_ap_fixed_8u_array_ap_fixed_16_6_5_3_0_8u_ReLU_config12_s'
================================================================
* Date:           Tue Oct  6 08:53:47 2026

* Version:        2026.1 (Build 6493734 on Jun 16 2026)
* Project:        myproject_prj
* Solution:       solution1
* Product family: artix7
* Target device:  xc7a35t-ftg256-1


================================================================
== Performance Estimates
================================================================
+ Timing: 
    * Summary: 
    +--------+---------+----------+------------+
    |  Clock |  Target | Estimated| Uncertainty|
    +--------+---------+----------+------------+
    |ap_clk  |  5.00 ns|  3.141 ns|     1.35 ns|
    +--------+---------+----------+------------+

+ Latency: 
    * Summary: 
    +---------+---------+----------+----------+------+------+-----------------------------------------+
    |  Latency (cycles) |  Latency (absolute) |   Interval  |                 Pipeline                |
    |   min   |   max   |    min   |    max   |  min |  max |                   Type                  |
    +---------+---------+----------+----------+------+------+-----------------------------------------+
    |     1354|     1354|  6.770 us|  6.770 us|  1352|  1352|  loop auto-rewind stp (delay=0 cycle(s))|
    +---------+---------+----------+----------+------+------+-----------------------------------------+

    + Detail: 
        * Instance: 
        N/A

        * Loop: 
        +---------------+---------+---------+----------+-----------+-----------+------+----------+
        |               |  Latency (cycles) | Iteration|  Initiation Interval  | Trip |          |
        |   Loop Name   |   min   |   max   |  Latency |  achieved |   target  | Count| Pipelined|
        +---------------+---------+---------+----------+-----------+-----------+------+----------+
        |- ReLUActLoop  |     1352|     1352|         3|          2|        N/A|   676|       yes|
        +---------------+---------+---------+----------+-----------+-----------+------+----------+

============================================================
+ Verbose Summary: Synthesis Manager
============================================================
InlineROM: 1
ExposeGlobal: 0
============================================================
+ Verbose Summary: CDFG Model
============================================================
IsTopModel: 0
ResetActiveHigh: 1
IsCombinational: 2
IsDatapathOnly: 0
HasWiredReturn: 1
HasMFsm: 2
HasVarLatency: 1
IsPipeline: 0
IsRtlPipelined: 0
IsInstanceOverlapped: 0
IsDontTouch: 0
HasImplIP: 0
IsGatedGlobalClock: 0

+ Individual pipeline summary: 
  * Pipeline-0: initiation interval (II) = 2, depth = 3


============================================================
+ Verbose Summary: Schedule
============================================================
* Number of FSM states : 3
* Pipeline : 1
  Pipeline-0 : II = 2, D = 3, States = { 1 2 3 }
* Dataflow Pipeline: 0

* FSM state transitions: 
1 --> 2 
2 --> 3 
3 --> 

* FSM state operations: 

State 1 <SV = 0> <Delay = 1.82>
ST_1 : Operation 6 [1/1] (0.00ns)   --->   "%i = alloca i32 1" [firmware/nnet_utils/nnet_activation_stream.h:41]   --->   Operation 6 'alloca' 'i' <Predicate = true> <Delay = 0.00>
ST_1 : Operation 7 [1/1] (0.00ns)   --->   "%specinterface_ln0 = specinterface void @_ssdm_op_SpecInterface, i128 %layer12_out, void @empty_5, i32 0, i32 0, void @empty_9, i32 0, i32 0, void @empty_9, void @empty_9, void @empty_9, i32 0, i32 0, i32 0, i32 0, void @empty_9, void @empty_9, i32 4294967295, i32 0, i32 0, i32 0"   --->   Operation 7 'specinterface' 'specinterface_ln0' <Predicate = true> <Delay = 0.00>
ST_1 : Operation 8 [1/1] (0.00ns)   --->   "%specinterface_ln0 = specinterface void @_ssdm_op_SpecInterface, i128 %layer27_out, void @empty_5, i32 0, i32 0, void @empty_9, i32 0, i32 0, void @empty_9, void @empty_9, void @empty_9, i32 0, i32 0, i32 0, i32 0, void @empty_9, void @empty_9, i32 4294967295, i32 0, i32 0, i32 0"   --->   Operation 8 'specinterface' 'specinterface_ln0' <Predicate = true> <Delay = 0.00>
ST_1 : Operation 9 [1/1] (1.61ns)   --->   "%store_ln41 = store i10 0, i10 %i" [firmware/nnet_utils/nnet_activation_stream.h:41]   --->   Operation 9 'store' 'store_ln41' <Predicate = true> <Delay = 1.61>
ST_1 : Operation 10 [1/1] (0.00ns)   --->   "%br_ln41 = br void %ReLUPackLoop.split" [firmware/nnet_utils/nnet_activation_stream.h:41]   --->   Operation 10 'br' 'br_ln41' <Predicate = true> <Delay = 0.00>
ST_1 : Operation 11 [1/1] ( I:1.82ns O:1.82ns )   --->   "%layer27_out_read = read i128 @_ssdm_op_Read.ap_fifo.volatile.i128P0A, i128 %layer27_out" [firmware/nnet_utils/nnet_activation_stream.h:44]   --->   Operation 11 'read' 'layer27_out_read' <Predicate = true> <Delay = 1.82> <CoreInst = "FIFO">   --->   Core 77 'FIFO' <Latency = 0> <II = 1> <Delay = 3.85> <Storage> <Opcode : 'read' 'write' 'nbread' 'nbwrite'> <Ports = 0> <Width = 128> <Depth = 676> <FIFO>
ST_1 : Operation 12 [1/1] (0.00ns)   --->   "%trunc_ln44 = trunc i128 %layer27_out_read" [firmware/nnet_utils/nnet_activation_stream.h:44]   --->   Operation 12 'trunc' 'trunc_ln44' <Predicate = true> <Delay = 0.00>
ST_1 : Operation 13 [1/1] (0.00ns)   --->   "%trunc_ln44_14 = trunc i128 %layer27_out_read" [firmware/nnet_utils/nnet_activation_stream.h:44]   --->   Operation 13 'trunc' 'trunc_ln44_14' <Predicate = true> <Delay = 0.00>
ST_1 : Operation 14 [1/1] (0.00ns)   --->   "%trunc_ln44_1 = partselect i16 @_ssdm_op_PartSelect.i16.i128.i32.i32, i128 %layer27_out_read, i32 16, i32 31" [firmware/nnet_utils/nnet_activation_stream.h:44]   --->   Operation 14 'partselect' 'trunc_ln44_1' <Predicate = true> <Delay = 0.00>
ST_1 : Operation 15 [1/1] (0.00ns)   --->   "%trunc_ln44_8 = partselect i15 @_ssdm_op_PartSelect.i15.i128.i32.i32, i128 %layer27_out_read, i32 16, i32 30" [firmware/nnet_utils/nnet_activation_stream.h:44]   --->   Operation 15 'partselect' 'trunc_ln44_8' <Predicate = true> <Delay = 0.00>
ST_1 : Operation 16 [1/1] (0.00ns)   --->   "%trunc_ln44_2 = partselect i16 @_ssdm_op_PartSelect.i16.i128.i32.i32, i128 %layer27_out_read, i32 32, i32 47" [firmware/nnet_utils/nnet_activation_stream.h:44]   --->   Operation 16 'partselect' 'trunc_ln44_2' <Predicate = true> <Delay = 0.00>
ST_1 : Operation 17 [1/1] (0.00ns)   --->   "%trunc_ln44_9 = partselect i15 @_ssdm_op_PartSelect.i15.i128.i32.i32, i128 %layer27_out_read, i32 32, i32 46" [firmware/nnet_utils/nnet_activation_stream.h:44]   --->   Operation 17 'partselect' 'trunc_ln44_9' <Predicate = true> <Delay = 0.00>
ST_1 : Operation 18 [1/1] (0.00ns)   --->   "%trunc_ln44_3 = partselect i16 @_ssdm_op_PartSelect.i16.i128.i32.i32, i128 %layer27_out_read, i32 48, i32 63" [firmware/nnet_utils/nnet_activation_stream.h:44]   --->   Operation 18 'partselect' 'trunc_ln44_3' <Predicate = true> <Delay = 0.00>
ST_1 : Operation 19 [1/1] (0.00ns)   --->   "%trunc_ln44_s = partselect i15 @_ssdm_op_PartSelect.i15.i128.i32.i32, i128 %layer27_out_read, i32 48, i32 62" [firmware/nnet_utils/nnet_activation_stream.h:44]   --->   Operation 19 'partselect' 'trunc_ln44_s' <Predicate = true> <Delay = 0.00>
ST_1 : Operation 20 [1/1] (0.00ns)   --->   "%trunc_ln44_4 = partselect i16 @_ssdm_op_PartSelect.i16.i128.i32.i32, i128 %layer27_out_read, i32 64, i32 79" [firmware/nnet_utils/nnet_activation_stream.h:44]   --->   Operation 20 'partselect' 'trunc_ln44_4' <Predicate = true> <Delay = 0.00>
ST_1 : Operation 21 [1/1] (0.00ns)   --->   "%trunc_ln44_10 = partselect i15 @_ssdm_op_PartSelect.i15.i128.i32.i32, i128 %layer27_out_read, i32 64, i32 78" [firmware/nnet_utils/nnet_activation_stream.h:44]   --->   Operation 21 'partselect' 'trunc_ln44_10' <Predicate = true> <Delay = 0.00>
ST_1 : Operation 22 [1/1] (0.00ns)   --->   "%trunc_ln44_5 = partselect i16 @_ssdm_op_PartSelect.i16.i128.i32.i32, i128 %layer27_out_read, i32 80, i32 95" [firmware/nnet_utils/nnet_activation_stream.h:44]   --->   Operation 22 'partselect' 'trunc_ln44_5' <Predicate = true> <Delay = 0.00>
ST_1 : Operation 23 [1/1] (0.00ns)   --->   "%trunc_ln44_11 = partselect i15 @_ssdm_op_PartSelect.i15.i128.i32.i32, i128 %layer27_out_read, i32 80, i32 94" [firmware/nnet_utils/nnet_activation_stream.h:44]   --->   Operation 23 'partselect' 'trunc_ln44_11' <Predicate = true> <Delay = 0.00>
ST_1 : Operation 24 [1/1] (0.00ns)   --->   "%trunc_ln44_6 = partselect i16 @_ssdm_op_PartSelect.i16.i128.i32.i32, i128 %layer27_out_read, i32 96, i32 111" [firmware/nnet_utils/nnet_activation_stream.h:44]   --->   Operation 24 'partselect' 'trunc_ln44_6' <Predicate = true> <Delay = 0.00>
ST_1 : Operation 25 [1/1] (0.00ns)   --->   "%trunc_ln44_12 = partselect i15 @_ssdm_op_PartSelect.i15.i128.i32.i32, i128 %layer27_out_read, i32 96, i32 110" [firmware/nnet_utils/nnet_activation_stream.h:44]   --->   Operation 25 'partselect' 'trunc_ln44_12' <Predicate = true> <Delay = 0.00>
ST_1 : Operation 26 [1/1] (0.00ns)   --->   "%trunc_ln44_7 = partselect i16 @_ssdm_op_PartSelect.i16.i128.i32.i32, i128 %layer27_out_read, i32 112, i32 127" [firmware/nnet_utils/nnet_activation_stream.h:44]   --->   Operation 26 'partselect' 'trunc_ln44_7' <Predicate = true> <Delay = 0.00>
ST_1 : Operation 27 [1/1] (0.00ns)   --->   "%trunc_ln1 = partselect i15 @_ssdm_op_PartSelect.i15.i128.i32.i32, i128 %layer27_out_read, i32 112, i32 126" [firmware/nnet_utils/nnet_activation_stream.h:51]   --->   Operation 27 'partselect' 'trunc_ln1' <Predicate = true> <Delay = 0.00>

State 2 <SV = 1> <Delay = 3.14>
ST_2 : Operation 28 [1/1] (0.00ns)   --->   "%i_3 = load i10 %i" [firmware/nnet_utils/nnet_activation_stream.h:41]   --->   Operation 28 'load' 'i_3' <Predicate = true> <Delay = 0.00>
ST_2 : Operation 29 [1/1] (2.14ns)   --->   "%icmp_ln51 = icmp_sgt  i16 %trunc_ln44, i16 0" [firmware/nnet_utils/nnet_activation_stream.h:51]   --->   Operation 29 'icmp' 'icmp_ln51' <Predicate = true> <Delay = 2.14> <CoreInst = "Cmp">   --->   Core 9 'Cmp' <Latency = 0> <II = 1> <Delay = 2.14> <FuncUnit> <Opcode : 'seteq' 'setne' 'setle' 'setge' 'setlt' 'setgt'> <InPorts = 2> <OutPorts = 1>
ST_2 : Operation 30 [1/1] (0.99ns)   --->   "%select_ln51 = select i1 %icmp_ln51, i15 %trunc_ln44_14, i15 0" [firmware/nnet_utils/nnet_activation_stream.h:51]   --->   Operation 30 'select' 'select_ln51' <Predicate = true> <Delay = 0.99> <CoreInst = "Sel">   --->   Core 73 'Sel' <Latency = 0> <II = 1> <Delay = 0.99> <FuncUnit> <Opcode : 'select'> <InPorts = 3> <OutPorts = 1>
ST_2 : Operation 31 [1/1] (2.14ns)   --->   "%icmp_ln51_1 = icmp_sgt  i16 %trunc_ln44_1, i16 0" [firmware/nnet_utils/nnet_activation_stream.h:51]   --->   Operation 31 'icmp' 'icmp_ln51_1' <Predicate = true> <Delay = 2.14> <CoreInst = "Cmp">   --->   Core 9 'Cmp' <Latency = 0> <II = 1> <Delay = 2.14> <FuncUnit> <Opcode : 'seteq' 'setne' 'setle' 'setge' 'setlt' 'setgt'> <InPorts = 2> <OutPorts = 1>
ST_2 : Operation 32 [1/1] (0.99ns)   --->   "%select_ln51_1 = select i1 %icmp_ln51_1, i15 %trunc_ln44_8, i15 0" [firmware/nnet_utils/nnet_activation_stream.h:51]   --->   Operation 32 'select' 'select_ln51_1' <Predicate = true> <Delay = 0.99> <CoreInst = "Sel">   --->   Core 73 'Sel' <Latency = 0> <II = 1> <Delay = 0.99> <FuncUnit> <Opcode : 'select'> <InPorts = 3> <OutPorts = 1>
ST_2 : Operation 33 [1/1] (2.14ns)   --->   "%icmp_ln51_2 = icmp_sgt  i16 %trunc_ln44_2, i16 0" [firmware/nnet_utils/nnet_activation_stream.h:51]   --->   Operation 33 'icmp' 'icmp_ln51_2' <Predicate = true> <Delay = 2.14> <CoreInst = "Cmp">   --->   Core 9 'Cmp' <Latency = 0> <II = 1> <Delay = 2.14> <FuncUnit> <Opcode : 'seteq' 'setne' 'setle' 'setge' 'setlt' 'setgt'> <InPorts = 2> <OutPorts = 1>
ST_2 : Operation 34 [1/1] (0.99ns)   --->   "%select_ln51_2 = select i1 %icmp_ln51_2, i15 %trunc_ln44_9, i15 0" [firmware/nnet_utils/nnet_activation_stream.h:51]   --->   Operation 34 'select' 'select_ln51_2' <Predicate = true> <Delay = 0.99> <CoreInst = "Sel">   --->   Core 73 'Sel' <Latency = 0> <II = 1> <Delay = 0.99> <FuncUnit> <Opcode : 'select'> <InPorts = 3> <OutPorts = 1>
ST_2 : Operation 35 [1/1] (2.14ns)   --->   "%icmp_ln51_3 = icmp_sgt  i16 %trunc_ln44_3, i16 0" [firmware/nnet_utils/nnet_activation_stream.h:51]   --->   Operation 35 'icmp' 'icmp_ln51_3' <Predicate = true> <Delay = 2.14> <CoreInst = "Cmp">   --->   Core 9 'Cmp' <Latency = 0> <II = 1> <Delay = 2.14> <FuncUnit> <Opcode : 'seteq' 'setne' 'setle' 'setge' 'setlt' 'setgt'> <InPorts = 2> <OutPorts = 1>
ST_2 : Operation 36 [1/1] (0.99ns)   --->   "%select_ln51_3 = select i1 %icmp_ln51_3, i15 %trunc_ln44_s, i15 0" [firmware/nnet_utils/nnet_activation_stream.h:51]   --->   Operation 36 'select' 'select_ln51_3' <Predicate = true> <Delay = 0.99> <CoreInst = "Sel">   --->   Core 73 'Sel' <Latency = 0> <II = 1> <Delay = 0.99> <FuncUnit> <Opcode : 'select'> <InPorts = 3> <OutPorts = 1>
ST_2 : Operation 37 [1/1] (2.14ns)   --->   "%icmp_ln51_4 = icmp_sgt  i16 %trunc_ln44_4, i16 0" [firmware/nnet_utils/nnet_activation_stream.h:51]   --->   Operation 37 'icmp' 'icmp_ln51_4' <Predicate = true> <Delay = 2.14> <CoreInst = "Cmp">   --->   Core 9 'Cmp' <Latency = 0> <II = 1> <Delay = 2.14> <FuncUnit> <Opcode : 'seteq' 'setne' 'setle' 'setge' 'setlt' 'setgt'> <InPorts = 2> <OutPorts = 1>
ST_2 : Operation 38 [1/1] (0.99ns)   --->   "%select_ln51_4 = select i1 %icmp_ln51_4, i15 %trunc_ln44_10, i15 0" [firmware/nnet_utils/nnet_activation_stream.h:51]   --->   Operation 38 'select' 'select_ln51_4' <Predicate = true> <Delay = 0.99> <CoreInst = "Sel">   --->   Core 73 'Sel' <Latency = 0> <II = 1> <Delay = 0.99> <FuncUnit> <Opcode : 'select'> <InPorts = 3> <OutPorts = 1>
ST_2 : Operation 39 [1/1] (2.14ns)   --->   "%icmp_ln51_5 = icmp_sgt  i16 %trunc_ln44_5, i16 0" [firmware/nnet_utils/nnet_activation_stream.h:51]   --->   Operation 39 'icmp' 'icmp_ln51_5' <Predicate = true> <Delay = 2.14> <CoreInst = "Cmp">   --->   Core 9 'Cmp' <Latency = 0> <II = 1> <Delay = 2.14> <FuncUnit> <Opcode : 'seteq' 'setne' 'setle' 'setge' 'setlt' 'setgt'> <InPorts = 2> <OutPorts = 1>
ST_2 : Operation 40 [1/1] (0.99ns)   --->   "%select_ln51_5 = select i1 %icmp_ln51_5, i15 %trunc_ln44_11, i15 0" [firmware/nnet_utils/nnet_activation_stream.h:51]   --->   Operation 40 'select' 'select_ln51_5' <Predicate = true> <Delay = 0.99> <CoreInst = "Sel">   --->   Core 73 'Sel' <Latency = 0> <II = 1> <Delay = 0.99> <FuncUnit> <Opcode : 'select'> <InPorts = 3> <OutPorts = 1>
ST_2 : Operation 41 [1/1] (2.14ns)   --->   "%icmp_ln51_6 = icmp_sgt  i16 %trunc_ln44_6, i16 0" [firmware/nnet_utils/nnet_activation_stream.h:51]   --->   Operation 41 'icmp' 'icmp_ln51_6' <Predicate = true> <Delay = 2.14> <CoreInst = "Cmp">   --->   Core 9 'Cmp' <Latency = 0> <II = 1> <Delay = 2.14> <FuncUnit> <Opcode : 'seteq' 'setne' 'setle' 'setge' 'setlt' 'setgt'> <InPorts = 2> <OutPorts = 1>
ST_2 : Operation 42 [1/1] (0.99ns)   --->   "%select_ln51_6 = select i1 %icmp_ln51_6, i15 %trunc_ln44_12, i15 0" [firmware/nnet_utils/nnet_activation_stream.h:51]   --->   Operation 42 'select' 'select_ln51_6' <Predicate = true> <Delay = 0.99> <CoreInst = "Sel">   --->   Core 73 'Sel' <Latency = 0> <II = 1> <Delay = 0.99> <FuncUnit> <Opcode : 'select'> <InPorts = 3> <OutPorts = 1>
ST_2 : Operation 43 [1/1] (2.14ns)   --->   "%icmp_ln51_7 = icmp_sgt  i16 %trunc_ln44_7, i16 0" [firmware/nnet_utils/nnet_activation_stream.h:51]   --->   Operation 43 'icmp' 'icmp_ln51_7' <Predicate = true> <Delay = 2.14> <CoreInst = "Cmp">   --->   Core 9 'Cmp' <Latency = 0> <II = 1> <Delay = 2.14> <FuncUnit> <Opcode : 'seteq' 'setne' 'setle' 'setge' 'setlt' 'setgt'> <InPorts = 2> <OutPorts = 1>
ST_2 : Operation 44 [1/1] (0.99ns)   --->   "%select_ln51_7 = select i1 %icmp_ln51_7, i15 %trunc_ln1, i15 0" [firmware/nnet_utils/nnet_activation_stream.h:51]   --->   Operation 44 'select' 'select_ln51_7' <Predicate = true> <Delay = 0.99> <CoreInst = "Sel">   --->   Core 73 'Sel' <Latency = 0> <II = 1> <Delay = 0.99> <FuncUnit> <Opcode : 'select'> <InPorts = 3> <OutPorts = 1>
ST_2 : Operation 45 [1/1] (2.12ns)   --->   "%i_5 = add i10 %i_3, i10 1" [firmware/nnet_utils/nnet_activation_stream.h:41]   --->   Operation 45 'add' 'i_5' <Predicate = true> <Delay = 2.12> <CoreInst = "Adder">   --->   Core 1 'Adder' <Latency = 0> <II = 1> <Delay = 2.12> <FuncUnit> <Opcode : 'add' 'sub'> <InPorts = 2> <OutPorts = 1>
ST_2 : Operation 46 [1/1] (2.12ns)   --->   "%icmp_ln41 = icmp_eq  i10 %i_3, i10 675" [firmware/nnet_utils/nnet_activation_stream.h:41]   --->   Operation 46 'icmp' 'icmp_ln41' <Predicate = true> <Delay = 2.12> <CoreInst = "Cmp">   --->   Core 9 'Cmp' <Latency = 0> <II = 1> <Delay = 2.12> <FuncUnit> <Opcode : 'seteq' 'setne' 'setle' 'setge' 'setlt' 'setgt'> <InPorts = 2> <OutPorts = 1>
ST_2 : Operation 47 [1/1] (0.00ns)   --->   "%br_ln41 = br i1 %icmp_ln41, void %ReLUPackLoop.split, void %for.end14" [firmware/nnet_utils/nnet_activation_stream.h:41]   --->   Operation 47 'br' 'br_ln41' <Predicate = true> <Delay = 0.00>

State 3 <SV = 2> <Delay = 1.82>
ST_3 : Operation 48 [1/1] (0.00ns)   --->   "%specpipeline_ln42 = specpipeline void @_ssdm_op_SpecPipeline, i32 4294967295, i32 0, i32 0, i32 0, i32 4294967295, void @empty_9" [firmware/nnet_utils/nnet_activation_stream.h:42]   --->   Operation 48 'specpipeline' 'specpipeline_ln42' <Predicate = true> <Delay = 0.00>
ST_3 : Operation 49 [1/1] (0.00ns)   --->   "%speclooptripcount_ln41 = speclooptripcount void @_ssdm_op_SpecLoopTripCount, i64 676, i64 676, i64 676" [firmware/nnet_utils/nnet_activation_stream.h:41]   --->   Operation 49 'speclooptripcount' 'speclooptripcount_ln41' <Predicate = true> <Delay = 0.00>
ST_3 : Operation 50 [1/1] (0.00ns)   --->   "%specloopname_ln41 = specloopname void @_ssdm_op_SpecLoopName, void @empty_7" [firmware/nnet_utils/nnet_activation_stream.h:41]   --->   Operation 50 'specloopname' 'specloopname_ln41' <Predicate = true> <Delay = 0.00>
ST_3 : Operation 51 [1/1] (0.00ns)   --->   "%zext_ln51 = zext i15 %select_ln51" [firmware/nnet_utils/nnet_activation_stream.h:51]   --->   Operation 51 'zext' 'zext_ln51' <Predicate = true> <Delay = 0.00>
ST_3 : Operation 52 [1/1] (0.00ns)   --->   "%zext_ln51_1 = zext i15 %select_ln51_1" [firmware/nnet_utils/nnet_activation_stream.h:51]   --->   Operation 52 'zext' 'zext_ln51_1' <Predicate = true> <Delay = 0.00>
ST_3 : Operation 53 [1/1] (0.00ns)   --->   "%zext_ln51_2 = zext i15 %select_ln51_2" [firmware/nnet_utils/nnet_activation_stream.h:51]   --->   Operation 53 'zext' 'zext_ln51_2' <Predicate = true> <Delay = 0.00>
ST_3 : Operation 54 [1/1] (0.00ns)   --->   "%zext_ln51_3 = zext i15 %select_ln51_3" [firmware/nnet_utils/nnet_activation_stream.h:51]   --->   Operation 54 'zext' 'zext_ln51_3' <Predicate = true> <Delay = 0.00>
ST_3 : Operation 55 [1/1] (0.00ns)   --->   "%zext_ln51_4 = zext i15 %select_ln51_4" [firmware/nnet_utils/nnet_activation_stream.h:51]   --->   Operation 55 'zext' 'zext_ln51_4' <Predicate = true> <Delay = 0.00>
ST_3 : Operation 56 [1/1] (0.00ns)   --->   "%zext_ln51_5 = zext i15 %select_ln51_5" [firmware/nnet_utils/nnet_activation_stream.h:51]   --->   Operation 56 'zext' 'zext_ln51_5' <Predicate = true> <Delay = 0.00>
ST_3 : Operation 57 [1/1] (0.00ns)   --->   "%zext_ln51_6 = zext i15 %select_ln51_6" [firmware/nnet_utils/nnet_activation_stream.h:51]   --->   Operation 57 'zext' 'zext_ln51_6' <Predicate = true> <Delay = 0.00>
ST_3 : Operation 58 [1/1] (0.00ns)   --->   "%or_ln57_s = bitconcatenate i127 @_ssdm_op_BitConcatenate.i127.i15.i16.i16.i16.i16.i16.i16.i16, i15 %select_ln51_7, i16 %zext_ln51_6, i16 %zext_ln51_5, i16 %zext_ln51_4, i16 %zext_ln51_3, i16 %zext_ln51_2, i16 %zext_ln51_1, i16 %zext_ln51" [firmware/nnet_utils/nnet_activation_stream.h:57]   --->   Operation 58 'bitconcatenate' 'or_ln57_s' <Predicate = true> <Delay = 0.00>
ST_3 : Operation 59 [1/1] (0.00ns)   --->   "%zext_ln57 = zext i127 %or_ln57_s" [firmware/nnet_utils/nnet_activation_stream.h:57]   --->   Operation 59 'zext' 'zext_ln57' <Predicate = true> <Delay = 0.00>
ST_3 : Operation 60 [1/1] ( I:1.82ns O:1.82ns )   --->   "%write_ln57 = write void @_ssdm_op_Write.ap_fifo.volatile.i128P0A, i128 %layer12_out, i128 %zext_ln57" [firmware/nnet_utils/nnet_activation_stream.h:57]   --->   Operation 60 'write' 'write_ln57' <Predicate = true> <Delay = 1.82> <CoreInst = "FIFO">   --->   Core 77 'FIFO' <Latency = 0> <II = 1> <Delay = 3.85> <Storage> <Opcode : 'read' 'write' 'nbread' 'nbwrite'> <Ports = 0> <Width = 128> <Depth = 676> <FIFO>
ST_3 : Operation 61 [1/1] (1.61ns)   --->   "%store_ln41 = store i10 %i_5, i10 %i" [firmware/nnet_utils/nnet_activation_stream.h:41]   --->   Operation 61 'store' 'store_ln41' <Predicate = true> <Delay = 1.61>
ST_3 : Operation 62 [1/1] (1.61ns)   --->   "%ret_ln59 = ret" [firmware/nnet_utils/nnet_activation_stream.h:59]   --->   Operation 62 'ret' 'ret_ln59' <Predicate = (icmp_ln41)> <Delay = 1.61>


============================================================
+ Verbose Summary: Binding
============================================================
STG Binding: 
---------------- STG Properties BEGIN ----------------
- Is combinational: 0
- Is one-state seq: 0
- Is datapath-only: 0
- Is pipelined: 0
- Is top level: 0
Port [ Return ] is wired: 1; IO mode=ap_ctrl_hs:ce=0
Port [ layer27_out]:  wired=1; compound=1; hidden=0; nouse=0; global=0; static=0; extern=0; dir=0; type=3; pingpong=0; private_global=0; IO mode=ap_fifo:ce=0
Port [ layer12_out]:  wired=1; compound=1; hidden=0; nouse=0; global=0; static=0; extern=0; dir=1; type=3; pingpong=0; private_global=0; IO mode=ap_fifo:ce=0
---------------- STG Properties END ------------------

---------------- Datapath Model BEGIN ----------------

<LifeTime>
<method=bitvector/>
i                      (alloca           ) [ 0111]
specinterface_ln0      (specinterface    ) [ 0000]
specinterface_ln0      (specinterface    ) [ 0000]
store_ln41             (store            ) [ 0000]
br_ln41                (br               ) [ 0000]
layer27_out_read       (read             ) [ 0000]
trunc_ln44             (trunc            ) [ 0010]
trunc_ln44_14          (trunc            ) [ 0010]
trunc_ln44_1           (partselect       ) [ 0010]
trunc_ln44_8           (partselect       ) [ 0010]
trunc_ln44_2           (partselect       ) [ 0010]
trunc_ln44_9           (partselect       ) [ 0010]
trunc_ln44_3           (partselect       ) [ 0010]
trunc_ln44_s           (partselect       ) [ 0010]
trunc_ln44_4           (partselect       ) [ 0010]
trunc_ln44_10          (partselect       ) [ 0010]
trunc_ln44_5           (partselect       ) [ 0010]
trunc_ln44_11          (partselect       ) [ 0010]
trunc_ln44_6           (partselect       ) [ 0010]
trunc_ln44_12          (partselect       ) [ 0010]
trunc_ln44_7           (partselect       ) [ 0010]
trunc_ln1              (partselect       ) [ 0010]
i_3                    (load             ) [ 0000]
icmp_ln51              (icmp             ) [ 0000]
select_ln51            (select           ) [ 0101]
icmp_ln51_1            (icmp             ) [ 0000]
select_ln51_1          (select           ) [ 0101]
icmp_ln51_2            (icmp             ) [ 0000]
select_ln51_2          (select           ) [ 0101]
icmp_ln51_3            (icmp             ) [ 0000]
select_ln51_3          (select           ) [ 0101]
icmp_ln51_4            (icmp             ) [ 0000]
select_ln51_4          (select           ) [ 0101]
icmp_ln51_5            (icmp             ) [ 0000]
select_ln51_5          (select           ) [ 0101]
icmp_ln51_6            (icmp             ) [ 0000]
select_ln51_6          (select           ) [ 0101]
icmp_ln51_7            (icmp             ) [ 0000]
select_ln51_7          (select           ) [ 0101]
i_5                    (add              ) [ 0101]
icmp_ln41              (icmp             ) [ 0101]
br_ln41                (br               ) [ 0000]
specpipeline_ln42      (specpipeline     ) [ 0000]
speclooptripcount_ln41 (speclooptripcount) [ 0000]
specloopname_ln41      (specloopname     ) [ 0000]
zext_ln51              (zext             ) [ 0000]
zext_ln51_1            (zext             ) [ 0000]
zext_ln51_2            (zext             ) [ 0000]
zext_ln51_3            (zext             ) [ 0000]
zext_ln51_4            (zext             ) [ 0000]
zext_ln51_5            (zext             ) [ 0000]
zext_ln51_6            (zext             ) [ 0000]
or_ln57_s              (bitconcatenate   ) [ 0000]
zext_ln57              (zext             ) [ 0000]
write_ln57             (write            ) [ 0000]
store_ln41             (store            ) [ 0000]
ret_ln59               (ret              ) [ 0000]
</LifeTime>

<model>

<comp_list>
<comp id="0" class="1000" name="layer27_out">
<pin_list>
<pin id="1" dir="1" index="0" bw="1" slack="0"/>
</pin_list>
<bind>
<StgValue><ssdm name="layer27_out"/></StgValue>
</bind>
</comp>

<comp id="2" class="1000" name="layer12_out">
<pin_list>
<pin id="3" dir="1" index="0" bw="1" slack="0"/>
</pin_list>
<bind>
<StgValue><ssdm name="layer12_out"/></StgValue>
</bind>
</comp>

<comp id="4" class="1001" name="const_4">
<pin_list>
<pin id="5" dir="1" index="0" bw="1" slack="0"/>
</pin_list>
<bind>
<StgValue><ssdm name=""/></StgValue>
</bind>
</comp>

<comp id="6" class="1001" name="const_6">
<pin_list>
<pin id="7" dir="1" index="0" bw="1" slack="2147483647"/>
</pin_list>
<bind>
<StgValue><ssdm name="_ssdm_op_SpecInterface"/></StgValue>
</bind>
</comp>

<comp id="8" class="1001" name="const_8">
<pin_list>
<pin id="9" dir="1" index="0" bw="1" slack="2147483647"/>
</pin_list>
<bind>
<StgValue><ssdm name="empty_5"/></StgValue>
</bind>
</comp>

<comp id="10" class="1001" name="const_10">
<pin_list>
<pin id="11" dir="1" index="0" bw="1" slack="2147483647"/>
</pin_list>
<bind>
<StgValue><ssdm name=""/></StgValue>
</bind>
</comp>

<comp id="12" class="1001" name="const_12">
<pin_list>
<pin id="13" dir="1" index="0" bw="1" slack="2147483647"/>
</pin_list>
<bind>
<StgValue><ssdm name="empty_9"/></StgValue>
</bind>
</comp>

<comp id="14" class="1001" name="const_14">
<pin_list>
<pin id="15" dir="1" index="0" bw="1" slack="2147483647"/>
</pin_list>
<bind>
<StgValue><ssdm name=""/></StgValue>
</bind>
</comp>

<comp id="16" class="1001" name="const_16">
<pin_list>
<pin id="17" dir="1" index="0" bw="1" slack="0"/>
</pin_list>
<bind>
<StgValue><ssdm name=""/></StgValue>
</bind>
</comp>

<comp id="18" class="1001" name="const_18">
<pin_list>
<pin id="19" dir="1" index="0" bw="1" slack="0"/>
</pin_list>
<bind>
<StgValue><ssdm name="_ssdm_op_Read.ap_fifo.volatile.i128P0A"/></StgValue>
</bind>
</comp>

<comp id="20" class="1001" name="const_20">
<pin_list>
<pin id="21" dir="1" index="0" bw="1" slack="0"/>
</pin_list>
<bind>
<StgValue><ssdm name="_ssdm_op_PartSelect.i16.i128.i32.i32"/></StgValue>
</bind>
</comp>

<comp id="22" class="1001" name="const_22">
<pin_list>
<pin id="23" dir="1" index="0" bw="1" slack="0"/>
</pin_list>
<bind>
<StgValue><ssdm name=""/></StgValue>
</bind>
</comp>

<comp id="24" class="1001" name="const_24">
<pin_list>
<pin id="25" dir="1" index="0" bw="1" slack="0"/>
</pin_list>
<bind>
<StgValue><ssdm name=""/></StgValue>
</bind>
</comp>

<comp id="26" class="1001" name="const_26">
<pin_list>
<pin id="27" dir="1" index="0" bw="1" slack="0"/>
</pin_list>
<bind>
<StgValue><ssdm name="_ssdm_op_PartSelect.i15.i128.i32.i32"/></StgValue>
</bind>
</comp>

<comp id="28" class="1001" name="const_28">
<pin_list>
<pin id="29" dir="1" index="0" bw="1" slack="0"/>
</pin_list>
<bind>
<StgValue><ssdm name=""/></StgValue>
</bind>
</comp>

<comp id="30" class="1001" name="const_30">
<pin_list>
<pin id="31" dir="1" index="0" bw="1" slack="0"/>
</pin_list>
<bind>
<StgValue><ssdm name=""/></StgValue>
</bind>
</comp>

<comp id="32" class="1001" name="const_32">
<pin_list>
<pin id="33" dir="1" index="0" bw="1" slack="0"/>
</pin_list>
<bind>
<StgValue><ssdm name=""/></StgValue>
</bind>
</comp>

<comp id="34" class="1001" name="const_34">
<pin_list>
<pin id="35" dir="1" index="0" bw="1" slack="0"/>
</pin_list>
<bind>
<StgValue><ssdm name=""/></StgValue>
</bind>
</comp>

<comp id="36" class="1001" name="const_36">
<pin_list>
<pin id="37" dir="1" index="0" bw="1" slack="0"/>
</pin_list>
<bind>
<StgValue><ssdm name=""/></StgValue>
</bind>
</comp>

<comp id="38" class="1001" name="const_38">
<pin_list>
<pin id="39" dir="1" index="0" bw="1" slack="0"/>
</pin_list>
<bind>
<StgValue><ssdm name=""/></StgValue>
</bind>
</comp>

<comp id="40" class="1001" name="const_40">
<pin_list>
<pin id="41" dir="1" index="0" bw="1" slack="0"/>
</pin_list>
<bind>
<StgValue><ssdm name=""/></StgValue>
</bind>
</comp>

<comp id="42" class="1001" name="const_42">
<pin_list>
<pin id="43" dir="1" index="0" bw="1" slack="0"/>
</pin_list>
<bind>
<StgValue><ssdm name=""/></StgValue>
</bind>
</comp>

<comp id="44" class="1001" name="const_44">
<pin_list>
<pin id="45" dir="1" index="0" bw="1" slack="0"/>
</pin_list>
<bind>
<StgValue><ssdm name=""/></StgValue>
</bind>
</comp>

<comp id="46" class="1001" name="const_46">
<pin_list>
<pin id="47" dir="1" index="0" bw="1" slack="0"/>
</pin_list>
<bind>
<StgValue><ssdm name=""/></StgValue>
</bind>
</comp>

<comp id="48" class="1001" name="const_48">
<pin_list>
<pin id="49" dir="1" index="0" bw="1" slack="0"/>
</pin_list>
<bind>
<StgValue><ssdm name=""/></StgValue>
</bind>
</comp>

<comp id="50" class="1001" name="const_50">
<pin_list>
<pin id="51" dir="1" index="0" bw="1" slack="0"/>
</pin_list>
<bind>
<StgValue><ssdm name=""/></StgValue>
</bind>
</comp>

<comp id="52" class="1001" name="const_52">
<pin_list>
<pin id="53" dir="1" index="0" bw="1" slack="0"/>
</pin_list>
<bind>
<StgValue><ssdm name=""/></StgValue>
</bind>
</comp>

<comp id="54" class="1001" name="const_54">
<pin_list>
<pin id="55" dir="1" index="0" bw="1" slack="0"/>
</pin_list>
<bind>
<StgValue><ssdm name=""/></StgValue>
</bind>
</comp>

<comp id="56" class="1001" name="const_56">
<pin_list>
<pin id="57" dir="1" index="0" bw="1" slack="0"/>
</pin_list>
<bind>
<StgValue><ssdm name=""/></StgValue>
</bind>
</comp>

<comp id="58" class="1001" name="const_58">
<pin_list>
<pin id="59" dir="1" index="0" bw="1" slack="0"/>
</pin_list>
<bind>
<StgValue><ssdm name=""/></StgValue>
</bind>
</comp>

<comp id="60" class="1001" name="const_60">
<pin_list>
<pin id="61" dir="1" index="0" bw="1" slack="0"/>
</pin_list>
<bind>
<StgValue><ssdm name=""/></StgValue>
</bind>
</comp>

<comp id="62" class="1001" name="const_62">
<pin_list>
<pin id="63" dir="1" index="0" bw="1" slack="0"/>
</pin_list>
<bind>
<StgValue><ssdm name=""/></StgValue>
</bind>
</comp>

<comp id="64" class="1001" name="const_64">
<pin_list>
<pin id="65" dir="1" index="0" bw="1" slack="0"/>
</pin_list>
<bind>
<StgValue><ssdm name=""/></StgValue>
</bind>
</comp>

<comp id="66" class="1001" name="const_66">
<pin_list>
<pin id="67" dir="1" index="0" bw="1" slack="0"/>
</pin_list>
<bind>
<StgValue><ssdm name=""/></StgValue>
</bind>
</comp>

<comp id="68" class="1001" name="const_68">
<pin_list>
<pin id="69" dir="1" index="0" bw="1" slack="0"/>
</pin_list>
<bind>
<StgValue><ssdm name=""/></StgValue>
</bind>
</comp>

<comp id="70" class="1001" name="const_70">
<pin_list>
<pin id="71" dir="1" index="0" bw="1" slack="0"/>
</pin_list>
<bind>
<StgValue><ssdm name=""/></StgValue>
</bind>
</comp>

<comp id="72" class="1001" name="const_72">
<pin_list>
<pin id="73" dir="1" index="0" bw="1" slack="0"/>
</pin_list>
<bind>
<StgValue><ssdm name=""/></StgValue>
</bind>
</comp>

<comp id="74" class="1001" name="const_74">
<pin_list>
<pin id="75" dir="1" index="0" bw="1" slack="2147483647"/>
</pin_list>
<bind>
<StgValue><ssdm name="_ssdm_op_SpecPipeline"/></StgValue>
</bind>
</comp>

<comp id="76" class="1001" name="const_76">
<pin_list>
<pin id="77" dir="1" index="0" bw="1" slack="2147483647"/>
</pin_list>
<bind>
<StgValue><ssdm name="_ssdm_op_SpecLoopTripCount"/></StgValue>
</bind>
</comp>

<comp id="78" class="1001" name="const_78">
<pin_list>
<pin id="79" dir="1" index="0" bw="1" slack="2147483647"/>
</pin_list>
<bind>
<StgValue><ssdm name=""/></StgValue>
</bind>
</comp>

<comp id="80" class="1001" name="const_80">
<pin_list>
<pin id="81" dir="1" index="0" bw="1" slack="2147483647"/>
</pin_list>
<bind>
<StgValue><ssdm name="_ssdm_op_SpecLoopName"/></StgValue>
</bind>
</comp>

<comp id="82" class="1001" name="const_82">
<pin_list>
<pin id="83" dir="1" index="0" bw="1" slack="2147483647"/>
</pin_list>
<bind>
<StgValue><ssdm name="empty_7"/></StgValue>
</bind>
</comp>

<comp id="84" class="1001" name="const_84">
<pin_list>
<pin id="85" dir="1" index="0" bw="1" slack="0"/>
</pin_list>
<bind>
<StgValue><ssdm name="_ssdm_op_BitConcatenate.i127.i15.i16.i16.i16.i16.i16.i16.i16"/></StgValue>
</bind>
</comp>

<comp id="86" class="1001" name="const_86">
<pin_list>
<pin id="87" dir="1" index="0" bw="1" slack="0"/>
</pin_list>
<bind>
<StgValue><ssdm name="_ssdm_op_Write.ap_fifo.volatile.i128P0A"/></StgValue>
</bind>
</comp>

<comp id="88" class="1004" name="i_fu_88">
<pin_list>
<pin id="89" dir="0" index="0" bw="1" slack="0"/>
<pin id="90" dir="1" index="1" bw="10" slack="0"/>
</pin_list>
<bind>
<opcode="alloca(26) " fcode="alloca"/>
<opset="i/1 "/>
</bind>
</comp>

<comp id="92" class="1004" name="layer27_out_read_read_fu_92">
<pin_list>
<pin id="93" dir="0" index="0" bw="128" slack="0"/>
<pin id="94" dir="0" index="1" bw="128" slack="0"/>
<pin id="95" dir="1" index="2" bw="128" slack="0"/>
</pin_list>
<bind>
<opcode="read(1150) " fcode="read"/>
<opset="layer27_out_read/1 "/>
</bind>
</comp>

<comp id="98" class="1004" name="write_ln57_write_fu_98">
<pin_list>
<pin id="99" dir="0" index="0" bw="0" slack="0"/>
<pin id="100" dir="0" index="1" bw="128" slack="0"/>
<pin id="101" dir="0" index="2" bw="127" slack="0"/>
<pin id="102" dir="1" index="3" bw="0" slack="2147483647"/>
</pin_list>
<bind>
<opcode="write(1151) " fcode="write"/>
<opset="write_ln57/3 "/>
</bind>
</comp>

<comp id="105" class="1004" name="store_ln41_store_fu_105">
<pin_list>
<pin id="106" dir="0" index="0" bw="1" slack="0"/>
<pin id="107" dir="0" index="1" bw="10" slack="0"/>
<pin id="108" dir="1" index="2" bw="0" slack="2147483647"/>
</pin_list>
<bind>
<opcode="store(28) " fcode="store"/>
<opset="store_ln41/1 "/>
</bind>
</comp>

<comp id="110" class="1004" name="trunc_ln44_fu_110">
<pin_list>
<pin id="111" dir="0" index="0" bw="128" slack="0"/>
<pin id="112" dir="1" index="1" bw="16" slack="1"/>
</pin_list>
<bind>
<opcode="trunc(33) " fcode="trunc"/>
<opset="trunc_ln44/1 "/>
</bind>
</comp>

<comp id="114" class="1004" name="trunc_ln44_14_fu_114">
<pin_list>
<pin id="115" dir="0" index="0" bw="128" slack="0"/>
<pin id="116" dir="1" index="1" bw="15" slack="1"/>
</pin_list>
<bind>
<opcode="trunc(33) " fcode="trunc"/>
<opset="trunc_ln44_14/1 "/>
</bind>
</comp>

<comp id="118" class="1004" name="trunc_ln44_1_fu_118">
<pin_list>
<pin id="119" dir="0" index="0" bw="16" slack="0"/>
<pin id="120" dir="0" index="1" bw="128" slack="0"/>
<pin id="121" dir="0" index="2" bw="6" slack="0"/>
<pin id="122" dir="0" index="3" bw="6" slack="0"/>
<pin id="123" dir="1" index="4" bw="16" slack="1"/>
</pin_list>
<bind>
<opcode="partselect(1002) " fcode="partselect"/>
<opset="trunc_ln44_1/1 "/>
</bind>
</comp>

<comp id="128" class="1004" name="trunc_ln44_8_fu_128">
<pin_list>
<pin id="129" dir="0" index="0" bw="15" slack="0"/>
<pin id="130" dir="0" index="1" bw="128" slack="0"/>
<pin id="131" dir="0" index="2" bw="6" slack="0"/>
<pin id="132" dir="0" index="3" bw="6" slack="0"/>
<pin id="133" dir="1" index="4" bw="15" slack="1"/>
</pin_list>
<bind>
<opcode="partselect(1002) " fcode="partselect"/>
<opset="trunc_ln44_8/1 "/>
</bind>
</comp>

<comp id="138" class="1004" name="trunc_ln44_2_fu_138">
<pin_list>
<pin id="139" dir="0" index="0" bw="16" slack="0"/>
<pin id="140" dir="0" index="1" bw="128" slack="0"/>
<pin id="141" dir="0" index="2" bw="7" slack="0"/>
<pin id="142" dir="0" index="3" bw="7" slack="0"/>
<pin id="143" dir="1" index="4" bw="16" slack="1"/>
</pin_list>
<bind>
<opcode="partselect(1002) " fcode="partselect"/>
<opset="trunc_ln44_2/1 "/>
</bind>
</comp>

<comp id="148" class="1004" name="trunc_ln44_9_fu_148">
<pin_list>
<pin id="149" dir="0" index="0" bw="15" slack="0"/>
<pin id="150" dir="0" index="1" bw="128" slack="0"/>
<pin id="151" dir="0" index="2" bw="7" slack="0"/>
<pin id="152" dir="0" index="3" bw="7" slack="0"/>
<pin id="153" dir="1" index="4" bw="15" slack="1"/>
</pin_list>
<bind>
<opcode="partselect(1002) " fcode="partselect"/>
<opset="trunc_ln44_9/1 "/>
</bind>
</comp>

<comp id="158" class="1004" name="trunc_ln44_3_fu_158">
<pin_list>
<pin id="159" dir="0" index="0" bw="16" slack="0"/>
<pin id="160" dir="0" index="1" bw="128" slack="0"/>
<pin id="161" dir="0" index="2" bw="7" slack="0"/>
<pin id="162" dir="0" index="3" bw="7" slack="0"/>
<pin id="163" dir="1" index="4" bw="16" slack="1"/>
</pin_list>
<bind>
<opcode="partselect(1002) " fcode="partselect"/>
<opset="trunc_ln44_3/1 "/>
</bind>
</comp>

<comp id="168" class="1004" name="trunc_ln44_s_fu_168">
<pin_list>
<pin id="169" dir="0" index="0" bw="15" slack="0"/>
<pin id="170" dir="0" index="1" bw="128" slack="0"/>
<pin id="171" dir="0" index="2" bw="7" slack="0"/>
<pin id="172" dir="0" index="3" bw="7" slack="0"/>
<pin id="173" dir="1" index="4" bw="15" slack="1"/>
</pin_list>
<bind>
<opcode="partselect(1002) " fcode="partselect"/>
<opset="trunc_ln44_s/1 "/>
</bind>
</comp>

<comp id="178" class="1004" name="trunc_ln44_4_fu_178">
<pin_list>
<pin id="179" dir="0" index="0" bw="16" slack="0"/>
<pin id="180" dir="0" index="1" bw="128" slack="0"/>
<pin id="181" dir="0" index="2" bw="8" slack="0"/>
<pin id="182" dir="0" index="3" bw="8" slack="0"/>
<pin id="183" dir="1" index="4" bw="16" slack="1"/>
</pin_list>
<bind>
<opcode="partselect(1002) " fcode="partselect"/>
<opset="trunc_ln44_4/1 "/>
</bind>
</comp>

<comp id="188" class="1004" name="trunc_ln44_10_fu_188">
<pin_list>
<pin id="189" dir="0" index="0" bw="15" slack="0"/>
<pin id="190" dir="0" index="1" bw="128" slack="0"/>
<pin id="191" dir="0" index="2" bw="8" slack="0"/>
<pin id="192" dir="0" index="3" bw="8" slack="0"/>
<pin id="193" dir="1" index="4" bw="15" slack="1"/>
</pin_list>
<bind>
<opcode="partselect(1002) " fcode="partselect"/>
<opset="trunc_ln44_10/1 "/>
</bind>
</comp>

<comp id="198" class="1004" name="trunc_ln44_5_fu_198">
<pin_list>
<pin id="199" dir="0" index="0" bw="16" slack="0"/>
<pin id="200" dir="0" index="1" bw="128" slack="0"/>
<pin id="201" dir="0" index="2" bw="8" slack="0"/>
<pin id="202" dir="0" index="3" bw="8" slack="0"/>
<pin id="203" dir="1" index="4" bw="16" slack="1"/>
</pin_list>
<bind>
<opcode="partselect(1002) " fcode="partselect"/>
<opset="trunc_ln44_5/1 "/>
</bind>
</comp>

<comp id="208" class="1004" name="trunc_ln44_11_fu_208">
<pin_list>
<pin id="209" dir="0" index="0" bw="15" slack="0"/>
<pin id="210" dir="0" index="1" bw="128" slack="0"/>
<pin id="211" dir="0" index="2" bw="8" slack="0"/>
<pin id="212" dir="0" index="3" bw="8" slack="0"/>
<pin id="213" dir="1" index="4" bw="15" slack="1"/>
</pin_list>
<bind>
<opcode="partselect(1002) " fcode="partselect"/>
<opset="trunc_ln44_11/1 "/>
</bind>
</comp>

<comp id="218" class="1004" name="trunc_ln44_6_fu_218">
<pin_list>
<pin id="219" dir="0" index="0" bw="16" slack="0"/>
<pin id="220" dir="0" index="1" bw="128" slack="0"/>
<pin id="221" dir="0" index="2" bw="8" slack="0"/>
<pin id="222" dir="0" index="3" bw="8" slack="0"/>
<pin id="223" dir="1" index="4" bw="16" slack="1"/>
</pin_list>
<bind>
<opcode="partselect(1002) " fcode="partselect"/>
<opset="trunc_ln44_6/1 "/>
</bind>
</comp>

<comp id="228" class="1004" name="trunc_ln44_12_fu_228">
<pin_list>
<pin id="229" dir="0" index="0" bw="15" slack="0"/>
<pin id="230" dir="0" index="1" bw="128" slack="0"/>
<pin id="231" dir="0" index="2" bw="8" slack="0"/>
<pin id="232" dir="0" index="3" bw="8" slack="0"/>
<pin id="233" dir="1" index="4" bw="15" slack="1"/>
</pin_list>
<bind>
<opcode="partselect(1002) " fcode="partselect"/>
<opset="trunc_ln44_12/1 "/>
</bind>
</comp>

<comp id="238" class="1004" name="trunc_ln44_7_fu_238">
<pin_list>
<pin id="239" dir="0" index="0" bw="16" slack="0"/>
<pin id="240" dir="0" index="1" bw="128" slack="0"/>
<pin id="241" dir="0" index="2" bw="8" slack="0"/>
<pin id="242" dir="0" index="3" bw="8" slack="0"/>
<pin id="243" dir="1" index="4" bw="16" slack="1"/>
</pin_list>
<bind>
<opcode="partselect(1002) " fcode="partselect"/>
<opset="trunc_ln44_7/1 "/>
</bind>
</comp>

<comp id="248" class="1004" name="trunc_ln1_fu_248">
<pin_list>
<pin id="249" dir="0" index="0" bw="15" slack="0"/>
<pin id="250" dir="0" index="1" bw="128" slack="0"/>
<pin id="251" dir="0" index="2" bw="8" slack="0"/>
<pin id="252" dir="0" index="3" bw="8" slack="0"/>
<pin id="253" dir="1" index="4" bw="15" slack="1"/>
</pin_list>
<bind>
<opcode="partselect(1002) " fcode="partselect"/>
<opset="trunc_ln1/1 "/>
</bind>
</comp>

<comp id="258" class="1004" name="i_3_load_fu_258">
<pin_list>
<pin id="259" dir="0" index="0" bw="10" slack="1"/>
<pin id="260" dir="1" index="1" bw="10" slack="0"/>
</pin_list>
<bind>
<opcode="load(27) " fcode="load"/>
<opset="i_3/2 "/>
</bind>
</comp>

<comp id="261" class="1004" name="icmp_ln51_fu_261">
<pin_list>
<pin id="262" dir="0" index="0" bw="16" slack="1"/>
<pin id="263" dir="0" index="1" bw="1" slack="0"/>
<pin id="264" dir="1" index="2" bw="1" slack="0"/>
</pin_list>
<bind>
<opcode="icmp(45) " fcode="icmp"/>
<opset="icmp_ln51/2 "/>
</bind>
</comp>

<comp id="266" class="1004" name="select_ln51_fu_266">
<pin_list>
<pin id="267" dir="0" index="0" bw="1" slack="0"/>
<pin id="268" dir="0" index="1" bw="15" slack="1"/>
<pin id="269" dir="0" index="2" bw="1" slack="0"/>
<pin id="270" dir="1" index="3" bw="15" slack="1"/>
</pin_list>
<bind>
<opcode="select(49) " fcode="select"/>
<opset="select_ln51/2 "/>
</bind>
</comp>

<comp id="273" class="1004" name="icmp_ln51_1_fu_273">
<pin_list>
<pin id="274" dir="0" index="0" bw="16" slack="1"/>
<pin id="275" dir="0" index="1" bw="1" slack="0"/>
<pin id="276" dir="1" index="2" bw="1" slack="0"/>
</pin_list>
<bind>
<opcode="icmp(45) " fcode="icmp"/>
<opset="icmp_ln51_1/2 "/>
</bind>
</comp>

<comp id="278" class="1004" name="select_ln51_1_fu_278">
<pin_list>
<pin id="279" dir="0" index="0" bw="1" slack="0"/>
<pin id="280" dir="0" index="1" bw="15" slack="1"/>
<pin id="281" dir="0" index="2" bw="1" slack="0"/>
<pin id="282" dir="1" index="3" bw="15" slack="1"/>
</pin_list>
<bind>
<opcode="select(49) " fcode="select"/>
<opset="select_ln51_1/2 "/>
</bind>
</comp>

<comp id="285" class="1004" name="icmp_ln51_2_fu_285">
<pin_list>
<pin id="286" dir="0" index="0" bw="16" slack="1"/>
<pin id="287" dir="0" index="1" bw="1" slack="0"/>
<pin id="288" dir="1" index="2" bw="1" slack="0"/>
</pin_list>
<bind>
<opcode="icmp(45) " fcode="icmp"/>
<opset="icmp_ln51_2/2 "/>
</bind>
</comp>

<comp id="290" class="1004" name="select_ln51_2_fu_290">
<pin_list>
<pin id="291" dir="0" index="0" bw="1" slack="0"/>
<pin id="292" dir="0" index="1" bw="15" slack="1"/>
<pin id="293" dir="0" index="2" bw="1" slack="0"/>
<pin id="294" dir="1" index="3" bw="15" slack="1"/>
</pin_list>
<bind>
<opcode="select(49) " fcode="select"/>
<opset="select_ln51_2/2 "/>
</bind>
</comp>

<comp id="297" class="1004" name="icmp_ln51_3_fu_297">
<pin_list>
<pin id="298" dir="0" index="0" bw="16" slack="1"/>
<pin id="299" dir="0" index="1" bw="1" slack="0"/>
<pin id="300" dir="1" index="2" bw="1" slack="0"/>
</pin_list>
<bind>
<opcode="icmp(45) " fcode="icmp"/>
<opset="icmp_ln51_3/2 "/>
</bind>
</comp>

<comp id="302" class="1004" name="select_ln51_3_fu_302">
<pin_list>
<pin id="303" dir="0" index="0" bw="1" slack="0"/>
<pin id="304" dir="0" index="1" bw="15" slack="1"/>
<pin id="305" dir="0" index="2" bw="1" slack="0"/>
<pin id="306" dir="1" index="3" bw="15" slack="1"/>
</pin_list>
<bind>
<opcode="select(49) " fcode="select"/>
<opset="select_ln51_3/2 "/>
</bind>
</comp>

<comp id="309" class="1004" name="icmp_ln51_4_fu_309">
<pin_list>
<pin id="310" dir="0" index="0" bw="16" slack="1"/>
<pin id="311" dir="0" index="1" bw="1" slack="0"/>
<pin id="312" dir="1" index="2" bw="1" slack="0"/>
</pin_list>
<bind>
<opcode="icmp(45) " fcode="icmp"/>
<opset="icmp_ln51_4/2 "/>
</bind>
</comp>

<comp id="314" class="1004" name="select_ln51_4_fu_314">
<pin_list>
<pin id="315" dir="0" index="0" bw="1" slack="0"/>
<pin id="316" dir="0" index="1" bw="15" slack="1"/>
<pin id="317" dir="0" index="2" bw="1" slack="0"/>
<pin id="318" dir="1" index="3" bw="15" slack="1"/>
</pin_list>
<bind>
<opcode="select(49) " fcode="select"/>
<opset="select_ln51_4/2 "/>
</bind>
</comp>

<comp id="321" class="1004" name="icmp_ln51_5_fu_321">
<pin_list>
<pin id="322" dir="0" index="0" bw="16" slack="1"/>
<pin id="323" dir="0" index="1" bw="1" slack="0"/>
<pin id="324" dir="1" index="2" bw="1" slack="0"/>
</pin_list>
<bind>
<opcode="icmp(45) " fcode="icmp"/>
<opset="icmp_ln51_5/2 "/>
</bind>
</comp>

<comp id="326" class="1004" name="select_ln51_5_fu_326">
<pin_list>
<pin id="327" dir="0" index="0" bw="1" slack="0"/>
<pin id="328" dir="0" index="1" bw="15" slack="1"/>
<pin id="329" dir="0" index="2" bw="1" slack="0"/>
<pin id="330" dir="1" index="3" bw="15" slack="1"/>
</pin_list>
<bind>
<opcode="select(49) " fcode="select"/>
<opset="select_ln51_5/2 "/>
</bind>
</comp>

<comp id="333" class="1004" name="icmp_ln51_6_fu_333">
<pin_list>
<pin id="334" dir="0" index="0" bw="16" slack="1"/>
<pin id="335" dir="0" index="1" bw="1" slack="0"/>
<pin id="336" dir="1" index="2" bw="1" slack="0"/>
</pin_list>
<bind>
<opcode="icmp(45) " fcode="icmp"/>
<opset="icmp_ln51_6/2 "/>
</bind>
</comp>

<comp id="338" class="1004" name="select_ln51_6_fu_338">
<pin_list>
<pin id="339" dir="0" index="0" bw="1" slack="0"/>
<pin id="340" dir="0" index="1" bw="15" slack="1"/>
<pin id="341" dir="0" index="2" bw="1" slack="0"/>
<pin id="342" dir="1" index="3" bw="15" slack="1"/>
</pin_list>
<bind>
<opcode="select(49) " fcode="select"/>
<opset="select_ln51_6/2 "/>
</bind>
</comp>

<comp id="345" class="1004" name="icmp_ln51_7_fu_345">
<pin_list>
<pin id="346" dir="0" index="0" bw="16" slack="1"/>
<pin id="347" dir="0" index="1" bw="1" slack="0"/>
<pin id="348" dir="1" index="2" bw="1" slack="0"/>
</pin_list>
<bind>
<opcode="icmp(45) " fcode="icmp"/>
<opset="icmp_ln51_7/2 "/>
</bind>
</comp>

<comp id="350" class="1004" name="select_ln51_7_fu_350">
<pin_list>
<pin id="351" dir="0" index="0" bw="1" slack="0"/>
<pin id="352" dir="0" index="1" bw="15" slack="1"/>
<pin id="353" dir="0" index="2" bw="1" slack="0"/>
<pin id="354" dir="1" index="3" bw="15" slack="1"/>
</pin_list>
<bind>
<opcode="select(49) " fcode="select"/>
<opset="select_ln51_7/2 "/>
</bind>
</comp>

<comp id="357" class="1004" name="i_5_fu_357">
<pin_list>
<pin id="358" dir="0" index="0" bw="10" slack="0"/>
<pin id="359" dir="0" index="1" bw="1" slack="0"/>
<pin id="360" dir="1" index="2" bw="10" slack="1"/>
</pin_list>
<bind>
<opcode="add(8) " fcode="add"/>
<opset="i_5/2 "/>
</bind>
</comp>

<comp id="363" class="1004" name="icmp_ln41_fu_363">
<pin_list>
<pin id="364" dir="0" index="0" bw="10" slack="0"/>
<pin id="365" dir="0" index="1" bw="10" slack="0"/>
<pin id="366" dir="1" index="2" bw="1" slack="1"/>
</pin_list>
<bind>
<opcode="icmp(45) " fcode="icmp"/>
<opset="icmp_ln41/2 "/>
</bind>
</comp>

<comp id="369" class="1004" name="zext_ln51_fu_369">
<pin_list>
<pin id="370" dir="0" index="0" bw="15" slack="1"/>
<pin id="371" dir="1" index="1" bw="16" slack="0"/>
</pin_list>
<bind>
<opcode="zext(34) " fcode="zext"/>
<opset="zext_ln51/3 "/>
</bind>
</comp>

<comp id="372" class="1004" name="zext_ln51_1_fu_372">
<pin_list>
<pin id="373" dir="0" index="0" bw="15" slack="1"/>
<pin id="374" dir="1" index="1" bw="16" slack="0"/>
</pin_list>
<bind>
<opcode="zext(34) " fcode="zext"/>
<opset="zext_ln51_1/3 "/>
</bind>
</comp>

<comp id="375" class="1004" name="zext_ln51_2_fu_375">
<pin_list>
<pin id="376" dir="0" index="0" bw="15" slack="1"/>
<pin id="377" dir="1" index="1" bw="16" slack="0"/>
</pin_list>
<bind>
<opcode="zext(34) " fcode="zext"/>
<opset="zext_ln51_2/3 "/>
</bind>
</comp>

<comp id="378" class="1004" name="zext_ln51_3_fu_378">
<pin_list>
<pin id="379" dir="0" index="0" bw="15" slack="1"/>
<pin id="380" dir="1" index="1" bw="16" slack="0"/>
</pin_list>
<bind>
<opcode="zext(34) " fcode="zext"/>
<opset="zext_ln51_3/3 "/>
</bind>
</comp>

<comp id="381" class="1004" name="zext_ln51_4_fu_381">
<pin_list>
<pin id="382" dir="0" index="0" bw="15" slack="1"/>
<pin id="383" dir="1" index="1" bw="16" slack="0"/>
</pin_list>
<bind>
<opcode="zext(34) " fcode="zext"/>
<opset="zext_ln51_4/3 "/>
</bind>
</comp>

<comp id="384" class="1004" name="zext_ln51_5_fu_384">
<pin_list>
<pin id="385" dir="0" index="0" bw="15" slack="1"/>
<pin id="386" dir="1" index="1" bw="16" slack="0"/>
</pin_list>
<bind>
<opcode="zext(34) " fcode="zext"/>
<opset="zext_ln51_5/3 "/>
</bind>
</comp>

<comp id="387" class="1004" name="zext_ln51_6_fu_387">
<pin_list>
<pin id="388" dir="0" index="0" bw="15" slack="1"/>
<pin id="389" dir="1" index="1" bw="16" slack="0"/>
</pin_list>
<bind>
<opcode="zext(34) " fcode="zext"/>
<opset="zext_ln51_6/3 "/>
</bind>
</comp>

<comp id="390" class="1004" name="or_ln57_s_fu_390">
<pin_list>
<pin id="391" dir="0" index="0" bw="127" slack="0"/>
<pin id="392" dir="0" index="1" bw="15" slack="1"/>
<pin id="393" dir="0" index="2" bw="15" slack="0"/>
<pin id="394" dir="0" index="3" bw="15" slack="0"/>
<pin id="395" dir="0" index="4" bw="15" slack="0"/>
<pin id="396" dir="0" index="5" bw="15" slack="0"/>
<pin id="397" dir="0" index="6" bw="15" slack="0"/>
<pin id="398" dir="0" index="7" bw="15" slack="0"/>
<pin id="399" dir="0" index="8" bw="15" slack="0"/>
<pin id="400" dir="1" index="9" bw="127" slack="0"/>
</pin_list>
<bind>
<opcode="bitconcatenate(1004) " fcode="bitconcatenate"/>
<opset="or_ln57_s/3 "/>
</bind>
</comp>

<comp id="409" class="1004" name="zext_ln57_fu_409">
<pin_list>
<pin id="410" dir="0" index="0" bw="127" slack="0"/>
<pin id="411" dir="1" index="1" bw="128" slack="0"/>
</pin_list>
<bind>
<opcode="zext(34) " fcode="zext"/>
<opset="zext_ln57/3 "/>
</bind>
</comp>

<comp id="414" class="1004" name="store_ln41_store_fu_414">
<pin_list>
<pin id="415" dir="0" index="0" bw="10" slack="1"/>
<pin id="416" dir="0" index="1" bw="10" slack="2"/>
<pin id="417" dir="1" index="2" bw="0" slack="2147483647"/>
</pin_list>
<bind>
<opcode="store(28) " fcode="store"/>
<opset="store_ln41/3 "/>
</bind>
</comp>

<comp id="418" class="1005" name="i_reg_418">
<pin_list>
<pin id="419" dir="0" index="0" bw="10" slack="0"/>
<pin id="420" dir="1" index="1" bw="10" slack="0"/>
</pin_list>
<bind>
<opset="i "/>
</bind>
</comp>

<comp id="425" class="1005" name="trunc_ln44_reg_425">
<pin_list>
<pin id="426" dir="0" index="0" bw="16" slack="1"/>
<pin id="427" dir="1" index="1" bw="16" slack="1"/>
</pin_list>
<bind>
<opset="trunc_ln44 "/>
</bind>
</comp>

<comp id="430" class="1005" name="trunc_ln44_14_reg_430">
<pin_list>
<pin id="431" dir="0" index="0" bw="15" slack="1"/>
<pin id="432" dir="1" index="1" bw="15" slack="1"/>
</pin_list>
<bind>
<opset="trunc_ln44_14 "/>
</bind>
</comp>

<comp id="435" class="1005" name="trunc_ln44_1_reg_435">
<pin_list>
<pin id="436" dir="0" index="0" bw="16" slack="1"/>
<pin id="437" dir="1" index="1" bw="16" slack="1"/>
</pin_list>
<bind>
<opset="trunc_ln44_1 "/>
</bind>
</comp>

<comp id="440" class="1005" name="trunc_ln44_8_reg_440">
<pin_list>
<pin id="441" dir="0" index="0" bw="15" slack="1"/>
<pin id="442" dir="1" index="1" bw="15" slack="1"/>
</pin_list>
<bind>
<opset="trunc_ln44_8 "/>
</bind>
</comp>

<comp id="445" class="1005" name="trunc_ln44_2_reg_445">
<pin_list>
<pin id="446" dir="0" index="0" bw="16" slack="1"/>
<pin id="447" dir="1" index="1" bw="16" slack="1"/>
</pin_list>
<bind>
<opset="trunc_ln44_2 "/>
</bind>
</comp>

<comp id="450" class="1005" name="trunc_ln44_9_reg_450">
<pin_list>
<pin id="451" dir="0" index="0" bw="15" slack="1"/>
<pin id="452" dir="1" index="1" bw="15" slack="1"/>
</pin_list>
<bind>
<opset="trunc_ln44_9 "/>
</bind>
</comp>

<comp id="455" class="1005" name="trunc_ln44_3_reg_455">
<pin_list>
<pin id="456" dir="0" index="0" bw="16" slack="1"/>
<pin id="457" dir="1" index="1" bw="16" slack="1"/>
</pin_list>
<bind>
<opset="trunc_ln44_3 "/>
</bind>
</comp>

<comp id="460" class="1005" name="trunc_ln44_s_reg_460">
<pin_list>
<pin id="461" dir="0" index="0" bw="15" slack="1"/>
<pin id="462" dir="1" index="1" bw="15" slack="1"/>
</pin_list>
<bind>
<opset="trunc_ln44_s "/>
</bind>
</comp>

<comp id="465" class="1005" name="trunc_ln44_4_reg_465">
<pin_list>
<pin id="466" dir="0" index="0" bw="16" slack="1"/>
<pin id="467" dir="1" index="1" bw="16" slack="1"/>
</pin_list>
<bind>
<opset="trunc_ln44_4 "/>
</bind>
</comp>

<comp id="470" class="1005" name="trunc_ln44_10_reg_470">
<pin_list>
<pin id="471" dir="0" index="0" bw="15" slack="1"/>
<pin id="472" dir="1" index="1" bw="15" slack="1"/>
</pin_list>
<bind>
<opset="trunc_ln44_10 "/>
</bind>
</comp>

<comp id="475" class="1005" name="trunc_ln44_5_reg_475">
<pin_list>
<pin id="476" dir="0" index="0" bw="16" slack="1"/>
<pin id="477" dir="1" index="1" bw="16" slack="1"/>
</pin_list>
<bind>
<opset="trunc_ln44_5 "/>
</bind>
</comp>

<comp id="480" class="1005" name="trunc_ln44_11_reg_480">
<pin_list>
<pin id="481" dir="0" index="0" bw="15" slack="1"/>
<pin id="482" dir="1" index="1" bw="15" slack="1"/>
</pin_list>
<bind>
<opset="trunc_ln44_11 "/>
</bind>
</comp>

<comp id="485" class="1005" name="trunc_ln44_6_reg_485">
<pin_list>
<pin id="486" dir="0" index="0" bw="16" slack="1"/>
<pin id="487" dir="1" index="1" bw="16" slack="1"/>
</pin_list>
<bind>
<opset="trunc_ln44_6 "/>
</bind>
</comp>

<comp id="490" class="1005" name="trunc_ln44_12_reg_490">
<pin_list>
<pin id="491" dir="0" index="0" bw="15" slack="1"/>
<pin id="492" dir="1" index="1" bw="15" slack="1"/>
</pin_list>
<bind>
<opset="trunc_ln44_12 "/>
</bind>
</comp>

<comp id="495" class="1005" name="trunc_ln44_7_reg_495">
<pin_list>
<pin id="496" dir="0" index="0" bw="16" slack="1"/>
<pin id="497" dir="1" index="1" bw="16" slack="1"/>
</pin_list>
<bind>
<opset="trunc_ln44_7 "/>
</bind>
</comp>

<comp id="500" class="1005" name="trunc_ln1_reg_500">
<pin_list>
<pin id="501" dir="0" index="0" bw="15" slack="1"/>
<pin id="502" dir="1" index="1" bw="15" slack="1"/>
</pin_list>
<bind>
<opset="trunc_ln1 "/>
</bind>
</comp>

<comp id="505" class="1005" name="select_ln51_reg_505">
<pin_list>
<pin id="506" dir="0" index="0" bw="15" slack="1"/>
<pin id="507" dir="1" index="1" bw="15" slack="1"/>
</pin_list>
<bind>
<opset="select_ln51 "/>
</bind>
</comp>

<comp id="510" class="1005" name="select_ln51_1_reg_510">
<pin_list>
<pin id="511" dir="0" index="0" bw="15" slack="1"/>
<pin id="512" dir="1" index="1" bw="15" slack="1"/>
</pin_list>
<bind>
<opset="select_ln51_1 "/>
</bind>
</comp>

<comp id="515" class="1005" name="select_ln51_2_reg_515">
<pin_list>
<pin id="516" dir="0" index="0" bw="15" slack="1"/>
<pin id="517" dir="1" index="1" bw="15" slack="1"/>
</pin_list>
<bind>
<opset="select_ln51_2 "/>
</bind>
</comp>

<comp id="520" class="1005" name="select_ln51_3_reg_520">
<pin_list>
<pin id="521" dir="0" index="0" bw="15" slack="1"/>
<pin id="522" dir="1" index="1" bw="15" slack="1"/>
</pin_list>
<bind>
<opset="select_ln51_3 "/>
</bind>
</comp>

<comp id="525" class="1005" name="select_ln51_4_reg_525">
<pin_list>
<pin id="526" dir="0" index="0" bw="15" slack="1"/>
<pin id="527" dir="1" index="1" bw="15" slack="1"/>
</pin_list>
<bind>
<opset="select_ln51_4 "/>
</bind>
</comp>

<comp id="530" class="1005" name="select_ln51_5_reg_530">
<pin_list>
<pin id="531" dir="0" index="0" bw="15" slack="1"/>
<pin id="532" dir="1" index="1" bw="15" slack="1"/>
</pin_list>
<bind>
<opset="select_ln51_5 "/>
</bind>
</comp>

<comp id="535" class="1005" name="select_ln51_6_reg_535">
<pin_list>
<pin id="536" dir="0" index="0" bw="15" slack="1"/>
<pin id="537" dir="1" index="1" bw="15" slack="1"/>
</pin_list>
<bind>
<opset="select_ln51_6 "/>
</bind>
</comp>

<comp id="540" class="1005" name="select_ln51_7_reg_540">
<pin_list>
<pin id="541" dir="0" index="0" bw="15" slack="1"/>
<pin id="542" dir="1" index="1" bw="15" slack="1"/>
</pin_list>
<bind>
<opset="select_ln51_7 "/>
</bind>
</comp>

<comp id="545" class="1005" name="i_5_reg_545">
<pin_list>
<pin id="546" dir="0" index="0" bw="10" slack="1"/>
<pin id="547" dir="1" index="1" bw="10" slack="1"/>
</pin_list>
<bind>
<opset="i_5 "/>
</bind>
</comp>

<comp id="550" class="1005" name="icmp_ln41_reg_550">
<pin_list>
<pin id="551" dir="0" index="0" bw="1" slack="1"/>
<pin id="552" dir="1" index="1" bw="1" slack="2147483647"/>
</pin_list>
<bind>
<opset="icmp_ln41 "/>
</bind>
</comp>

</comp_list>

<net_list>
<net id="91"><net_src comp="4" pin="0"/><net_sink comp="88" pin=0"/></net>

<net id="96"><net_src comp="18" pin="0"/><net_sink comp="92" pin=0"/></net>

<net id="97"><net_src comp="0" pin="0"/><net_sink comp="92" pin=1"/></net>

<net id="103"><net_src comp="86" pin="0"/><net_sink comp="98" pin=0"/></net>

<net id="104"><net_src comp="2" pin="0"/><net_sink comp="98" pin=1"/></net>

<net id="109"><net_src comp="16" pin="0"/><net_sink comp="105" pin=0"/></net>

<net id="113"><net_src comp="92" pin="2"/><net_sink comp="110" pin=0"/></net>

<net id="117"><net_src comp="92" pin="2"/><net_sink comp="114" pin=0"/></net>

<net id="124"><net_src comp="20" pin="0"/><net_sink comp="118" pin=0"/></net>

<net id="125"><net_src comp="92" pin="2"/><net_sink comp="118" pin=1"/></net>

<net id="126"><net_src comp="22" pin="0"/><net_sink comp="118" pin=2"/></net>

<net id="127"><net_src comp="24" pin="0"/><net_sink comp="118" pin=3"/></net>

<net id="134"><net_src comp="26" pin="0"/><net_sink comp="128" pin=0"/></net>

<net id="135"><net_src comp="92" pin="2"/><net_sink comp="128" pin=1"/></net>

<net id="136"><net_src comp="22" pin="0"/><net_sink comp="128" pin=2"/></net>

<net id="137"><net_src comp="28" pin="0"/><net_sink comp="128" pin=3"/></net>

<net id="144"><net_src comp="20" pin="0"/><net_sink comp="138" pin=0"/></net>

<net id="145"><net_src comp="92" pin="2"/><net_sink comp="138" pin=1"/></net>

<net id="146"><net_src comp="30" pin="0"/><net_sink comp="138" pin=2"/></net>

<net id="147"><net_src comp="32" pin="0"/><net_sink comp="138" pin=3"/></net>

<net id="154"><net_src comp="26" pin="0"/><net_sink comp="148" pin=0"/></net>

<net id="155"><net_src comp="92" pin="2"/><net_sink comp="148" pin=1"/></net>

<net id="156"><net_src comp="30" pin="0"/><net_sink comp="148" pin=2"/></net>

<net id="157"><net_src comp="34" pin="0"/><net_sink comp="148" pin=3"/></net>

<net id="164"><net_src comp="20" pin="0"/><net_sink comp="158" pin=0"/></net>

<net id="165"><net_src comp="92" pin="2"/><net_sink comp="158" pin=1"/></net>

<net id="166"><net_src comp="36" pin="0"/><net_sink comp="158" pin=2"/></net>

<net id="167"><net_src comp="38" pin="0"/><net_sink comp="158" pin=3"/></net>

<net id="174"><net_src comp="26" pin="0"/><net_sink comp="168" pin=0"/></net>

<net id="175"><net_src comp="92" pin="2"/><net_sink comp="168" pin=1"/></net>

<net id="176"><net_src comp="36" pin="0"/><net_sink comp="168" pin=2"/></net>

<net id="177"><net_src comp="40" pin="0"/><net_sink comp="168" pin=3"/></net>

<net id="184"><net_src comp="20" pin="0"/><net_sink comp="178" pin=0"/></net>

<net id="185"><net_src comp="92" pin="2"/><net_sink comp="178" pin=1"/></net>

<net id="186"><net_src comp="42" pin="0"/><net_sink comp="178" pin=2"/></net>

<net id="187"><net_src comp="44" pin="0"/><net_sink comp="178" pin=3"/></net>

<net id="194"><net_src comp="26" pin="0"/><net_sink comp="188" pin=0"/></net>

<net id="195"><net_src comp="92" pin="2"/><net_sink comp="188" pin=1"/></net>

<net id="196"><net_src comp="42" pin="0"/><net_sink comp="188" pin=2"/></net>

<net id="197"><net_src comp="46" pin="0"/><net_sink comp="188" pin=3"/></net>

<net id="204"><net_src comp="20" pin="0"/><net_sink comp="198" pin=0"/></net>

<net id="205"><net_src comp="92" pin="2"/><net_sink comp="198" pin=1"/></net>

<net id="206"><net_src comp="48" pin="0"/><net_sink comp="198" pin=2"/></net>

<net id="207"><net_src comp="50" pin="0"/><net_sink comp="198" pin=3"/></net>

<net id="214"><net_src comp="26" pin="0"/><net_sink comp="208" pin=0"/></net>

<net id="215"><net_src comp="92" pin="2"/><net_sink comp="208" pin=1"/></net>

<net id="216"><net_src comp="48" pin="0"/><net_sink comp="208" pin=2"/></net>

<net id="217"><net_src comp="52" pin="0"/><net_sink comp="208" pin=3"/></net>

<net id="224"><net_src comp="20" pin="0"/><net_sink comp="218" pin=0"/></net>

<net id="225"><net_src comp="92" pin="2"/><net_sink comp="218" pin=1"/></net>

<net id="226"><net_src comp="54" pin="0"/><net_sink comp="218" pin=2"/></net>

<net id="227"><net_src comp="56" pin="0"/><net_sink comp="218" pin=3"/></net>

<net id="234"><net_src comp="26" pin="0"/><net_sink comp="228" pin=0"/></net>

<net id="235"><net_src comp="92" pin="2"/><net_sink comp="228" pin=1"/></net>

<net id="236"><net_src comp="54" pin="0"/><net_sink comp="228" pin=2"/></net>

<net id="237"><net_src comp="58" pin="0"/><net_sink comp="228" pin=3"/></net>

<net id="244"><net_src comp="20" pin="0"/><net_sink comp="238" pin=0"/></net>

<net id="245"><net_src comp="92" pin="2"/><net_sink comp="238" pin=1"/></net>

<net id="246"><net_src comp="60" pin="0"/><net_sink comp="238" pin=2"/></net>

<net id="247"><net_src comp="62" pin="0"/><net_sink comp="238" pin=3"/></net>

<net id="254"><net_src comp="26" pin="0"/><net_sink comp="248" pin=0"/></net>

<net id="255"><net_src comp="92" pin="2"/><net_sink comp="248" pin=1"/></net>

<net id="256"><net_src comp="60" pin="0"/><net_sink comp="248" pin=2"/></net>

<net id="257"><net_src comp="64" pin="0"/><net_sink comp="248" pin=3"/></net>

<net id="265"><net_src comp="66" pin="0"/><net_sink comp="261" pin=1"/></net>

<net id="271"><net_src comp="261" pin="2"/><net_sink comp="266" pin=0"/></net>

<net id="272"><net_src comp="68" pin="0"/><net_sink comp="266" pin=2"/></net>

<net id="277"><net_src comp="66" pin="0"/><net_sink comp="273" pin=1"/></net>

<net id="283"><net_src comp="273" pin="2"/><net_sink comp="278" pin=0"/></net>

<net id="284"><net_src comp="68" pin="0"/><net_sink comp="278" pin=2"/></net>

<net id="289"><net_src comp="66" pin="0"/><net_sink comp="285" pin=1"/></net>

<net id="295"><net_src comp="285" pin="2"/><net_sink comp="290" pin=0"/></net>

<net id="296"><net_src comp="68" pin="0"/><net_sink comp="290" pin=2"/></net>

<net id="301"><net_src comp="66" pin="0"/><net_sink comp="297" pin=1"/></net>

<net id="307"><net_src comp="297" pin="2"/><net_sink comp="302" pin=0"/></net>

<net id="308"><net_src comp="68" pin="0"/><net_sink comp="302" pin=2"/></net>

<net id="313"><net_src comp="66" pin="0"/><net_sink comp="309" pin=1"/></net>

<net id="319"><net_src comp="309" pin="2"/><net_sink comp="314" pin=0"/></net>

<net id="320"><net_src comp="68" pin="0"/><net_sink comp="314" pin=2"/></net>

<net id="325"><net_src comp="66" pin="0"/><net_sink comp="321" pin=1"/></net>

<net id="331"><net_src comp="321" pin="2"/><net_sink comp="326" pin=0"/></net>

<net id="332"><net_src comp="68" pin="0"/><net_sink comp="326" pin=2"/></net>

<net id="337"><net_src comp="66" pin="0"/><net_sink comp="333" pin=1"/></net>

<net id="343"><net_src comp="333" pin="2"/><net_sink comp="338" pin=0"/></net>

<net id="344"><net_src comp="68" pin="0"/><net_sink comp="338" pin=2"/></net>

<net id="349"><net_src comp="66" pin="0"/><net_sink comp="345" pin=1"/></net>

<net id="355"><net_src comp="345" pin="2"/><net_sink comp="350" pin=0"/></net>

<net id="356"><net_src comp="68" pin="0"/><net_sink comp="350" pin=2"/></net>

<net id="361"><net_src comp="258" pin="1"/><net_sink comp="357" pin=0"/></net>

<net id="362"><net_src comp="70" pin="0"/><net_sink comp="357" pin=1"/></net>

<net id="367"><net_src comp="258" pin="1"/><net_sink comp="363" pin=0"/></net>

<net id="368"><net_src comp="72" pin="0"/><net_sink comp="363" pin=1"/></net>

<net id="401"><net_src comp="84" pin="0"/><net_sink comp="390" pin=0"/></net>

<net id="402"><net_src comp="387" pin="1"/><net_sink comp="390" pin=2"/></net>

<net id="403"><net_src comp="384" pin="1"/><net_sink comp="390" pin=3"/></net>

<net id="404"><net_src comp="381" pin="1"/><net_sink comp="390" pin=4"/></net>

<net id="405"><net_src comp="378" pin="1"/><net_sink comp="390" pin=5"/></net>

<net id="406"><net_src comp="375" pin="1"/><net_sink comp="390" pin=6"/></net>

<net id="407"><net_src comp="372" pin="1"/><net_sink comp="390" pin=7"/></net>

<net id="408"><net_src comp="369" pin="1"/><net_sink comp="390" pin=8"/></net>

<net id="412"><net_src comp="390" pin="9"/><net_sink comp="409" pin=0"/></net>

<net id="413"><net_src comp="409" pin="1"/><net_sink comp="98" pin=2"/></net>

<net id="421"><net_src comp="88" pin="1"/><net_sink comp="418" pin=0"/></net>

<net id="422"><net_src comp="418" pin="1"/><net_sink comp="105" pin=1"/></net>

<net id="423"><net_src comp="418" pin="1"/><net_sink comp="258" pin=0"/></net>

<net id="424"><net_src comp="418" pin="1"/><net_sink comp="414" pin=1"/></net>

<net id="428"><net_src comp="110" pin="1"/><net_sink comp="425" pin=0"/></net>

<net id="429"><net_src comp="425" pin="1"/><net_sink comp="261" pin=0"/></net>

<net id="433"><net_src comp="114" pin="1"/><net_sink comp="430" pin=0"/></net>

<net id="434"><net_src comp="430" pin="1"/><net_sink comp="266" pin=1"/></net>

<net id="438"><net_src comp="118" pin="4"/><net_sink comp="435" pin=0"/></net>

<net id="439"><net_src comp="435" pin="1"/><net_sink comp="273" pin=0"/></net>

<net id="443"><net_src comp="128" pin="4"/><net_sink comp="440" pin=0"/></net>

<net id="444"><net_src comp="440" pin="1"/><net_sink comp="278" pin=1"/></net>

<net id="448"><net_src comp="138" pin="4"/><net_sink comp="445" pin=0"/></net>

<net id="449"><net_src comp="445" pin="1"/><net_sink comp="285" pin=0"/></net>

<net id="453"><net_src comp="148" pin="4"/><net_sink comp="450" pin=0"/></net>

<net id="454"><net_src comp="450" pin="1"/><net_sink comp="290" pin=1"/></net>

<net id="458"><net_src comp="158" pin="4"/><net_sink comp="455" pin=0"/></net>

<net id="459"><net_src comp="455" pin="1"/><net_sink comp="297" pin=0"/></net>

<net id="463"><net_src comp="168" pin="4"/><net_sink comp="460" pin=0"/></net>

<net id="464"><net_src comp="460" pin="1"/><net_sink comp="302" pin=1"/></net>

<net id="468"><net_src comp="178" pin="4"/><net_sink comp="465" pin=0"/></net>

<net id="469"><net_src comp="465" pin="1"/><net_sink comp="309" pin=0"/></net>

<net id="473"><net_src comp="188" pin="4"/><net_sink comp="470" pin=0"/></net>

<net id="474"><net_src comp="470" pin="1"/><net_sink comp="314" pin=1"/></net>

<net id="478"><net_src comp="198" pin="4"/><net_sink comp="475" pin=0"/></net>

<net id="479"><net_src comp="475" pin="1"/><net_sink comp="321" pin=0"/></net>

<net id="483"><net_src comp="208" pin="4"/><net_sink comp="480" pin=0"/></net>

<net id="484"><net_src comp="480" pin="1"/><net_sink comp="326" pin=1"/></net>

<net id="488"><net_src comp="218" pin="4"/><net_sink comp="485" pin=0"/></net>

<net id="489"><net_src comp="485" pin="1"/><net_sink comp="333" pin=0"/></net>

<net id="493"><net_src comp="228" pin="4"/><net_sink comp="490" pin=0"/></net>

<net id="494"><net_src comp="490" pin="1"/><net_sink comp="338" pin=1"/></net>

<net id="498"><net_src comp="238" pin="4"/><net_sink comp="495" pin=0"/></net>

<net id="499"><net_src comp="495" pin="1"/><net_sink comp="345" pin=0"/></net>

<net id="503"><net_src comp="248" pin="4"/><net_sink comp="500" pin=0"/></net>

<net id="504"><net_src comp="500" pin="1"/><net_sink comp="350" pin=1"/></net>

<net id="508"><net_src comp="266" pin="3"/><net_sink comp="505" pin=0"/></net>

<net id="509"><net_src comp="505" pin="1"/><net_sink comp="369" pin=0"/></net>

<net id="513"><net_src comp="278" pin="3"/><net_sink comp="510" pin=0"/></net>

<net id="514"><net_src comp="510" pin="1"/><net_sink comp="372" pin=0"/></net>

<net id="518"><net_src comp="290" pin="3"/><net_sink comp="515" pin=0"/></net>

<net id="519"><net_src comp="515" pin="1"/><net_sink comp="375" pin=0"/></net>

<net id="523"><net_src comp="302" pin="3"/><net_sink comp="520" pin=0"/></net>

<net id="524"><net_src comp="520" pin="1"/><net_sink comp="378" pin=0"/></net>

<net id="528"><net_src comp="314" pin="3"/><net_sink comp="525" pin=0"/></net>

<net id="529"><net_src comp="525" pin="1"/><net_sink comp="381" pin=0"/></net>

<net id="533"><net_src comp="326" pin="3"/><net_sink comp="530" pin=0"/></net>

<net id="534"><net_src comp="530" pin="1"/><net_sink comp="384" pin=0"/></net>

<net id="538"><net_src comp="338" pin="3"/><net_sink comp="535" pin=0"/></net>

<net id="539"><net_src comp="535" pin="1"/><net_sink comp="387" pin=0"/></net>

<net id="543"><net_src comp="350" pin="3"/><net_sink comp="540" pin=0"/></net>

<net id="544"><net_src comp="540" pin="1"/><net_sink comp="390" pin=1"/></net>

<net id="548"><net_src comp="357" pin="2"/><net_sink comp="545" pin=0"/></net>

<net id="549"><net_src comp="545" pin="1"/><net_sink comp="414" pin=0"/></net>

<net id="553"><net_src comp="363" pin="2"/><net_sink comp="550" pin=0"/></net>

</net_list>

</model> 
---------------- Datapath Model END ------------------

* FSMD analyzer results:
  - Output states:
	Port: layer12_out | {3 }
 - Input state : 
	Port: relu<array<ap_fixed,8u>,array<ap_fixed<16,6,5,3,0>,8u>,ReLU_config12> : layer27_out | {1 }
  - Chain level:
	State 1
		store_ln41 : 1
	State 2
		select_ln51 : 1
		select_ln51_1 : 1
		select_ln51_2 : 1
		select_ln51_3 : 1
		select_ln51_4 : 1
		select_ln51_5 : 1
		select_ln51_6 : 1
		select_ln51_7 : 1
		i_5 : 1
		icmp_ln41 : 1
		br_ln41 : 2
	State 3
		or_ln57_s : 1
		zext_ln57 : 2
		write_ln57 : 3


============================================================
+ Verbose Summary: Datapath Resource usage 
============================================================

* Functional unit list:
|----------|-----------------------------|---------|---------|
| Operation|       Functional Unit       |    FF   |   LUT   |
|----------|-----------------------------|---------|---------|
|          |       icmp_ln51_fu_261      |    0    |    23   |
|          |      icmp_ln51_1_fu_273     |    0    |    23   |
|          |      icmp_ln51_2_fu_285     |    0    |    23   |
|          |      icmp_ln51_3_fu_297     |    0    |    23   |
|   icmp   |      icmp_ln51_4_fu_309     |    0    |    23   |
|          |      icmp_ln51_5_fu_321     |    0    |    23   |
|          |      icmp_ln51_6_fu_333     |    0    |    23   |
|          |      icmp_ln51_7_fu_345     |    0    |    23   |
|          |       icmp_ln41_fu_363      |    0    |    17   |
|----------|-----------------------------|---------|---------|
|          |      select_ln51_fu_266     |    0    |    15   |
|          |     select_ln51_1_fu_278    |    0    |    15   |
|          |     select_ln51_2_fu_290    |    0    |    15   |
|  select  |     select_ln51_3_fu_302    |    0    |    15   |
|          |     select_ln51_4_fu_314    |    0    |    15   |
|          |     select_ln51_5_fu_326    |    0    |    15   |
|          |     select_ln51_6_fu_338    |    0    |    15   |
|          |     select_ln51_7_fu_350    |    0    |    15   |
|----------|-----------------------------|---------|---------|
|    add   |          i_5_fu_357         |    0    |    17   |
|----------|-----------------------------|---------|---------|
|   read   | layer27_out_read_read_fu_92 |    0    |    0    |
|----------|-----------------------------|---------|---------|
|   write  |    write_ln57_write_fu_98   |    0    |    0    |
|----------|-----------------------------|---------|---------|
|   trunc  |      trunc_ln44_fu_110      |    0    |    0    |
|          |     trunc_ln44_14_fu_114    |    0    |    0    |
|----------|-----------------------------|---------|---------|
|          |     trunc_ln44_1_fu_118     |    0    |    0    |
|          |     trunc_ln44_8_fu_128     |    0    |    0    |
|          |     trunc_ln44_2_fu_138     |    0    |    0    |
|          |     trunc_ln44_9_fu_148     |    0    |    0    |
|          |     trunc_ln44_3_fu_158     |    0    |    0    |
|          |     trunc_ln44_s_fu_168     |    0    |    0    |
|partselect|     trunc_ln44_4_fu_178     |    0    |    0    |
|          |     trunc_ln44_10_fu_188    |    0    |    0    |
|          |     trunc_ln44_5_fu_198     |    0    |    0    |
|          |     trunc_ln44_11_fu_208    |    0    |    0    |
|          |     trunc_ln44_6_fu_218     |    0    |    0    |
|          |     trunc_ln44_12_fu_228    |    0    |    0    |
|          |     trunc_ln44_7_fu_238     |    0    |    0    |
|          |       trunc_ln1_fu_248      |    0    |    0    |
|----------|-----------------------------|---------|---------|
|          |       zext_ln51_fu_369      |    0    |    0    |
|          |      zext_ln51_1_fu_372     |    0    |    0    |
|          |      zext_ln51_2_fu_375     |    0    |    0    |
|   zext   |      zext_ln51_3_fu_378     |    0    |    0    |
|          |      zext_ln51_4_fu_381     |    0    |    0    |
|          |      zext_ln51_5_fu_384     |    0    |    0    |
|          |      zext_ln51_6_fu_387     |    0    |    0    |
|          |       zext_ln57_fu_409      |    0    |    0    |
|----------|-----------------------------|---------|---------|
|bitconcatenate|       or_ln57_s_fu_390      |    0    |    0    |
|----------|-----------------------------|---------|---------|
|   Total  |                             |    0    |   338   |
|----------|-----------------------------|---------|---------|

Memories:
N/A

* Register list:
+---------------------+--------+
|                     |   FF   |
+---------------------+--------+
|     i_5_reg_545     |   10   |
|      i_reg_418      |   10   |
|  icmp_ln41_reg_550  |    1   |
|select_ln51_1_reg_510|   15   |
|select_ln51_2_reg_515|   15   |
|select_ln51_3_reg_520|   15   |
|select_ln51_4_reg_525|   15   |
|select_ln51_5_reg_530|   15   |
|select_ln51_6_reg_535|   15   |
|select_ln51_7_reg_540|   15   |
| select_ln51_reg_505 |   15   |
|  trunc_ln1_reg_500  |   15   |
|trunc_ln44_10_reg_470|   15   |
|trunc_ln44_11_reg_480|   15   |
|trunc_ln44_12_reg_490|   15   |
|trunc_ln44_14_reg_430|   15   |
| trunc_ln44_1_reg_435|   16   |
| trunc_ln44_2_reg_445|   16   |
| trunc_ln44_3_reg_455|   16   |
| trunc_ln44_4_reg_465|   16   |
| trunc_ln44_5_reg_475|   16   |
| trunc_ln44_6_reg_485|   16   |
| trunc_ln44_7_reg_495|   16   |
| trunc_ln44_8_reg_440|   15   |
| trunc_ln44_9_reg_450|   15   |
|  trunc_ln44_reg_425 |   16   |
| trunc_ln44_s_reg_460|   15   |
+---------------------+--------+
|        Total        |   389  |
+---------------------+--------+

* Multiplexer (MUX) list: 
|--------|------|------|------|--------|
|  Comp  |  Pin | Size |  BW  | S x BW |
|--------|------|------|------|--------|
|  Total |      |      |      |    0   |
|--------|------|------|------|--------|



* Summary:
+-----------+--------+--------+
|           |   FF   |   LUT  |
+-----------+--------+--------+
|  Function |    0   |   338  |
|   Memory  |    -   |    -   |
|Multiplexer|    -   |    -   |
|  Register |   389  |    -   |
+-----------+--------+--------+
|   Total   |   389  |   338  |
+-----------+--------+--------+
